/home/bruinml/anaconda3/envs/highway/lib/python3.11/site-packages/glfw/__init__.py:917: GLFWError: (65550) b'X11: The DISPLAY environment variable is missing'
  warnings.warn(message, GLFWError)
/home/bruinml/anaconda3/envs/highway/lib/python3.11/site-packages/pygame/pkgdata.py:25: UserWarning: pkg_resources is deprecated as an API. See https://setuptools.pypa.io/en/latest/pkg_resources.html. The pkg_resources package is slated for removal as early as 2025-11-30. Refrain from using this package or pin to Setuptools<81.
  from pkg_resources import resource_stream, resource_exists
/home/bruinml/anaconda3/envs/highway/lib/python3.11/site-packages/torch/cuda/__init__.py:180: UserWarning: CUDA initialization: The NVIDIA driver on your system is too old (found version 12080). Please update your GPU driver by downloading and installing a new version from the URL: http://www.nvidia.com/Download/index.aspx Alternatively, go to: https://pytorch.org to install a PyTorch version that has been compiled with your version of the CUDA driver. (Triggered internally at /pytorch/c10/cuda/CUDAFunctions.cpp:119.)
  return torch._C._cuda_getDeviceCount() > 0
SAC on dm_control/cartpole-swingup  seed=43  steps=1000000
[  10000/1000000]  ep=  10  reward(last50)=  19.26  alpha=0.1000
[  20000/1000000]  eval(5)= 216.11 +/- 34.16   alpha=0.0292
[  20000/1000000]  ep=  20  reward(last50)=  34.96  alpha=0.0292
[  30000/1000000]  ep=  30  reward(last50)=  97.02  alpha=0.0115
[  40000/1000000]  eval(5)= 318.21 +/- 53.75   alpha=0.0068
[  40000/1000000]  ep=  40  reward(last50)= 160.63  alpha=0.0068
[  50000/1000000]  ep=  50  reward(last50)= 211.75  alpha=0.0102
[  60000/1000000]  eval(5)= 488.68 +/- 0.50    alpha=0.0112
[  60000/1000000]  ep=  60  reward(last50)= 299.01  alpha=0.0112
[  70000/1000000]  ep=  70  reward(last50)= 401.10  alpha=0.0115
[  80000/1000000]  eval(5)= 571.95 +/- 0.73    alpha=0.0141
[  80000/1000000]  ep=  80  reward(last50)= 489.68  alpha=0.0141
[  90000/1000000]  ep=  90  reward(last50)= 559.36  alpha=0.0169
[ 100000/1000000]  eval(5)= 815.54 +/- 0.86    alpha=0.0157
[ 100000/1000000]  ep= 100  reward(last50)= 629.75  alpha=0.0157
[ 110000/1000000]  ep= 110  reward(last50)= 698.97  alpha=0.0191
[ 120000/1000000]  eval(5)= 821.93 +/- 0.14    alpha=0.0216
[ 120000/1000000]  ep= 120  reward(last50)= 746.81  alpha=0.0216
[ 130000/1000000]  ep= 130  reward(last50)= 777.82  alpha=0.0194
[ 140000/1000000]  eval(5)= 847.34 +/- 0.75    alpha=0.0188
[ 140000/1000000]  ep= 140  reward(last50)= 803.12  alpha=0.0188
[ 150000/1000000]  ep= 150  reward(last50)= 814.32  alpha=0.0188
[ 160000/1000000]  eval(5)= 859.15 +/- 0.17    alpha=0.0192
[ 160000/1000000]  ep= 160  reward(last50)= 820.66  alpha=0.0192
[ 170000/1000000]  ep= 170  reward(last50)= 826.50  alpha=0.0176
[ 180000/1000000]  eval(5)= 861.89 +/- 0.19    alpha=0.0186
[ 180000/1000000]  ep= 180  reward(last50)= 829.45  alpha=0.0186
[ 190000/1000000]  ep= 190  reward(last50)= 832.88  alpha=0.0174
[ 200000/1000000]  eval(5)= 842.78 +/- 0.35    alpha=0.0177
[ 200000/1000000]  ep= 200  reward(last50)= 836.02  alpha=0.0177
[ 210000/1000000]  ep= 210  reward(last50)= 837.00  alpha=0.0161
[ 220000/1000000]  eval(5)= 759.43 +/- 0.47    alpha=0.0153
[ 220000/1000000]  ep= 220  reward(last50)= 837.30  alpha=0.0153
[ 230000/1000000]  ep= 230  reward(last50)= 830.58  alpha=0.0163
[ 240000/1000000]  eval(5)= 848.67 +/- 0.23    alpha=0.0147
[ 240000/1000000]  ep= 240  reward(last50)= 827.23  alpha=0.0147
[ 250000/1000000]  ep= 250  reward(last50)= 827.42  alpha=0.0154
[ 260000/1000000]  eval(5)= 844.99 +/- 0.27    alpha=0.0161
[ 260000/1000000]  ep= 260  reward(last50)= 825.74  alpha=0.0161
[ 270000/1000000]  ep= 270  reward(last50)= 826.40  alpha=0.0165
[ 280000/1000000]  eval(5)= 822.34 +/- 0.25    alpha=0.0141
[ 280000/1000000]  ep= 280  reward(last50)= 832.35  alpha=0.0141
[ 290000/1000000]  ep= 290  reward(last50)= 832.88  alpha=0.0165
[ 300000/1000000]  eval(5)= 853.29 +/- 0.28    alpha=0.0155
[ 300000/1000000]  ep= 300  reward(last50)= 830.66  alpha=0.0155
[ 310000/1000000]  ep= 310  reward(last50)= 827.84  alpha=0.0159
[ 320000/1000000]  eval(5)= 821.67 +/- 0.40    alpha=0.0154
[ 320000/1000000]  ep= 320  reward(last50)= 828.64  alpha=0.0154
[ 330000/1000000]  ep= 330  reward(last50)= 830.20  alpha=0.0157
[ 340000/1000000]  eval(5)= 838.83 +/- 0.18    alpha=0.0147
[ 340000/1000000]  ep= 340  reward(last50)= 832.03  alpha=0.0147
[ 350000/1000000]  ep= 350  reward(last50)= 833.64  alpha=0.0128
[ 360000/1000000]  eval(5)= 839.86 +/- 0.29    alpha=0.0138
[ 360000/1000000]  ep= 360  reward(last50)= 838.96  alpha=0.0138
[ 370000/1000000]  ep= 370  reward(last50)= 839.11  alpha=0.0139
[ 380000/1000000]  eval(5)= 862.08 +/- 0.45    alpha=0.0129
[ 380000/1000000]  ep= 380  reward(last50)= 836.59  alpha=0.0129
[ 390000/1000000]  ep= 390  reward(last50)= 837.94  alpha=0.0137
[ 400000/1000000]  eval(5)= 858.23 +/- 0.16    alpha=0.0121
[ 400000/1000000]  ep= 400  reward(last50)= 838.92  alpha=0.0121
[ 410000/1000000]  ep= 410  reward(last50)= 839.62  alpha=0.0116
[ 420000/1000000]  eval(5)= 846.76 +/- 0.22    alpha=0.0137
[ 420000/1000000]  ep= 420  reward(last50)= 838.58  alpha=0.0137
[ 430000/1000000]  ep= 430  reward(last50)= 841.05  alpha=0.0132
[ 440000/1000000]  eval(5)= 793.63 +/- 0.09    alpha=0.0116
[ 440000/1000000]  ep= 440  reward(last50)= 839.65  alpha=0.0116
[ 450000/1000000]  ep= 450  reward(last50)= 838.60  alpha=0.0121
[ 460000/1000000]  eval(5)= 839.45 +/- 0.22    alpha=0.0115
[ 460000/1000000]  ep= 460  reward(last50)= 836.58  alpha=0.0115
[ 470000/1000000]  ep= 470  reward(last50)= 837.09  alpha=0.0120
[ 480000/1000000]  eval(5)= 843.03 +/- 0.08    alpha=0.0124
[ 480000/1000000]  ep= 480  reward(last50)= 836.66  alpha=0.0124
[ 490000/1000000]  ep= 490  reward(last50)= 837.00  alpha=0.0131
[ 500000/1000000]  eval(5)= 810.10 +/- 0.34    alpha=0.0124
[ 500000/1000000]  ep= 500  reward(last50)= 837.48  alpha=0.0124
[ 510000/1000000]  ep= 510  reward(last50)= 837.66  alpha=0.0122
[ 520000/1000000]  eval(5)= 842.16 +/- 0.14    alpha=0.0113
[ 520000/1000000]  ep= 520  reward(last50)= 835.76  alpha=0.0113
[ 530000/1000000]  ep= 530  reward(last50)= 834.69  alpha=0.0109
[ 540000/1000000]  eval(5)= 859.95 +/- 0.25    alpha=0.0108
[ 540000/1000000]  ep= 540  reward(last50)= 835.29  alpha=0.0108
[ 550000/1000000]  ep= 550  reward(last50)= 833.90  alpha=0.0113
[ 560000/1000000]  eval(5)= 861.19 +/- 0.17    alpha=0.0112
[ 560000/1000000]  ep= 560  reward(last50)= 832.55  alpha=0.0112
[ 570000/1000000]  ep= 570  reward(last50)= 834.84  alpha=0.0110
[ 580000/1000000]  eval(5)= 809.79 +/- 4.28    alpha=0.0100
[ 580000/1000000]  ep= 580  reward(last50)= 829.96  alpha=0.0100
[ 590000/1000000]  ep= 590  reward(last50)= 824.31  alpha=0.0106
[ 600000/1000000]  eval(5)= 838.51 +/- 1.52    alpha=0.0102
[ 600000/1000000]  ep= 600  reward(last50)= 823.19  alpha=0.0102
[ 610000/1000000]  ep= 610  reward(last50)= 824.69  alpha=0.0106
[ 620000/1000000]  eval(5)= 862.62 +/- 0.25    alpha=0.0129
[ 620000/1000000]  ep= 620  reward(last50)= 824.55  alpha=0.0129
[ 630000/1000000]  ep= 630  reward(last50)= 831.70  alpha=0.0119
[ 640000/1000000]  eval(5)= 839.82 +/- 0.60    alpha=0.0100
[ 640000/1000000]  ep= 640  reward(last50)= 836.17  alpha=0.0100
[ 650000/1000000]  ep= 650  reward(last50)= 837.66  alpha=0.0087
[ 660000/1000000]  eval(5)= 856.15 +/- 0.17    alpha=0.0095
[ 660000/1000000]  ep= 660  reward(last50)= 838.55  alpha=0.0095
[ 670000/1000000]  ep= 670  reward(last50)= 840.28  alpha=0.0091
[ 680000/1000000]  eval(5)= 851.48 +/- 0.18    alpha=0.0088
[ 680000/1000000]  ep= 680  reward(last50)= 840.41  alpha=0.0088
[ 690000/1000000]  ep= 690  reward(last50)= 841.83  alpha=0.0099
[ 700000/1000000]  eval(5)= 854.77 +/- 1.64    alpha=0.0101
[ 700000/1000000]  ep= 700  reward(last50)= 844.44  alpha=0.0101
[ 710000/1000000]  ep= 710  reward(last50)= 846.13  alpha=0.0105
[ 720000/1000000]  eval(5)= 847.33 +/- 0.23    alpha=0.0109
[ 720000/1000000]  ep= 720  reward(last50)= 846.79  alpha=0.0109
[ 730000/1000000]  ep= 730  reward(last50)= 846.04  alpha=0.0102
[ 740000/1000000]  eval(5)= 845.03 +/- 0.30    alpha=0.0091
[ 740000/1000000]  ep= 740  reward(last50)= 844.48  alpha=0.0091
[ 750000/1000000]  ep= 750  reward(last50)= 843.33  alpha=0.0105
[ 760000/1000000]  eval(5)= 847.89 +/- 0.22    alpha=0.0118
[ 760000/1000000]  ep= 760  reward(last50)= 842.30  alpha=0.0118
[ 770000/1000000]  ep= 770  reward(last50)= 840.78  alpha=0.0090
[ 780000/1000000]  eval(5)= 853.37 +/- 0.32    alpha=0.0107
[ 780000/1000000]  ep= 780  reward(last50)= 841.60  alpha=0.0107
[ 790000/1000000]  ep= 790  reward(last50)= 843.14  alpha=0.0091
[ 800000/1000000]  eval(5)= 844.89 +/- 0.40    alpha=0.0103
[ 800000/1000000]  ep= 800  reward(last50)= 843.37  alpha=0.0103
[ 810000/1000000]  ep= 810  reward(last50)= 841.02  alpha=0.0086
[ 820000/1000000]  eval(5)= 847.22 +/- 0.77    alpha=0.0087
[ 820000/1000000]  ep= 820  reward(last50)= 838.26  alpha=0.0087
[ 830000/1000000]  ep= 830  reward(last50)= 835.57  alpha=0.0096
[ 840000/1000000]  eval(5)= 842.14 +/- 0.17    alpha=0.0117
[ 840000/1000000]  ep= 840  reward(last50)= 834.79  alpha=0.0117
[ 850000/1000000]  ep= 850  reward(last50)= 832.44  alpha=0.0094
[ 860000/1000000]  eval(5)= 846.24 +/- 0.36    alpha=0.0098
[ 860000/1000000]  ep= 860  reward(last50)= 833.28  alpha=0.0098
[ 870000/1000000]  ep= 870  reward(last50)= 835.92  alpha=0.0099
[ 880000/1000000]  eval(5)= 853.68 +/- 0.08    alpha=0.0106
[ 880000/1000000]  ep= 880  reward(last50)= 838.95  alpha=0.0106
[ 890000/1000000]  ep= 890  reward(last50)= 838.01  alpha=0.0093
[ 900000/1000000]  eval(5)= 846.69 +/- 0.14    alpha=0.0118
[ 900000/1000000]  ep= 900  reward(last50)= 836.64  alpha=0.0118
[ 910000/1000000]  ep= 910  reward(last50)= 837.39  alpha=0.0097
[ 920000/1000000]  eval(5)= 848.30 +/- 0.23    alpha=0.0104
[ 920000/1000000]  ep= 920  reward(last50)= 837.03  alpha=0.0104
[ 930000/1000000]  ep= 930  reward(last50)= 835.34  alpha=0.0091
[ 940000/1000000]  eval(5)= 845.41 +/- 0.25    alpha=0.0097
[ 940000/1000000]  ep= 940  reward(last50)= 837.92  alpha=0.0097
[ 950000/1000000]  ep= 950  reward(last50)= 841.27  alpha=0.0099
[ 960000/1000000]  eval(5)= 852.39 +/- 3.52    alpha=0.0098
[ 960000/1000000]  ep= 960  reward(last50)= 839.40  alpha=0.0098
[ 970000/1000000]  ep= 970  reward(last50)= 838.33  alpha=0.0103
[ 980000/1000000]  eval(5)= 847.24 +/- 0.29    alpha=0.0107
[ 980000/1000000]  ep= 980  reward(last50)= 838.45  alpha=0.0107
[ 990000/1000000]  ep= 990  reward(last50)= 834.86  alpha=0.0111
[1000000/1000000]  eval(5)= 826.66 +/- 0.10    alpha=0.0128
[1000000/1000000]  ep=1000  reward(last50)= 834.08  alpha=0.0128
Saved SAC checkpoint to checkpoints/dmcs/cartpole-swingup/sample_efficiency/sac_seed43.pt

Evaluating (deterministic)...
Eval(10): mean=826.51  std=0.19
