/home/bruinml/anaconda3/envs/highway/lib/python3.11/site-packages/glfw/__init__.py:917: GLFWError: (65550) b'X11: The DISPLAY environment variable is missing'
  warnings.warn(message, GLFWError)
/home/bruinml/anaconda3/envs/highway/lib/python3.11/site-packages/pygame/pkgdata.py:25: UserWarning: pkg_resources is deprecated as an API. See https://setuptools.pypa.io/en/latest/pkg_resources.html. The pkg_resources package is slated for removal as early as 2025-11-30. Refrain from using this package or pin to Setuptools<81.
  from pkg_resources import resource_stream, resource_exists
/home/bruinml/anaconda3/envs/highway/lib/python3.11/site-packages/torch/cuda/__init__.py:180: UserWarning: CUDA initialization: The NVIDIA driver on your system is too old (found version 12080). Please update your GPU driver by downloading and installing a new version from the URL: http://www.nvidia.com/Download/index.aspx Alternatively, go to: https://pytorch.org to install a PyTorch version that has been compiled with your version of the CUDA driver. (Triggered internally at /pytorch/c10/cuda/CUDAFunctions.cpp:119.)
  return torch._C._cuda_getDeviceCount() > 0
SAC on dm_control/cartpole-swingup  seed=44  steps=1000000
[  10000/1000000]  ep=  10  reward(last50)=  41.42  alpha=0.1000
[  20000/1000000]  eval(5)= 229.58 +/- 22.26   alpha=0.0292
[  20000/1000000]  ep=  20  reward(last50)=  50.57  alpha=0.0292
[  30000/1000000]  ep=  30  reward(last50)= 131.08  alpha=0.0121
[  40000/1000000]  eval(5)= 360.17 +/- 59.19   alpha=0.0090
[  40000/1000000]  ep=  40  reward(last50)= 197.23  alpha=0.0090
[  50000/1000000]  ep=  50  reward(last50)= 245.27  alpha=0.0107
[  60000/1000000]  eval(5)= 597.31 +/- 12.06   alpha=0.0130
[  60000/1000000]  ep=  60  reward(last50)= 318.62  alpha=0.0130
[  70000/1000000]  ep=  70  reward(last50)= 421.47  alpha=0.0164
[  80000/1000000]  eval(5)= 780.41 +/- 0.71    alpha=0.0197
[  80000/1000000]  ep=  80  reward(last50)= 506.50  alpha=0.0197
[  90000/1000000]  ep=  90  reward(last50)= 572.20  alpha=0.0212
[ 100000/1000000]  eval(5)= 846.31 +/- 0.17    alpha=0.0202
[ 100000/1000000]  ep= 100  reward(last50)= 642.60  alpha=0.0202
[ 110000/1000000]  ep= 110  reward(last50)= 701.51  alpha=0.0223
[ 120000/1000000]  eval(5)= 849.34 +/- 0.19    alpha=0.0236
[ 120000/1000000]  ep= 120  reward(last50)= 747.44  alpha=0.0236
[ 130000/1000000]  ep= 130  reward(last50)= 762.68  alpha=0.0237
[ 140000/1000000]  eval(5)= 814.95 +/- 0.25    alpha=0.0254
[ 140000/1000000]  ep= 140  reward(last50)= 779.28  alpha=0.0254
[ 150000/1000000]  ep= 150  reward(last50)= 782.35  alpha=0.0246
[ 160000/1000000]  eval(5)= 808.85 +/- 1.73    alpha=0.0257
[ 160000/1000000]  ep= 160  reward(last50)= 799.20  alpha=0.0257
[ 170000/1000000]  ep= 170  reward(last50)= 794.32  alpha=0.0249
[ 180000/1000000]  eval(5)= 813.91 +/- 0.17    alpha=0.0260
[ 180000/1000000]  ep= 180  reward(last50)= 793.62  alpha=0.0260
[ 190000/1000000]  ep= 190  reward(last50)= 790.94  alpha=0.0254
[ 200000/1000000]  eval(5)= 557.93 +/- 0.19    alpha=0.0241
[ 200000/1000000]  ep= 200  reward(last50)= 790.81  alpha=0.0241
[ 210000/1000000]  ep= 210  reward(last50)= 792.74  alpha=0.0240
[ 220000/1000000]  eval(5)= 856.12 +/- 0.30    alpha=0.0246
[ 220000/1000000]  ep= 220  reward(last50)= 803.13  alpha=0.0246
[ 230000/1000000]  ep= 230  reward(last50)= 813.33  alpha=0.0245
[ 240000/1000000]  eval(5)= 828.40 +/- 0.57    alpha=0.0243
[ 240000/1000000]  ep= 240  reward(last50)= 821.86  alpha=0.0243
[ 250000/1000000]  ep= 250  reward(last50)= 826.07  alpha=0.0224
[ 260000/1000000]  eval(5)= 805.65 +/- 0.51    alpha=0.0213
[ 260000/1000000]  ep= 260  reward(last50)= 832.75  alpha=0.0213
[ 270000/1000000]  ep= 270  reward(last50)= 829.16  alpha=0.0213
[ 280000/1000000]  eval(5)= 809.49 +/- 0.82    alpha=0.0218
[ 280000/1000000]  ep= 280  reward(last50)= 821.92  alpha=0.0218
[ 290000/1000000]  ep= 290  reward(last50)= 816.93  alpha=0.0216
[ 300000/1000000]  eval(5)= 839.76 +/- 0.33    alpha=0.0225
[ 300000/1000000]  ep= 300  reward(last50)= 817.55  alpha=0.0225
[ 310000/1000000]  ep= 310  reward(last50)= 819.24  alpha=0.0210
[ 320000/1000000]  eval(5)= 835.36 +/- 0.16    alpha=0.0214
[ 320000/1000000]  ep= 320  reward(last50)= 823.33  alpha=0.0214
[ 330000/1000000]  ep= 330  reward(last50)= 829.60  alpha=0.0224
[ 340000/1000000]  eval(5)= 814.86 +/- 0.32    alpha=0.0217
[ 340000/1000000]  ep= 340  reward(last50)= 834.30  alpha=0.0217
[ 350000/1000000]  ep= 350  reward(last50)= 836.14  alpha=0.0203
[ 360000/1000000]  eval(5)= 631.19 +/- 0.25    alpha=0.0208
[ 360000/1000000]  ep= 360  reward(last50)= 830.11  alpha=0.0208
[ 370000/1000000]  ep= 370  reward(last50)= 832.39  alpha=0.0207
[ 380000/1000000]  eval(5)= 831.45 +/- 0.31    alpha=0.0207
[ 380000/1000000]  ep= 380  reward(last50)= 830.39  alpha=0.0207
[ 390000/1000000]  ep= 390  reward(last50)= 831.80  alpha=0.0212
[ 400000/1000000]  eval(5)= 839.49 +/- 0.23    alpha=0.0222
[ 400000/1000000]  ep= 400  reward(last50)= 833.24  alpha=0.0222
[ 410000/1000000]  ep= 410  reward(last50)= 839.40  alpha=0.0226
[ 420000/1000000]  eval(5)= 821.04 +/- 0.75    alpha=0.0218
[ 420000/1000000]  ep= 420  reward(last50)= 838.82  alpha=0.0218
[ 430000/1000000]  ep= 430  reward(last50)= 841.32  alpha=0.0211
[ 440000/1000000]  eval(5)= 843.92 +/- 1.50    alpha=0.0225
[ 440000/1000000]  ep= 440  reward(last50)= 841.47  alpha=0.0225
[ 450000/1000000]  ep= 450  reward(last50)= 839.10  alpha=0.0208
[ 460000/1000000]  eval(5)= 805.24 +/- 0.27    alpha=0.0223
[ 460000/1000000]  ep= 460  reward(last50)= 837.73  alpha=0.0223
[ 470000/1000000]  ep= 470  reward(last50)= 836.45  alpha=0.0221
[ 480000/1000000]  eval(5)= 842.59 +/- 0.09    alpha=0.0222
[ 480000/1000000]  ep= 480  reward(last50)= 834.50  alpha=0.0222
[ 490000/1000000]  ep= 490  reward(last50)= 832.29  alpha=0.0217
[ 500000/1000000]  eval(5)= 830.97 +/- 0.20    alpha=0.0195
[ 500000/1000000]  ep= 500  reward(last50)= 832.46  alpha=0.0195
[ 510000/1000000]  ep= 510  reward(last50)= 831.02  alpha=0.0222
[ 520000/1000000]  eval(5)= 734.80 +/- 21.31   alpha=0.0235
[ 520000/1000000]  ep= 520  reward(last50)= 829.17  alpha=0.0235
[ 530000/1000000]  ep= 530  reward(last50)= 828.78  alpha=0.0226
[ 540000/1000000]  eval(5)= 836.03 +/- 1.35    alpha=0.0223
[ 540000/1000000]  ep= 540  reward(last50)= 829.00  alpha=0.0223
[ 550000/1000000]  ep= 550  reward(last50)= 828.50  alpha=0.0218
[ 560000/1000000]  eval(5)= 798.43 +/- 0.52    alpha=0.0218
[ 560000/1000000]  ep= 560  reward(last50)= 830.84  alpha=0.0218
[ 570000/1000000]  ep= 570  reward(last50)= 831.40  alpha=0.0206
[ 580000/1000000]  eval(5)= 833.82 +/- 0.19    alpha=0.0214
[ 580000/1000000]  ep= 580  reward(last50)= 832.64  alpha=0.0214
[ 590000/1000000]  ep= 590  reward(last50)= 832.81  alpha=0.0211
[ 600000/1000000]  eval(5)= 816.30 +/- 0.41    alpha=0.0223
[ 600000/1000000]  ep= 600  reward(last50)= 831.87  alpha=0.0223
[ 610000/1000000]  ep= 610  reward(last50)= 830.56  alpha=0.0196
[ 620000/1000000]  eval(5)= 832.60 +/- 0.19    alpha=0.0196
[ 620000/1000000]  ep= 620  reward(last50)= 832.99  alpha=0.0196
[ 630000/1000000]  ep= 630  reward(last50)= 830.84  alpha=0.0205
[ 640000/1000000]  eval(5)= 822.50 +/- 0.57    alpha=0.0194
[ 640000/1000000]  ep= 640  reward(last50)= 829.61  alpha=0.0194
[ 650000/1000000]  ep= 650  reward(last50)= 832.87  alpha=0.0189
[ 660000/1000000]  eval(5)= 653.33 +/- 0.22    alpha=0.0190
[ 660000/1000000]  ep= 660  reward(last50)= 830.52  alpha=0.0190
[ 670000/1000000]  ep= 670  reward(last50)= 826.00  alpha=0.0188
[ 680000/1000000]  eval(5)= 837.82 +/- 0.30    alpha=0.0190
[ 680000/1000000]  ep= 680  reward(last50)= 829.79  alpha=0.0190
[ 690000/1000000]  ep= 690  reward(last50)= 829.79  alpha=0.0179
[ 700000/1000000]  eval(5)= 845.08 +/- 0.21    alpha=0.0186
[ 700000/1000000]  ep= 700  reward(last50)= 829.00  alpha=0.0186
[ 710000/1000000]  ep= 710  reward(last50)= 830.25  alpha=0.0180
[ 720000/1000000]  eval(5)= 831.05 +/- 0.27    alpha=0.0178
[ 720000/1000000]  ep= 720  reward(last50)= 833.02  alpha=0.0178
[ 730000/1000000]  ep= 730  reward(last50)= 831.61  alpha=0.0181
[ 740000/1000000]  eval(5)= 835.40 +/- 0.31    alpha=0.0183
[ 740000/1000000]  ep= 740  reward(last50)= 834.24  alpha=0.0183
[ 750000/1000000]  ep= 750  reward(last50)= 835.28  alpha=0.0180
[ 760000/1000000]  eval(5)= 817.49 +/- 0.15    alpha=0.0176
[ 760000/1000000]  ep= 760  reward(last50)= 838.06  alpha=0.0176
[ 770000/1000000]  ep= 770  reward(last50)= 839.24  alpha=0.0194
[ 780000/1000000]  eval(5)= 822.17 +/- 0.63    alpha=0.0184
[ 780000/1000000]  ep= 780  reward(last50)= 840.66  alpha=0.0184
[ 790000/1000000]  ep= 790  reward(last50)= 838.86  alpha=0.0186
[ 800000/1000000]  eval(5)= 839.95 +/- 0.31    alpha=0.0185
[ 800000/1000000]  ep= 800  reward(last50)= 838.60  alpha=0.0185
[ 810000/1000000]  ep= 810  reward(last50)= 838.43  alpha=0.0179
[ 820000/1000000]  eval(5)= 804.15 +/- 0.31    alpha=0.0167
[ 820000/1000000]  ep= 820  reward(last50)= 839.12  alpha=0.0167
[ 830000/1000000]  ep= 830  reward(last50)= 838.94  alpha=0.0162
[ 840000/1000000]  eval(5)= 836.72 +/- 0.72    alpha=0.0185
[ 840000/1000000]  ep= 840  reward(last50)= 839.64  alpha=0.0185
[ 850000/1000000]  ep= 850  reward(last50)= 839.19  alpha=0.0185
[ 860000/1000000]  eval(5)= 847.75 +/- 0.15    alpha=0.0193
[ 860000/1000000]  ep= 860  reward(last50)= 840.16  alpha=0.0193
[ 870000/1000000]  ep= 870  reward(last50)= 840.05  alpha=0.0172
[ 880000/1000000]  eval(5)= 846.50 +/- 1.12    alpha=0.0188
[ 880000/1000000]  ep= 880  reward(last50)= 835.31  alpha=0.0188
[ 890000/1000000]  ep= 890  reward(last50)= 837.33  alpha=0.0166
[ 900000/1000000]  eval(5)= 647.04 +/- 0.81    alpha=0.0171
[ 900000/1000000]  ep= 900  reward(last50)= 836.49  alpha=0.0171
[ 910000/1000000]  ep= 910  reward(last50)= 834.11  alpha=0.0165
[ 920000/1000000]  eval(5)= 858.95 +/- 0.16    alpha=0.0168
[ 920000/1000000]  ep= 920  reward(last50)= 832.80  alpha=0.0168
[ 930000/1000000]  ep= 930  reward(last50)= 837.32  alpha=0.0174
[ 940000/1000000]  eval(5)= 836.30 +/- 0.82    alpha=0.0157
[ 940000/1000000]  ep= 940  reward(last50)= 827.51  alpha=0.0157
[ 950000/1000000]  ep= 950  reward(last50)= 823.73  alpha=0.0186
[ 960000/1000000]  eval(5)= 803.85 +/- 0.30    alpha=0.0163
[ 960000/1000000]  ep= 960  reward(last50)= 825.18  alpha=0.0163
[ 970000/1000000]  ep= 970  reward(last50)= 826.50  alpha=0.0155
[ 980000/1000000]  eval(5)= 851.29 +/- 0.26    alpha=0.0162
[ 980000/1000000]  ep= 980  reward(last50)= 826.67  alpha=0.0162
[ 990000/1000000]  ep= 990  reward(last50)= 834.83  alpha=0.0173
[1000000/1000000]  eval(5)= 851.46 +/- 0.34    alpha=0.0183
[1000000/1000000]  ep=1000  reward(last50)= 836.48  alpha=0.0183
Saved SAC checkpoint to checkpoints/dmcs/cartpole-swingup/sample_efficiency/sac_seed44.pt

Evaluating (deterministic)...
Eval(10): mean=851.65  std=0.33
