/home/bruinml/anaconda3/envs/highway/lib/python3.11/site-packages/glfw/__init__.py:917: GLFWError: (65550) b'X11: The DISPLAY environment variable is missing'
  warnings.warn(message, GLFWError)
/home/bruinml/anaconda3/envs/highway/lib/python3.11/site-packages/pygame/pkgdata.py:25: UserWarning: pkg_resources is deprecated as an API. See https://setuptools.pypa.io/en/latest/pkg_resources.html. The pkg_resources package is slated for removal as early as 2025-11-30. Refrain from using this package or pin to Setuptools<81.
  from pkg_resources import resource_stream, resource_exists
/home/bruinml/anaconda3/envs/highway/lib/python3.11/site-packages/torch/cuda/__init__.py:180: UserWarning: CUDA initialization: The NVIDIA driver on your system is too old (found version 12080). Please update your GPU driver by downloading and installing a new version from the URL: http://www.nvidia.com/Download/index.aspx Alternatively, go to: https://pytorch.org to install a PyTorch version that has been compiled with your version of the CUDA driver. (Triggered internally at /pytorch/c10/cuda/CUDAFunctions.cpp:119.)
  return torch._C._cuda_getDeviceCount() > 0
SAC on dm_control/cartpole-swingup  seed=42  steps=1000000
[  10000/1000000]  ep=  10  reward(last50)=  28.40  alpha=0.1000
[  20000/1000000]  eval(5)= 171.06 +/- 1.21    alpha=0.0292
[  20000/1000000]  ep=  20  reward(last50)=  39.09  alpha=0.0292
[  30000/1000000]  ep=  30  reward(last50)=  91.15  alpha=0.0118
[  40000/1000000]  eval(5)= 398.10 +/- 1.46    alpha=0.0069
[  40000/1000000]  ep=  40  reward(last50)= 149.72  alpha=0.0069
[  50000/1000000]  ep=  50  reward(last50)= 179.58  alpha=0.0068
[  60000/1000000]  eval(5)= 334.72 +/- 1.18    alpha=0.0093
[  60000/1000000]  ep=  60  reward(last50)= 227.46  alpha=0.0093
[  70000/1000000]  ep=  70  reward(last50)= 289.81  alpha=0.0116
[  80000/1000000]  eval(5)= 429.18 +/- 2.45    alpha=0.0129
[  80000/1000000]  ep=  80  reward(last50)= 330.29  alpha=0.0129
[  90000/1000000]  ep=  90  reward(last50)= 347.64  alpha=0.0143
[ 100000/1000000]  eval(5)= 453.66 +/- 7.82    alpha=0.0148
[ 100000/1000000]  ep= 100  reward(last50)= 378.47  alpha=0.0148
[ 110000/1000000]  ep= 110  reward(last50)= 427.09  alpha=0.0152
[ 120000/1000000]  eval(5)= 514.63 +/- 1.66    alpha=0.0165
[ 120000/1000000]  ep= 120  reward(last50)= 453.96  alpha=0.0165
[ 130000/1000000]  ep= 130  reward(last50)= 480.51  alpha=0.0182
[ 140000/1000000]  eval(5)= 598.83 +/- 31.47   alpha=0.0200
[ 140000/1000000]  ep= 140  reward(last50)= 509.40  alpha=0.0200
[ 150000/1000000]  ep= 150  reward(last50)= 527.29  alpha=0.0210
[ 160000/1000000]  eval(5)= 527.69 +/- 11.18   alpha=0.0211
[ 160000/1000000]  ep= 160  reward(last50)= 532.12  alpha=0.0211
[ 170000/1000000]  ep= 170  reward(last50)= 544.15  alpha=0.0215
[ 180000/1000000]  eval(5)= 638.96 +/- 25.77   alpha=0.0218
[ 180000/1000000]  ep= 180  reward(last50)= 555.22  alpha=0.0218
[ 190000/1000000]  ep= 190  reward(last50)= 562.94  alpha=0.0226
[ 200000/1000000]  eval(5)= 619.16 +/- 3.90    alpha=0.0236
[ 200000/1000000]  ep= 200  reward(last50)= 573.91  alpha=0.0236
[ 210000/1000000]  ep= 210  reward(last50)= 596.50  alpha=0.0248
[ 220000/1000000]  eval(5)= 631.58 +/- 1.18    alpha=0.0263
[ 220000/1000000]  ep= 220  reward(last50)= 613.12  alpha=0.0263
[ 230000/1000000]  ep= 230  reward(last50)= 629.18  alpha=0.0268
[ 240000/1000000]  eval(5)= 597.10 +/- 0.94    alpha=0.0270
[ 240000/1000000]  ep= 240  reward(last50)= 644.91  alpha=0.0270
[ 250000/1000000]  ep= 250  reward(last50)= 656.07  alpha=0.0272
[ 260000/1000000]  eval(5)= 745.12 +/- 0.45    alpha=0.0286
[ 260000/1000000]  ep= 260  reward(last50)= 667.34  alpha=0.0286
[ 270000/1000000]  ep= 270  reward(last50)= 677.92  alpha=0.0294
[ 280000/1000000]  eval(5)= 764.97 +/- 0.93    alpha=0.0287
[ 280000/1000000]  ep= 280  reward(last50)= 687.28  alpha=0.0287
[ 290000/1000000]  ep= 290  reward(last50)= 698.20  alpha=0.0289
[ 300000/1000000]  eval(5)= 721.47 +/- 0.63    alpha=0.0268
[ 300000/1000000]  ep= 300  reward(last50)= 711.10  alpha=0.0268
[ 310000/1000000]  ep= 310  reward(last50)= 723.32  alpha=0.0296
[ 320000/1000000]  eval(5)= 840.33 +/- 0.61    alpha=0.0284
[ 320000/1000000]  ep= 320  reward(last50)= 736.45  alpha=0.0284
[ 330000/1000000]  ep= 330  reward(last50)= 743.71  alpha=0.0279
[ 340000/1000000]  eval(5)= 757.97 +/- 2.10    alpha=0.0282
[ 340000/1000000]  ep= 340  reward(last50)= 753.06  alpha=0.0282
[ 350000/1000000]  ep= 350  reward(last50)= 764.04  alpha=0.0275
[ 360000/1000000]  eval(5)= 732.56 +/- 1.27    alpha=0.0279
[ 360000/1000000]  ep= 360  reward(last50)= 765.30  alpha=0.0279
[ 370000/1000000]  ep= 370  reward(last50)= 764.80  alpha=0.0280
[ 380000/1000000]  eval(5)= 735.45 +/- 0.33    alpha=0.0280
[ 380000/1000000]  ep= 380  reward(last50)= 766.68  alpha=0.0280
[ 390000/1000000]  ep= 390  reward(last50)= 766.40  alpha=0.0295
[ 400000/1000000]  eval(5)= 805.30 +/- 3.64    alpha=0.0268
[ 400000/1000000]  ep= 400  reward(last50)= 762.40  alpha=0.0268
[ 410000/1000000]  ep= 410  reward(last50)= 757.99  alpha=0.0275
[ 420000/1000000]  eval(5)= 622.81 +/- 0.89    alpha=0.0257
[ 420000/1000000]  ep= 420  reward(last50)= 757.69  alpha=0.0257
[ 430000/1000000]  ep= 430  reward(last50)= 756.53  alpha=0.0259
[ 440000/1000000]  eval(5)= 788.81 +/- 0.79    alpha=0.0266
[ 440000/1000000]  ep= 440  reward(last50)= 750.31  alpha=0.0266
[ 450000/1000000]  ep= 450  reward(last50)= 753.20  alpha=0.0256
[ 460000/1000000]  eval(5)= 673.93 +/- 1.24    alpha=0.0244
[ 460000/1000000]  ep= 460  reward(last50)= 757.14  alpha=0.0244
[ 470000/1000000]  ep= 470  reward(last50)= 760.48  alpha=0.0245
[ 480000/1000000]  eval(5)= 729.16 +/- 3.81    alpha=0.0231
[ 480000/1000000]  ep= 480  reward(last50)= 766.85  alpha=0.0231
[ 490000/1000000]  ep= 490  reward(last50)= 773.53  alpha=0.0251
[ 500000/1000000]  eval(5)= 755.95 +/- 0.30    alpha=0.0256
[ 500000/1000000]  ep= 500  reward(last50)= 777.71  alpha=0.0256
[ 510000/1000000]  ep= 510  reward(last50)= 779.74  alpha=0.0226
[ 520000/1000000]  eval(5)= 766.88 +/- 0.64    alpha=0.0241
[ 520000/1000000]  ep= 520  reward(last50)= 784.03  alpha=0.0241
[ 530000/1000000]  ep= 530  reward(last50)= 777.33  alpha=0.0231
[ 540000/1000000]  eval(5)= 778.91 +/- 0.19    alpha=0.0249
[ 540000/1000000]  ep= 540  reward(last50)= 774.63  alpha=0.0249
[ 550000/1000000]  ep= 550  reward(last50)= 766.48  alpha=0.0250
[ 560000/1000000]  eval(5)= 755.78 +/- 1.70    alpha=0.0233
[ 560000/1000000]  ep= 560  reward(last50)= 761.59  alpha=0.0233
[ 570000/1000000]  ep= 570  reward(last50)= 755.85  alpha=0.0219
[ 580000/1000000]  eval(5)= 850.03 +/- 0.31    alpha=0.0220
[ 580000/1000000]  ep= 580  reward(last50)= 758.58  alpha=0.0220
[ 590000/1000000]  ep= 590  reward(last50)= 759.26  alpha=0.0227
[ 600000/1000000]  eval(5)= 758.69 +/- 0.19    alpha=0.0213
[ 600000/1000000]  ep= 600  reward(last50)= 763.42  alpha=0.0213
[ 610000/1000000]  ep= 610  reward(last50)= 766.98  alpha=0.0206
[ 620000/1000000]  eval(5)= 756.17 +/- 0.33    alpha=0.0196
[ 620000/1000000]  ep= 620  reward(last50)= 777.62  alpha=0.0196
[ 630000/1000000]  ep= 630  reward(last50)= 785.92  alpha=0.0192
[ 640000/1000000]  eval(5)= 779.90 +/- 0.57    alpha=0.0199
[ 640000/1000000]  ep= 640  reward(last50)= 797.00  alpha=0.0199
[ 650000/1000000]  ep= 650  reward(last50)= 801.81  alpha=0.0193
[ 660000/1000000]  eval(5)= 865.93 +/- 0.53    alpha=0.0200
[ 660000/1000000]  ep= 660  reward(last50)= 806.20  alpha=0.0200
[ 670000/1000000]  ep= 670  reward(last50)= 805.14  alpha=0.0198
[ 680000/1000000]  eval(5)= 808.73 +/- 0.56    alpha=0.0192
[ 680000/1000000]  ep= 680  reward(last50)= 806.36  alpha=0.0192
[ 690000/1000000]  ep= 690  reward(last50)= 807.60  alpha=0.0164
[ 700000/1000000]  eval(5)= 809.51 +/- 0.50    alpha=0.0194
[ 700000/1000000]  ep= 700  reward(last50)= 815.76  alpha=0.0194
[ 710000/1000000]  ep= 710  reward(last50)= 825.08  alpha=0.0188
[ 720000/1000000]  eval(5)= 827.11 +/- 0.65    alpha=0.0193
[ 720000/1000000]  ep= 720  reward(last50)= 829.54  alpha=0.0193
[ 730000/1000000]  ep= 730  reward(last50)= 834.49  alpha=0.0180
[ 740000/1000000]  eval(5)= 740.93 +/- 4.86    alpha=0.0195
[ 740000/1000000]  ep= 740  reward(last50)= 835.36  alpha=0.0195
[ 750000/1000000]  ep= 750  reward(last50)= 833.49  alpha=0.0160
[ 760000/1000000]  eval(5)= 850.42 +/- 0.48    alpha=0.0180
[ 760000/1000000]  ep= 760  reward(last50)= 833.24  alpha=0.0180
[ 770000/1000000]  ep= 770  reward(last50)= 832.25  alpha=0.0158
[ 780000/1000000]  eval(5)= 854.11 +/- 0.40    alpha=0.0162
[ 780000/1000000]  ep= 780  reward(last50)= 831.95  alpha=0.0162
[ 790000/1000000]  ep= 790  reward(last50)= 833.17  alpha=0.0156
[ 800000/1000000]  eval(5)= 853.15 +/- 0.52    alpha=0.0161
[ 800000/1000000]  ep= 800  reward(last50)= 837.31  alpha=0.0161
[ 810000/1000000]  ep= 810  reward(last50)= 835.66  alpha=0.0153
[ 820000/1000000]  eval(5)= 829.97 +/- 0.66    alpha=0.0138
[ 820000/1000000]  ep= 820  reward(last50)= 837.03  alpha=0.0138
[ 830000/1000000]  ep= 830  reward(last50)= 839.41  alpha=0.0154
[ 840000/1000000]  eval(5)= 879.49 +/- 0.17    alpha=0.0157
[ 840000/1000000]  ep= 840  reward(last50)= 838.85  alpha=0.0157
[ 850000/1000000]  ep= 850  reward(last50)= 840.47  alpha=0.0130
[ 860000/1000000]  eval(5)= 856.51 +/- 0.41    alpha=0.0131
[ 860000/1000000]  ep= 860  reward(last50)= 845.69  alpha=0.0131
[ 870000/1000000]  ep= 870  reward(last50)= 848.76  alpha=0.0133
[ 880000/1000000]  eval(5)= 863.88 +/- 2.55    alpha=0.0155
[ 880000/1000000]  ep= 880  reward(last50)= 849.42  alpha=0.0155
[ 890000/1000000]  ep= 890  reward(last50)= 848.22  alpha=0.0140
[ 900000/1000000]  eval(5)= 852.58 +/- 0.80    alpha=0.0143
[ 900000/1000000]  ep= 900  reward(last50)= 844.34  alpha=0.0143
[ 910000/1000000]  ep= 910  reward(last50)= 837.69  alpha=0.0124
[ 920000/1000000]  eval(5)= 849.96 +/- 0.57    alpha=0.0126
[ 920000/1000000]  ep= 920  reward(last50)= 831.65  alpha=0.0126
[ 930000/1000000]  ep= 930  reward(last50)= 822.77  alpha=0.0137
[ 940000/1000000]  eval(5)= 851.90 +/- 1.28    alpha=0.0120
[ 940000/1000000]  ep= 940  reward(last50)= 824.58  alpha=0.0120
[ 950000/1000000]  ep= 950  reward(last50)= 822.16  alpha=0.0133
[ 960000/1000000]  eval(5)= 856.13 +/- 0.23    alpha=0.0114
[ 960000/1000000]  ep= 960  reward(last50)= 823.14  alpha=0.0114
[ 970000/1000000]  ep= 970  reward(last50)= 827.71  alpha=0.0135
[ 980000/1000000]  eval(5)= 832.75 +/- 2.59    alpha=0.0127
[ 980000/1000000]  ep= 980  reward(last50)= 833.38  alpha=0.0127
[ 990000/1000000]  ep= 990  reward(last50)= 830.54  alpha=0.0128
[1000000/1000000]  eval(5)= 849.42 +/- 0.31    alpha=0.0138
[1000000/1000000]  ep=1000  reward(last50)= 833.74  alpha=0.0138
Saved SAC checkpoint to checkpoints/dmcs/cartpole-swingup/sample_efficiency/sac_seed42.pt

Evaluating (deterministic)...
Eval(10): mean=849.34  std=0.41
