/home/bruinml/anaconda3/envs/highway/lib/python3.11/site-packages/glfw/__init__.py:917: GLFWError: (65550) b'X11: The DISPLAY environment variable is missing'
  warnings.warn(message, GLFWError)
/home/bruinml/anaconda3/envs/highway/lib/python3.11/site-packages/pygame/pkgdata.py:25: UserWarning: pkg_resources is deprecated as an API. See https://setuptools.pypa.io/en/latest/pkg_resources.html. The pkg_resources package is slated for removal as early as 2025-11-30. Refrain from using this package or pin to Setuptools<81.
  from pkg_resources import resource_stream, resource_exists
/home/bruinml/anaconda3/envs/highway/lib/python3.11/site-packages/torch/cuda/__init__.py:180: UserWarning: CUDA initialization: The NVIDIA driver on your system is too old (found version 12080). Please update your GPU driver by downloading and installing a new version from the URL: http://www.nvidia.com/Download/index.aspx Alternatively, go to: https://pytorch.org to install a PyTorch version that has been compiled with your version of the CUDA driver. (Triggered internally at /pytorch/c10/cuda/CUDAFunctions.cpp:119.)
  return torch._C._cuda_getDeviceCount() > 0
Uniform DQN on dm_control/cartpole-swingup  da=1  n=32 (per axis -> 32 total cells)  seed=43  steps=1000000
[  10000/1000000]  ep=  10  reward(last50)=  87.06  n_per_axis=[32]  total_splits=0
[  20000/1000000]  eval(5)= 223.75 +/- 5.03    n_per_axis=[32]
[  20000/1000000]  ep=  20  reward(last50)= 135.14  n_per_axis=[32]  total_splits=0
[  30000/1000000]  ep=  30  reward(last50)= 159.82  n_per_axis=[32]  total_splits=0
[  40000/1000000]  eval(5)= 435.54 +/- 46.31   n_per_axis=[32]
[  40000/1000000]  ep=  40  reward(last50)= 186.98  n_per_axis=[32]  total_splits=0
[  50000/1000000]  ep=  50  reward(last50)= 244.63  n_per_axis=[32]  total_splits=0
[  60000/1000000]  eval(5)= 577.98 +/- 5.17    n_per_axis=[32]
[  60000/1000000]  ep=  60  reward(last50)= 335.06  n_per_axis=[32]  total_splits=0
[  70000/1000000]  ep=  70  reward(last50)= 427.03  n_per_axis=[32]  total_splits=0
[  80000/1000000]  eval(5)= 385.53 +/- 103.18  n_per_axis=[32]
[  80000/1000000]  ep=  80  reward(last50)= 516.70  n_per_axis=[32]  total_splits=0
[  90000/1000000]  ep=  90  reward(last50)= 604.14  n_per_axis=[32]  total_splits=0
[ 100000/1000000]  eval(5)= 744.65 +/- 0.88    n_per_axis=[32]
[ 100000/1000000]  ep= 100  reward(last50)= 669.12  n_per_axis=[32]  total_splits=0
[ 110000/1000000]  ep= 110  reward(last50)= 703.51  n_per_axis=[32]  total_splits=0
[ 120000/1000000]  eval(5)= 780.69 +/- 5.51    n_per_axis=[32]
[ 120000/1000000]  ep= 120  reward(last50)= 714.30  n_per_axis=[32]  total_splits=0
[ 130000/1000000]  ep= 130  reward(last50)= 735.05  n_per_axis=[32]  total_splits=0
[ 140000/1000000]  eval(5)= 649.90 +/- 142.90  n_per_axis=[32]
[ 140000/1000000]  ep= 140  reward(last50)= 741.84  n_per_axis=[32]  total_splits=0
[ 150000/1000000]  ep= 150  reward(last50)= 715.68  n_per_axis=[32]  total_splits=0
[ 160000/1000000]  eval(5)= 828.67 +/- 0.41    n_per_axis=[32]
[ 160000/1000000]  ep= 160  reward(last50)= 715.96  n_per_axis=[32]  total_splits=0
[ 170000/1000000]  ep= 170  reward(last50)= 737.82  n_per_axis=[32]  total_splits=0
[ 180000/1000000]  eval(5)= 681.33 +/- 75.21   n_per_axis=[32]
[ 180000/1000000]  ep= 180  reward(last50)= 713.59  n_per_axis=[32]  total_splits=0
[ 190000/1000000]  ep= 190  reward(last50)= 712.67  n_per_axis=[32]  total_splits=0
[ 200000/1000000]  eval(5)= 809.78 +/- 0.92    n_per_axis=[32]
[ 200000/1000000]  ep= 200  reward(last50)= 736.34  n_per_axis=[32]  total_splits=0
[ 210000/1000000]  ep= 210  reward(last50)= 749.11  n_per_axis=[32]  total_splits=0
[ 220000/1000000]  eval(5)= 709.48 +/- 2.34    n_per_axis=[32]
[ 220000/1000000]  ep= 220  reward(last50)= 732.95  n_per_axis=[32]  total_splits=0
[ 230000/1000000]  ep= 230  reward(last50)= 726.90  n_per_axis=[32]  total_splits=0
[ 240000/1000000]  eval(5)= 557.54 +/- 89.65   n_per_axis=[32]
[ 240000/1000000]  ep= 240  reward(last50)= 690.85  n_per_axis=[32]  total_splits=0
[ 250000/1000000]  ep= 250  reward(last50)= 665.68  n_per_axis=[32]  total_splits=0
[ 260000/1000000]  eval(5)= 692.72 +/- 12.99   n_per_axis=[32]
[ 260000/1000000]  ep= 260  reward(last50)= 664.56  n_per_axis=[32]  total_splits=0
[ 270000/1000000]  ep= 270  reward(last50)= 682.15  n_per_axis=[32]  total_splits=0
[ 280000/1000000]  eval(5)= 764.52 +/- 25.89   n_per_axis=[32]
[ 280000/1000000]  ep= 280  reward(last50)= 713.42  n_per_axis=[32]  total_splits=0
[ 290000/1000000]  ep= 290  reward(last50)= 757.03  n_per_axis=[32]  total_splits=0
[ 300000/1000000]  eval(5)= 770.02 +/- 2.76    n_per_axis=[32]
[ 300000/1000000]  ep= 300  reward(last50)= 777.88  n_per_axis=[32]  total_splits=0
[ 310000/1000000]  ep= 310  reward(last50)= 785.56  n_per_axis=[32]  total_splits=0
[ 320000/1000000]  eval(5)= 797.99 +/- 2.95    n_per_axis=[32]
[ 320000/1000000]  ep= 320  reward(last50)= 783.01  n_per_axis=[32]  total_splits=0
[ 330000/1000000]  ep= 330  reward(last50)= 787.32  n_per_axis=[32]  total_splits=0
[ 340000/1000000]  eval(5)= 798.71 +/- 1.39    n_per_axis=[32]
[ 340000/1000000]  ep= 340  reward(last50)= 793.12  n_per_axis=[32]  total_splits=0
[ 350000/1000000]  ep= 350  reward(last50)= 802.63  n_per_axis=[32]  total_splits=0
[ 360000/1000000]  eval(5)= 806.24 +/- 0.81    n_per_axis=[32]
[ 360000/1000000]  ep= 360  reward(last50)= 802.07  n_per_axis=[32]  total_splits=0
[ 370000/1000000]  ep= 370  reward(last50)= 802.19  n_per_axis=[32]  total_splits=0
[ 380000/1000000]  eval(5)= 674.92 +/- 40.99   n_per_axis=[32]
[ 380000/1000000]  ep= 380  reward(last50)= 806.51  n_per_axis=[32]  total_splits=0
[ 390000/1000000]  ep= 390  reward(last50)= 807.33  n_per_axis=[32]  total_splits=0
[ 400000/1000000]  eval(5)= 770.75 +/- 1.20    n_per_axis=[32]
[ 400000/1000000]  ep= 400  reward(last50)= 800.67  n_per_axis=[32]  total_splits=0
[ 410000/1000000]  ep= 410  reward(last50)= 801.91  n_per_axis=[32]  total_splits=0
[ 420000/1000000]  eval(5)= 812.54 +/- 1.61    n_per_axis=[32]
[ 420000/1000000]  ep= 420  reward(last50)= 801.90  n_per_axis=[32]  total_splits=0
[ 430000/1000000]  ep= 430  reward(last50)= 804.77  n_per_axis=[32]  total_splits=0
[ 440000/1000000]  eval(5)= 445.21 +/- 45.46   n_per_axis=[32]
[ 440000/1000000]  ep= 440  reward(last50)= 798.48  n_per_axis=[32]  total_splits=0
[ 450000/1000000]  ep= 450  reward(last50)= 802.22  n_per_axis=[32]  total_splits=0
[ 460000/1000000]  eval(5)= 505.22 +/- 95.20   n_per_axis=[32]
[ 460000/1000000]  ep= 460  reward(last50)= 784.45  n_per_axis=[32]  total_splits=0
[ 470000/1000000]  ep= 470  reward(last50)= 775.97  n_per_axis=[32]  total_splits=0
[ 480000/1000000]  eval(5)= 813.29 +/- 9.01    n_per_axis=[32]
[ 480000/1000000]  ep= 480  reward(last50)= 769.71  n_per_axis=[32]  total_splits=0
[ 490000/1000000]  ep= 490  reward(last50)= 775.67  n_per_axis=[32]  total_splits=0
[ 500000/1000000]  eval(5)= 837.06 +/- 0.34    n_per_axis=[32]
[ 500000/1000000]  ep= 500  reward(last50)= 771.45  n_per_axis=[32]  total_splits=0
[ 510000/1000000]  ep= 510  reward(last50)= 789.79  n_per_axis=[32]  total_splits=0
[ 520000/1000000]  eval(5)= 844.39 +/- 1.57    n_per_axis=[32]
[ 520000/1000000]  ep= 520  reward(last50)= 803.16  n_per_axis=[32]  total_splits=0
[ 530000/1000000]  ep= 530  reward(last50)= 808.31  n_per_axis=[32]  total_splits=0
[ 540000/1000000]  eval(5)= 814.93 +/- 7.12    n_per_axis=[32]
[ 540000/1000000]  ep= 540  reward(last50)= 811.76  n_per_axis=[32]  total_splits=0
[ 550000/1000000]  ep= 550  reward(last50)= 818.92  n_per_axis=[32]  total_splits=0
[ 560000/1000000]  eval(5)= 787.32 +/- 0.83    n_per_axis=[32]
[ 560000/1000000]  ep= 560  reward(last50)= 817.41  n_per_axis=[32]  total_splits=0
[ 570000/1000000]  ep= 570  reward(last50)= 806.02  n_per_axis=[32]  total_splits=0
[ 580000/1000000]  eval(5)= 760.56 +/- 1.66    n_per_axis=[32]
[ 580000/1000000]  ep= 580  reward(last50)= 805.74  n_per_axis=[32]  total_splits=0
[ 590000/1000000]  ep= 590  reward(last50)= 806.64  n_per_axis=[32]  total_splits=0
[ 600000/1000000]  eval(5)= 813.63 +/- 2.17    n_per_axis=[32]
[ 600000/1000000]  ep= 600  reward(last50)= 807.56  n_per_axis=[32]  total_splits=0
[ 610000/1000000]  ep= 610  reward(last50)= 808.33  n_per_axis=[32]  total_splits=0
[ 620000/1000000]  eval(5)= 809.67 +/- 3.40    n_per_axis=[32]
[ 620000/1000000]  ep= 620  reward(last50)= 818.38  n_per_axis=[32]  total_splits=0
[ 630000/1000000]  ep= 630  reward(last50)= 819.79  n_per_axis=[32]  total_splits=0
[ 640000/1000000]  eval(5)= 813.58 +/- 1.12    n_per_axis=[32]
[ 640000/1000000]  ep= 640  reward(last50)= 820.30  n_per_axis=[32]  total_splits=0
[ 650000/1000000]  ep= 650  reward(last50)= 813.55  n_per_axis=[32]  total_splits=0
[ 660000/1000000]  eval(5)= 832.69 +/- 1.82    n_per_axis=[32]
[ 660000/1000000]  ep= 660  reward(last50)= 818.00  n_per_axis=[32]  total_splits=0
[ 670000/1000000]  ep= 670  reward(last50)= 820.39  n_per_axis=[32]  total_splits=0
[ 680000/1000000]  eval(5)= 826.72 +/- 1.58    n_per_axis=[32]
[ 680000/1000000]  ep= 680  reward(last50)= 820.46  n_per_axis=[32]  total_splits=0
[ 690000/1000000]  ep= 690  reward(last50)= 806.24  n_per_axis=[32]  total_splits=0
[ 700000/1000000]  eval(5)= 770.15 +/- 5.84    n_per_axis=[32]
[ 700000/1000000]  ep= 700  reward(last50)= 797.71  n_per_axis=[32]  total_splits=0
[ 710000/1000000]  ep= 710  reward(last50)= 790.82  n_per_axis=[32]  total_splits=0
[ 720000/1000000]  eval(5)= 817.84 +/- 0.74    n_per_axis=[32]
[ 720000/1000000]  ep= 720  reward(last50)= 791.61  n_per_axis=[32]  total_splits=0
[ 730000/1000000]  ep= 730  reward(last50)= 793.50  n_per_axis=[32]  total_splits=0
[ 740000/1000000]  eval(5)= 798.86 +/- 0.47    n_per_axis=[32]
[ 740000/1000000]  ep= 740  reward(last50)= 808.79  n_per_axis=[32]  total_splits=0
[ 750000/1000000]  ep= 750  reward(last50)= 826.46  n_per_axis=[32]  total_splits=0
[ 760000/1000000]  eval(5)= 822.84 +/- 1.16    n_per_axis=[32]
[ 760000/1000000]  ep= 760  reward(last50)= 832.71  n_per_axis=[32]  total_splits=0
[ 770000/1000000]  ep= 770  reward(last50)= 820.30  n_per_axis=[32]  total_splits=0
[ 780000/1000000]  eval(5)= 782.97 +/- 0.52    n_per_axis=[32]
[ 780000/1000000]  ep= 780  reward(last50)= 801.73  n_per_axis=[32]  total_splits=0
[ 790000/1000000]  ep= 790  reward(last50)= 798.55  n_per_axis=[32]  total_splits=0
[ 800000/1000000]  eval(5)= 784.37 +/- 17.37   n_per_axis=[32]
[ 800000/1000000]  ep= 800  reward(last50)= 799.20  n_per_axis=[32]  total_splits=0
[ 810000/1000000]  ep= 810  reward(last50)= 800.27  n_per_axis=[32]  total_splits=0
[ 820000/1000000]  eval(5)= 804.01 +/- 3.29    n_per_axis=[32]
[ 820000/1000000]  ep= 820  reward(last50)= 812.66  n_per_axis=[32]  total_splits=0
[ 830000/1000000]  ep= 830  reward(last50)= 830.31  n_per_axis=[32]  total_splits=0
[ 840000/1000000]  eval(5)= 854.42 +/- 0.34    n_per_axis=[32]
[ 840000/1000000]  ep= 840  reward(last50)= 833.16  n_per_axis=[32]  total_splits=0
[ 850000/1000000]  ep= 850  reward(last50)= 832.87  n_per_axis=[32]  total_splits=0
[ 860000/1000000]  eval(5)= 845.65 +/- 1.65    n_per_axis=[32]
[ 860000/1000000]  ep= 860  reward(last50)= 833.25  n_per_axis=[32]  total_splits=0
[ 870000/1000000]  ep= 870  reward(last50)= 832.82  n_per_axis=[32]  total_splits=0
[ 880000/1000000]  eval(5)= 845.10 +/- 0.89    n_per_axis=[32]
[ 880000/1000000]  ep= 880  reward(last50)= 833.80  n_per_axis=[32]  total_splits=0
[ 890000/1000000]  ep= 890  reward(last50)= 833.76  n_per_axis=[32]  total_splits=0
[ 900000/1000000]  eval(5)= 839.52 +/- 0.16    n_per_axis=[32]
[ 900000/1000000]  ep= 900  reward(last50)= 833.97  n_per_axis=[32]  total_splits=0
[ 910000/1000000]  ep= 910  reward(last50)= 821.09  n_per_axis=[32]  total_splits=0
[ 920000/1000000]  eval(5)= 777.29 +/- 2.12    n_per_axis=[32]
[ 920000/1000000]  ep= 920  reward(last50)= 818.94  n_per_axis=[32]  total_splits=0
[ 930000/1000000]  ep= 930  reward(last50)= 818.52  n_per_axis=[32]  total_splits=0
[ 940000/1000000]  eval(5)= 789.00 +/- 1.02    n_per_axis=[32]
[ 940000/1000000]  ep= 940  reward(last50)= 818.04  n_per_axis=[32]  total_splits=0
[ 950000/1000000]  ep= 950  reward(last50)= 812.21  n_per_axis=[32]  total_splits=0
[ 960000/1000000]  eval(5)= 828.14 +/- 4.32    n_per_axis=[32]
[ 960000/1000000]  ep= 960  reward(last50)= 815.63  n_per_axis=[32]  total_splits=0
[ 970000/1000000]  ep= 970  reward(last50)= 798.72  n_per_axis=[32]  total_splits=0
[ 980000/1000000]  eval(5)= 563.36 +/- 190.53  n_per_axis=[32]
[ 980000/1000000]  ep= 980  reward(last50)= 760.01  n_per_axis=[32]  total_splits=0
[ 990000/1000000]  ep= 990  reward(last50)= 717.42  n_per_axis=[32]  total_splits=0
[1000000/1000000]  eval(5)= 606.37 +/- 13.39   n_per_axis=[32]
[1000000/1000000]  ep=1000  reward(last50)= 679.73  n_per_axis=[32]  total_splits=0
Saved BranchingDQN checkpoint to checkpoints/dmcs/cartpole-swingup/sample_efficiency/uniform_n32_seed43.pt

Evaluating (deterministic)...
Eval(10): mean=553.85  std=75.08
Final n_per_axis: [32]  total_cells: 32  (uniform; no splits)
