/home/bruinml/anaconda3/envs/highway/lib/python3.11/site-packages/glfw/__init__.py:917: GLFWError: (65550) b'X11: The DISPLAY environment variable is missing'
  warnings.warn(message, GLFWError)
/home/bruinml/anaconda3/envs/highway/lib/python3.11/site-packages/pygame/pkgdata.py:25: UserWarning: pkg_resources is deprecated as an API. See https://setuptools.pypa.io/en/latest/pkg_resources.html. The pkg_resources package is slated for removal as early as 2025-11-30. Refrain from using this package or pin to Setuptools<81.
  from pkg_resources import resource_stream, resource_exists
/home/bruinml/anaconda3/envs/highway/lib/python3.11/site-packages/torch/cuda/__init__.py:180: UserWarning: CUDA initialization: The NVIDIA driver on your system is too old (found version 12080). Please update your GPU driver by downloading and installing a new version from the URL: http://www.nvidia.com/Download/index.aspx Alternatively, go to: https://pytorch.org to install a PyTorch version that has been compiled with your version of the CUDA driver. (Triggered internally at /pytorch/c10/cuda/CUDAFunctions.cpp:119.)
  return torch._C._cuda_getDeviceCount() > 0
Uniform DQN on dm_control/cartpole-swingup  da=1  n=32 (per axis -> 32 total cells)  seed=42  steps=1000000
[  10000/1000000]  ep=  10  reward(last50)= 104.53  n_per_axis=[32]  total_splits=0
[  20000/1000000]  eval(5)= 221.28 +/- 15.05   n_per_axis=[32]
[  20000/1000000]  ep=  20  reward(last50)= 152.50  n_per_axis=[32]  total_splits=0
[  30000/1000000]  ep=  30  reward(last50)= 199.38  n_per_axis=[32]  total_splits=0
[  40000/1000000]  eval(5)= 312.04 +/- 55.33   n_per_axis=[32]
[  40000/1000000]  ep=  40  reward(last50)= 214.55  n_per_axis=[32]  total_splits=0
[  50000/1000000]  ep=  50  reward(last50)= 236.40  n_per_axis=[32]  total_splits=0
[  60000/1000000]  eval(5)= 291.67 +/- 37.26   n_per_axis=[32]
[  60000/1000000]  ep=  60  reward(last50)= 322.38  n_per_axis=[32]  total_splits=0
[  70000/1000000]  ep=  70  reward(last50)= 360.25  n_per_axis=[32]  total_splits=0
[  80000/1000000]  eval(5)= 772.41 +/- 2.36    n_per_axis=[32]
[  80000/1000000]  ep=  80  reward(last50)= 423.87  n_per_axis=[32]  total_splits=0
[  90000/1000000]  ep=  90  reward(last50)= 530.11  n_per_axis=[32]  total_splits=0
[ 100000/1000000]  eval(5)= 765.55 +/- 24.33   n_per_axis=[32]
[ 100000/1000000]  ep= 100  reward(last50)= 616.30  n_per_axis=[32]  total_splits=0
[ 110000/1000000]  ep= 110  reward(last50)= 652.10  n_per_axis=[32]  total_splits=0
[ 120000/1000000]  eval(5)= 702.99 +/- 2.60    n_per_axis=[32]
[ 120000/1000000]  ep= 120  reward(last50)= 673.66  n_per_axis=[32]  total_splits=0
[ 130000/1000000]  ep= 130  reward(last50)= 672.39  n_per_axis=[32]  total_splits=0
[ 140000/1000000]  eval(5)= 401.81 +/- 171.17  n_per_axis=[32]
[ 140000/1000000]  ep= 140  reward(last50)= 630.58  n_per_axis=[32]  total_splits=0
[ 150000/1000000]  ep= 150  reward(last50)= 577.00  n_per_axis=[32]  total_splits=0
[ 160000/1000000]  eval(5)= 443.43 +/- 12.48   n_per_axis=[32]
[ 160000/1000000]  ep= 160  reward(last50)= 566.16  n_per_axis=[32]  total_splits=0
[ 170000/1000000]  ep= 170  reward(last50)= 607.07  n_per_axis=[32]  total_splits=0
[ 180000/1000000]  eval(5)= 826.70 +/- 10.84   n_per_axis=[32]
[ 180000/1000000]  ep= 180  reward(last50)= 637.96  n_per_axis=[32]  total_splits=0
[ 190000/1000000]  ep= 190  reward(last50)= 681.00  n_per_axis=[32]  total_splits=0
[ 200000/1000000]  eval(5)= 713.45 +/- 7.33    n_per_axis=[32]
[ 200000/1000000]  ep= 200  reward(last50)= 729.29  n_per_axis=[32]  total_splits=0
[ 210000/1000000]  ep= 210  reward(last50)= 747.89  n_per_axis=[32]  total_splits=0
[ 220000/1000000]  eval(5)= 798.52 +/- 5.41    n_per_axis=[32]
[ 220000/1000000]  ep= 220  reward(last50)= 754.90  n_per_axis=[32]  total_splits=0
[ 230000/1000000]  ep= 230  reward(last50)= 734.99  n_per_axis=[32]  total_splits=0
[ 240000/1000000]  eval(5)= 821.80 +/- 10.37   n_per_axis=[32]
[ 240000/1000000]  ep= 240  reward(last50)= 725.51  n_per_axis=[32]  total_splits=0
[ 250000/1000000]  ep= 250  reward(last50)= 717.55  n_per_axis=[32]  total_splits=0
[ 260000/1000000]  eval(5)= 786.75 +/- 3.32    n_per_axis=[32]
[ 260000/1000000]  ep= 260  reward(last50)= 700.61  n_per_axis=[32]  total_splits=0
[ 270000/1000000]  ep= 270  reward(last50)= 693.52  n_per_axis=[32]  total_splits=0
[ 280000/1000000]  eval(5)= 566.89 +/- 40.23   n_per_axis=[32]
[ 280000/1000000]  ep= 280  reward(last50)= 696.16  n_per_axis=[32]  total_splits=0
[ 290000/1000000]  ep= 290  reward(last50)= 698.43  n_per_axis=[32]  total_splits=0
[ 300000/1000000]  eval(5)= 686.07 +/- 18.27   n_per_axis=[32]
[ 300000/1000000]  ep= 300  reward(last50)= 713.82  n_per_axis=[32]  total_splits=0
[ 310000/1000000]  ep= 310  reward(last50)= 737.54  n_per_axis=[32]  total_splits=0
[ 320000/1000000]  eval(5)= 729.87 +/- 11.16   n_per_axis=[32]
[ 320000/1000000]  ep= 320  reward(last50)= 760.95  n_per_axis=[32]  total_splits=0
[ 330000/1000000]  ep= 330  reward(last50)= 779.52  n_per_axis=[32]  total_splits=0
[ 340000/1000000]  eval(5)= 782.89 +/- 0.38    n_per_axis=[32]
[ 340000/1000000]  ep= 340  reward(last50)= 779.84  n_per_axis=[32]  total_splits=0
[ 350000/1000000]  ep= 350  reward(last50)= 782.41  n_per_axis=[32]  total_splits=0
[ 360000/1000000]  eval(5)= 782.71 +/- 10.85   n_per_axis=[32]
[ 360000/1000000]  ep= 360  reward(last50)= 770.58  n_per_axis=[32]  total_splits=0
[ 370000/1000000]  ep= 370  reward(last50)= 753.93  n_per_axis=[32]  total_splits=0
[ 380000/1000000]  eval(5)= 818.47 +/- 3.39    n_per_axis=[32]
[ 380000/1000000]  ep= 380  reward(last50)= 762.72  n_per_axis=[32]  total_splits=0
[ 390000/1000000]  ep= 390  reward(last50)= 771.76  n_per_axis=[32]  total_splits=0
[ 400000/1000000]  eval(5)= 733.37 +/- 4.26    n_per_axis=[32]
[ 400000/1000000]  ep= 400  reward(last50)= 779.67  n_per_axis=[32]  total_splits=0
[ 410000/1000000]  ep= 410  reward(last50)= 768.62  n_per_axis=[32]  total_splits=0
[ 420000/1000000]  eval(5)= 779.35 +/- 2.34    n_per_axis=[32]
[ 420000/1000000]  ep= 420  reward(last50)= 765.14  n_per_axis=[32]  total_splits=0
[ 430000/1000000]  ep= 430  reward(last50)= 762.33  n_per_axis=[32]  total_splits=0
[ 440000/1000000]  eval(5)= 815.03 +/- 2.00    n_per_axis=[32]
[ 440000/1000000]  ep= 440  reward(last50)= 763.81  n_per_axis=[32]  total_splits=0
[ 450000/1000000]  ep= 450  reward(last50)= 752.27  n_per_axis=[32]  total_splits=0
[ 460000/1000000]  eval(5)= 734.82 +/- 1.00    n_per_axis=[32]
[ 460000/1000000]  ep= 460  reward(last50)= 741.36  n_per_axis=[32]  total_splits=0
[ 470000/1000000]  ep= 470  reward(last50)= 755.06  n_per_axis=[32]  total_splits=0
[ 480000/1000000]  eval(5)= 593.88 +/- 5.68    n_per_axis=[32]
[ 480000/1000000]  ep= 480  reward(last50)= 752.76  n_per_axis=[32]  total_splits=0
[ 490000/1000000]  ep= 490  reward(last50)= 744.06  n_per_axis=[32]  total_splits=0
[ 500000/1000000]  eval(5)= 757.21 +/- 1.97    n_per_axis=[32]
[ 500000/1000000]  ep= 500  reward(last50)= 750.38  n_per_axis=[32]  total_splits=0
[ 510000/1000000]  ep= 510  reward(last50)= 787.02  n_per_axis=[32]  total_splits=0
[ 520000/1000000]  eval(5)= 762.13 +/- 13.29   n_per_axis=[32]
[ 520000/1000000]  ep= 520  reward(last50)= 784.33  n_per_axis=[32]  total_splits=0
[ 530000/1000000]  ep= 530  reward(last50)= 769.46  n_per_axis=[32]  total_splits=0
[ 540000/1000000]  eval(5)= 754.68 +/- 4.09    n_per_axis=[32]
[ 540000/1000000]  ep= 540  reward(last50)= 760.25  n_per_axis=[32]  total_splits=0
[ 550000/1000000]  ep= 550  reward(last50)= 757.15  n_per_axis=[32]  total_splits=0
[ 560000/1000000]  eval(5)= 668.99 +/- 3.54    n_per_axis=[32]
[ 560000/1000000]  ep= 560  reward(last50)= 753.46  n_per_axis=[32]  total_splits=0
[ 570000/1000000]  ep= 570  reward(last50)= 731.89  n_per_axis=[32]  total_splits=0
[ 580000/1000000]  eval(5)= 764.76 +/- 1.07    n_per_axis=[32]
[ 580000/1000000]  ep= 580  reward(last50)= 738.76  n_per_axis=[32]  total_splits=0
[ 590000/1000000]  ep= 590  reward(last50)= 753.88  n_per_axis=[32]  total_splits=0
[ 600000/1000000]  eval(5)= 831.00 +/- 20.22   n_per_axis=[32]
[ 600000/1000000]  ep= 600  reward(last50)= 764.13  n_per_axis=[32]  total_splits=0
[ 610000/1000000]  ep= 610  reward(last50)= 772.72  n_per_axis=[32]  total_splits=0
[ 620000/1000000]  eval(5)= 842.37 +/- 0.54    n_per_axis=[32]
[ 620000/1000000]  ep= 620  reward(last50)= 806.39  n_per_axis=[32]  total_splits=0
[ 630000/1000000]  ep= 630  reward(last50)= 820.86  n_per_axis=[32]  total_splits=0
[ 640000/1000000]  eval(5)= 776.73 +/- 1.46    n_per_axis=[32]
[ 640000/1000000]  ep= 640  reward(last50)= 825.15  n_per_axis=[32]  total_splits=0
[ 650000/1000000]  ep= 650  reward(last50)= 822.87  n_per_axis=[32]  total_splits=0
[ 660000/1000000]  eval(5)= 748.87 +/- 5.60    n_per_axis=[32]
[ 660000/1000000]  ep= 660  reward(last50)= 820.55  n_per_axis=[32]  total_splits=0
[ 670000/1000000]  ep= 670  reward(last50)= 813.33  n_per_axis=[32]  total_splits=0
[ 680000/1000000]  eval(5)= 820.32 +/- 7.91    n_per_axis=[32]
[ 680000/1000000]  ep= 680  reward(last50)= 809.57  n_per_axis=[32]  total_splits=0
[ 690000/1000000]  ep= 690  reward(last50)= 783.91  n_per_axis=[32]  total_splits=0
[ 700000/1000000]  eval(5)= 664.44 +/- 34.13   n_per_axis=[32]
[ 700000/1000000]  ep= 700  reward(last50)= 772.58  n_per_axis=[32]  total_splits=0
[ 710000/1000000]  ep= 710  reward(last50)= 764.09  n_per_axis=[32]  total_splits=0
[ 720000/1000000]  eval(5)= 651.58 +/- 30.45   n_per_axis=[32]
[ 720000/1000000]  ep= 720  reward(last50)= 744.14  n_per_axis=[32]  total_splits=0
[ 730000/1000000]  ep= 730  reward(last50)= 718.04  n_per_axis=[32]  total_splits=0
[ 740000/1000000]  eval(5)= 684.27 +/- 44.92   n_per_axis=[32]
[ 740000/1000000]  ep= 740  reward(last50)= 714.63  n_per_axis=[32]  total_splits=0
[ 750000/1000000]  ep= 750  reward(last50)= 709.14  n_per_axis=[32]  total_splits=0
[ 760000/1000000]  eval(5)= 829.10 +/- 1.46    n_per_axis=[32]
[ 760000/1000000]  ep= 760  reward(last50)= 719.37  n_per_axis=[32]  total_splits=0
[ 770000/1000000]  ep= 770  reward(last50)= 713.34  n_per_axis=[32]  total_splits=0
[ 780000/1000000]  eval(5)= 783.65 +/- 2.26    n_per_axis=[32]
[ 780000/1000000]  ep= 780  reward(last50)= 725.47  n_per_axis=[32]  total_splits=0
[ 790000/1000000]  ep= 790  reward(last50)= 750.44  n_per_axis=[32]  total_splits=0
[ 800000/1000000]  eval(5)= 785.69 +/- 0.54    n_per_axis=[32]
[ 800000/1000000]  ep= 800  reward(last50)= 770.31  n_per_axis=[32]  total_splits=0
[ 810000/1000000]  ep= 810  reward(last50)= 772.26  n_per_axis=[32]  total_splits=0
[ 820000/1000000]  eval(5)= 826.04 +/- 1.27    n_per_axis=[32]
[ 820000/1000000]  ep= 820  reward(last50)= 804.95  n_per_axis=[32]  total_splits=0
[ 830000/1000000]  ep= 830  reward(last50)= 820.16  n_per_axis=[32]  total_splits=0
[ 840000/1000000]  eval(5)= 807.03 +/- 1.29    n_per_axis=[32]
[ 840000/1000000]  ep= 840  reward(last50)= 818.87  n_per_axis=[32]  total_splits=0
[ 850000/1000000]  ep= 850  reward(last50)= 814.33  n_per_axis=[32]  total_splits=0
[ 860000/1000000]  eval(5)= 673.25 +/- 4.08    n_per_axis=[32]
[ 860000/1000000]  ep= 860  reward(last50)= 809.52  n_per_axis=[32]  total_splits=0
[ 870000/1000000]  ep= 870  reward(last50)= 805.03  n_per_axis=[32]  total_splits=0
[ 880000/1000000]  eval(5)= 826.04 +/- 23.66   n_per_axis=[32]
[ 880000/1000000]  ep= 880  reward(last50)= 801.66  n_per_axis=[32]  total_splits=0
[ 890000/1000000]  ep= 890  reward(last50)= 795.51  n_per_axis=[32]  total_splits=0
[ 900000/1000000]  eval(5)= 818.04 +/- 35.27   n_per_axis=[32]
[ 900000/1000000]  ep= 900  reward(last50)= 792.31  n_per_axis=[32]  total_splits=0
[ 910000/1000000]  ep= 910  reward(last50)= 793.73  n_per_axis=[32]  total_splits=0
[ 920000/1000000]  eval(5)= 710.53 +/- 1.11    n_per_axis=[32]
[ 920000/1000000]  ep= 920  reward(last50)= 777.74  n_per_axis=[32]  total_splits=0
[ 930000/1000000]  ep= 930  reward(last50)= 736.75  n_per_axis=[32]  total_splits=0
[ 940000/1000000]  eval(5)= 725.55 +/- 0.52    n_per_axis=[32]
[ 940000/1000000]  ep= 940  reward(last50)= 698.57  n_per_axis=[32]  total_splits=0
[ 950000/1000000]  ep= 950  reward(last50)= 651.47  n_per_axis=[32]  total_splits=0
[ 960000/1000000]  eval(5)= 178.53 +/- 70.18   n_per_axis=[32]
[ 960000/1000000]  ep= 960  reward(last50)= 593.69  n_per_axis=[32]  total_splits=0
[ 970000/1000000]  ep= 970  reward(last50)= 484.88  n_per_axis=[32]  total_splits=0
[ 980000/1000000]  eval(5)= 625.99 +/- 94.78   n_per_axis=[32]
[ 980000/1000000]  ep= 980  reward(last50)= 443.74  n_per_axis=[32]  total_splits=0
[ 990000/1000000]  ep= 990  reward(last50)= 471.20  n_per_axis=[32]  total_splits=0
[1000000/1000000]  eval(5)= 307.35 +/- 116.70  n_per_axis=[32]
[1000000/1000000]  ep=1000  reward(last50)= 497.17  n_per_axis=[32]  total_splits=0
Saved BranchingDQN checkpoint to checkpoints/dmcs/cartpole-swingup/sample_efficiency/uniform_n32_seed42.pt

Evaluating (deterministic)...
Eval(10): mean=344.24  std=50.54
Final n_per_axis: [32]  total_cells: 32  (uniform; no splits)
