/home/bruinml/anaconda3/envs/highway/lib/python3.11/site-packages/glfw/__init__.py:917: GLFWError: (65550) b'X11: The DISPLAY environment variable is missing'
  warnings.warn(message, GLFWError)
/home/bruinml/anaconda3/envs/highway/lib/python3.11/site-packages/pygame/pkgdata.py:25: UserWarning: pkg_resources is deprecated as an API. See https://setuptools.pypa.io/en/latest/pkg_resources.html. The pkg_resources package is slated for removal as early as 2025-11-30. Refrain from using this package or pin to Setuptools<81.
  from pkg_resources import resource_stream, resource_exists
/home/bruinml/anaconda3/envs/highway/lib/python3.11/site-packages/torch/cuda/__init__.py:180: UserWarning: CUDA initialization: The NVIDIA driver on your system is too old (found version 12080). Please update your GPU driver by downloading and installing a new version from the URL: http://www.nvidia.com/Download/index.aspx Alternatively, go to: https://pytorch.org to install a PyTorch version that has been compiled with your version of the CUDA driver. (Triggered internally at /pytorch/c10/cuda/CUDAFunctions.cpp:119.)
  return torch._C._cuda_getDeviceCount() > 0
Uniform DQN on dm_control/walker-walk  da=6  n=32 (per axis -> 192 total cells)  seed=42  steps=300000
[  10000/300000]  ep=  10  reward(last50)=  32.25  n_per_axis=[32, 32, 32, 32, 32, 32]  total_splits=0
[  20000/300000]  eval(5)=  88.78 +/- 23.72   n_per_axis=[32, 32, 32, 32, 32, 32]
[  20000/300000]  ep=  20  reward(last50)=  46.35  n_per_axis=[32, 32, 32, 32, 32, 32]  total_splits=0
[  30000/300000]  ep=  30  reward(last50)=  67.96  n_per_axis=[32, 32, 32, 32, 32, 32]  total_splits=0
[  40000/300000]  eval(5)= 193.57 +/- 18.84   n_per_axis=[32, 32, 32, 32, 32, 32]
[  40000/300000]  ep=  40  reward(last50)=  92.45  n_per_axis=[32, 32, 32, 32, 32, 32]  total_splits=0
[  50000/300000]  ep=  50  reward(last50)= 118.61  n_per_axis=[32, 32, 32, 32, 32, 32]  total_splits=0
[  60000/300000]  eval(5)= 295.16 +/- 67.84   n_per_axis=[32, 32, 32, 32, 32, 32]
[  60000/300000]  ep=  60  reward(last50)= 162.12  n_per_axis=[32, 32, 32, 32, 32, 32]  total_splits=0
[  70000/300000]  ep=  70  reward(last50)= 222.19  n_per_axis=[32, 32, 32, 32, 32, 32]  total_splits=0
[  80000/300000]  eval(5)= 532.43 +/- 48.74   n_per_axis=[32, 32, 32, 32, 32, 32]
[  80000/300000]  ep=  80  reward(last50)= 291.87  n_per_axis=[32, 32, 32, 32, 32, 32]  total_splits=0
[  90000/300000]  ep=  90  reward(last50)= 365.21  n_per_axis=[32, 32, 32, 32, 32, 32]  total_splits=0
[ 100000/300000]  eval(5)= 696.95 +/- 14.88   n_per_axis=[32, 32, 32, 32, 32, 32]
[ 100000/300000]  ep= 100  reward(last50)= 453.56  n_per_axis=[32, 32, 32, 32, 32, 32]  total_splits=0
[ 110000/300000]  ep= 110  reward(last50)= 548.48  n_per_axis=[32, 32, 32, 32, 32, 32]  total_splits=0
[ 120000/300000]  eval(5)= 749.97 +/- 246.97  n_per_axis=[32, 32, 32, 32, 32, 32]
[ 120000/300000]  ep= 120  reward(last50)= 635.55  n_per_axis=[32, 32, 32, 32, 32, 32]  total_splits=0
[ 130000/300000]  ep= 130  reward(last50)= 713.00  n_per_axis=[32, 32, 32, 32, 32, 32]  total_splits=0
[ 140000/300000]  eval(5)= 899.26 +/- 49.11   n_per_axis=[32, 32, 32, 32, 32, 32]
[ 140000/300000]  ep= 140  reward(last50)= 784.14  n_per_axis=[32, 32, 32, 32, 32, 32]  total_splits=0
[ 150000/300000]  ep= 150  reward(last50)= 826.17  n_per_axis=[32, 32, 32, 32, 32, 32]  total_splits=0
[ 160000/300000]  eval(5)= 893.75 +/- 55.00   n_per_axis=[32, 32, 32, 32, 32, 32]
[ 160000/300000]  ep= 160  reward(last50)= 859.88  n_per_axis=[32, 32, 32, 32, 32, 32]  total_splits=0
[ 170000/300000]  ep= 170  reward(last50)= 869.66  n_per_axis=[32, 32, 32, 32, 32, 32]  total_splits=0
[ 180000/300000]  eval(5)= 796.50 +/- 73.98   n_per_axis=[32, 32, 32, 32, 32, 32]
[ 180000/300000]  ep= 180  reward(last50)= 875.84  n_per_axis=[32, 32, 32, 32, 32, 32]  total_splits=0
[ 190000/300000]  ep= 190  reward(last50)= 871.48  n_per_axis=[32, 32, 32, 32, 32, 32]  total_splits=0
[ 200000/300000]  eval(5)= 883.15 +/- 39.88   n_per_axis=[32, 32, 32, 32, 32, 32]
[ 200000/300000]  ep= 200  reward(last50)= 873.54  n_per_axis=[32, 32, 32, 32, 32, 32]  total_splits=0
[ 210000/300000]  ep= 210  reward(last50)= 866.58  n_per_axis=[32, 32, 32, 32, 32, 32]  total_splits=0
[ 220000/300000]  eval(5)= 923.32 +/- 26.76   n_per_axis=[32, 32, 32, 32, 32, 32]
[ 220000/300000]  ep= 220  reward(last50)= 870.96  n_per_axis=[32, 32, 32, 32, 32, 32]  total_splits=0
[ 230000/300000]  ep= 230  reward(last50)= 875.71  n_per_axis=[32, 32, 32, 32, 32, 32]  total_splits=0
[ 240000/300000]  eval(5)= 885.96 +/- 55.38   n_per_axis=[32, 32, 32, 32, 32, 32]
[ 240000/300000]  ep= 240  reward(last50)= 879.55  n_per_axis=[32, 32, 32, 32, 32, 32]  total_splits=0
[ 250000/300000]  ep= 250  reward(last50)= 878.49  n_per_axis=[32, 32, 32, 32, 32, 32]  total_splits=0
[ 260000/300000]  eval(5)= 887.12 +/- 27.87   n_per_axis=[32, 32, 32, 32, 32, 32]
[ 260000/300000]  ep= 260  reward(last50)= 881.48  n_per_axis=[32, 32, 32, 32, 32, 32]  total_splits=0
[ 270000/300000]  ep= 270  reward(last50)= 885.57  n_per_axis=[32, 32, 32, 32, 32, 32]  total_splits=0
[ 280000/300000]  eval(5)= 917.16 +/- 31.30   n_per_axis=[32, 32, 32, 32, 32, 32]
[ 280000/300000]  ep= 280  reward(last50)= 884.17  n_per_axis=[32, 32, 32, 32, 32, 32]  total_splits=0
[ 290000/300000]  ep= 290  reward(last50)= 884.07  n_per_axis=[32, 32, 32, 32, 32, 32]  total_splits=0
[ 300000/300000]  eval(5)= 849.40 +/- 17.89   n_per_axis=[32, 32, 32, 32, 32, 32]
[ 300000/300000]  ep= 300  reward(last50)= 882.05  n_per_axis=[32, 32, 32, 32, 32, 32]  total_splits=0
Saved BranchingDQN checkpoint to checkpoints/dmcs/walker-walk/efficiency/uniform_n32_seed42.pt

Evaluating (deterministic)...
Eval(10): mean=809.55  std=68.54
Final n_per_axis: [32, 32, 32, 32, 32, 32]  total_cells: 192  (uniform; no splits)
