/home/bruinml/anaconda3/envs/highway/lib/python3.11/site-packages/glfw/__init__.py:917: GLFWError: (65550) b'X11: The DISPLAY environment variable is missing'
  warnings.warn(message, GLFWError)
/home/bruinml/anaconda3/envs/highway/lib/python3.11/site-packages/pygame/pkgdata.py:25: UserWarning: pkg_resources is deprecated as an API. See https://setuptools.pypa.io/en/latest/pkg_resources.html. The pkg_resources package is slated for removal as early as 2025-11-30. Refrain from using this package or pin to Setuptools<81.
  from pkg_resources import resource_stream, resource_exists
/home/bruinml/anaconda3/envs/highway/lib/python3.11/site-packages/torch/cuda/__init__.py:180: UserWarning: CUDA initialization: The NVIDIA driver on your system is too old (found version 12080). Please update your GPU driver by downloading and installing a new version from the URL: http://www.nvidia.com/Download/index.aspx Alternatively, go to: https://pytorch.org to install a PyTorch version that has been compiled with your version of the CUDA driver. (Triggered internally at /pytorch/c10/cuda/CUDAFunctions.cpp:119.)
  return torch._C._cuda_getDeviceCount() > 0
Uniform DQN on dm_control/walker-walk  da=6  n=32 (per axis -> 192 total cells)  seed=43  steps=300000
[  10000/300000]  ep=  10  reward(last50)=  29.75  n_per_axis=[32, 32, 32, 32, 32, 32]  total_splits=0
[  20000/300000]  eval(5)=  70.24 +/- 28.59   n_per_axis=[32, 32, 32, 32, 32, 32]
[  20000/300000]  ep=  20  reward(last50)=  52.72  n_per_axis=[32, 32, 32, 32, 32, 32]  total_splits=0
[  30000/300000]  ep=  30  reward(last50)=  73.06  n_per_axis=[32, 32, 32, 32, 32, 32]  total_splits=0
[  40000/300000]  eval(5)= 168.85 +/- 105.67  n_per_axis=[32, 32, 32, 32, 32, 32]
[  40000/300000]  ep=  40  reward(last50)=  97.51  n_per_axis=[32, 32, 32, 32, 32, 32]  total_splits=0
[  50000/300000]  ep=  50  reward(last50)= 124.94  n_per_axis=[32, 32, 32, 32, 32, 32]  total_splits=0
[  60000/300000]  eval(5)= 324.53 +/- 60.48   n_per_axis=[32, 32, 32, 32, 32, 32]
[  60000/300000]  ep=  60  reward(last50)= 167.00  n_per_axis=[32, 32, 32, 32, 32, 32]  total_splits=0
[  70000/300000]  ep=  70  reward(last50)= 217.84  n_per_axis=[32, 32, 32, 32, 32, 32]  total_splits=0
[  80000/300000]  eval(5)= 474.75 +/- 42.42   n_per_axis=[32, 32, 32, 32, 32, 32]
[  80000/300000]  ep=  80  reward(last50)= 272.94  n_per_axis=[32, 32, 32, 32, 32, 32]  total_splits=0
[  90000/300000]  ep=  90  reward(last50)= 349.30  n_per_axis=[32, 32, 32, 32, 32, 32]  total_splits=0
[ 100000/300000]  eval(5)= 727.70 +/- 21.95   n_per_axis=[32, 32, 32, 32, 32, 32]
[ 100000/300000]  ep= 100  reward(last50)= 432.71  n_per_axis=[32, 32, 32, 32, 32, 32]  total_splits=0
[ 110000/300000]  ep= 110  reward(last50)= 523.34  n_per_axis=[32, 32, 32, 32, 32, 32]  total_splits=0
[ 120000/300000]  eval(5)= 713.05 +/- 61.45   n_per_axis=[32, 32, 32, 32, 32, 32]
[ 120000/300000]  ep= 120  reward(last50)= 596.64  n_per_axis=[32, 32, 32, 32, 32, 32]  total_splits=0
[ 130000/300000]  ep= 130  reward(last50)= 667.93  n_per_axis=[32, 32, 32, 32, 32, 32]  total_splits=0
[ 140000/300000]  eval(5)= 791.67 +/- 55.93   n_per_axis=[32, 32, 32, 32, 32, 32]
[ 140000/300000]  ep= 140  reward(last50)= 709.74  n_per_axis=[32, 32, 32, 32, 32, 32]  total_splits=0
[ 150000/300000]  ep= 150  reward(last50)= 747.21  n_per_axis=[32, 32, 32, 32, 32, 32]  total_splits=0
[ 160000/300000]  eval(5)= 850.66 +/- 26.72   n_per_axis=[32, 32, 32, 32, 32, 32]
[ 160000/300000]  ep= 160  reward(last50)= 775.07  n_per_axis=[32, 32, 32, 32, 32, 32]  total_splits=0
[ 170000/300000]  ep= 170  reward(last50)= 807.24  n_per_axis=[32, 32, 32, 32, 32, 32]  total_splits=0
[ 180000/300000]  eval(5)= 882.29 +/- 19.20   n_per_axis=[32, 32, 32, 32, 32, 32]
[ 180000/300000]  ep= 180  reward(last50)= 831.08  n_per_axis=[32, 32, 32, 32, 32, 32]  total_splits=0
[ 190000/300000]  ep= 190  reward(last50)= 856.07  n_per_axis=[32, 32, 32, 32, 32, 32]  total_splits=0
[ 200000/300000]  eval(5)= 852.25 +/- 42.72   n_per_axis=[32, 32, 32, 32, 32, 32]
[ 200000/300000]  ep= 200  reward(last50)= 859.35  n_per_axis=[32, 32, 32, 32, 32, 32]  total_splits=0
[ 210000/300000]  ep= 210  reward(last50)= 868.43  n_per_axis=[32, 32, 32, 32, 32, 32]  total_splits=0
[ 220000/300000]  eval(5)= 852.22 +/- 17.86   n_per_axis=[32, 32, 32, 32, 32, 32]
[ 220000/300000]  ep= 220  reward(last50)= 868.57  n_per_axis=[32, 32, 32, 32, 32, 32]  total_splits=0
[ 230000/300000]  ep= 230  reward(last50)= 874.26  n_per_axis=[32, 32, 32, 32, 32, 32]  total_splits=0
[ 240000/300000]  eval(5)= 916.87 +/- 22.89   n_per_axis=[32, 32, 32, 32, 32, 32]
[ 240000/300000]  ep= 240  reward(last50)= 870.14  n_per_axis=[32, 32, 32, 32, 32, 32]  total_splits=0
[ 250000/300000]  ep= 250  reward(last50)= 874.37  n_per_axis=[32, 32, 32, 32, 32, 32]  total_splits=0
[ 260000/300000]  eval(5)= 884.90 +/- 45.76   n_per_axis=[32, 32, 32, 32, 32, 32]
[ 260000/300000]  ep= 260  reward(last50)= 875.59  n_per_axis=[32, 32, 32, 32, 32, 32]  total_splits=0
[ 270000/300000]  ep= 270  reward(last50)= 882.97  n_per_axis=[32, 32, 32, 32, 32, 32]  total_splits=0
[ 280000/300000]  eval(5)= 820.02 +/- 139.81  n_per_axis=[32, 32, 32, 32, 32, 32]
[ 280000/300000]  ep= 280  reward(last50)= 884.57  n_per_axis=[32, 32, 32, 32, 32, 32]  total_splits=0
[ 290000/300000]  ep= 290  reward(last50)= 888.65  n_per_axis=[32, 32, 32, 32, 32, 32]  total_splits=0
[ 300000/300000]  eval(5)= 902.44 +/- 31.37   n_per_axis=[32, 32, 32, 32, 32, 32]
[ 300000/300000]  ep= 300  reward(last50)= 885.76  n_per_axis=[32, 32, 32, 32, 32, 32]  total_splits=0
Saved BranchingDQN checkpoint to checkpoints/dmcs/walker-walk/efficiency/uniform_n32_seed43.pt

Evaluating (deterministic)...
Eval(10): mean=921.14  std=37.92
Final n_per_axis: [32, 32, 32, 32, 32, 32]  total_cells: 192  (uniform; no splits)
