/home/bruinml/anaconda3/envs/highway/lib/python3.11/site-packages/glfw/__init__.py:917: GLFWError: (65550) b'X11: The DISPLAY environment variable is missing'
  warnings.warn(message, GLFWError)
/home/bruinml/anaconda3/envs/highway/lib/python3.11/site-packages/pygame/pkgdata.py:25: UserWarning: pkg_resources is deprecated as an API. See https://setuptools.pypa.io/en/latest/pkg_resources.html. The pkg_resources package is slated for removal as early as 2025-11-30. Refrain from using this package or pin to Setuptools<81.
  from pkg_resources import resource_stream, resource_exists
/home/bruinml/anaconda3/envs/highway/lib/python3.11/site-packages/torch/cuda/__init__.py:180: UserWarning: CUDA initialization: The NVIDIA driver on your system is too old (found version 12080). Please update your GPU driver by downloading and installing a new version from the URL: http://www.nvidia.com/Download/index.aspx Alternatively, go to: https://pytorch.org to install a PyTorch version that has been compiled with your version of the CUDA driver. (Triggered internally at /pytorch/c10/cuda/CUDAFunctions.cpp:119.)
  return torch._C._cuda_getDeviceCount() > 0
Uniform DQN on dm_control/walker-walk  da=6  n=128 (per axis -> 768 total cells)  seed=42  steps=300000
[  10000/300000]  ep=  10  reward(last50)=  31.65  n_per_axis=[128, 128, 128, 128, 128, 128]  total_splits=0
[  20000/300000]  eval(5)=  71.57 +/- 30.42   n_per_axis=[128, 128, 128, 128, 128, 128]
[  20000/300000]  ep=  20  reward(last50)=  45.43  n_per_axis=[128, 128, 128, 128, 128, 128]  total_splits=0
[  30000/300000]  ep=  30  reward(last50)=  61.22  n_per_axis=[128, 128, 128, 128, 128, 128]  total_splits=0
[  40000/300000]  eval(5)= 166.22 +/- 16.45   n_per_axis=[128, 128, 128, 128, 128, 128]
[  40000/300000]  ep=  40  reward(last50)=  74.33  n_per_axis=[128, 128, 128, 128, 128, 128]  total_splits=0
[  50000/300000]  ep=  50  reward(last50)=  89.74  n_per_axis=[128, 128, 128, 128, 128, 128]  total_splits=0
[  60000/300000]  eval(5)= 209.21 +/- 37.61   n_per_axis=[128, 128, 128, 128, 128, 128]
[  60000/300000]  ep=  60  reward(last50)= 119.63  n_per_axis=[128, 128, 128, 128, 128, 128]  total_splits=0
[  70000/300000]  ep=  70  reward(last50)= 151.51  n_per_axis=[128, 128, 128, 128, 128, 128]  total_splits=0
[  80000/300000]  eval(5)= 223.11 +/- 88.65   n_per_axis=[128, 128, 128, 128, 128, 128]
[  80000/300000]  ep=  80  reward(last50)= 185.54  n_per_axis=[128, 128, 128, 128, 128, 128]  total_splits=0
[  90000/300000]  ep=  90  reward(last50)= 223.91  n_per_axis=[128, 128, 128, 128, 128, 128]  total_splits=0
[ 100000/300000]  eval(5)= 349.07 +/- 176.41  n_per_axis=[128, 128, 128, 128, 128, 128]
[ 100000/300000]  ep= 100  reward(last50)= 274.33  n_per_axis=[128, 128, 128, 128, 128, 128]  total_splits=0
[ 110000/300000]  ep= 110  reward(last50)= 319.31  n_per_axis=[128, 128, 128, 128, 128, 128]  total_splits=0
[ 120000/300000]  eval(5)= 400.01 +/- 46.66   n_per_axis=[128, 128, 128, 128, 128, 128]
[ 120000/300000]  ep= 120  reward(last50)= 372.76  n_per_axis=[128, 128, 128, 128, 128, 128]  total_splits=0
[ 130000/300000]  ep= 130  reward(last50)= 414.81  n_per_axis=[128, 128, 128, 128, 128, 128]  total_splits=0
[ 140000/300000]  eval(5)= 462.94 +/- 90.39   n_per_axis=[128, 128, 128, 128, 128, 128]
[ 140000/300000]  ep= 140  reward(last50)= 446.01  n_per_axis=[128, 128, 128, 128, 128, 128]  total_splits=0
[ 150000/300000]  ep= 150  reward(last50)= 474.61  n_per_axis=[128, 128, 128, 128, 128, 128]  total_splits=0
[ 160000/300000]  eval(5)= 545.26 +/- 35.18   n_per_axis=[128, 128, 128, 128, 128, 128]
[ 160000/300000]  ep= 160  reward(last50)= 504.23  n_per_axis=[128, 128, 128, 128, 128, 128]  total_splits=0
[ 170000/300000]  ep= 170  reward(last50)= 520.55  n_per_axis=[128, 128, 128, 128, 128, 128]  total_splits=0
[ 180000/300000]  eval(5)= 568.17 +/- 67.02   n_per_axis=[128, 128, 128, 128, 128, 128]
[ 180000/300000]  ep= 180  reward(last50)= 532.31  n_per_axis=[128, 128, 128, 128, 128, 128]  total_splits=0
[ 190000/300000]  ep= 190  reward(last50)= 558.75  n_per_axis=[128, 128, 128, 128, 128, 128]  total_splits=0
[ 200000/300000]  eval(5)= 513.31 +/- 246.12  n_per_axis=[128, 128, 128, 128, 128, 128]
[ 200000/300000]  ep= 200  reward(last50)= 569.92  n_per_axis=[128, 128, 128, 128, 128, 128]  total_splits=0
[ 210000/300000]  ep= 210  reward(last50)= 584.23  n_per_axis=[128, 128, 128, 128, 128, 128]  total_splits=0
[ 220000/300000]  eval(5)= 709.65 +/- 34.85   n_per_axis=[128, 128, 128, 128, 128, 128]
[ 220000/300000]  ep= 220  reward(last50)= 597.76  n_per_axis=[128, 128, 128, 128, 128, 128]  total_splits=0
[ 230000/300000]  ep= 230  reward(last50)= 627.33  n_per_axis=[128, 128, 128, 128, 128, 128]  total_splits=0
[ 240000/300000]  eval(5)= 616.41 +/- 65.39   n_per_axis=[128, 128, 128, 128, 128, 128]
[ 240000/300000]  ep= 240  reward(last50)= 649.86  n_per_axis=[128, 128, 128, 128, 128, 128]  total_splits=0
[ 250000/300000]  ep= 250  reward(last50)= 666.10  n_per_axis=[128, 128, 128, 128, 128, 128]  total_splits=0
[ 260000/300000]  eval(5)= 660.74 +/- 259.96  n_per_axis=[128, 128, 128, 128, 128, 128]
[ 260000/300000]  ep= 260  reward(last50)= 682.07  n_per_axis=[128, 128, 128, 128, 128, 128]  total_splits=0
[ 270000/300000]  ep= 270  reward(last50)= 701.33  n_per_axis=[128, 128, 128, 128, 128, 128]  total_splits=0
[ 280000/300000]  eval(5)= 723.65 +/- 59.49   n_per_axis=[128, 128, 128, 128, 128, 128]
[ 280000/300000]  ep= 280  reward(last50)= 708.72  n_per_axis=[128, 128, 128, 128, 128, 128]  total_splits=0
[ 290000/300000]  ep= 290  reward(last50)= 708.83  n_per_axis=[128, 128, 128, 128, 128, 128]  total_splits=0
[ 300000/300000]  eval(5)= 761.60 +/- 83.95   n_per_axis=[128, 128, 128, 128, 128, 128]
[ 300000/300000]  ep= 300  reward(last50)= 715.81  n_per_axis=[128, 128, 128, 128, 128, 128]  total_splits=0
Saved BranchingDQN checkpoint to checkpoints/dmcs/walker-walk/efficiency/uniform_n128_seed42.pt

Evaluating (deterministic)...
Eval(10): mean=759.76  std=67.55
Final n_per_axis: [128, 128, 128, 128, 128, 128]  total_cells: 768  (uniform; no splits)
