/home/bruinml/anaconda3/envs/highway/lib/python3.11/site-packages/glfw/__init__.py:917: GLFWError: (65550) b'X11: The DISPLAY environment variable is missing'
  warnings.warn(message, GLFWError)
/home/bruinml/anaconda3/envs/highway/lib/python3.11/site-packages/pygame/pkgdata.py:25: UserWarning: pkg_resources is deprecated as an API. See https://setuptools.pypa.io/en/latest/pkg_resources.html. The pkg_resources package is slated for removal as early as 2025-11-30. Refrain from using this package or pin to Setuptools<81.
  from pkg_resources import resource_stream, resource_exists
/home/bruinml/anaconda3/envs/highway/lib/python3.11/site-packages/torch/cuda/__init__.py:180: UserWarning: CUDA initialization: The NVIDIA driver on your system is too old (found version 12080). Please update your GPU driver by downloading and installing a new version from the URL: http://www.nvidia.com/Download/index.aspx Alternatively, go to: https://pytorch.org to install a PyTorch version that has been compiled with your version of the CUDA driver. (Triggered internally at /pytorch/c10/cuda/CUDAFunctions.cpp:119.)
  return torch._C._cuda_getDeviceCount() > 0
Uniform DQN on dm_control/walker-walk  da=6  n=64 (per axis -> 384 total cells)  seed=44  steps=300000
[  10000/300000]  ep=  10  reward(last50)=  35.67  n_per_axis=[64, 64, 64, 64, 64, 64]  total_splits=0
[  20000/300000]  eval(5)=  58.52 +/- 15.02   n_per_axis=[64, 64, 64, 64, 64, 64]
[  20000/300000]  ep=  20  reward(last50)=  49.22  n_per_axis=[64, 64, 64, 64, 64, 64]  total_splits=0
[  30000/300000]  ep=  30  reward(last50)=  67.90  n_per_axis=[64, 64, 64, 64, 64, 64]  total_splits=0
[  40000/300000]  eval(5)= 215.30 +/- 19.68   n_per_axis=[64, 64, 64, 64, 64, 64]
[  40000/300000]  ep=  40  reward(last50)=  95.91  n_per_axis=[64, 64, 64, 64, 64, 64]  total_splits=0
[  50000/300000]  ep=  50  reward(last50)= 115.24  n_per_axis=[64, 64, 64, 64, 64, 64]  total_splits=0
[  60000/300000]  eval(5)= 200.97 +/- 127.59  n_per_axis=[64, 64, 64, 64, 64, 64]
[  60000/300000]  ep=  60  reward(last50)= 153.41  n_per_axis=[64, 64, 64, 64, 64, 64]  total_splits=0
[  70000/300000]  ep=  70  reward(last50)= 181.73  n_per_axis=[64, 64, 64, 64, 64, 64]  total_splits=0
[  80000/300000]  eval(5)= 364.25 +/- 71.72   n_per_axis=[64, 64, 64, 64, 64, 64]
[  80000/300000]  ep=  80  reward(last50)= 233.67  n_per_axis=[64, 64, 64, 64, 64, 64]  total_splits=0
[  90000/300000]  ep=  90  reward(last50)= 293.58  n_per_axis=[64, 64, 64, 64, 64, 64]  total_splits=0
[ 100000/300000]  eval(5)= 488.59 +/- 47.04   n_per_axis=[64, 64, 64, 64, 64, 64]
[ 100000/300000]  ep= 100  reward(last50)= 350.23  n_per_axis=[64, 64, 64, 64, 64, 64]  total_splits=0
[ 110000/300000]  ep= 110  reward(last50)= 413.99  n_per_axis=[64, 64, 64, 64, 64, 64]  total_splits=0
[ 120000/300000]  eval(5)= 629.22 +/- 89.97   n_per_axis=[64, 64, 64, 64, 64, 64]
[ 120000/300000]  ep= 120  reward(last50)= 494.77  n_per_axis=[64, 64, 64, 64, 64, 64]  total_splits=0
[ 130000/300000]  ep= 130  reward(last50)= 552.21  n_per_axis=[64, 64, 64, 64, 64, 64]  total_splits=0
[ 140000/300000]  eval(5)= 523.99 +/- 249.58  n_per_axis=[64, 64, 64, 64, 64, 64]
[ 140000/300000]  ep= 140  reward(last50)= 588.61  n_per_axis=[64, 64, 64, 64, 64, 64]  total_splits=0
[ 150000/300000]  ep= 150  reward(last50)= 634.06  n_per_axis=[64, 64, 64, 64, 64, 64]  total_splits=0
[ 160000/300000]  eval(5)= 658.16 +/- 75.46   n_per_axis=[64, 64, 64, 64, 64, 64]
[ 160000/300000]  ep= 160  reward(last50)= 669.62  n_per_axis=[64, 64, 64, 64, 64, 64]  total_splits=0
[ 170000/300000]  ep= 170  reward(last50)= 694.21  n_per_axis=[64, 64, 64, 64, 64, 64]  total_splits=0
[ 180000/300000]  eval(5)= 425.76 +/- 351.89  n_per_axis=[64, 64, 64, 64, 64, 64]
[ 180000/300000]  ep= 180  reward(last50)= 709.92  n_per_axis=[64, 64, 64, 64, 64, 64]  total_splits=0
[ 190000/300000]  ep= 190  reward(last50)= 736.64  n_per_axis=[64, 64, 64, 64, 64, 64]  total_splits=0
[ 200000/300000]  eval(5)= 880.83 +/- 52.19   n_per_axis=[64, 64, 64, 64, 64, 64]
[ 200000/300000]  ep= 200  reward(last50)= 764.21  n_per_axis=[64, 64, 64, 64, 64, 64]  total_splits=0
[ 210000/300000]  ep= 210  reward(last50)= 784.12  n_per_axis=[64, 64, 64, 64, 64, 64]  total_splits=0
[ 220000/300000]  eval(5)= 857.26 +/- 22.56   n_per_axis=[64, 64, 64, 64, 64, 64]
[ 220000/300000]  ep= 220  reward(last50)= 800.59  n_per_axis=[64, 64, 64, 64, 64, 64]  total_splits=0
[ 230000/300000]  ep= 230  reward(last50)= 820.64  n_per_axis=[64, 64, 64, 64, 64, 64]  total_splits=0
[ 240000/300000]  eval(5)= 901.79 +/- 39.48   n_per_axis=[64, 64, 64, 64, 64, 64]
[ 240000/300000]  ep= 240  reward(last50)= 831.02  n_per_axis=[64, 64, 64, 64, 64, 64]  total_splits=0
[ 250000/300000]  ep= 250  reward(last50)= 828.00  n_per_axis=[64, 64, 64, 64, 64, 64]  total_splits=0
[ 260000/300000]  eval(5)= 859.57 +/- 23.68   n_per_axis=[64, 64, 64, 64, 64, 64]
[ 260000/300000]  ep= 260  reward(last50)= 836.10  n_per_axis=[64, 64, 64, 64, 64, 64]  total_splits=0
[ 270000/300000]  ep= 270  reward(last50)= 844.75  n_per_axis=[64, 64, 64, 64, 64, 64]  total_splits=0
[ 280000/300000]  eval(5)= 868.45 +/- 30.07   n_per_axis=[64, 64, 64, 64, 64, 64]
[ 280000/300000]  ep= 280  reward(last50)= 851.17  n_per_axis=[64, 64, 64, 64, 64, 64]  total_splits=0
[ 290000/300000]  ep= 290  reward(last50)= 852.43  n_per_axis=[64, 64, 64, 64, 64, 64]  total_splits=0
[ 300000/300000]  eval(5)= 738.99 +/- 133.62  n_per_axis=[64, 64, 64, 64, 64, 64]
[ 300000/300000]  ep= 300  reward(last50)= 865.16  n_per_axis=[64, 64, 64, 64, 64, 64]  total_splits=0
Saved BranchingDQN checkpoint to checkpoints/dmcs/walker-walk/efficiency/uniform_n64_seed44.pt

Evaluating (deterministic)...
Eval(10): mean=816.82  std=46.43
Final n_per_axis: [64, 64, 64, 64, 64, 64]  total_cells: 384  (uniform; no splits)
