/home/bruinml/anaconda3/envs/highway/lib/python3.11/site-packages/glfw/__init__.py:917: GLFWError: (65550) b'X11: The DISPLAY environment variable is missing'
  warnings.warn(message, GLFWError)
/home/bruinml/anaconda3/envs/highway/lib/python3.11/site-packages/pygame/pkgdata.py:25: UserWarning: pkg_resources is deprecated as an API. See https://setuptools.pypa.io/en/latest/pkg_resources.html. The pkg_resources package is slated for removal as early as 2025-11-30. Refrain from using this package or pin to Setuptools<81.
  from pkg_resources import resource_stream, resource_exists
/home/bruinml/anaconda3/envs/highway/lib/python3.11/site-packages/torch/cuda/__init__.py:180: UserWarning: CUDA initialization: The NVIDIA driver on your system is too old (found version 12080). Please update your GPU driver by downloading and installing a new version from the URL: http://www.nvidia.com/Download/index.aspx Alternatively, go to: https://pytorch.org to install a PyTorch version that has been compiled with your version of the CUDA driver. (Triggered internally at /pytorch/c10/cuda/CUDAFunctions.cpp:119.)
  return torch._C._cuda_getDeviceCount() > 0
Uniform DQN on dm_control/walker-walk  da=6  n=16 (per axis -> 96 total cells)  seed=44  steps=300000
[  10000/300000]  ep=  10  reward(last50)=  28.50  n_per_axis=[16, 16, 16, 16, 16, 16]  total_splits=0
[  20000/300000]  eval(5)=  88.71 +/- 53.31   n_per_axis=[16, 16, 16, 16, 16, 16]
[  20000/300000]  ep=  20  reward(last50)=  48.55  n_per_axis=[16, 16, 16, 16, 16, 16]  total_splits=0
[  30000/300000]  ep=  30  reward(last50)=  81.43  n_per_axis=[16, 16, 16, 16, 16, 16]  total_splits=0
[  40000/300000]  eval(5)= 254.12 +/- 50.23   n_per_axis=[16, 16, 16, 16, 16, 16]
[  40000/300000]  ep=  40  reward(last50)= 120.04  n_per_axis=[16, 16, 16, 16, 16, 16]  total_splits=0
[  50000/300000]  ep=  50  reward(last50)= 149.43  n_per_axis=[16, 16, 16, 16, 16, 16]  total_splits=0
[  60000/300000]  eval(5)= 339.29 +/- 32.80   n_per_axis=[16, 16, 16, 16, 16, 16]
[  60000/300000]  ep=  60  reward(last50)= 210.04  n_per_axis=[16, 16, 16, 16, 16, 16]  total_splits=0
[  70000/300000]  ep=  70  reward(last50)= 275.85  n_per_axis=[16, 16, 16, 16, 16, 16]  total_splits=0
[  80000/300000]  eval(5)= 457.69 +/- 100.53  n_per_axis=[16, 16, 16, 16, 16, 16]
[  80000/300000]  ep=  80  reward(last50)= 341.38  n_per_axis=[16, 16, 16, 16, 16, 16]  total_splits=0
[  90000/300000]  ep=  90  reward(last50)= 393.26  n_per_axis=[16, 16, 16, 16, 16, 16]  total_splits=0
[ 100000/300000]  eval(5)= 627.86 +/- 30.32   n_per_axis=[16, 16, 16, 16, 16, 16]
[ 100000/300000]  ep= 100  reward(last50)= 455.85  n_per_axis=[16, 16, 16, 16, 16, 16]  total_splits=0
[ 110000/300000]  ep= 110  reward(last50)= 517.83  n_per_axis=[16, 16, 16, 16, 16, 16]  total_splits=0
[ 120000/300000]  eval(5)= 716.02 +/- 50.63   n_per_axis=[16, 16, 16, 16, 16, 16]
[ 120000/300000]  ep= 120  reward(last50)= 583.02  n_per_axis=[16, 16, 16, 16, 16, 16]  total_splits=0
[ 130000/300000]  ep= 130  reward(last50)= 638.30  n_per_axis=[16, 16, 16, 16, 16, 16]  total_splits=0
[ 140000/300000]  eval(5)= 836.53 +/- 34.01   n_per_axis=[16, 16, 16, 16, 16, 16]
[ 140000/300000]  ep= 140  reward(last50)= 696.19  n_per_axis=[16, 16, 16, 16, 16, 16]  total_splits=0
[ 150000/300000]  ep= 150  reward(last50)= 739.98  n_per_axis=[16, 16, 16, 16, 16, 16]  total_splits=0
[ 160000/300000]  eval(5)= 915.89 +/- 31.94   n_per_axis=[16, 16, 16, 16, 16, 16]
[ 160000/300000]  ep= 160  reward(last50)= 779.20  n_per_axis=[16, 16, 16, 16, 16, 16]  total_splits=0
[ 170000/300000]  ep= 170  reward(last50)= 805.18  n_per_axis=[16, 16, 16, 16, 16, 16]  total_splits=0
[ 180000/300000]  eval(5)= 862.52 +/- 26.91   n_per_axis=[16, 16, 16, 16, 16, 16]
[ 180000/300000]  ep= 180  reward(last50)= 828.09  n_per_axis=[16, 16, 16, 16, 16, 16]  total_splits=0
[ 190000/300000]  ep= 190  reward(last50)= 849.28  n_per_axis=[16, 16, 16, 16, 16, 16]  total_splits=0
[ 200000/300000]  eval(5)= 890.23 +/- 23.72   n_per_axis=[16, 16, 16, 16, 16, 16]
[ 200000/300000]  ep= 200  reward(last50)= 867.82  n_per_axis=[16, 16, 16, 16, 16, 16]  total_splits=0
[ 210000/300000]  ep= 210  reward(last50)= 879.17  n_per_axis=[16, 16, 16, 16, 16, 16]  total_splits=0
[ 220000/300000]  eval(5)= 911.06 +/- 29.08   n_per_axis=[16, 16, 16, 16, 16, 16]
[ 220000/300000]  ep= 220  reward(last50)= 890.93  n_per_axis=[16, 16, 16, 16, 16, 16]  total_splits=0
[ 230000/300000]  ep= 230  reward(last50)= 896.97  n_per_axis=[16, 16, 16, 16, 16, 16]  total_splits=0
[ 240000/300000]  eval(5)= 906.54 +/- 19.89   n_per_axis=[16, 16, 16, 16, 16, 16]
[ 240000/300000]  ep= 240  reward(last50)= 901.06  n_per_axis=[16, 16, 16, 16, 16, 16]  total_splits=0
[ 250000/300000]  ep= 250  reward(last50)= 906.65  n_per_axis=[16, 16, 16, 16, 16, 16]  total_splits=0
[ 260000/300000]  eval(5)= 904.63 +/- 44.83   n_per_axis=[16, 16, 16, 16, 16, 16]
[ 260000/300000]  ep= 260  reward(last50)= 909.33  n_per_axis=[16, 16, 16, 16, 16, 16]  total_splits=0
[ 270000/300000]  ep= 270  reward(last50)= 906.40  n_per_axis=[16, 16, 16, 16, 16, 16]  total_splits=0
[ 280000/300000]  eval(5)= 871.99 +/- 15.66   n_per_axis=[16, 16, 16, 16, 16, 16]
[ 280000/300000]  ep= 280  reward(last50)= 911.01  n_per_axis=[16, 16, 16, 16, 16, 16]  total_splits=0
[ 290000/300000]  ep= 290  reward(last50)= 907.20  n_per_axis=[16, 16, 16, 16, 16, 16]  total_splits=0
[ 300000/300000]  eval(5)= 712.11 +/- 333.56  n_per_axis=[16, 16, 16, 16, 16, 16]
[ 300000/300000]  ep= 300  reward(last50)= 907.26  n_per_axis=[16, 16, 16, 16, 16, 16]  total_splits=0
Saved BranchingDQN checkpoint to checkpoints/dmcs/walker-walk/efficiency/uniform_n16_seed44.pt

Evaluating (deterministic)...
Eval(10): mean=870.53  std=53.03
Final n_per_axis: [16, 16, 16, 16, 16, 16]  total_cells: 96  (uniform; no splits)
