/home/bruinml/anaconda3/envs/highway/lib/python3.11/site-packages/glfw/__init__.py:917: GLFWError: (65550) b'X11: The DISPLAY environment variable is missing'
  warnings.warn(message, GLFWError)
/home/bruinml/anaconda3/envs/highway/lib/python3.11/site-packages/pygame/pkgdata.py:25: UserWarning: pkg_resources is deprecated as an API. See https://setuptools.pypa.io/en/latest/pkg_resources.html. The pkg_resources package is slated for removal as early as 2025-11-30. Refrain from using this package or pin to Setuptools<81.
  from pkg_resources import resource_stream, resource_exists
/home/bruinml/anaconda3/envs/highway/lib/python3.11/site-packages/torch/cuda/__init__.py:180: UserWarning: CUDA initialization: The NVIDIA driver on your system is too old (found version 12080). Please update your GPU driver by downloading and installing a new version from the URL: http://www.nvidia.com/Download/index.aspx Alternatively, go to: https://pytorch.org to install a PyTorch version that has been compiled with your version of the CUDA driver. (Triggered internally at /pytorch/c10/cuda/CUDAFunctions.cpp:119.)
  return torch._C._cuda_getDeviceCount() > 0
Uniform DQN on dm_control/walker-walk  da=6  n=64 (per axis -> 384 total cells)  seed=42  steps=300000
[  10000/300000]  ep=  10  reward(last50)=  27.91  n_per_axis=[64, 64, 64, 64, 64, 64]  total_splits=0
[  20000/300000]  eval(5)=  62.64 +/- 10.95   n_per_axis=[64, 64, 64, 64, 64, 64]
[  20000/300000]  ep=  20  reward(last50)=  35.93  n_per_axis=[64, 64, 64, 64, 64, 64]  total_splits=0
[  30000/300000]  ep=  30  reward(last50)=  68.82  n_per_axis=[64, 64, 64, 64, 64, 64]  total_splits=0
[  40000/300000]  eval(5)= 216.83 +/- 13.83   n_per_axis=[64, 64, 64, 64, 64, 64]
[  40000/300000]  ep=  40  reward(last50)=  89.26  n_per_axis=[64, 64, 64, 64, 64, 64]  total_splits=0
[  50000/300000]  ep=  50  reward(last50)= 109.75  n_per_axis=[64, 64, 64, 64, 64, 64]  total_splits=0
[  60000/300000]  eval(5)= 175.02 +/- 42.05   n_per_axis=[64, 64, 64, 64, 64, 64]
[  60000/300000]  ep=  60  reward(last50)= 149.46  n_per_axis=[64, 64, 64, 64, 64, 64]  total_splits=0
[  70000/300000]  ep=  70  reward(last50)= 213.31  n_per_axis=[64, 64, 64, 64, 64, 64]  total_splits=0
[  80000/300000]  eval(5)= 420.83 +/- 49.49   n_per_axis=[64, 64, 64, 64, 64, 64]
[  80000/300000]  ep=  80  reward(last50)= 260.09  n_per_axis=[64, 64, 64, 64, 64, 64]  total_splits=0
[  90000/300000]  ep=  90  reward(last50)= 336.78  n_per_axis=[64, 64, 64, 64, 64, 64]  total_splits=0
[ 100000/300000]  eval(5)= 651.29 +/- 62.55   n_per_axis=[64, 64, 64, 64, 64, 64]
[ 100000/300000]  ep= 100  reward(last50)= 402.40  n_per_axis=[64, 64, 64, 64, 64, 64]  total_splits=0
[ 110000/300000]  ep= 110  reward(last50)= 483.47  n_per_axis=[64, 64, 64, 64, 64, 64]  total_splits=0
[ 120000/300000]  eval(5)= 749.72 +/- 111.90  n_per_axis=[64, 64, 64, 64, 64, 64]
[ 120000/300000]  ep= 120  reward(last50)= 554.71  n_per_axis=[64, 64, 64, 64, 64, 64]  total_splits=0
[ 130000/300000]  ep= 130  reward(last50)= 625.09  n_per_axis=[64, 64, 64, 64, 64, 64]  total_splits=0
[ 140000/300000]  eval(5)= 796.95 +/- 36.44   n_per_axis=[64, 64, 64, 64, 64, 64]
[ 140000/300000]  ep= 140  reward(last50)= 667.76  n_per_axis=[64, 64, 64, 64, 64, 64]  total_splits=0
[ 150000/300000]  ep= 150  reward(last50)= 722.16  n_per_axis=[64, 64, 64, 64, 64, 64]  total_splits=0
[ 160000/300000]  eval(5)= 795.52 +/- 107.75  n_per_axis=[64, 64, 64, 64, 64, 64]
[ 160000/300000]  ep= 160  reward(last50)= 751.64  n_per_axis=[64, 64, 64, 64, 64, 64]  total_splits=0
[ 170000/300000]  ep= 170  reward(last50)= 766.20  n_per_axis=[64, 64, 64, 64, 64, 64]  total_splits=0
[ 180000/300000]  eval(5)= 869.09 +/- 61.97   n_per_axis=[64, 64, 64, 64, 64, 64]
[ 180000/300000]  ep= 180  reward(last50)= 775.27  n_per_axis=[64, 64, 64, 64, 64, 64]  total_splits=0
[ 190000/300000]  ep= 190  reward(last50)= 800.32  n_per_axis=[64, 64, 64, 64, 64, 64]  total_splits=0
[ 200000/300000]  eval(5)= 840.83 +/- 33.52   n_per_axis=[64, 64, 64, 64, 64, 64]
[ 200000/300000]  ep= 200  reward(last50)= 807.02  n_per_axis=[64, 64, 64, 64, 64, 64]  total_splits=0
[ 210000/300000]  ep= 210  reward(last50)= 818.15  n_per_axis=[64, 64, 64, 64, 64, 64]  total_splits=0
[ 220000/300000]  eval(5)= 905.84 +/- 26.24   n_per_axis=[64, 64, 64, 64, 64, 64]
[ 220000/300000]  ep= 220  reward(last50)= 831.02  n_per_axis=[64, 64, 64, 64, 64, 64]  total_splits=0
[ 230000/300000]  ep= 230  reward(last50)= 839.47  n_per_axis=[64, 64, 64, 64, 64, 64]  total_splits=0
[ 240000/300000]  eval(5)= 755.49 +/- 46.65   n_per_axis=[64, 64, 64, 64, 64, 64]
[ 240000/300000]  ep= 240  reward(last50)= 834.94  n_per_axis=[64, 64, 64, 64, 64, 64]  total_splits=0
[ 250000/300000]  ep= 250  reward(last50)= 836.09  n_per_axis=[64, 64, 64, 64, 64, 64]  total_splits=0
[ 260000/300000]  eval(5)= 676.24 +/- 330.08  n_per_axis=[64, 64, 64, 64, 64, 64]
[ 260000/300000]  ep= 260  reward(last50)= 832.72  n_per_axis=[64, 64, 64, 64, 64, 64]  total_splits=0
[ 270000/300000]  ep= 270  reward(last50)= 829.33  n_per_axis=[64, 64, 64, 64, 64, 64]  total_splits=0
[ 280000/300000]  eval(5)= 874.55 +/- 51.90   n_per_axis=[64, 64, 64, 64, 64, 64]
[ 280000/300000]  ep= 280  reward(last50)= 839.73  n_per_axis=[64, 64, 64, 64, 64, 64]  total_splits=0
[ 290000/300000]  ep= 290  reward(last50)= 840.38  n_per_axis=[64, 64, 64, 64, 64, 64]  total_splits=0
[ 300000/300000]  eval(5)= 733.55 +/- 49.98   n_per_axis=[64, 64, 64, 64, 64, 64]
[ 300000/300000]  ep= 300  reward(last50)= 842.33  n_per_axis=[64, 64, 64, 64, 64, 64]  total_splits=0
Saved BranchingDQN checkpoint to checkpoints/dmcs/walker-walk/efficiency/uniform_n64_seed42.pt

Evaluating (deterministic)...
Eval(10): mean=720.09  std=62.96
Final n_per_axis: [64, 64, 64, 64, 64, 64]  total_cells: 384  (uniform; no splits)
