/home/bruinml/anaconda3/envs/highway/lib/python3.11/site-packages/glfw/__init__.py:917: GLFWError: (65550) b'X11: The DISPLAY environment variable is missing'
  warnings.warn(message, GLFWError)
/home/bruinml/anaconda3/envs/highway/lib/python3.11/site-packages/pygame/pkgdata.py:25: UserWarning: pkg_resources is deprecated as an API. See https://setuptools.pypa.io/en/latest/pkg_resources.html. The pkg_resources package is slated for removal as early as 2025-11-30. Refrain from using this package or pin to Setuptools<81.
  from pkg_resources import resource_stream, resource_exists
/home/bruinml/anaconda3/envs/highway/lib/python3.11/site-packages/torch/cuda/__init__.py:180: UserWarning: CUDA initialization: The NVIDIA driver on your system is too old (found version 12080). Please update your GPU driver by downloading and installing a new version from the URL: http://www.nvidia.com/Download/index.aspx Alternatively, go to: https://pytorch.org to install a PyTorch version that has been compiled with your version of the CUDA driver. (Triggered internally at /pytorch/c10/cuda/CUDAFunctions.cpp:119.)
  return torch._C._cuda_getDeviceCount() > 0
Uniform DQN on dm_control/walker-walk  da=6  n=64 (per axis -> 384 total cells)  seed=43  steps=300000
[  10000/300000]  ep=  10  reward(last50)=  27.60  n_per_axis=[64, 64, 64, 64, 64, 64]  total_splits=0
[  20000/300000]  eval(5)= 113.72 +/- 33.14   n_per_axis=[64, 64, 64, 64, 64, 64]
[  20000/300000]  ep=  20  reward(last50)=  39.80  n_per_axis=[64, 64, 64, 64, 64, 64]  total_splits=0
[  30000/300000]  ep=  30  reward(last50)=  57.96  n_per_axis=[64, 64, 64, 64, 64, 64]  total_splits=0
[  40000/300000]  eval(5)= 158.64 +/- 57.26   n_per_axis=[64, 64, 64, 64, 64, 64]
[  40000/300000]  ep=  40  reward(last50)=  78.18  n_per_axis=[64, 64, 64, 64, 64, 64]  total_splits=0
[  50000/300000]  ep=  50  reward(last50)= 106.76  n_per_axis=[64, 64, 64, 64, 64, 64]  total_splits=0
[  60000/300000]  eval(5)= 289.63 +/- 59.74   n_per_axis=[64, 64, 64, 64, 64, 64]
[  60000/300000]  ep=  60  reward(last50)= 153.95  n_per_axis=[64, 64, 64, 64, 64, 64]  total_splits=0
[  70000/300000]  ep=  70  reward(last50)= 202.20  n_per_axis=[64, 64, 64, 64, 64, 64]  total_splits=0
[  80000/300000]  eval(5)= 344.50 +/- 84.74   n_per_axis=[64, 64, 64, 64, 64, 64]
[  80000/300000]  ep=  80  reward(last50)= 261.38  n_per_axis=[64, 64, 64, 64, 64, 64]  total_splits=0
[  90000/300000]  ep=  90  reward(last50)= 317.83  n_per_axis=[64, 64, 64, 64, 64, 64]  total_splits=0
[ 100000/300000]  eval(5)= 506.99 +/- 63.17   n_per_axis=[64, 64, 64, 64, 64, 64]
[ 100000/300000]  ep= 100  reward(last50)= 368.63  n_per_axis=[64, 64, 64, 64, 64, 64]  total_splits=0
[ 110000/300000]  ep= 110  reward(last50)= 426.28  n_per_axis=[64, 64, 64, 64, 64, 64]  total_splits=0
[ 120000/300000]  eval(5)= 619.82 +/- 49.69   n_per_axis=[64, 64, 64, 64, 64, 64]
[ 120000/300000]  ep= 120  reward(last50)= 481.81  n_per_axis=[64, 64, 64, 64, 64, 64]  total_splits=0
[ 130000/300000]  ep= 130  reward(last50)= 525.37  n_per_axis=[64, 64, 64, 64, 64, 64]  total_splits=0
[ 140000/300000]  eval(5)= 718.97 +/- 40.01   n_per_axis=[64, 64, 64, 64, 64, 64]
[ 140000/300000]  ep= 140  reward(last50)= 578.18  n_per_axis=[64, 64, 64, 64, 64, 64]  total_splits=0
[ 150000/300000]  ep= 150  reward(last50)= 620.82  n_per_axis=[64, 64, 64, 64, 64, 64]  total_splits=0
[ 160000/300000]  eval(5)= 617.05 +/- 95.10   n_per_axis=[64, 64, 64, 64, 64, 64]
[ 160000/300000]  ep= 160  reward(last50)= 656.34  n_per_axis=[64, 64, 64, 64, 64, 64]  total_splits=0
[ 170000/300000]  ep= 170  reward(last50)= 695.48  n_per_axis=[64, 64, 64, 64, 64, 64]  total_splits=0
[ 180000/300000]  eval(5)= 583.86 +/- 275.93  n_per_axis=[64, 64, 64, 64, 64, 64]
[ 180000/300000]  ep= 180  reward(last50)= 731.10  n_per_axis=[64, 64, 64, 64, 64, 64]  total_splits=0
[ 190000/300000]  ep= 190  reward(last50)= 752.28  n_per_axis=[64, 64, 64, 64, 64, 64]  total_splits=0
[ 200000/300000]  eval(5)= 823.11 +/- 59.80   n_per_axis=[64, 64, 64, 64, 64, 64]
[ 200000/300000]  ep= 200  reward(last50)= 781.75  n_per_axis=[64, 64, 64, 64, 64, 64]  total_splits=0
[ 210000/300000]  ep= 210  reward(last50)= 799.17  n_per_axis=[64, 64, 64, 64, 64, 64]  total_splits=0
[ 220000/300000]  eval(5)= 817.18 +/- 17.66   n_per_axis=[64, 64, 64, 64, 64, 64]
[ 220000/300000]  ep= 220  reward(last50)= 811.14  n_per_axis=[64, 64, 64, 64, 64, 64]  total_splits=0
[ 230000/300000]  ep= 230  reward(last50)= 819.16  n_per_axis=[64, 64, 64, 64, 64, 64]  total_splits=0
[ 240000/300000]  eval(5)= 724.62 +/- 59.35   n_per_axis=[64, 64, 64, 64, 64, 64]
[ 240000/300000]  ep= 240  reward(last50)= 827.26  n_per_axis=[64, 64, 64, 64, 64, 64]  total_splits=0
[ 250000/300000]  ep= 250  reward(last50)= 827.47  n_per_axis=[64, 64, 64, 64, 64, 64]  total_splits=0
[ 260000/300000]  eval(5)= 820.59 +/- 71.33   n_per_axis=[64, 64, 64, 64, 64, 64]
[ 260000/300000]  ep= 260  reward(last50)= 836.75  n_per_axis=[64, 64, 64, 64, 64, 64]  total_splits=0
[ 270000/300000]  ep= 270  reward(last50)= 841.34  n_per_axis=[64, 64, 64, 64, 64, 64]  total_splits=0
[ 280000/300000]  eval(5)= 823.58 +/- 52.16   n_per_axis=[64, 64, 64, 64, 64, 64]
[ 280000/300000]  ep= 280  reward(last50)= 846.22  n_per_axis=[64, 64, 64, 64, 64, 64]  total_splits=0
[ 290000/300000]  ep= 290  reward(last50)= 848.05  n_per_axis=[64, 64, 64, 64, 64, 64]  total_splits=0
[ 300000/300000]  eval(5)= 871.69 +/- 21.42   n_per_axis=[64, 64, 64, 64, 64, 64]
[ 300000/300000]  ep= 300  reward(last50)= 854.45  n_per_axis=[64, 64, 64, 64, 64, 64]  total_splits=0
Saved BranchingDQN checkpoint to checkpoints/dmcs/walker-walk/efficiency/uniform_n64_seed43.pt

Evaluating (deterministic)...
Eval(10): mean=797.02  std=64.61
Final n_per_axis: [64, 64, 64, 64, 64, 64]  total_cells: 384  (uniform; no splits)
