/home/bruinml/anaconda3/envs/highway/lib/python3.11/site-packages/glfw/__init__.py:917: GLFWError: (65550) b'X11: The DISPLAY environment variable is missing'
  warnings.warn(message, GLFWError)
/home/bruinml/anaconda3/envs/highway/lib/python3.11/site-packages/pygame/pkgdata.py:25: UserWarning: pkg_resources is deprecated as an API. See https://setuptools.pypa.io/en/latest/pkg_resources.html. The pkg_resources package is slated for removal as early as 2025-11-30. Refrain from using this package or pin to Setuptools<81.
  from pkg_resources import resource_stream, resource_exists
/home/bruinml/anaconda3/envs/highway/lib/python3.11/site-packages/torch/cuda/__init__.py:180: UserWarning: CUDA initialization: The NVIDIA driver on your system is too old (found version 12080). Please update your GPU driver by downloading and installing a new version from the URL: http://www.nvidia.com/Download/index.aspx Alternatively, go to: https://pytorch.org to install a PyTorch version that has been compiled with your version of the CUDA driver. (Triggered internally at /pytorch/c10/cuda/CUDAFunctions.cpp:119.)
  return torch._C._cuda_getDeviceCount() > 0
Uniform DQN on dm_control/walker-walk  da=6  n=128 (per axis -> 768 total cells)  seed=43  steps=300000
[  10000/300000]  ep=  10  reward(last50)=  37.18  n_per_axis=[128, 128, 128, 128, 128, 128]  total_splits=0
[  20000/300000]  eval(5)=  81.85 +/- 35.08   n_per_axis=[128, 128, 128, 128, 128, 128]
[  20000/300000]  ep=  20  reward(last50)=  46.13  n_per_axis=[128, 128, 128, 128, 128, 128]  total_splits=0
[  30000/300000]  ep=  30  reward(last50)=  59.51  n_per_axis=[128, 128, 128, 128, 128, 128]  total_splits=0
[  40000/300000]  eval(5)= 136.41 +/- 34.52   n_per_axis=[128, 128, 128, 128, 128, 128]
[  40000/300000]  ep=  40  reward(last50)=  77.87  n_per_axis=[128, 128, 128, 128, 128, 128]  total_splits=0
[  50000/300000]  ep=  50  reward(last50)=  92.37  n_per_axis=[128, 128, 128, 128, 128, 128]  total_splits=0
[  60000/300000]  eval(5)= 193.25 +/- 32.59   n_per_axis=[128, 128, 128, 128, 128, 128]
[  60000/300000]  ep=  60  reward(last50)= 118.35  n_per_axis=[128, 128, 128, 128, 128, 128]  total_splits=0
[  70000/300000]  ep=  70  reward(last50)= 149.27  n_per_axis=[128, 128, 128, 128, 128, 128]  total_splits=0
[  80000/300000]  eval(5)= 281.50 +/- 69.90   n_per_axis=[128, 128, 128, 128, 128, 128]
[  80000/300000]  ep=  80  reward(last50)= 185.37  n_per_axis=[128, 128, 128, 128, 128, 128]  total_splits=0
[  90000/300000]  ep=  90  reward(last50)= 216.43  n_per_axis=[128, 128, 128, 128, 128, 128]  total_splits=0
[ 100000/300000]  eval(5)= 422.82 +/- 170.74  n_per_axis=[128, 128, 128, 128, 128, 128]
[ 100000/300000]  ep= 100  reward(last50)= 259.14  n_per_axis=[128, 128, 128, 128, 128, 128]  total_splits=0
[ 110000/300000]  ep= 110  reward(last50)= 310.08  n_per_axis=[128, 128, 128, 128, 128, 128]  total_splits=0
[ 120000/300000]  eval(5)= 524.25 +/- 44.04   n_per_axis=[128, 128, 128, 128, 128, 128]
[ 120000/300000]  ep= 120  reward(last50)= 367.97  n_per_axis=[128, 128, 128, 128, 128, 128]  total_splits=0
[ 130000/300000]  ep= 130  reward(last50)= 413.64  n_per_axis=[128, 128, 128, 128, 128, 128]  total_splits=0
[ 140000/300000]  eval(5)= 546.78 +/- 25.98   n_per_axis=[128, 128, 128, 128, 128, 128]
[ 140000/300000]  ep= 140  reward(last50)= 458.83  n_per_axis=[128, 128, 128, 128, 128, 128]  total_splits=0
[ 150000/300000]  ep= 150  reward(last50)= 489.71  n_per_axis=[128, 128, 128, 128, 128, 128]  total_splits=0
[ 160000/300000]  eval(5)= 528.78 +/- 51.09   n_per_axis=[128, 128, 128, 128, 128, 128]
[ 160000/300000]  ep= 160  reward(last50)= 515.35  n_per_axis=[128, 128, 128, 128, 128, 128]  total_splits=0
[ 170000/300000]  ep= 170  reward(last50)= 533.85  n_per_axis=[128, 128, 128, 128, 128, 128]  total_splits=0
[ 180000/300000]  eval(5)= 562.85 +/- 111.89  n_per_axis=[128, 128, 128, 128, 128, 128]
[ 180000/300000]  ep= 180  reward(last50)= 555.27  n_per_axis=[128, 128, 128, 128, 128, 128]  total_splits=0
[ 190000/300000]  ep= 190  reward(last50)= 581.46  n_per_axis=[128, 128, 128, 128, 128, 128]  total_splits=0
[ 200000/300000]  eval(5)= 612.94 +/- 131.00  n_per_axis=[128, 128, 128, 128, 128, 128]
[ 200000/300000]  ep= 200  reward(last50)= 606.67  n_per_axis=[128, 128, 128, 128, 128, 128]  total_splits=0
[ 210000/300000]  ep= 210  reward(last50)= 641.62  n_per_axis=[128, 128, 128, 128, 128, 128]  total_splits=0
[ 220000/300000]  eval(5)= 650.09 +/- 77.21   n_per_axis=[128, 128, 128, 128, 128, 128]
[ 220000/300000]  ep= 220  reward(last50)= 665.91  n_per_axis=[128, 128, 128, 128, 128, 128]  total_splits=0
[ 230000/300000]  ep= 230  reward(last50)= 678.37  n_per_axis=[128, 128, 128, 128, 128, 128]  total_splits=0
[ 240000/300000]  eval(5)= 759.37 +/- 46.84   n_per_axis=[128, 128, 128, 128, 128, 128]
[ 240000/300000]  ep= 240  reward(last50)= 693.92  n_per_axis=[128, 128, 128, 128, 128, 128]  total_splits=0
[ 250000/300000]  ep= 250  reward(last50)= 710.43  n_per_axis=[128, 128, 128, 128, 128, 128]  total_splits=0
[ 260000/300000]  eval(5)= 722.38 +/- 38.44   n_per_axis=[128, 128, 128, 128, 128, 128]
[ 260000/300000]  ep= 260  reward(last50)= 713.26  n_per_axis=[128, 128, 128, 128, 128, 128]  total_splits=0
[ 270000/300000]  ep= 270  reward(last50)= 716.03  n_per_axis=[128, 128, 128, 128, 128, 128]  total_splits=0
[ 280000/300000]  eval(5)= 706.57 +/- 45.55   n_per_axis=[128, 128, 128, 128, 128, 128]
[ 280000/300000]  ep= 280  reward(last50)= 739.11  n_per_axis=[128, 128, 128, 128, 128, 128]  total_splits=0
[ 290000/300000]  ep= 290  reward(last50)= 740.30  n_per_axis=[128, 128, 128, 128, 128, 128]  total_splits=0
[ 300000/300000]  eval(5)= 690.16 +/- 51.77   n_per_axis=[128, 128, 128, 128, 128, 128]
[ 300000/300000]  ep= 300  reward(last50)= 748.85  n_per_axis=[128, 128, 128, 128, 128, 128]  total_splits=0
Saved BranchingDQN checkpoint to checkpoints/dmcs/walker-walk/efficiency/uniform_n128_seed43.pt

Evaluating (deterministic)...
Eval(10): mean=692.32  std=33.59
Final n_per_axis: [128, 128, 128, 128, 128, 128]  total_cells: 768  (uniform; no splits)
