/home/bruinml/anaconda3/envs/highway/lib/python3.11/site-packages/glfw/__init__.py:917: GLFWError: (65550) b'X11: The DISPLAY environment variable is missing'
  warnings.warn(message, GLFWError)
/home/bruinml/anaconda3/envs/highway/lib/python3.11/site-packages/pygame/pkgdata.py:25: UserWarning: pkg_resources is deprecated as an API. See https://setuptools.pypa.io/en/latest/pkg_resources.html. The pkg_resources package is slated for removal as early as 2025-11-30. Refrain from using this package or pin to Setuptools<81.
  from pkg_resources import resource_stream, resource_exists
/home/bruinml/anaconda3/envs/highway/lib/python3.11/site-packages/torch/cuda/__init__.py:180: UserWarning: CUDA initialization: The NVIDIA driver on your system is too old (found version 12080). Please update your GPU driver by downloading and installing a new version from the URL: http://www.nvidia.com/Download/index.aspx Alternatively, go to: https://pytorch.org to install a PyTorch version that has been compiled with your version of the CUDA driver. (Triggered internally at /pytorch/c10/cuda/CUDAFunctions.cpp:119.)
  return torch._C._cuda_getDeviceCount() > 0
Uniform DQN on dm_control/walker-walk  da=6  n=128 (per axis -> 768 total cells)  seed=44  steps=300000
[  10000/300000]  ep=  10  reward(last50)=  28.07  n_per_axis=[128, 128, 128, 128, 128, 128]  total_splits=0
[  20000/300000]  eval(5)=  96.47 +/- 49.74   n_per_axis=[128, 128, 128, 128, 128, 128]
[  20000/300000]  ep=  20  reward(last50)=  42.40  n_per_axis=[128, 128, 128, 128, 128, 128]  total_splits=0
[  30000/300000]  ep=  30  reward(last50)=  65.65  n_per_axis=[128, 128, 128, 128, 128, 128]  total_splits=0
[  40000/300000]  eval(5)= 167.03 +/- 36.72   n_per_axis=[128, 128, 128, 128, 128, 128]
[  40000/300000]  ep=  40  reward(last50)=  85.69  n_per_axis=[128, 128, 128, 128, 128, 128]  total_splits=0
[  50000/300000]  ep=  50  reward(last50)= 104.65  n_per_axis=[128, 128, 128, 128, 128, 128]  total_splits=0
[  60000/300000]  eval(5)= 164.46 +/- 54.61   n_per_axis=[128, 128, 128, 128, 128, 128]
[  60000/300000]  ep=  60  reward(last50)= 144.81  n_per_axis=[128, 128, 128, 128, 128, 128]  total_splits=0
[  70000/300000]  ep=  70  reward(last50)= 175.54  n_per_axis=[128, 128, 128, 128, 128, 128]  total_splits=0
[  80000/300000]  eval(5)= 344.51 +/- 68.34   n_per_axis=[128, 128, 128, 128, 128, 128]
[  80000/300000]  ep=  80  reward(last50)= 200.49  n_per_axis=[128, 128, 128, 128, 128, 128]  total_splits=0
[  90000/300000]  ep=  90  reward(last50)= 234.28  n_per_axis=[128, 128, 128, 128, 128, 128]  total_splits=0
[ 100000/300000]  eval(5)= 442.69 +/- 58.59   n_per_axis=[128, 128, 128, 128, 128, 128]
[ 100000/300000]  ep= 100  reward(last50)= 283.13  n_per_axis=[128, 128, 128, 128, 128, 128]  total_splits=0
[ 110000/300000]  ep= 110  reward(last50)= 327.26  n_per_axis=[128, 128, 128, 128, 128, 128]  total_splits=0
[ 120000/300000]  eval(5)= 485.82 +/- 39.67   n_per_axis=[128, 128, 128, 128, 128, 128]
[ 120000/300000]  ep= 120  reward(last50)= 375.70  n_per_axis=[128, 128, 128, 128, 128, 128]  total_splits=0
[ 130000/300000]  ep= 130  reward(last50)= 423.58  n_per_axis=[128, 128, 128, 128, 128, 128]  total_splits=0
[ 140000/300000]  eval(5)= 526.05 +/- 88.40   n_per_axis=[128, 128, 128, 128, 128, 128]
[ 140000/300000]  ep= 140  reward(last50)= 463.39  n_per_axis=[128, 128, 128, 128, 128, 128]  total_splits=0
[ 150000/300000]  ep= 150  reward(last50)= 476.22  n_per_axis=[128, 128, 128, 128, 128, 128]  total_splits=0
[ 160000/300000]  eval(5)= 641.61 +/- 33.85   n_per_axis=[128, 128, 128, 128, 128, 128]
[ 160000/300000]  ep= 160  reward(last50)= 507.27  n_per_axis=[128, 128, 128, 128, 128, 128]  total_splits=0
[ 170000/300000]  ep= 170  reward(last50)= 535.96  n_per_axis=[128, 128, 128, 128, 128, 128]  total_splits=0
[ 180000/300000]  eval(5)= 722.43 +/- 56.05   n_per_axis=[128, 128, 128, 128, 128, 128]
[ 180000/300000]  ep= 180  reward(last50)= 563.80  n_per_axis=[128, 128, 128, 128, 128, 128]  total_splits=0
[ 190000/300000]  ep= 190  reward(last50)= 589.97  n_per_axis=[128, 128, 128, 128, 128, 128]  total_splits=0
[ 200000/300000]  eval(5)= 656.29 +/- 48.79   n_per_axis=[128, 128, 128, 128, 128, 128]
[ 200000/300000]  ep= 200  reward(last50)= 624.06  n_per_axis=[128, 128, 128, 128, 128, 128]  total_splits=0
[ 210000/300000]  ep= 210  reward(last50)= 631.94  n_per_axis=[128, 128, 128, 128, 128, 128]  total_splits=0
[ 220000/300000]  eval(5)= 590.21 +/- 146.71  n_per_axis=[128, 128, 128, 128, 128, 128]
[ 220000/300000]  ep= 220  reward(last50)= 644.90  n_per_axis=[128, 128, 128, 128, 128, 128]  total_splits=0
[ 230000/300000]  ep= 230  reward(last50)= 661.44  n_per_axis=[128, 128, 128, 128, 128, 128]  total_splits=0
[ 240000/300000]  eval(5)= 726.81 +/- 145.35  n_per_axis=[128, 128, 128, 128, 128, 128]
[ 240000/300000]  ep= 240  reward(last50)= 672.78  n_per_axis=[128, 128, 128, 128, 128, 128]  total_splits=0
[ 250000/300000]  ep= 250  reward(last50)= 685.94  n_per_axis=[128, 128, 128, 128, 128, 128]  total_splits=0
[ 260000/300000]  eval(5)= 820.49 +/- 36.12   n_per_axis=[128, 128, 128, 128, 128, 128]
[ 260000/300000]  ep= 260  reward(last50)= 712.51  n_per_axis=[128, 128, 128, 128, 128, 128]  total_splits=0
[ 270000/300000]  ep= 270  reward(last50)= 722.89  n_per_axis=[128, 128, 128, 128, 128, 128]  total_splits=0
[ 280000/300000]  eval(5)= 743.25 +/- 46.36   n_per_axis=[128, 128, 128, 128, 128, 128]
[ 280000/300000]  ep= 280  reward(last50)= 730.51  n_per_axis=[128, 128, 128, 128, 128, 128]  total_splits=0
[ 290000/300000]  ep= 290  reward(last50)= 741.07  n_per_axis=[128, 128, 128, 128, 128, 128]  total_splits=0
[ 300000/300000]  eval(5)= 611.48 +/- 50.28   n_per_axis=[128, 128, 128, 128, 128, 128]
[ 300000/300000]  ep= 300  reward(last50)= 747.60  n_per_axis=[128, 128, 128, 128, 128, 128]  total_splits=0
Saved BranchingDQN checkpoint to checkpoints/dmcs/walker-walk/efficiency/uniform_n128_seed44.pt

Evaluating (deterministic)...
Eval(10): mean=621.07  std=82.13
Final n_per_axis: [128, 128, 128, 128, 128, 128]  total_cells: 768  (uniform; no splits)
