/home/bruinml/anaconda3/envs/highway/lib/python3.11/site-packages/glfw/__init__.py:917: GLFWError: (65550) b'X11: The DISPLAY environment variable is missing'
  warnings.warn(message, GLFWError)
/home/bruinml/anaconda3/envs/highway/lib/python3.11/site-packages/pygame/pkgdata.py:25: UserWarning: pkg_resources is deprecated as an API. See https://setuptools.pypa.io/en/latest/pkg_resources.html. The pkg_resources package is slated for removal as early as 2025-11-30. Refrain from using this package or pin to Setuptools<81.
  from pkg_resources import resource_stream, resource_exists
/home/bruinml/anaconda3/envs/highway/lib/python3.11/site-packages/torch/cuda/__init__.py:180: UserWarning: CUDA initialization: The NVIDIA driver on your system is too old (found version 12080). Please update your GPU driver by downloading and installing a new version from the URL: http://www.nvidia.com/Download/index.aspx Alternatively, go to: https://pytorch.org to install a PyTorch version that has been compiled with your version of the CUDA driver. (Triggered internally at /pytorch/c10/cuda/CUDAFunctions.cpp:119.)
  return torch._C._cuda_getDeviceCount() > 0
Zooming DQN on dm_control/walker-walk  da=6  init_depth=1 (start=12 cells)  n=64 -> total_budget=384  seed=43  steps=300000
[  10000/300000]  ep=  10  reward(last50)=  33.87  n_per_axis=[6, 6, 6, 6, 6, 6]  total_splits=12
[  20000/300000]  eval(5)=  61.84 +/- 2.54    n_per_axis=[24, 24, 24, 24, 24, 24]
[  20000/300000]  ep=  20  reward(last50)=  39.40  n_per_axis=[24, 24, 24, 24, 24, 24]  total_splits=84
[  30000/300000]  ep=  30  reward(last50)=  77.17  n_per_axis=[27, 23, 22, 25, 22, 27]  total_splits=90
[  40000/300000]  eval(5)= 154.66 +/- 36.39   n_per_axis=[36, 36, 42, 36, 35, 37]
[  40000/300000]  ep=  40  reward(last50)=  95.94  n_per_axis=[36, 36, 42, 36, 35, 37]  total_splits=137
[  50000/300000]  ep=  50  reward(last50)= 114.92  n_per_axis=[40, 40, 42, 38, 42, 42]  total_splits=152
[  60000/300000]  eval(5)= 244.39 +/- 138.50  n_per_axis=[42, 45, 45, 42, 45, 45]
[  60000/300000]  ep=  60  reward(last50)= 166.23  n_per_axis=[42, 45, 45, 42, 45, 45]  total_splits=164
[  70000/300000]  ep=  70  reward(last50)= 212.17  n_per_axis=[48, 46, 45, 42, 45, 45]  total_splits=169
[  80000/300000]  eval(5)= 470.20 +/- 42.27   n_per_axis=[48, 48, 45, 45, 45, 45]
[  80000/300000]  ep=  80  reward(last50)= 242.64  n_per_axis=[48, 48, 45, 45, 45, 45]  total_splits=172
[  90000/300000]  ep=  90  reward(last50)= 289.62  n_per_axis=[47, 48, 45, 45, 48, 44]  total_splits=174
[ 100000/300000]  eval(5)= 501.54 +/- 37.37   n_per_axis=[51, 48, 44, 48, 48, 48]
[ 100000/300000]  ep= 100  reward(last50)= 339.85  n_per_axis=[51, 48, 44, 48, 48, 48]  total_splits=180
[ 110000/300000]  ep= 110  reward(last50)= 393.33  n_per_axis=[51, 48, 48, 51, 48, 48]  total_splits=184
[ 120000/300000]  eval(5)= 281.67 +/- 57.01   n_per_axis=[54, 50, 51, 51, 51, 48]
[ 120000/300000]  ep= 120  reward(last50)= 452.22  n_per_axis=[54, 50, 51, 51, 51, 48]  total_splits=192
[ 130000/300000]  ep= 130  reward(last50)= 523.52  n_per_axis=[54, 54, 51, 51, 51, 46]  total_splits=194
[ 140000/300000]  eval(5)= 615.85 +/- 52.27   n_per_axis=[54, 55, 50, 51, 52, 52]
[ 140000/300000]  ep= 140  reward(last50)= 576.82  n_per_axis=[54, 55, 50, 51, 52, 52]  total_splits=201
[ 150000/300000]  ep= 150  reward(last50)= 623.57  n_per_axis=[54, 56, 53, 58, 53, 60]  total_splits=213
[ 160000/300000]  eval(5)= 707.14 +/- 37.44   n_per_axis=[52, 63, 57, 60, 57, 58]
[ 160000/300000]  ep= 160  reward(last50)= 650.16  n_per_axis=[52, 63, 57, 60, 57, 58]  total_splits=224
[ 170000/300000]  ep= 170  reward(last50)= 695.72  n_per_axis=[63, 63, 63, 60, 63, 66]  total_splits=240
[ 180000/300000]  eval(5)= 522.35 +/- 93.28   n_per_axis=[63, 63, 63, 61, 63, 66]
[ 180000/300000]  ep= 180  reward(last50)= 735.08  n_per_axis=[63, 63, 63, 61, 63, 66]  total_splits=242
[ 190000/300000]  ep= 190  reward(last50)= 766.05  n_per_axis=[63, 63, 66, 62, 63, 67]  total_splits=246
[ 200000/300000]  eval(5)= 381.50 +/- 294.62  n_per_axis=[62, 63, 68, 62, 62, 67]
[ 200000/300000]  ep= 200  reward(last50)= 795.64  n_per_axis=[62, 63, 68, 62, 62, 67]  total_splits=247
[ 210000/300000]  ep= 210  reward(last50)= 784.54  n_per_axis=[61, 60, 72, 63, 62, 66]  total_splits=250
[ 220000/300000]  eval(5)= 795.85 +/- 85.83   n_per_axis=[61, 60, 71, 62, 62, 68]
[ 220000/300000]  ep= 220  reward(last50)= 781.75  n_per_axis=[61, 60, 71, 62, 62, 68]  total_splits=251
[ 230000/300000]  ep= 230  reward(last50)= 758.07  n_per_axis=[61, 60, 71, 63, 62, 66]  total_splits=252
[ 240000/300000]  eval(5)= 906.88 +/- 32.72   n_per_axis=[61, 60, 71, 62, 62, 68]
[ 240000/300000]  ep= 240  reward(last50)= 752.73  n_per_axis=[61, 60, 71, 62, 62, 68]  total_splits=253
[ 250000/300000]  ep= 250  reward(last50)= 760.99  n_per_axis=[64, 60, 70, 62, 61, 67]  total_splits=255
[ 260000/300000]  eval(5)= 778.71 +/- 42.58   n_per_axis=[64, 60, 70, 62, 61, 67]
[ 260000/300000]  ep= 260  reward(last50)= 778.06  n_per_axis=[64, 60, 70, 62, 61, 67]  total_splits=256
[ 270000/300000]  ep= 270  reward(last50)= 792.11  n_per_axis=[66, 60, 70, 61, 61, 66]  total_splits=257
[ 280000/300000]  eval(5)= 722.29 +/- 82.84   n_per_axis=[66, 60, 70, 61, 60, 66]
[ 280000/300000]  ep= 280  reward(last50)= 808.69  n_per_axis=[66, 60, 70, 61, 60, 66]  total_splits=258
[ 290000/300000]  ep= 290  reward(last50)= 808.55  n_per_axis=[66, 62, 70, 61, 59, 66]  total_splits=260
[ 300000/300000]  eval(5)= 946.86 +/- 19.96   n_per_axis=[66, 62, 70, 61, 59, 66]
[ 300000/300000]  ep= 300  reward(last50)= 809.62  n_per_axis=[66, 62, 70, 61, 59, 66]  total_splits=260
Saved BranchingDQN checkpoint to checkpoints/dmcs/walker-walk/efficiency/zooming_n64_seed43.pt

Evaluating (deterministic)...
Eval(10): mean=908.74  std=50.67
Final n_per_axis: [66, 62, 70, 61, 59, 66]  total_cells: 384/384  total_splits: 260
Split history: 143 events, steps 10000 to 290000
