/home/bruinml/anaconda3/envs/highway/lib/python3.11/site-packages/glfw/__init__.py:917: GLFWError: (65550) b'X11: The DISPLAY environment variable is missing'
  warnings.warn(message, GLFWError)
/home/bruinml/anaconda3/envs/highway/lib/python3.11/site-packages/pygame/pkgdata.py:25: UserWarning: pkg_resources is deprecated as an API. See https://setuptools.pypa.io/en/latest/pkg_resources.html. The pkg_resources package is slated for removal as early as 2025-11-30. Refrain from using this package or pin to Setuptools<81.
  from pkg_resources import resource_stream, resource_exists
/home/bruinml/anaconda3/envs/highway/lib/python3.11/site-packages/torch/cuda/__init__.py:180: UserWarning: CUDA initialization: The NVIDIA driver on your system is too old (found version 12080). Please update your GPU driver by downloading and installing a new version from the URL: http://www.nvidia.com/Download/index.aspx Alternatively, go to: https://pytorch.org to install a PyTorch version that has been compiled with your version of the CUDA driver. (Triggered internally at /pytorch/c10/cuda/CUDAFunctions.cpp:119.)
  return torch._C._cuda_getDeviceCount() > 0
Zooming DQN on dm_control/walker-walk  da=6  init_depth=1 (start=12 cells)  n=128 -> total_budget=768  seed=43  steps=300000
[  10000/300000]  ep=  10  reward(last50)=  34.19  n_per_axis=[6, 6, 6, 6, 6, 6]  total_splits=12
[  20000/300000]  eval(5)=  62.64 +/- 13.30   n_per_axis=[24, 24, 24, 24, 24, 24]
[  20000/300000]  ep=  20  reward(last50)=  41.48  n_per_axis=[24, 24, 24, 24, 24, 24]  total_splits=84
[  30000/300000]  ep=  30  reward(last50)=  70.80  n_per_axis=[23, 23, 22, 24, 27, 27]  total_splits=88
[  40000/300000]  eval(5)= 144.00 +/- 75.46   n_per_axis=[35, 37, 36, 37, 31, 39]
[  40000/300000]  ep=  40  reward(last50)=  89.28  n_per_axis=[35, 37, 36, 37, 31, 39]  total_splits=134
[  50000/300000]  ep=  50  reward(last50)= 114.86  n_per_axis=[42, 45, 40, 42, 42, 39]  total_splits=156
[  60000/300000]  eval(5)= 322.21 +/- 55.02   n_per_axis=[42, 45, 48, 42, 46, 41]
[  60000/300000]  ep=  60  reward(last50)= 169.31  n_per_axis=[42, 45, 48, 42, 46, 41]  total_splits=165
[  70000/300000]  ep=  70  reward(last50)= 221.69  n_per_axis=[45, 48, 48, 45, 48, 45]  total_splits=174
[  80000/300000]  eval(5)= 272.15 +/- 41.59   n_per_axis=[44, 48, 48, 44, 48, 48]
[  80000/300000]  ep=  80  reward(last50)= 266.67  n_per_axis=[44, 48, 48, 44, 48, 48]  total_splits=176
[  90000/300000]  ep=  90  reward(last50)= 320.80  n_per_axis=[48, 48, 48, 48, 48, 48]  total_splits=180
[ 100000/300000]  eval(5)= 497.47 +/- 71.56   n_per_axis=[48, 48, 48, 48, 48, 48]
[ 100000/300000]  ep= 100  reward(last50)= 371.87  n_per_axis=[48, 48, 48, 48, 48, 48]  total_splits=180
[ 110000/300000]  ep= 110  reward(last50)= 431.58  n_per_axis=[48, 48, 47, 48, 48, 48]  total_splits=180
[ 120000/300000]  eval(5)= 398.77 +/- 202.49  n_per_axis=[51, 54, 51, 51, 47, 48]
[ 120000/300000]  ep= 120  reward(last50)= 484.40  n_per_axis=[51, 54, 51, 51, 47, 48]  total_splits=190
[ 130000/300000]  ep= 130  reward(last50)= 498.36  n_per_axis=[54, 54, 51, 53, 51, 51]  total_splits=198
[ 140000/300000]  eval(5)= 788.73 +/- 13.58   n_per_axis=[53, 54, 51, 56, 51, 54]
[ 140000/300000]  ep= 140  reward(last50)= 550.82  n_per_axis=[53, 54, 51, 56, 51, 54]  total_splits=202
[ 150000/300000]  ep= 150  reward(last50)= 607.67  n_per_axis=[57, 53, 54, 60, 51, 57]  total_splits=210
[ 160000/300000]  eval(5)= 599.34 +/- 60.44   n_per_axis=[60, 57, 54, 59, 52, 57]
[ 160000/300000]  ep= 160  reward(last50)= 621.23  n_per_axis=[60, 57, 54, 59, 52, 57]  total_splits=216
[ 170000/300000]  ep= 170  reward(last50)= 659.27  n_per_axis=[60, 57, 56, 63, 57, 55]  total_splits=223
[ 180000/300000]  eval(5)= 797.59 +/- 71.90   n_per_axis=[60, 57, 60, 66, 62, 63]
[ 180000/300000]  ep= 180  reward(last50)= 733.02  n_per_axis=[60, 57, 60, 66, 62, 63]  total_splits=234
[ 190000/300000]  ep= 190  reward(last50)= 754.72  n_per_axis=[60, 58, 62, 65, 65, 62]  total_splits=240
[ 200000/300000]  eval(5)= 776.93 +/- 52.39   n_per_axis=[59, 59, 66, 69, 69, 72]
[ 200000/300000]  ep= 200  reward(last50)= 751.50  n_per_axis=[59, 59, 66, 69, 69, 72]  total_splits=252
[ 210000/300000]  ep= 210  reward(last50)= 769.60  n_per_axis=[62, 60, 68, 69, 69, 72]  total_splits=257
[ 220000/300000]  eval(5)= 562.86 +/- 399.92  n_per_axis=[66, 67, 72, 68, 69, 75]
[ 220000/300000]  ep= 220  reward(last50)= 772.85  n_per_axis=[66, 67, 72, 68, 69, 75]  total_splits=267
[ 230000/300000]  ep= 230  reward(last50)= 786.43  n_per_axis=[65, 69, 72, 72, 69, 75]  total_splits=270
[ 240000/300000]  eval(5)= 163.51 +/- 57.78   n_per_axis=[68, 71, 71, 72, 68, 75]
[ 240000/300000]  ep= 240  reward(last50)= 773.36  n_per_axis=[68, 71, 71, 72, 68, 75]  total_splits=275
[ 250000/300000]  ep= 250  reward(last50)= 767.82  n_per_axis=[72, 75, 74, 71, 79, 74]  total_splits=287
[ 260000/300000]  eval(5)= 530.02 +/- 33.99   n_per_axis=[72, 74, 81, 75, 81, 79]
[ 260000/300000]  ep= 260  reward(last50)= 771.45  n_per_axis=[72, 74, 81, 75, 81, 79]  total_splits=297
[ 270000/300000]  ep= 270  reward(last50)= 766.94  n_per_axis=[71, 78, 81, 75, 80, 81]  total_splits=301
[ 280000/300000]  eval(5)= 805.81 +/- 116.61  n_per_axis=[81, 78, 81, 74, 85, 82]
[ 280000/300000]  ep= 280  reward(last50)= 764.87  n_per_axis=[81, 78, 81, 74, 85, 82]  total_splits=310
[ 290000/300000]  ep= 290  reward(last50)= 766.21  n_per_axis=[82, 78, 81, 77, 87, 84]  total_splits=315
[ 300000/300000]  eval(5)= 869.28 +/- 52.20   n_per_axis=[84, 81, 82, 81, 87, 83]
[ 300000/300000]  ep= 300  reward(last50)= 786.74  n_per_axis=[84, 81, 82, 81, 87, 83]  total_splits=321
Saved BranchingDQN checkpoint to checkpoints/dmcs/walker-walk/efficiency/zooming_n128_seed43.pt

Evaluating (deterministic)...
Eval(10): mean=863.77  std=35.38
Final n_per_axis: [84, 81, 82, 81, 87, 83]  total_cells: 498/768  total_splits: 321
Split history: 192 events, steps 10000 to 300000
