/home/bruinml/anaconda3/envs/highway/lib/python3.11/site-packages/glfw/__init__.py:917: GLFWError: (65550) b'X11: The DISPLAY environment variable is missing'
  warnings.warn(message, GLFWError)
/home/bruinml/anaconda3/envs/highway/lib/python3.11/site-packages/pygame/pkgdata.py:25: UserWarning: pkg_resources is deprecated as an API. See https://setuptools.pypa.io/en/latest/pkg_resources.html. The pkg_resources package is slated for removal as early as 2025-11-30. Refrain from using this package or pin to Setuptools<81.
  from pkg_resources import resource_stream, resource_exists
/home/bruinml/anaconda3/envs/highway/lib/python3.11/site-packages/torch/cuda/__init__.py:180: UserWarning: CUDA initialization: The NVIDIA driver on your system is too old (found version 12080). Please update your GPU driver by downloading and installing a new version from the URL: http://www.nvidia.com/Download/index.aspx Alternatively, go to: https://pytorch.org to install a PyTorch version that has been compiled with your version of the CUDA driver. (Triggered internally at /pytorch/c10/cuda/CUDAFunctions.cpp:119.)
  return torch._C._cuda_getDeviceCount() > 0
Zooming DQN on dm_control/walker-walk  da=6  init_depth=1 (start=12 cells)  n=16 -> total_budget=96  seed=42  steps=300000
[  10000/300000]  ep=  10  reward(last50)=  27.12  n_per_axis=[6, 6, 6, 6, 6, 6]  total_splits=12
[  20000/300000]  eval(5)=  59.53 +/- 16.32   n_per_axis=[12, 14, 18, 16, 18, 18]
[  20000/300000]  ep=  20  reward(last50)=  36.03  n_per_axis=[12, 14, 18, 16, 18, 18]  total_splits=60
[  30000/300000]  ep=  30  reward(last50)=  69.01  n_per_axis=[13, 15, 17, 17, 16, 17]  total_splits=63
[  40000/300000]  eval(5)=  84.28 +/- 20.01   n_per_axis=[13, 15, 19, 17, 14, 17]
[  40000/300000]  ep=  40  reward(last50)=  77.85  n_per_axis=[13, 15, 19, 17, 14, 17]  total_splits=69
[  50000/300000]  ep=  50  reward(last50)= 106.64  n_per_axis=[13, 15, 18, 15, 18, 17]  total_splits=72
[  60000/300000]  eval(5)= 383.46 +/- 27.00   n_per_axis=[15, 15, 16, 15, 17, 17]
[  60000/300000]  ep=  60  reward(last50)= 161.80  n_per_axis=[15, 15, 16, 15, 17, 17]  total_splits=74
[  70000/300000]  ep=  70  reward(last50)= 236.70  n_per_axis=[16, 15, 15, 14, 19, 16]  total_splits=76
[  80000/300000]  eval(5)= 583.28 +/- 52.31   n_per_axis=[16, 15, 15, 16, 18, 16]
[  80000/300000]  ep=  80  reward(last50)= 311.13  n_per_axis=[16, 15, 15, 16, 18, 16]  total_splits=77
[  90000/300000]  ep=  90  reward(last50)= 391.28  n_per_axis=[16, 15, 15, 16, 17, 16]  total_splits=77
[ 100000/300000]  eval(5)= 683.67 +/- 15.05   n_per_axis=[16, 15, 15, 16, 17, 16]
[ 100000/300000]  ep= 100  reward(last50)= 475.25  n_per_axis=[16, 15, 15, 16, 17, 16]  total_splits=77
[ 110000/300000]  ep= 110  reward(last50)= 546.98  n_per_axis=[15, 15, 15, 16, 17, 17]  total_splits=78
[ 120000/300000]  eval(5)= 623.56 +/- 68.04   n_per_axis=[16, 15, 15, 16, 16, 17]
[ 120000/300000]  ep= 120  reward(last50)= 596.28  n_per_axis=[16, 15, 15, 16, 16, 17]  total_splits=79
[ 130000/300000]  ep= 130  reward(last50)= 632.43  n_per_axis=[16, 15, 15, 16, 16, 17]  total_splits=79
[ 140000/300000]  eval(5)= 222.78 +/- 119.78  n_per_axis=[16, 15, 15, 17, 16, 17]
[ 140000/300000]  ep= 140  reward(last50)= 672.83  n_per_axis=[16, 15, 15, 17, 16, 17]  total_splits=80
[ 150000/300000]  ep= 150  reward(last50)= 675.77  n_per_axis=[16, 15, 15, 17, 16, 17]  total_splits=80
[ 160000/300000]  eval(5)= 569.59 +/- 246.09  n_per_axis=[16, 14, 15, 17, 16, 17]
[ 160000/300000]  ep= 160  reward(last50)= 691.44  n_per_axis=[16, 14, 15, 17, 16, 17]  total_splits=80
[ 170000/300000]  ep= 170  reward(last50)= 698.97  n_per_axis=[16, 14, 15, 17, 16, 17]  total_splits=80
[ 180000/300000]  eval(5)= 750.15 +/- 24.68   n_per_axis=[16, 14, 15, 17, 16, 18]
[ 180000/300000]  ep= 180  reward(last50)= 706.53  n_per_axis=[16, 14, 15, 17, 16, 18]  total_splits=81
[ 190000/300000]  ep= 190  reward(last50)= 698.67  n_per_axis=[15, 14, 15, 17, 16, 18]  total_splits=81
[ 200000/300000]  eval(5)= 740.98 +/- 8.22    n_per_axis=[15, 14, 15, 17, 16, 18]
[ 200000/300000]  ep= 200  reward(last50)= 716.36  n_per_axis=[15, 14, 15, 17, 16, 18]  total_splits=81
[ 210000/300000]  ep= 210  reward(last50)= 719.11  n_per_axis=[15, 14, 15, 17, 18, 17]  total_splits=82
[ 220000/300000]  eval(5)= 768.72 +/- 17.58   n_per_axis=[15, 14, 15, 17, 18, 17]
[ 220000/300000]  ep= 220  reward(last50)= 724.67  n_per_axis=[15, 14, 15, 17, 18, 17]  total_splits=82
[ 230000/300000]  ep= 230  reward(last50)= 729.87  n_per_axis=[15, 14, 15, 16, 18, 17]  total_splits=82
[ 240000/300000]  eval(5)= 696.30 +/- 24.32   n_per_axis=[15, 14, 15, 16, 18, 17]
[ 240000/300000]  ep= 240  reward(last50)= 739.41  n_per_axis=[15, 14, 15, 16, 18, 17]  total_splits=82
[ 250000/300000]  ep= 250  reward(last50)= 747.73  n_per_axis=[15, 14, 15, 16, 18, 17]  total_splits=82
[ 260000/300000]  eval(5)= 775.72 +/- 15.32   n_per_axis=[15, 14, 15, 16, 18, 17]
[ 260000/300000]  ep= 260  reward(last50)= 754.11  n_per_axis=[15, 14, 15, 16, 18, 17]  total_splits=82
[ 270000/300000]  ep= 270  reward(last50)= 766.40  n_per_axis=[15, 14, 15, 16, 18, 17]  total_splits=82
[ 280000/300000]  eval(5)= 802.49 +/- 21.72   n_per_axis=[15, 16, 15, 16, 17, 17]
[ 280000/300000]  ep= 280  reward(last50)= 766.91  n_per_axis=[15, 16, 15, 16, 17, 17]  total_splits=83
[ 290000/300000]  ep= 290  reward(last50)= 781.67  n_per_axis=[15, 16, 15, 16, 17, 17]  total_splits=83
[ 300000/300000]  eval(5)= 844.24 +/- 23.96   n_per_axis=[15, 16, 15, 16, 17, 17]
[ 300000/300000]  ep= 300  reward(last50)= 783.71  n_per_axis=[15, 16, 15, 16, 17, 17]  total_splits=83
Saved BranchingDQN checkpoint to checkpoints/dmcs/walker-walk/efficiency/zooming_n16_seed42.pt

Evaluating (deterministic)...
Eval(10): mean=817.97  std=61.93
Final n_per_axis: [15, 16, 15, 16, 17, 17]  total_cells: 96/96  total_splits: 83
Split history: 45 events, steps 10000 to 274000
