/home/bruinml/anaconda3/envs/highway/lib/python3.11/site-packages/glfw/__init__.py:917: GLFWError: (65550) b'X11: The DISPLAY environment variable is missing'
  warnings.warn(message, GLFWError)
/home/bruinml/anaconda3/envs/highway/lib/python3.11/site-packages/pygame/pkgdata.py:25: UserWarning: pkg_resources is deprecated as an API. See https://setuptools.pypa.io/en/latest/pkg_resources.html. The pkg_resources package is slated for removal as early as 2025-11-30. Refrain from using this package or pin to Setuptools<81.
  from pkg_resources import resource_stream, resource_exists
/home/bruinml/anaconda3/envs/highway/lib/python3.11/site-packages/torch/cuda/__init__.py:180: UserWarning: CUDA initialization: The NVIDIA driver on your system is too old (found version 12080). Please update your GPU driver by downloading and installing a new version from the URL: http://www.nvidia.com/Download/index.aspx Alternatively, go to: https://pytorch.org to install a PyTorch version that has been compiled with your version of the CUDA driver. (Triggered internally at /pytorch/c10/cuda/CUDAFunctions.cpp:119.)
  return torch._C._cuda_getDeviceCount() > 0
Zooming DQN on dm_control/walker-walk  da=6  init_depth=1 (start=12 cells)  n=16 -> total_budget=96  seed=43  steps=300000
[  10000/300000]  ep=  10  reward(last50)=  33.78  n_per_axis=[6, 6, 6, 6, 6, 6]  total_splits=12
[  20000/300000]  eval(5)=  64.90 +/- 12.42   n_per_axis=[18, 16, 14, 16, 16, 16]
[  20000/300000]  ep=  20  reward(last50)=  42.74  n_per_axis=[18, 16, 14, 16, 16, 16]  total_splits=60
[  30000/300000]  ep=  30  reward(last50)=  62.94  n_per_axis=[19, 16, 13, 16, 16, 16]  total_splits=61
[  40000/300000]  eval(5)=  79.65 +/- 12.79   n_per_axis=[16, 17, 15, 19, 14, 15]
[  40000/300000]  ep=  40  reward(last50)=  85.20  n_per_axis=[16, 17, 15, 19, 14, 15]  total_splits=70
[  50000/300000]  ep=  50  reward(last50)= 105.99  n_per_axis=[15, 16, 17, 18, 14, 16]  total_splits=72
[  60000/300000]  eval(5)= 208.39 +/- 154.65  n_per_axis=[14, 17, 18, 16, 15, 15]
[  60000/300000]  ep=  60  reward(last50)= 156.49  n_per_axis=[14, 17, 18, 16, 15, 15]  total_splits=75
[  70000/300000]  ep=  70  reward(last50)= 218.75  n_per_axis=[16, 17, 18, 15, 15, 15]  total_splits=76
[  80000/300000]  eval(5)= 385.63 +/- 73.28   n_per_axis=[16, 16, 16, 17, 16, 14]
[  80000/300000]  ep=  80  reward(last50)= 282.84  n_per_axis=[16, 16, 16, 17, 16, 14]  total_splits=78
[  90000/300000]  ep=  90  reward(last50)= 343.50  n_per_axis=[18, 15, 16, 17, 16, 14]  total_splits=79
[ 100000/300000]  eval(5)= 560.83 +/- 212.19  n_per_axis=[18, 15, 16, 17, 16, 14]
[ 100000/300000]  ep= 100  reward(last50)= 421.17  n_per_axis=[18, 15, 16, 17, 16, 14]  total_splits=79
[ 110000/300000]  ep= 110  reward(last50)= 492.21  n_per_axis=[18, 15, 16, 17, 16, 14]  total_splits=79
[ 120000/300000]  eval(5)= 713.21 +/- 64.93   n_per_axis=[18, 15, 16, 17, 16, 14]
[ 120000/300000]  ep= 120  reward(last50)= 565.41  n_per_axis=[18, 15, 16, 17, 16, 14]  total_splits=79
[ 130000/300000]  ep= 130  reward(last50)= 634.17  n_per_axis=[18, 15, 16, 17, 16, 14]  total_splits=79
[ 140000/300000]  eval(5)= 366.06 +/- 194.54  n_per_axis=[17, 15, 16, 17, 16, 14]
[ 140000/300000]  ep= 140  reward(last50)= 716.49  n_per_axis=[17, 15, 16, 17, 16, 14]  total_splits=79
[ 150000/300000]  ep= 150  reward(last50)= 763.18  n_per_axis=[16, 15, 18, 17, 16, 14]  total_splits=80
[ 160000/300000]  eval(5)= 917.05 +/- 14.30   n_per_axis=[16, 15, 18, 17, 15, 14]
[ 160000/300000]  ep= 160  reward(last50)= 803.15  n_per_axis=[16, 15, 18, 17, 15, 14]  total_splits=80
[ 170000/300000]  ep= 170  reward(last50)= 833.87  n_per_axis=[16, 15, 18, 17, 15, 14]  total_splits=80
[ 180000/300000]  eval(5)= 912.68 +/- 29.25   n_per_axis=[16, 15, 18, 17, 15, 14]
[ 180000/300000]  ep= 180  reward(last50)= 858.96  n_per_axis=[16, 15, 18, 17, 15, 14]  total_splits=80
[ 190000/300000]  ep= 190  reward(last50)= 871.46  n_per_axis=[16, 15, 17, 16, 17, 14]  total_splits=81
[ 200000/300000]  eval(5)= 898.53 +/- 38.29   n_per_axis=[16, 15, 17, 16, 17, 14]
[ 200000/300000]  ep= 200  reward(last50)= 888.44  n_per_axis=[16, 15, 17, 16, 17, 14]  total_splits=81
[ 210000/300000]  ep= 210  reward(last50)= 901.82  n_per_axis=[16, 15, 17, 16, 17, 14]  total_splits=81
[ 220000/300000]  eval(5)= 877.66 +/- 43.65   n_per_axis=[16, 15, 17, 16, 17, 14]
[ 220000/300000]  ep= 220  reward(last50)= 910.46  n_per_axis=[16, 15, 17, 16, 17, 14]  total_splits=81
[ 230000/300000]  ep= 230  reward(last50)= 915.76  n_per_axis=[16, 15, 17, 16, 17, 14]  total_splits=81
[ 240000/300000]  eval(5)= 924.19 +/- 23.07   n_per_axis=[16, 15, 17, 16, 17, 14]
[ 240000/300000]  ep= 240  reward(last50)= 907.31  n_per_axis=[16, 15, 17, 16, 17, 14]  total_splits=81
[ 250000/300000]  ep= 250  reward(last50)= 912.61  n_per_axis=[16, 15, 17, 16, 18, 14]  total_splits=82
[ 260000/300000]  eval(5)= 909.39 +/- 38.08   n_per_axis=[16, 15, 16, 16, 18, 14]
[ 260000/300000]  ep= 260  reward(last50)= 902.40  n_per_axis=[16, 15, 16, 16, 18, 14]  total_splits=82
[ 270000/300000]  ep= 270  reward(last50)= 898.34  n_per_axis=[16, 15, 16, 16, 18, 14]  total_splits=82
[ 280000/300000]  eval(5)= 912.65 +/- 32.16   n_per_axis=[16, 15, 16, 16, 18, 14]
[ 280000/300000]  ep= 280  reward(last50)= 899.42  n_per_axis=[16, 15, 16, 16, 18, 14]  total_splits=82
[ 290000/300000]  ep= 290  reward(last50)= 906.37  n_per_axis=[16, 15, 16, 16, 18, 14]  total_splits=82
[ 300000/300000]  eval(5)= 942.37 +/- 12.77   n_per_axis=[16, 15, 16, 16, 18, 14]
[ 300000/300000]  ep= 300  reward(last50)= 909.78  n_per_axis=[16, 15, 16, 16, 18, 14]  total_splits=82
Saved BranchingDQN checkpoint to checkpoints/dmcs/walker-walk/efficiency/zooming_n16_seed43.pt

Evaluating (deterministic)...
Eval(10): mean=934.15  std=18.41
Final n_per_axis: [16, 15, 16, 16, 18, 14]  total_cells: 95/96  total_splits: 82
Split history: 42 events, steps 10000 to 250000
