/home/bruinml/anaconda3/envs/highway/lib/python3.11/site-packages/glfw/__init__.py:917: GLFWError: (65550) b'X11: The DISPLAY environment variable is missing'
  warnings.warn(message, GLFWError)
/home/bruinml/anaconda3/envs/highway/lib/python3.11/site-packages/pygame/pkgdata.py:25: UserWarning: pkg_resources is deprecated as an API. See https://setuptools.pypa.io/en/latest/pkg_resources.html. The pkg_resources package is slated for removal as early as 2025-11-30. Refrain from using this package or pin to Setuptools<81.
  from pkg_resources import resource_stream, resource_exists
/home/bruinml/anaconda3/envs/highway/lib/python3.11/site-packages/torch/cuda/__init__.py:180: UserWarning: CUDA initialization: The NVIDIA driver on your system is too old (found version 12080). Please update your GPU driver by downloading and installing a new version from the URL: http://www.nvidia.com/Download/index.aspx Alternatively, go to: https://pytorch.org to install a PyTorch version that has been compiled with your version of the CUDA driver. (Triggered internally at /pytorch/c10/cuda/CUDAFunctions.cpp:119.)
  return torch._C._cuda_getDeviceCount() > 0
Zooming DQN on dm_control/walker-walk  da=6  init_depth=1 (start=12 cells)  n=128 -> total_budget=768  seed=44  steps=300000
[  10000/300000]  ep=  10  reward(last50)=  27.51  n_per_axis=[6, 6, 6, 6, 6, 6]  total_splits=12
[  20000/300000]  eval(5)=  40.60 +/- 18.14   n_per_axis=[24, 24, 24, 24, 24, 24]
[  20000/300000]  ep=  20  reward(last50)=  37.97  n_per_axis=[24, 24, 24, 24, 24, 24]  total_splits=84
[  30000/300000]  ep=  30  reward(last50)=  57.64  n_per_axis=[27, 26, 23, 27, 25, 23]  total_splits=91
[  40000/300000]  eval(5)= 126.66 +/- 49.95   n_per_axis=[35, 39, 39, 37, 39, 39]
[  40000/300000]  ep=  40  reward(last50)=  83.35  n_per_axis=[35, 39, 39, 37, 39, 39]  total_splits=141
[  50000/300000]  ep=  50  reward(last50)= 104.96  n_per_axis=[42, 42, 42, 42, 45, 42]  total_splits=158
[  60000/300000]  eval(5)= 262.20 +/- 50.55   n_per_axis=[44, 42, 42, 42, 45, 42]
[  60000/300000]  ep=  60  reward(last50)= 160.41  n_per_axis=[44, 42, 42, 42, 45, 42]  total_splits=160
[  70000/300000]  ep=  70  reward(last50)= 219.61  n_per_axis=[48, 44, 48, 42, 48, 48]  total_splits=174
[  80000/300000]  eval(5)= 521.43 +/- 45.46   n_per_axis=[48, 48, 48, 41, 48, 48]
[  80000/300000]  ep=  80  reward(last50)= 286.62  n_per_axis=[48, 48, 48, 41, 48, 48]  total_splits=176
[  90000/300000]  ep=  90  reward(last50)= 359.35  n_per_axis=[48, 48, 48, 45, 48, 48]  total_splits=178
[ 100000/300000]  eval(5)= 498.68 +/- 31.90   n_per_axis=[48, 48, 48, 44, 48, 49]
[ 100000/300000]  ep= 100  reward(last50)= 439.87  n_per_axis=[48, 48, 48, 44, 48, 49]  total_splits=179
[ 110000/300000]  ep= 110  reward(last50)= 487.96  n_per_axis=[50, 49, 51, 47, 48, 51]  total_splits=187
[ 120000/300000]  eval(5)= 687.57 +/- 55.97   n_per_axis=[54, 51, 51, 51, 49, 52]
[ 120000/300000]  ep= 120  reward(last50)= 544.78  n_per_axis=[54, 51, 51, 51, 49, 52]  total_splits=194
[ 130000/300000]  ep= 130  reward(last50)= 604.88  n_per_axis=[54, 51, 51, 51, 51, 54]  total_splits=196
[ 140000/300000]  eval(5)= 728.73 +/- 16.79   n_per_axis=[54, 54, 50, 52, 52, 54]
[ 140000/300000]  ep= 140  reward(last50)= 627.42  n_per_axis=[54, 54, 50, 52, 52, 54]  total_splits=200
[ 150000/300000]  ep= 150  reward(last50)= 644.28  n_per_axis=[56, 53, 54, 54, 54, 53]  total_splits=208
[ 160000/300000]  eval(5)= 707.13 +/- 96.63   n_per_axis=[60, 57, 55, 57, 66, 57]
[ 160000/300000]  ep= 160  reward(last50)= 679.33  n_per_axis=[60, 57, 55, 57, 66, 57]  total_splits=223
[ 170000/300000]  ep= 170  reward(last50)= 705.30  n_per_axis=[60, 56, 57, 57, 66, 60]  total_splits=226
[ 180000/300000]  eval(5)= 807.30 +/- 35.68   n_per_axis=[63, 61, 58, 57, 66, 59]
[ 180000/300000]  ep= 180  reward(last50)= 711.38  n_per_axis=[63, 61, 58, 57, 66, 59]  total_splits=232
[ 190000/300000]  ep= 190  reward(last50)= 722.87  n_per_axis=[66, 63, 60, 57, 66, 64]  total_splits=239
[ 200000/300000]  eval(5)= 804.22 +/- 117.28  n_per_axis=[66, 63, 59, 58, 66, 69]
[ 200000/300000]  ep= 200  reward(last50)= 749.25  n_per_axis=[66, 63, 59, 58, 66, 69]  total_splits=243
[ 210000/300000]  ep= 210  reward(last50)= 774.35  n_per_axis=[66, 63, 62, 57, 65, 69]  total_splits=245
[ 220000/300000]  eval(5)= 764.38 +/- 40.64   n_per_axis=[66, 62, 65, 64, 69, 69]
[ 220000/300000]  ep= 220  reward(last50)= 767.45  n_per_axis=[66, 62, 65, 64, 69, 69]  total_splits=253
[ 230000/300000]  ep= 230  reward(last50)= 776.47  n_per_axis=[66, 64, 68, 66, 70, 70]  total_splits=259
[ 240000/300000]  eval(5)= 526.62 +/- 57.94   n_per_axis=[66, 65, 72, 66, 72, 71]
[ 240000/300000]  ep= 240  reward(last50)= 797.58  n_per_axis=[66, 65, 72, 66, 72, 71]  total_splits=266
[ 250000/300000]  ep= 250  reward(last50)= 778.51  n_per_axis=[65, 75, 71, 66, 78, 75]  total_splits=276
[ 260000/300000]  eval(5)= 603.88 +/- 50.01   n_per_axis=[69, 77, 74, 66, 79, 75]
[ 260000/300000]  ep= 260  reward(last50)= 754.17  n_per_axis=[69, 77, 74, 66, 79, 75]  total_splits=283
[ 270000/300000]  ep= 270  reward(last50)= 769.18  n_per_axis=[69, 81, 80, 68, 81, 76]  total_splits=293
[ 280000/300000]  eval(5)= 519.84 +/- 100.93  n_per_axis=[71, 81, 84, 72, 84, 78]
[ 280000/300000]  ep= 280  reward(last50)= 753.25  n_per_axis=[71, 81, 84, 72, 84, 78]  total_splits=302
[ 290000/300000]  ep= 290  reward(last50)= 759.77  n_per_axis=[75, 81, 84, 72, 84, 78]  total_splits=304
[ 300000/300000]  eval(5)= 807.50 +/- 46.52   n_per_axis=[75, 81, 85, 73, 84, 77]
[ 300000/300000]  ep= 300  reward(last50)= 771.97  n_per_axis=[75, 81, 85, 73, 84, 77]  total_splits=307
Saved BranchingDQN checkpoint to checkpoints/dmcs/walker-walk/efficiency/zooming_n128_seed44.pt

Evaluating (deterministic)...
Eval(10): mean=838.02  std=58.40
Final n_per_axis: [75, 81, 85, 73, 84, 77]  total_cells: 475/768  total_splits: 307
Split history: 192 events, steps 10000 to 300000
