/home/bruinml/anaconda3/envs/highway/lib/python3.11/site-packages/glfw/__init__.py:917: GLFWError: (65550) b'X11: The DISPLAY environment variable is missing'
  warnings.warn(message, GLFWError)
/home/bruinml/anaconda3/envs/highway/lib/python3.11/site-packages/pygame/pkgdata.py:25: UserWarning: pkg_resources is deprecated as an API. See https://setuptools.pypa.io/en/latest/pkg_resources.html. The pkg_resources package is slated for removal as early as 2025-11-30. Refrain from using this package or pin to Setuptools<81.
  from pkg_resources import resource_stream, resource_exists
/home/bruinml/anaconda3/envs/highway/lib/python3.11/site-packages/torch/cuda/__init__.py:180: UserWarning: CUDA initialization: The NVIDIA driver on your system is too old (found version 12080). Please update your GPU driver by downloading and installing a new version from the URL: http://www.nvidia.com/Download/index.aspx Alternatively, go to: https://pytorch.org to install a PyTorch version that has been compiled with your version of the CUDA driver. (Triggered internally at /pytorch/c10/cuda/CUDAFunctions.cpp:119.)
  return torch._C._cuda_getDeviceCount() > 0
Zooming DQN on dm_control/cartpole-swingup  da=1  init_depth=1 (start=2 cells)  n=32 -> total_budget=32  seed=44  steps=150000
[  10000/150000]  ep=  10  reward(last50)= 179.16  n_per_axis=[6]  total_splits=2
[  20000/150000]  eval(5)=  91.58 +/- 7.00    n_per_axis=[15]
[  20000/150000]  ep=  20  reward(last50)= 153.25  n_per_axis=[15]  total_splits=8
[  30000/150000]  ep=  30  reward(last50)= 150.42  n_per_axis=[16]  total_splits=9
[  40000/150000]  eval(5)= 168.86 +/- 3.46    n_per_axis=[24]
[  40000/150000]  ep=  40  reward(last50)= 156.10  n_per_axis=[24]  total_splits=14
[  50000/150000]  ep=  50  reward(last50)= 163.78  n_per_axis=[27]  total_splits=16
[  60000/150000]  eval(5)= 153.81 +/- 15.32   n_per_axis=[31]
[  60000/150000]  ep=  60  reward(last50)= 167.66  n_per_axis=[31]  total_splits=20
[  70000/150000]  ep=  70  reward(last50)= 191.20  n_per_axis=[31]  total_splits=20
[  80000/150000]  eval(5)= 191.01 +/- 3.63    n_per_axis=[31]
[  80000/150000]  ep=  80  reward(last50)= 224.77  n_per_axis=[31]  total_splits=20
[  90000/150000]  ep=  90  reward(last50)= 253.86  n_per_axis=[31]  total_splits=20
[ 100000/150000]  eval(5)= 461.26 +/- 10.00   n_per_axis=[31]
[ 100000/150000]  ep= 100  reward(last50)= 290.04  n_per_axis=[31]  total_splits=20
[ 110000/150000]  ep= 110  reward(last50)= 345.44  n_per_axis=[32]  total_splits=21
[ 120000/150000]  eval(5)=  88.55 +/- 162.49  n_per_axis=[31]
[ 120000/150000]  ep= 120  reward(last50)= 405.48  n_per_axis=[31]  total_splits=21
[ 130000/150000]  ep= 130  reward(last50)= 467.03  n_per_axis=[32]  total_splits=22
[ 140000/150000]  eval(5)= 647.82 +/- 1.47    n_per_axis=[32]
[ 140000/150000]  ep= 140  reward(last50)= 540.33  n_per_axis=[32]  total_splits=22
[ 150000/150000]  eval(5)= 676.10 +/- 6.77    n_per_axis=[32]
[ 150000/150000]  ep= 150  reward(last50)= 601.55  n_per_axis=[32]  total_splits=22
Saved BranchingDQN checkpoint to checkpoints/dmcs/cartpole-swingup/robustness/zooming_bp32_seed44.pt

Evaluating (deterministic)...
Eval(10): mean=685.02  std=9.03
Final n_per_axis: [32]  total_cells: 32/32  total_splits: 22
Split history: 14 events, steps 10000 to 126000
