/home/bruinml/anaconda3/envs/highway/lib/python3.11/site-packages/glfw/__init__.py:917: GLFWError: (65550) b'X11: The DISPLAY environment variable is missing'
  warnings.warn(message, GLFWError)
/home/bruinml/anaconda3/envs/highway/lib/python3.11/site-packages/pygame/pkgdata.py:25: UserWarning: pkg_resources is deprecated as an API. See https://setuptools.pypa.io/en/latest/pkg_resources.html. The pkg_resources package is slated for removal as early as 2025-11-30. Refrain from using this package or pin to Setuptools<81.
  from pkg_resources import resource_stream, resource_exists
/home/bruinml/anaconda3/envs/highway/lib/python3.11/site-packages/torch/cuda/__init__.py:180: UserWarning: CUDA initialization: The NVIDIA driver on your system is too old (found version 12080). Please update your GPU driver by downloading and installing a new version from the URL: http://www.nvidia.com/Download/index.aspx Alternatively, go to: https://pytorch.org to install a PyTorch version that has been compiled with your version of the CUDA driver. (Triggered internally at /pytorch/c10/cuda/CUDAFunctions.cpp:119.)
  return torch._C._cuda_getDeviceCount() > 0
Zooming DQN on dm_control/cartpole-swingup  da=1  init_depth=1 (start=2 cells)  n=32 -> total_budget=32  seed=44  steps=150000
[  10000/150000]  ep=  10  reward(last50)= 181.67  n_per_axis=[6]  total_splits=2
[  20000/150000]  eval(5)= 156.61 +/- 4.01    n_per_axis=[24]
[  20000/150000]  ep=  20  reward(last50)= 183.76  n_per_axis=[24]  total_splits=14
[  30000/150000]  ep=  30  reward(last50)= 188.83  n_per_axis=[32]  total_splits=22
[  40000/150000]  eval(5)= 317.13 +/- 26.69   n_per_axis=[32]
[  40000/150000]  ep=  40  reward(last50)= 226.43  n_per_axis=[32]  total_splits=22
[  50000/150000]  ep=  50  reward(last50)= 262.54  n_per_axis=[32]  total_splits=22
[  60000/150000]  eval(5)= 581.43 +/- 49.83   n_per_axis=[32]
[  60000/150000]  ep=  60  reward(last50)= 327.38  n_per_axis=[32]  total_splits=22
[  70000/150000]  ep=  70  reward(last50)= 412.38  n_per_axis=[32]  total_splits=22
[  80000/150000]  eval(5)= 673.38 +/- 5.49    n_per_axis=[32]
[  80000/150000]  ep=  80  reward(last50)= 503.37  n_per_axis=[32]  total_splits=23
[  90000/150000]  ep=  90  reward(last50)= 572.33  n_per_axis=[31]  total_splits=23
[ 100000/150000]  eval(5)= 731.17 +/- 25.65   n_per_axis=[31]
[ 100000/150000]  ep= 100  reward(last50)= 648.47  n_per_axis=[31]  total_splits=23
[ 110000/150000]  ep= 110  reward(last50)= 700.81  n_per_axis=[31]  total_splits=23
[ 120000/150000]  eval(5)= 382.85 +/- 170.21  n_per_axis=[32]
[ 120000/150000]  ep= 120  reward(last50)= 700.96  n_per_axis=[32]  total_splits=24
[ 130000/150000]  ep= 130  reward(last50)= 694.86  n_per_axis=[31]  total_splits=24
[ 140000/150000]  eval(5)= 617.83 +/- 84.15   n_per_axis=[31]
[ 140000/150000]  ep= 140  reward(last50)= 688.84  n_per_axis=[31]  total_splits=25
[ 150000/150000]  eval(5)= 225.73 +/- 196.40  n_per_axis=[32]
[ 150000/150000]  ep= 150  reward(last50)= 658.23  n_per_axis=[32]  total_splits=26
Saved BranchingDQN checkpoint to checkpoints/dmcs/cartpole-swingup/robustness/zooming_bp8_seed44.pt

Evaluating (deterministic)...
Eval(10): mean=128.39  std=10.40
Final n_per_axis: [32]  total_cells: 32/32  total_splits: 26
Split history: 10 events, steps 10000 to 150000
