/home/bruinml/anaconda3/envs/highway/lib/python3.11/site-packages/glfw/__init__.py:917: GLFWError: (65550) b'X11: The DISPLAY environment variable is missing'
  warnings.warn(message, GLFWError)
/home/bruinml/anaconda3/envs/highway/lib/python3.11/site-packages/pygame/pkgdata.py:25: UserWarning: pkg_resources is deprecated as an API. See https://setuptools.pypa.io/en/latest/pkg_resources.html. The pkg_resources package is slated for removal as early as 2025-11-30. Refrain from using this package or pin to Setuptools<81.
  from pkg_resources import resource_stream, resource_exists
/home/bruinml/anaconda3/envs/highway/lib/python3.11/site-packages/torch/cuda/__init__.py:180: UserWarning: CUDA initialization: The NVIDIA driver on your system is too old (found version 12080). Please update your GPU driver by downloading and installing a new version from the URL: http://www.nvidia.com/Download/index.aspx Alternatively, go to: https://pytorch.org to install a PyTorch version that has been compiled with your version of the CUDA driver. (Triggered internally at /pytorch/c10/cuda/CUDAFunctions.cpp:119.)
  return torch._C._cuda_getDeviceCount() > 0
Zooming DQN on dm_control/cartpole-swingup  da=1  init_depth=1 (start=2 cells)  n=32 -> total_budget=32  seed=43  steps=150000
[  10000/150000]  ep=  10  reward(last50)= 141.63  n_per_axis=[6]  total_splits=2
[  20000/150000]  eval(5)=  89.07 +/- 0.59    n_per_axis=[15]
[  20000/150000]  ep=  20  reward(last50)= 156.57  n_per_axis=[15]  total_splits=9
[  30000/150000]  ep=  30  reward(last50)= 168.59  n_per_axis=[24]  total_splits=14
[  40000/150000]  eval(5)= 174.86 +/- 3.35    n_per_axis=[24]
[  40000/150000]  ep=  40  reward(last50)= 183.52  n_per_axis=[24]  total_splits=14
[  50000/150000]  ep=  50  reward(last50)= 192.96  n_per_axis=[29]  total_splits=18
[  60000/150000]  eval(5)= 294.29 +/- 54.08   n_per_axis=[32]
[  60000/150000]  ep=  60  reward(last50)= 223.75  n_per_axis=[32]  total_splits=20
[  70000/150000]  ep=  70  reward(last50)= 252.86  n_per_axis=[31]  total_splits=20
[  80000/150000]  eval(5)= 486.86 +/- 28.29   n_per_axis=[31]
[  80000/150000]  ep=  80  reward(last50)= 326.75  n_per_axis=[31]  total_splits=20
[  90000/150000]  ep=  90  reward(last50)= 417.03  n_per_axis=[31]  total_splits=20
[ 100000/150000]  eval(5)= 742.18 +/- 43.22   n_per_axis=[31]
[ 100000/150000]  ep= 100  reward(last50)= 509.99  n_per_axis=[31]  total_splits=20
[ 110000/150000]  ep= 110  reward(last50)= 571.34  n_per_axis=[31]  total_splits=21
[ 120000/150000]  eval(5)= 778.80 +/- 1.98    n_per_axis=[32]
[ 120000/150000]  ep= 120  reward(last50)= 648.24  n_per_axis=[32]  total_splits=22
[ 130000/150000]  ep= 130  reward(last50)= 650.96  n_per_axis=[31]  total_splits=22
[ 140000/150000]  eval(5)= 825.81 +/- 4.19    n_per_axis=[31]
[ 140000/150000]  ep= 140  reward(last50)= 651.90  n_per_axis=[31]  total_splits=22
[ 150000/150000]  eval(5)= 348.65 +/- 9.16    n_per_axis=[31]
[ 150000/150000]  ep= 150  reward(last50)= 654.72  n_per_axis=[31]  total_splits=22
Saved BranchingDQN checkpoint to checkpoints/dmcs/cartpole-swingup/robustness/zooming_bp32_seed43.pt

Evaluating (deterministic)...
Eval(10): mean=355.46  std=26.33
Final n_per_axis: [31]  total_cells: 31/32  total_splits: 22
Split history: 12 events, steps 10000 to 118000
