/home/bruinml/anaconda3/envs/highway/lib/python3.11/site-packages/glfw/__init__.py:917: GLFWError: (65550) b'X11: The DISPLAY environment variable is missing'
  warnings.warn(message, GLFWError)
/home/bruinml/anaconda3/envs/highway/lib/python3.11/site-packages/pygame/pkgdata.py:25: UserWarning: pkg_resources is deprecated as an API. See https://setuptools.pypa.io/en/latest/pkg_resources.html. The pkg_resources package is slated for removal as early as 2025-11-30. Refrain from using this package or pin to Setuptools<81.
  from pkg_resources import resource_stream, resource_exists
/home/bruinml/anaconda3/envs/highway/lib/python3.11/site-packages/torch/cuda/__init__.py:180: UserWarning: CUDA initialization: The NVIDIA driver on your system is too old (found version 12080). Please update your GPU driver by downloading and installing a new version from the URL: http://www.nvidia.com/Download/index.aspx Alternatively, go to: https://pytorch.org to install a PyTorch version that has been compiled with your version of the CUDA driver. (Triggered internally at /pytorch/c10/cuda/CUDAFunctions.cpp:119.)
  return torch._C._cuda_getDeviceCount() > 0
Zooming DQN on dm_control/cartpole-swingup  da=1  init_depth=2 (start=4 cells)  n=32 -> total_budget=32  seed=43  steps=150000
[  10000/150000]  ep=  10  reward(last50)= 178.94  n_per_axis=[12]  total_splits=4
[  20000/150000]  eval(5)= 176.95 +/- 29.85   n_per_axis=[24]
[  20000/150000]  ep=  20  reward(last50)= 165.30  n_per_axis=[24]  total_splits=12
[  30000/150000]  ep=  30  reward(last50)= 174.82  n_per_axis=[30]  total_splits=16
[  40000/150000]  eval(5)= 386.35 +/- 95.15   n_per_axis=[31]
[  40000/150000]  ep=  40  reward(last50)= 192.85  n_per_axis=[31]  total_splits=18
[  50000/150000]  ep=  50  reward(last50)= 228.02  n_per_axis=[32]  total_splits=19
[  60000/150000]  eval(5)= 526.43 +/- 77.76   n_per_axis=[32]
[  60000/150000]  ep=  60  reward(last50)= 270.86  n_per_axis=[32]  total_splits=19
[  70000/150000]  ep=  70  reward(last50)= 348.08  n_per_axis=[32]  total_splits=19
[  80000/150000]  eval(5)= 612.26 +/- 27.92   n_per_axis=[31]
[  80000/150000]  ep=  80  reward(last50)= 426.19  n_per_axis=[31]  total_splits=19
[  90000/150000]  ep=  90  reward(last50)= 505.92  n_per_axis=[31]  total_splits=19
[ 100000/150000]  eval(5)= 468.70 +/- 84.17   n_per_axis=[31]
[ 100000/150000]  ep= 100  reward(last50)= 564.41  n_per_axis=[31]  total_splits=19
[ 110000/150000]  ep= 110  reward(last50)= 585.49  n_per_axis=[32]  total_splits=21
[ 120000/150000]  eval(5)= 724.71 +/- 13.87   n_per_axis=[31]
[ 120000/150000]  ep= 120  reward(last50)= 603.10  n_per_axis=[31]  total_splits=21
[ 130000/150000]  ep= 130  reward(last50)= 585.12  n_per_axis=[32]  total_splits=22
[ 140000/150000]  eval(5)= 749.46 +/- 5.32    n_per_axis=[32]
[ 140000/150000]  ep= 140  reward(last50)= 575.41  n_per_axis=[32]  total_splits=22
[ 150000/150000]  eval(5)= 282.80 +/- 99.96   n_per_axis=[32]
[ 150000/150000]  ep= 150  reward(last50)= 573.22  n_per_axis=[32]  total_splits=22
Saved BranchingDQN checkpoint to checkpoints/dmcs/cartpole-swingup/robustness/zooming_id2_seed43.pt

Evaluating (deterministic)...
Eval(10): mean=247.65  std=132.02
Final n_per_axis: [32]  total_cells: 32/32  total_splits: 22
Split history: 10 events, steps 10000 to 124000
