/home/bruinml/anaconda3/envs/highway/lib/python3.11/site-packages/glfw/__init__.py:917: GLFWError: (65550) b'X11: The DISPLAY environment variable is missing'
  warnings.warn(message, GLFWError)
/home/bruinml/anaconda3/envs/highway/lib/python3.11/site-packages/pygame/pkgdata.py:25: UserWarning: pkg_resources is deprecated as an API. See https://setuptools.pypa.io/en/latest/pkg_resources.html. The pkg_resources package is slated for removal as early as 2025-11-30. Refrain from using this package or pin to Setuptools<81.
  from pkg_resources import resource_stream, resource_exists
/home/bruinml/anaconda3/envs/highway/lib/python3.11/site-packages/torch/cuda/__init__.py:180: UserWarning: CUDA initialization: The NVIDIA driver on your system is too old (found version 12080). Please update your GPU driver by downloading and installing a new version from the URL: http://www.nvidia.com/Download/index.aspx Alternatively, go to: https://pytorch.org to install a PyTorch version that has been compiled with your version of the CUDA driver. (Triggered internally at /pytorch/c10/cuda/CUDAFunctions.cpp:119.)
  return torch._C._cuda_getDeviceCount() > 0
Zooming DQN on dm_control/cartpole-swingup  da=1  init_depth=1 (start=2 cells)  n=32 -> total_budget=32  seed=42  steps=150000
[  10000/150000]  ep=  10  reward(last50)=  78.75  n_per_axis=[6]  total_splits=2
[  20000/150000]  eval(5)= 205.69 +/- 49.14   n_per_axis=[24]
[  20000/150000]  ep=  20  reward(last50)= 140.79  n_per_axis=[24]  total_splits=14
[  30000/150000]  ep=  30  reward(last50)= 183.13  n_per_axis=[32]  total_splits=21
[  40000/150000]  eval(5)= 167.13 +/- 0.43    n_per_axis=[32]
[  40000/150000]  ep=  40  reward(last50)= 197.45  n_per_axis=[32]  total_splits=22
[  50000/150000]  ep=  50  reward(last50)= 232.45  n_per_axis=[32]  total_splits=22
[  60000/150000]  eval(5)= 628.02 +/- 39.74   n_per_axis=[32]
[  60000/150000]  ep=  60  reward(last50)= 312.73  n_per_axis=[32]  total_splits=22
[  70000/150000]  ep=  70  reward(last50)= 389.81  n_per_axis=[31]  total_splits=22
[  80000/150000]  eval(5)= 726.15 +/- 10.02   n_per_axis=[32]
[  80000/150000]  ep=  80  reward(last50)= 478.32  n_per_axis=[32]  total_splits=24
[  90000/150000]  ep=  90  reward(last50)= 578.84  n_per_axis=[32]  total_splits=25
[ 100000/150000]  eval(5)= 775.93 +/- 0.50    n_per_axis=[32]
[ 100000/150000]  ep= 100  reward(last50)= 668.15  n_per_axis=[32]  total_splits=25
[ 110000/150000]  ep= 110  reward(last50)= 730.76  n_per_axis=[31]  total_splits=25
[ 120000/150000]  eval(5)= 662.36 +/- 64.70   n_per_axis=[32]
[ 120000/150000]  ep= 120  reward(last50)= 759.52  n_per_axis=[32]  total_splits=26
[ 130000/150000]  ep= 130  reward(last50)= 768.42  n_per_axis=[32]  total_splits=26
[ 140000/150000]  eval(5)= 779.07 +/- 7.52    n_per_axis=[32]
[ 140000/150000]  ep= 140  reward(last50)= 780.75  n_per_axis=[32]  total_splits=26
[ 150000/150000]  eval(5)= 402.55 +/- 156.56  n_per_axis=[32]
[ 150000/150000]  ep= 150  reward(last50)= 743.94  n_per_axis=[32]  total_splits=26
Saved BranchingDQN checkpoint to checkpoints/dmcs/cartpole-swingup/robustness/zooming_bp8_seed42.pt

Evaluating (deterministic)...
Eval(10): mean=406.73  std=155.91
Final n_per_axis: [32]  total_cells: 32/32  total_splits: 26
Split history: 11 events, steps 10000 to 118000
