/home/bruinml/anaconda3/envs/highway/lib/python3.11/site-packages/glfw/__init__.py:917: GLFWError: (65550) b'X11: The DISPLAY environment variable is missing'
  warnings.warn(message, GLFWError)
/home/bruinml/anaconda3/envs/highway/lib/python3.11/site-packages/pygame/pkgdata.py:25: UserWarning: pkg_resources is deprecated as an API. See https://setuptools.pypa.io/en/latest/pkg_resources.html. The pkg_resources package is slated for removal as early as 2025-11-30. Refrain from using this package or pin to Setuptools<81.
  from pkg_resources import resource_stream, resource_exists
/home/bruinml/anaconda3/envs/highway/lib/python3.11/site-packages/torch/cuda/__init__.py:180: UserWarning: CUDA initialization: The NVIDIA driver on your system is too old (found version 12080). Please update your GPU driver by downloading and installing a new version from the URL: http://www.nvidia.com/Download/index.aspx Alternatively, go to: https://pytorch.org to install a PyTorch version that has been compiled with your version of the CUDA driver. (Triggered internally at /pytorch/c10/cuda/CUDAFunctions.cpp:119.)
  return torch._C._cuda_getDeviceCount() > 0
Zooming DQN on dm_control/cartpole-swingup  da=1  init_depth=2 (start=4 cells)  n=32 -> total_budget=32  seed=42  steps=150000
[  10000/150000]  ep=  10  reward(last50)= 105.30  n_per_axis=[12]  total_splits=4
[  20000/150000]  eval(5)= 224.42 +/- 66.64   n_per_axis=[24]
[  20000/150000]  ep=  20  reward(last50)= 157.16  n_per_axis=[24]  total_splits=12
[  30000/150000]  ep=  30  reward(last50)= 170.25  n_per_axis=[26]  total_splits=14
[  40000/150000]  eval(5)= 142.68 +/- 2.34    n_per_axis=[31]
[  40000/150000]  ep=  40  reward(last50)= 200.78  n_per_axis=[31]  total_splits=18
[  50000/150000]  ep=  50  reward(last50)= 207.34  n_per_axis=[31]  total_splits=19
[  60000/150000]  eval(5)= 556.87 +/- 85.12   n_per_axis=[32]
[  60000/150000]  ep=  60  reward(last50)= 256.37  n_per_axis=[32]  total_splits=20
[  70000/150000]  ep=  70  reward(last50)= 318.44  n_per_axis=[32]  total_splits=20
[  80000/150000]  eval(5)= 667.82 +/- 9.75    n_per_axis=[32]
[  80000/150000]  ep=  80  reward(last50)= 391.17  n_per_axis=[32]  total_splits=20
[  90000/150000]  ep=  90  reward(last50)= 472.45  n_per_axis=[31]  total_splits=20
[ 100000/150000]  eval(5)= 691.53 +/- 30.31   n_per_axis=[32]
[ 100000/150000]  ep= 100  reward(last50)= 570.62  n_per_axis=[32]  total_splits=21
[ 110000/150000]  ep= 110  reward(last50)= 647.62  n_per_axis=[31]  total_splits=21
[ 120000/150000]  eval(5)= 786.37 +/- 1.58    n_per_axis=[31]
[ 120000/150000]  ep= 120  reward(last50)= 701.72  n_per_axis=[31]  total_splits=21
[ 130000/150000]  ep= 130  reward(last50)= 733.66  n_per_axis=[31]  total_splits=21
[ 140000/150000]  eval(5)= 432.39 +/- 39.17   n_per_axis=[31]
[ 140000/150000]  ep= 140  reward(last50)= 688.73  n_per_axis=[31]  total_splits=21
[ 150000/150000]  eval(5)= 582.72 +/- 72.02   n_per_axis=[31]
[ 150000/150000]  ep= 150  reward(last50)= 646.55  n_per_axis=[31]  total_splits=21
Saved BranchingDQN checkpoint to checkpoints/dmcs/cartpole-swingup/robustness/zooming_id2_seed42.pt

Evaluating (deterministic)...
Eval(10): mean=555.83  std=64.78
Final n_per_axis: [31]  total_cells: 31/32  total_splits: 21
Split history: 10 events, steps 10000 to 100000
