/home/bruinml/anaconda3/envs/highway/lib/python3.11/site-packages/glfw/__init__.py:917: GLFWError: (65550) b'X11: The DISPLAY environment variable is missing'
  warnings.warn(message, GLFWError)
/home/bruinml/anaconda3/envs/highway/lib/python3.11/site-packages/pygame/pkgdata.py:25: UserWarning: pkg_resources is deprecated as an API. See https://setuptools.pypa.io/en/latest/pkg_resources.html. The pkg_resources package is slated for removal as early as 2025-11-30. Refrain from using this package or pin to Setuptools<81.
  from pkg_resources import resource_stream, resource_exists
/home/bruinml/anaconda3/envs/highway/lib/python3.11/site-packages/torch/cuda/__init__.py:180: UserWarning: CUDA initialization: The NVIDIA driver on your system is too old (found version 12080). Please update your GPU driver by downloading and installing a new version from the URL: http://www.nvidia.com/Download/index.aspx Alternatively, go to: https://pytorch.org to install a PyTorch version that has been compiled with your version of the CUDA driver. (Triggered internally at /pytorch/c10/cuda/CUDAFunctions.cpp:119.)
  return torch._C._cuda_getDeviceCount() > 0
SAC on dm_control/cartpole-swingup  seed=43  steps=150000
[  10000/150000]  ep=  10  reward(last50)=  25.08  alpha=0.1000
[  20000/150000]  eval(5)= 141.58 +/- 13.73   alpha=0.0292
[  20000/150000]  ep=  20  reward(last50)=  38.84  alpha=0.0292
[  30000/150000]  ep=  30  reward(last50)=  99.17  alpha=0.0129
[  40000/150000]  eval(5)= 324.14 +/- 7.75    alpha=0.0101
[  40000/150000]  ep=  40  reward(last50)= 151.77  alpha=0.0101
[  50000/150000]  ep=  50  reward(last50)= 176.53  alpha=0.0081
[  60000/150000]  eval(5)= 365.74 +/- 19.53   alpha=0.0096
[  60000/150000]  ep=  60  reward(last50)= 235.00  alpha=0.0096
[  70000/150000]  ep=  70  reward(last50)= 287.08  alpha=0.0144
[  80000/150000]  eval(5)= 315.79 +/- 6.99    alpha=0.0170
[  80000/150000]  ep=  80  reward(last50)= 319.47  alpha=0.0170
[  90000/150000]  ep=  90  reward(last50)= 327.89  alpha=0.0148
[ 100000/150000]  eval(5)= 530.42 +/- 9.73    alpha=0.0129
[ 100000/150000]  ep= 100  reward(last50)= 362.48  alpha=0.0129
[ 110000/150000]  ep= 110  reward(last50)= 397.64  alpha=0.0139
[ 120000/150000]  eval(5)= 599.79 +/- 0.38    alpha=0.0149
[ 120000/150000]  ep= 120  reward(last50)= 441.12  alpha=0.0149
[ 130000/150000]  ep= 130  reward(last50)= 480.97  alpha=0.0145
[ 140000/150000]  eval(5)= 598.43 +/- 0.15    alpha=0.0160
[ 140000/150000]  ep= 140  reward(last50)= 528.37  alpha=0.0160
[ 150000/150000]  eval(5)= 626.78 +/- 0.21    alpha=0.0166
[ 150000/150000]  ep= 150  reward(last50)= 559.35  alpha=0.0166
Saved SAC checkpoint to checkpoints/dmcs/cartpole-swingup/efficiency/sac_seed43.pt

Evaluating (deterministic)...
Eval(10): mean=627.00  std=0.13
