/home/bruinml/anaconda3/envs/highway/lib/python3.11/site-packages/glfw/__init__.py:917: GLFWError: (65550) b'X11: The DISPLAY environment variable is missing'
  warnings.warn(message, GLFWError)
/home/bruinml/anaconda3/envs/highway/lib/python3.11/site-packages/pygame/pkgdata.py:25: UserWarning: pkg_resources is deprecated as an API. See https://setuptools.pypa.io/en/latest/pkg_resources.html. The pkg_resources package is slated for removal as early as 2025-11-30. Refrain from using this package or pin to Setuptools<81.
  from pkg_resources import resource_stream, resource_exists
/home/bruinml/anaconda3/envs/highway/lib/python3.11/site-packages/torch/cuda/__init__.py:180: UserWarning: CUDA initialization: The NVIDIA driver on your system is too old (found version 12080). Please update your GPU driver by downloading and installing a new version from the URL: http://www.nvidia.com/Download/index.aspx Alternatively, go to: https://pytorch.org to install a PyTorch version that has been compiled with your version of the CUDA driver. (Triggered internally at /pytorch/c10/cuda/CUDAFunctions.cpp:119.)
  return torch._C._cuda_getDeviceCount() > 0
SAC on dm_control/cartpole-swingup  seed=44  steps=150000
[  10000/150000]  ep=  10  reward(last50)=  22.48  alpha=0.1000
[  20000/150000]  eval(5)= 208.71 +/- 2.10    alpha=0.0292
[  20000/150000]  ep=  20  reward(last50)=  39.19  alpha=0.0292
[  30000/150000]  ep=  30  reward(last50)= 102.47  alpha=0.0118
[  40000/150000]  eval(5)= 388.98 +/- 0.72    alpha=0.0081
[  40000/150000]  ep=  40  reward(last50)= 149.85  alpha=0.0081
[  50000/150000]  ep=  50  reward(last50)= 201.88  alpha=0.0091
[  60000/150000]  eval(5)= 513.49 +/- 0.87    alpha=0.0098
[  60000/150000]  ep=  60  reward(last50)= 283.63  alpha=0.0098
[  70000/150000]  ep=  70  reward(last50)= 378.68  alpha=0.0122
[  80000/150000]  eval(5)= 552.22 +/- 20.05   alpha=0.0148
[  80000/150000]  ep=  80  reward(last50)= 448.09  alpha=0.0148
[  90000/150000]  ep=  90  reward(last50)= 525.20  alpha=0.0172
[ 100000/150000]  eval(5)= 737.01 +/- 1.85    alpha=0.0183
[ 100000/150000]  ep= 100  reward(last50)= 565.95  alpha=0.0183
[ 110000/150000]  ep= 110  reward(last50)= 624.25  alpha=0.0183
[ 120000/150000]  eval(5)= 833.09 +/- 0.58    alpha=0.0177
[ 120000/150000]  ep= 120  reward(last50)= 672.57  alpha=0.0177
[ 130000/150000]  ep= 130  reward(last50)= 711.55  alpha=0.0168
[ 140000/150000]  eval(5)= 747.09 +/- 0.24    alpha=0.0182
[ 140000/150000]  ep= 140  reward(last50)= 728.94  alpha=0.0182
[ 150000/150000]  eval(5)= 715.21 +/- 0.06    alpha=0.0202
[ 150000/150000]  ep= 150  reward(last50)= 762.63  alpha=0.0202
Saved SAC checkpoint to checkpoints/dmcs/cartpole-swingup/efficiency/sac_seed44.pt

Evaluating (deterministic)...
Eval(10): mean=715.02  std=0.18
