/home/bruinml/anaconda3/envs/highway/lib/python3.11/site-packages/glfw/__init__.py:917: GLFWError: (65550) b'X11: The DISPLAY environment variable is missing'
  warnings.warn(message, GLFWError)
/home/bruinml/anaconda3/envs/highway/lib/python3.11/site-packages/pygame/pkgdata.py:25: UserWarning: pkg_resources is deprecated as an API. See https://setuptools.pypa.io/en/latest/pkg_resources.html. The pkg_resources package is slated for removal as early as 2025-11-30. Refrain from using this package or pin to Setuptools<81.
  from pkg_resources import resource_stream, resource_exists
/home/bruinml/anaconda3/envs/highway/lib/python3.11/site-packages/torch/cuda/__init__.py:180: UserWarning: CUDA initialization: The NVIDIA driver on your system is too old (found version 12080). Please update your GPU driver by downloading and installing a new version from the URL: http://www.nvidia.com/Download/index.aspx Alternatively, go to: https://pytorch.org to install a PyTorch version that has been compiled with your version of the CUDA driver. (Triggered internally at /pytorch/c10/cuda/CUDAFunctions.cpp:119.)
  return torch._C._cuda_getDeviceCount() > 0
SAC on dm_control/cartpole-swingup  seed=42  steps=150000
[  10000/150000]  ep=  10  reward(last50)=  31.35  alpha=0.1000
[  20000/150000]  eval(5)= 181.07 +/- 10.23   alpha=0.0292
[  20000/150000]  ep=  20  reward(last50)=  36.90  alpha=0.0292
[  30000/150000]  ep=  30  reward(last50)=  88.41  alpha=0.0122
[  40000/150000]  eval(5)= 407.56 +/- 2.79    alpha=0.0081
[  40000/150000]  ep=  40  reward(last50)= 135.95  alpha=0.0081
[  50000/150000]  ep=  50  reward(last50)= 187.70  alpha=0.0086
[  60000/150000]  eval(5)= 443.80 +/- 68.25   alpha=0.0118
[  60000/150000]  ep=  60  reward(last50)= 277.73  alpha=0.0118
[  70000/150000]  ep=  70  reward(last50)= 362.18  alpha=0.0150
[  80000/150000]  eval(5)= 507.83 +/- 4.98    alpha=0.0177
[  80000/150000]  ep=  80  reward(last50)= 418.05  alpha=0.0177
[  90000/150000]  ep=  90  reward(last50)= 468.96  alpha=0.0204
[ 100000/150000]  eval(5)= 640.93 +/- 0.37    alpha=0.0216
[ 100000/150000]  ep= 100  reward(last50)= 509.33  alpha=0.0216
[ 110000/150000]  ep= 110  reward(last50)= 539.94  alpha=0.0209
[ 120000/150000]  eval(5)= 739.19 +/- 0.66    alpha=0.0223
[ 120000/150000]  ep= 120  reward(last50)= 582.16  alpha=0.0223
[ 130000/150000]  ep= 130  reward(last50)= 646.64  alpha=0.0245
[ 140000/150000]  eval(5)= 839.44 +/- 0.25    alpha=0.0262
[ 140000/150000]  ep= 140  reward(last50)= 700.85  alpha=0.0262
[ 150000/150000]  eval(5)= 806.26 +/- 0.19    alpha=0.0278
[ 150000/150000]  ep= 150  reward(last50)= 737.44  alpha=0.0278
Saved SAC checkpoint to checkpoints/dmcs/cartpole-swingup/efficiency/sac_seed42.pt

Evaluating (deterministic)...
Eval(10): mean=806.25  std=0.61
