/home/bruinml/anaconda3/envs/highway/lib/python3.11/site-packages/glfw/__init__.py:917: GLFWError: (65550) b'X11: The DISPLAY environment variable is missing'
  warnings.warn(message, GLFWError)
/home/bruinml/anaconda3/envs/highway/lib/python3.11/site-packages/pygame/pkgdata.py:25: UserWarning: pkg_resources is deprecated as an API. See https://setuptools.pypa.io/en/latest/pkg_resources.html. The pkg_resources package is slated for removal as early as 2025-11-30. Refrain from using this package or pin to Setuptools<81.
  from pkg_resources import resource_stream, resource_exists
/home/bruinml/anaconda3/envs/highway/lib/python3.11/site-packages/torch/cuda/__init__.py:180: UserWarning: CUDA initialization: The NVIDIA driver on your system is too old (found version 12080). Please update your GPU driver by downloading and installing a new version from the URL: http://www.nvidia.com/Download/index.aspx Alternatively, go to: https://pytorch.org to install a PyTorch version that has been compiled with your version of the CUDA driver. (Triggered internally at /pytorch/c10/cuda/CUDAFunctions.cpp:119.)
  return torch._C._cuda_getDeviceCount() > 0
Uniform DQN on dm_control/cartpole-swingup  da=1  n=128 (per axis -> 128 total cells)  seed=44  steps=150000
[  10000/150000]  ep=  10  reward(last50)= 140.22  n_per_axis=[128]  total_splits=0
[  20000/150000]  eval(5)= 223.36 +/- 47.52   n_per_axis=[128]
[  20000/150000]  ep=  20  reward(last50)= 167.70  n_per_axis=[128]  total_splits=0
[  30000/150000]  ep=  30  reward(last50)= 182.05  n_per_axis=[128]  total_splits=0
[  40000/150000]  eval(5)= 301.62 +/- 148.86  n_per_axis=[128]
[  40000/150000]  ep=  40  reward(last50)= 201.30  n_per_axis=[128]  total_splits=0
[  50000/150000]  ep=  50  reward(last50)= 245.26  n_per_axis=[128]  total_splits=0
[  60000/150000]  eval(5)= 534.78 +/- 169.85  n_per_axis=[128]
[  60000/150000]  ep=  60  reward(last50)= 294.50  n_per_axis=[128]  total_splits=0
[  70000/150000]  ep=  70  reward(last50)= 351.53  n_per_axis=[128]  total_splits=0
[  80000/150000]  eval(5)= 191.04 +/- 68.40   n_per_axis=[128]
[  80000/150000]  ep=  80  reward(last50)= 402.71  n_per_axis=[128]  total_splits=0
[  90000/150000]  ep=  90  reward(last50)= 455.52  n_per_axis=[128]  total_splits=0
[ 100000/150000]  eval(5)= 282.69 +/- 147.88  n_per_axis=[128]
[ 100000/150000]  ep= 100  reward(last50)= 523.07  n_per_axis=[128]  total_splits=0
[ 110000/150000]  ep= 110  reward(last50)= 552.94  n_per_axis=[128]  total_splits=0
[ 120000/150000]  eval(5)= 144.07 +/- 3.61    n_per_axis=[128]
[ 120000/150000]  ep= 120  reward(last50)= 518.80  n_per_axis=[128]  total_splits=0
[ 130000/150000]  ep= 130  reward(last50)= 506.93  n_per_axis=[128]  total_splits=0
[ 140000/150000]  eval(5)= 213.63 +/- 94.90   n_per_axis=[128]
[ 140000/150000]  ep= 140  reward(last50)= 514.39  n_per_axis=[128]  total_splits=0
[ 150000/150000]  eval(5)= 326.61 +/- 90.80   n_per_axis=[128]
[ 150000/150000]  ep= 150  reward(last50)= 437.31  n_per_axis=[128]  total_splits=0
Saved BranchingDQN checkpoint to checkpoints/dmcs/cartpole-swingup/efficiency/uniform_n128_seed44.pt

Evaluating (deterministic)...
Eval(10): mean=272.12  std=77.43
Final n_per_axis: [128]  total_cells: 128  (uniform; no splits)
