/home/bruinml/anaconda3/envs/highway/lib/python3.11/site-packages/glfw/__init__.py:917: GLFWError: (65550) b'X11: The DISPLAY environment variable is missing'
  warnings.warn(message, GLFWError)
/home/bruinml/anaconda3/envs/highway/lib/python3.11/site-packages/pygame/pkgdata.py:25: UserWarning: pkg_resources is deprecated as an API. See https://setuptools.pypa.io/en/latest/pkg_resources.html. The pkg_resources package is slated for removal as early as 2025-11-30. Refrain from using this package or pin to Setuptools<81.
  from pkg_resources import resource_stream, resource_exists
/home/bruinml/anaconda3/envs/highway/lib/python3.11/site-packages/torch/cuda/__init__.py:180: UserWarning: CUDA initialization: The NVIDIA driver on your system is too old (found version 12080). Please update your GPU driver by downloading and installing a new version from the URL: http://www.nvidia.com/Download/index.aspx Alternatively, go to: https://pytorch.org to install a PyTorch version that has been compiled with your version of the CUDA driver. (Triggered internally at /pytorch/c10/cuda/CUDAFunctions.cpp:119.)
  return torch._C._cuda_getDeviceCount() > 0
Uniform DQN on dm_control/cartpole-swingup  da=1  n=32 (per axis -> 32 total cells)  seed=44  steps=150000
[  10000/150000]  ep=  10  reward(last50)= 149.99  n_per_axis=[32]  total_splits=0
[  20000/150000]  eval(5)= 243.90 +/- 43.63   n_per_axis=[32]
[  20000/150000]  ep=  20  reward(last50)= 174.07  n_per_axis=[32]  total_splits=0
[  30000/150000]  ep=  30  reward(last50)= 187.43  n_per_axis=[32]  total_splits=0
[  40000/150000]  eval(5)= 300.74 +/- 91.19   n_per_axis=[32]
[  40000/150000]  ep=  40  reward(last50)= 212.02  n_per_axis=[32]  total_splits=0
[  50000/150000]  ep=  50  reward(last50)= 241.95  n_per_axis=[32]  total_splits=0
[  60000/150000]  eval(5)= 659.84 +/- 2.58    n_per_axis=[32]
[  60000/150000]  ep=  60  reward(last50)= 314.27  n_per_axis=[32]  total_splits=0
[  70000/150000]  ep=  70  reward(last50)= 389.14  n_per_axis=[32]  total_splits=0
[  80000/150000]  eval(5)= 650.41 +/- 1.96    n_per_axis=[32]
[  80000/150000]  ep=  80  reward(last50)= 467.21  n_per_axis=[32]  total_splits=0
[  90000/150000]  ep=  90  reward(last50)= 547.44  n_per_axis=[32]  total_splits=0
[ 100000/150000]  eval(5)= 639.87 +/- 24.43   n_per_axis=[32]
[ 100000/150000]  ep= 100  reward(last50)= 601.09  n_per_axis=[32]  total_splits=0
[ 110000/150000]  ep= 110  reward(last50)= 601.38  n_per_axis=[32]  total_splits=0
[ 120000/150000]  eval(5)= 802.10 +/- 0.92    n_per_axis=[32]
[ 120000/150000]  ep= 120  reward(last50)= 620.01  n_per_axis=[32]  total_splits=0
[ 130000/150000]  ep= 130  reward(last50)= 622.09  n_per_axis=[32]  total_splits=0
[ 140000/150000]  eval(5)= 611.60 +/- 186.95  n_per_axis=[32]
[ 140000/150000]  ep= 140  reward(last50)= 628.23  n_per_axis=[32]  total_splits=0
[ 150000/150000]  eval(5)= 512.48 +/- 125.08  n_per_axis=[32]
[ 150000/150000]  ep= 150  reward(last50)= 628.91  n_per_axis=[32]  total_splits=0
Saved BranchingDQN checkpoint to checkpoints/dmcs/cartpole-swingup/efficiency/uniform_n32_seed44.pt

Evaluating (deterministic)...
Eval(10): mean=467.88  std=126.59
Final n_per_axis: [32]  total_cells: 32  (uniform; no splits)
