/home/bruinml/anaconda3/envs/highway/lib/python3.11/site-packages/glfw/__init__.py:917: GLFWError: (65550) b'X11: The DISPLAY environment variable is missing'
  warnings.warn(message, GLFWError)
/home/bruinml/anaconda3/envs/highway/lib/python3.11/site-packages/pygame/pkgdata.py:25: UserWarning: pkg_resources is deprecated as an API. See https://setuptools.pypa.io/en/latest/pkg_resources.html. The pkg_resources package is slated for removal as early as 2025-11-30. Refrain from using this package or pin to Setuptools<81.
  from pkg_resources import resource_stream, resource_exists
/home/bruinml/anaconda3/envs/highway/lib/python3.11/site-packages/torch/cuda/__init__.py:180: UserWarning: CUDA initialization: The NVIDIA driver on your system is too old (found version 12080). Please update your GPU driver by downloading and installing a new version from the URL: http://www.nvidia.com/Download/index.aspx Alternatively, go to: https://pytorch.org to install a PyTorch version that has been compiled with your version of the CUDA driver. (Triggered internally at /pytorch/c10/cuda/CUDAFunctions.cpp:119.)
  return torch._C._cuda_getDeviceCount() > 0
Uniform DQN on dm_control/cartpole-swingup  da=1  n=64 (per axis -> 64 total cells)  seed=44  steps=150000
[  10000/150000]  ep=  10  reward(last50)= 144.47  n_per_axis=[64]  total_splits=0
[  20000/150000]  eval(5)= 144.16 +/- 9.40    n_per_axis=[64]
[  20000/150000]  ep=  20  reward(last50)= 168.79  n_per_axis=[64]  total_splits=0
[  30000/150000]  ep=  30  reward(last50)= 188.42  n_per_axis=[64]  total_splits=0
[  40000/150000]  eval(5)= 421.20 +/- 58.17   n_per_axis=[64]
[  40000/150000]  ep=  40  reward(last50)= 223.31  n_per_axis=[64]  total_splits=0
[  50000/150000]  ep=  50  reward(last50)= 246.86  n_per_axis=[64]  total_splits=0
[  60000/150000]  eval(5)= 273.26 +/- 65.01   n_per_axis=[64]
[  60000/150000]  ep=  60  reward(last50)= 306.66  n_per_axis=[64]  total_splits=0
[  70000/150000]  ep=  70  reward(last50)= 361.57  n_per_axis=[64]  total_splits=0
[  80000/150000]  eval(5)= 685.30 +/- 3.52    n_per_axis=[64]
[  80000/150000]  ep=  80  reward(last50)= 445.83  n_per_axis=[64]  total_splits=0
[  90000/150000]  ep=  90  reward(last50)= 514.41  n_per_axis=[64]  total_splits=0
[ 100000/150000]  eval(5)= 798.61 +/- 40.64   n_per_axis=[64]
[ 100000/150000]  ep= 100  reward(last50)= 588.46  n_per_axis=[64]  total_splits=0
[ 110000/150000]  ep= 110  reward(last50)= 649.60  n_per_axis=[64]  total_splits=0
[ 120000/150000]  eval(5)= 759.54 +/- 11.44   n_per_axis=[64]
[ 120000/150000]  ep= 120  reward(last50)= 713.40  n_per_axis=[64]  total_splits=0
[ 130000/150000]  ep= 130  reward(last50)= 731.84  n_per_axis=[64]  total_splits=0
[ 140000/150000]  eval(5)= 499.96 +/- 17.84   n_per_axis=[64]
[ 140000/150000]  ep= 140  reward(last50)= 728.46  n_per_axis=[64]  total_splits=0
[ 150000/150000]  eval(5)= 785.90 +/- 92.44   n_per_axis=[64]
[ 150000/150000]  ep= 150  reward(last50)= 732.17  n_per_axis=[64]  total_splits=0
Saved BranchingDQN checkpoint to checkpoints/dmcs/cartpole-swingup/efficiency/uniform_n64_seed44.pt

Evaluating (deterministic)...
Eval(10): mean=815.60  std=53.30
Final n_per_axis: [64]  total_cells: 64  (uniform; no splits)
