/home/bruinml/anaconda3/envs/highway/lib/python3.11/site-packages/glfw/__init__.py:917: GLFWError: (65550) b'X11: The DISPLAY environment variable is missing'
  warnings.warn(message, GLFWError)
/home/bruinml/anaconda3/envs/highway/lib/python3.11/site-packages/pygame/pkgdata.py:25: UserWarning: pkg_resources is deprecated as an API. See https://setuptools.pypa.io/en/latest/pkg_resources.html. The pkg_resources package is slated for removal as early as 2025-11-30. Refrain from using this package or pin to Setuptools<81.
  from pkg_resources import resource_stream, resource_exists
/home/bruinml/anaconda3/envs/highway/lib/python3.11/site-packages/torch/cuda/__init__.py:180: UserWarning: CUDA initialization: The NVIDIA driver on your system is too old (found version 12080). Please update your GPU driver by downloading and installing a new version from the URL: http://www.nvidia.com/Download/index.aspx Alternatively, go to: https://pytorch.org to install a PyTorch version that has been compiled with your version of the CUDA driver. (Triggered internally at /pytorch/c10/cuda/CUDAFunctions.cpp:119.)
  return torch._C._cuda_getDeviceCount() > 0
Uniform DQN on dm_control/cartpole-swingup  da=1  n=16 (per axis -> 16 total cells)  seed=44  steps=150000
[  10000/150000]  ep=  10  reward(last50)=  21.91  n_per_axis=[16]  total_splits=0
[  20000/150000]  eval(5)= 233.72 +/- 19.13   n_per_axis=[16]
[  20000/150000]  ep=  20  reward(last50)= 106.49  n_per_axis=[16]  total_splits=0
[  30000/150000]  ep=  30  reward(last50)= 158.12  n_per_axis=[16]  total_splits=0
[  40000/150000]  eval(5)= 419.96 +/- 95.68   n_per_axis=[16]
[  40000/150000]  ep=  40  reward(last50)= 195.92  n_per_axis=[16]  total_splits=0
[  50000/150000]  ep=  50  reward(last50)= 250.62  n_per_axis=[16]  total_splits=0
[  60000/150000]  eval(5)= 652.69 +/- 10.90   n_per_axis=[16]
[  60000/150000]  ep=  60  reward(last50)= 370.22  n_per_axis=[16]  total_splits=0
[  70000/150000]  ep=  70  reward(last50)= 466.30  n_per_axis=[16]  total_splits=0
[  80000/150000]  eval(5)= 494.17 +/- 167.83  n_per_axis=[16]
[  80000/150000]  ep=  80  reward(last50)= 535.03  n_per_axis=[16]  total_splits=0
[  90000/150000]  ep=  90  reward(last50)= 592.66  n_per_axis=[16]  total_splits=0
[ 100000/150000]  eval(5)= 386.52 +/- 121.73  n_per_axis=[16]
[ 100000/150000]  ep= 100  reward(last50)= 625.29  n_per_axis=[16]  total_splits=0
[ 110000/150000]  ep= 110  reward(last50)= 606.10  n_per_axis=[16]  total_splits=0
[ 120000/150000]  eval(5)= 421.81 +/- 33.82   n_per_axis=[16]
[ 120000/150000]  ep= 120  reward(last50)= 589.58  n_per_axis=[16]  total_splits=0
[ 130000/150000]  ep= 130  reward(last50)= 597.50  n_per_axis=[16]  total_splits=0
[ 140000/150000]  eval(5)= 665.18 +/- 14.33   n_per_axis=[16]
[ 140000/150000]  ep= 140  reward(last50)= 596.79  n_per_axis=[16]  total_splits=0
[ 150000/150000]  eval(5)= 645.97 +/- 16.35   n_per_axis=[16]
[ 150000/150000]  ep= 150  reward(last50)= 600.03  n_per_axis=[16]  total_splits=0
Saved BranchingDQN checkpoint to checkpoints/dmcs/cartpole-swingup/efficiency/uniform_n16_seed44.pt

Evaluating (deterministic)...
Eval(10): mean=647.29  std=25.26
Final n_per_axis: [16]  total_cells: 16  (uniform; no splits)
