/home/bruinml/anaconda3/envs/highway/lib/python3.11/site-packages/glfw/__init__.py:917: GLFWError: (65550) b'X11: The DISPLAY environment variable is missing'
  warnings.warn(message, GLFWError)
/home/bruinml/anaconda3/envs/highway/lib/python3.11/site-packages/pygame/pkgdata.py:25: UserWarning: pkg_resources is deprecated as an API. See https://setuptools.pypa.io/en/latest/pkg_resources.html. The pkg_resources package is slated for removal as early as 2025-11-30. Refrain from using this package or pin to Setuptools<81.
  from pkg_resources import resource_stream, resource_exists
/home/bruinml/anaconda3/envs/highway/lib/python3.11/site-packages/torch/cuda/__init__.py:180: UserWarning: CUDA initialization: The NVIDIA driver on your system is too old (found version 12080). Please update your GPU driver by downloading and installing a new version from the URL: http://www.nvidia.com/Download/index.aspx Alternatively, go to: https://pytorch.org to install a PyTorch version that has been compiled with your version of the CUDA driver. (Triggered internally at /pytorch/c10/cuda/CUDAFunctions.cpp:119.)
  return torch._C._cuda_getDeviceCount() > 0
Zooming DQN on dm_control/cartpole-swingup  da=1  init_depth=1 (start=2 cells)  n=32 -> total_budget=32  seed=42  steps=150000
[  10000/150000]  ep=  10  reward(last50)=  84.15  n_per_axis=[6]  total_splits=2
[  20000/150000]  eval(5)= 229.03 +/- 19.89   n_per_axis=[24]
[  20000/150000]  ep=  20  reward(last50)= 137.00  n_per_axis=[24]  total_splits=14
[  30000/150000]  ep=  30  reward(last50)= 157.28  n_per_axis=[27]  total_splits=16
[  40000/150000]  eval(5)= 200.62 +/- 1.87    n_per_axis=[32]
[  40000/150000]  ep=  40  reward(last50)= 173.31  n_per_axis=[32]  total_splits=20
[  50000/150000]  ep=  50  reward(last50)= 212.31  n_per_axis=[31]  total_splits=21
[  60000/150000]  eval(5)= 289.01 +/- 2.88    n_per_axis=[31]
[  60000/150000]  ep=  60  reward(last50)= 284.61  n_per_axis=[31]  total_splits=21
[  70000/150000]  ep=  70  reward(last50)= 363.94  n_per_axis=[31]  total_splits=21
[  80000/150000]  eval(5)= 778.73 +/- 1.09    n_per_axis=[32]
[  80000/150000]  ep=  80  reward(last50)= 460.95  n_per_axis=[32]  total_splits=22
[  90000/150000]  ep=  90  reward(last50)= 574.54  n_per_axis=[32]  total_splits=22
[ 100000/150000]  eval(5)= 816.60 +/- 2.77    n_per_axis=[32]
[ 100000/150000]  ep= 100  reward(last50)= 661.13  n_per_axis=[32]  total_splits=22
[ 110000/150000]  ep= 110  reward(last50)= 732.87  n_per_axis=[32]  total_splits=22
[ 120000/150000]  eval(5)= 628.42 +/- 36.93   n_per_axis=[31]
[ 120000/150000]  ep= 120  reward(last50)= 752.47  n_per_axis=[31]  total_splits=23
[ 130000/150000]  ep= 130  reward(last50)= 752.94  n_per_axis=[31]  total_splits=23
[ 140000/150000]  eval(5)= 666.80 +/- 8.62    n_per_axis=[31]
[ 140000/150000]  ep= 140  reward(last50)= 750.69  n_per_axis=[31]  total_splits=23
[ 150000/150000]  eval(5)= 281.26 +/- 68.75   n_per_axis=[32]
[ 150000/150000]  ep= 150  reward(last50)= 727.05  n_per_axis=[32]  total_splits=24
Saved BranchingDQN checkpoint to checkpoints/dmcs/cartpole-swingup/efficiency/zooming_n32_seed42.pt

Evaluating (deterministic)...
Eval(10): mean=250.69  std=58.12
Final n_per_axis: [32]  total_cells: 32/32  total_splits: 24
Split history: 12 events, steps 10000 to 150000
