/home/bruinml/anaconda3/envs/highway/lib/python3.11/site-packages/glfw/__init__.py:917: GLFWError: (65550) b'X11: The DISPLAY environment variable is missing'
  warnings.warn(message, GLFWError)
/home/bruinml/anaconda3/envs/highway/lib/python3.11/site-packages/pygame/pkgdata.py:25: UserWarning: pkg_resources is deprecated as an API. See https://setuptools.pypa.io/en/latest/pkg_resources.html. The pkg_resources package is slated for removal as early as 2025-11-30. Refrain from using this package or pin to Setuptools<81.
  from pkg_resources import resource_stream, resource_exists
/home/bruinml/anaconda3/envs/highway/lib/python3.11/site-packages/torch/cuda/__init__.py:180: UserWarning: CUDA initialization: The NVIDIA driver on your system is too old (found version 12080). Please update your GPU driver by downloading and installing a new version from the URL: http://www.nvidia.com/Download/index.aspx Alternatively, go to: https://pytorch.org to install a PyTorch version that has been compiled with your version of the CUDA driver. (Triggered internally at /pytorch/c10/cuda/CUDAFunctions.cpp:119.)
  return torch._C._cuda_getDeviceCount() > 0
Zooming DQN on dm_control/cartpole-swingup  da=1  init_depth=1 (start=2 cells)  n=32 -> total_budget=32  seed=44  steps=150000
[  10000/150000]  ep=  10  reward(last50)= 171.97  n_per_axis=[6]  total_splits=2
[  20000/150000]  eval(5)=  97.32 +/- 0.90    n_per_axis=[15]
[  20000/150000]  ep=  20  reward(last50)= 156.26  n_per_axis=[15]  total_splits=8
[  30000/150000]  ep=  30  reward(last50)= 154.59  n_per_axis=[23]  total_splits=14
[  40000/150000]  eval(5)= 197.18 +/- 8.17    n_per_axis=[32]
[  40000/150000]  ep=  40  reward(last50)= 164.23  n_per_axis=[32]  total_splits=20
[  50000/150000]  ep=  50  reward(last50)= 169.62  n_per_axis=[31]  total_splits=20
[  60000/150000]  eval(5)= 182.07 +/- 7.92    n_per_axis=[32]
[  60000/150000]  ep=  60  reward(last50)= 179.43  n_per_axis=[32]  total_splits=21
[  70000/150000]  ep=  70  reward(last50)= 195.56  n_per_axis=[32]  total_splits=21
[  80000/150000]  eval(5)= 344.22 +/- 28.45   n_per_axis=[32]
[  80000/150000]  ep=  80  reward(last50)= 222.45  n_per_axis=[32]  total_splits=21
[  90000/150000]  ep=  90  reward(last50)= 254.81  n_per_axis=[32]  total_splits=22
[ 100000/150000]  eval(5)= 415.97 +/- 116.64  n_per_axis=[32]
[ 100000/150000]  ep= 100  reward(last50)= 297.77  n_per_axis=[32]  total_splits=22
[ 110000/150000]  ep= 110  reward(last50)= 349.07  n_per_axis=[31]  total_splits=22
[ 120000/150000]  eval(5)= 179.54 +/- 48.29   n_per_axis=[31]
[ 120000/150000]  ep= 120  reward(last50)= 415.88  n_per_axis=[31]  total_splits=22
[ 130000/150000]  ep= 130  reward(last50)= 456.81  n_per_axis=[32]  total_splits=23
[ 140000/150000]  eval(5)= 431.78 +/- 83.32   n_per_axis=[32]
[ 140000/150000]  ep= 140  reward(last50)= 501.86  n_per_axis=[32]  total_splits=23
[ 150000/150000]  eval(5)= 516.49 +/- 14.39   n_per_axis=[31]
[ 150000/150000]  ep= 150  reward(last50)= 538.68  n_per_axis=[31]  total_splits=23
Saved BranchingDQN checkpoint to checkpoints/dmcs/cartpole-swingup/efficiency/zooming_n32_seed44.pt

Evaluating (deterministic)...
Eval(10): mean=522.80  std=12.14
Final n_per_axis: [31]  total_cells: 31/32  total_splits: 23
Split history: 11 events, steps 10000 to 124000
