/home/bruinml/anaconda3/envs/highway/lib/python3.11/site-packages/glfw/__init__.py:917: GLFWError: (65550) b'X11: The DISPLAY environment variable is missing'
  warnings.warn(message, GLFWError)
/home/bruinml/anaconda3/envs/highway/lib/python3.11/site-packages/pygame/pkgdata.py:25: UserWarning: pkg_resources is deprecated as an API. See https://setuptools.pypa.io/en/latest/pkg_resources.html. The pkg_resources package is slated for removal as early as 2025-11-30. Refrain from using this package or pin to Setuptools<81.
  from pkg_resources import resource_stream, resource_exists
/home/bruinml/anaconda3/envs/highway/lib/python3.11/site-packages/torch/cuda/__init__.py:180: UserWarning: CUDA initialization: The NVIDIA driver on your system is too old (found version 12080). Please update your GPU driver by downloading and installing a new version from the URL: http://www.nvidia.com/Download/index.aspx Alternatively, go to: https://pytorch.org to install a PyTorch version that has been compiled with your version of the CUDA driver. (Triggered internally at /pytorch/c10/cuda/CUDAFunctions.cpp:119.)
  return torch._C._cuda_getDeviceCount() > 0
Zooming DQN on dm_control/cartpole-swingup  da=1  init_depth=1 (start=2 cells)  n=32 -> total_budget=32  seed=43  steps=150000
[  10000/150000]  ep=  10  reward(last50)= 141.87  n_per_axis=[6]  total_splits=2
[  20000/150000]  eval(5)= 237.44 +/- 27.34   n_per_axis=[24]
[  20000/150000]  ep=  20  reward(last50)= 154.91  n_per_axis=[24]  total_splits=14
[  30000/150000]  ep=  30  reward(last50)= 170.95  n_per_axis=[27]  total_splits=16
[  40000/150000]  eval(5)= 300.09 +/- 38.31   n_per_axis=[32]
[  40000/150000]  ep=  40  reward(last50)= 182.61  n_per_axis=[32]  total_splits=20
[  50000/150000]  ep=  50  reward(last50)= 216.47  n_per_axis=[31]  total_splits=21
[  60000/150000]  eval(5)= 450.55 +/- 6.20    n_per_axis=[31]
[  60000/150000]  ep=  60  reward(last50)= 275.69  n_per_axis=[31]  total_splits=21
[  70000/150000]  ep=  70  reward(last50)= 353.81  n_per_axis=[31]  total_splits=21
[  80000/150000]  eval(5)= 578.19 +/- 2.61    n_per_axis=[31]
[  80000/150000]  ep=  80  reward(last50)= 428.93  n_per_axis=[31]  total_splits=21
[  90000/150000]  ep=  90  reward(last50)= 502.60  n_per_axis=[32]  total_splits=22
[ 100000/150000]  eval(5)= 628.83 +/- 29.65   n_per_axis=[32]
[ 100000/150000]  ep= 100  reward(last50)= 566.23  n_per_axis=[32]  total_splits=23
[ 110000/150000]  ep= 110  reward(last50)= 622.39  n_per_axis=[31]  total_splits=23
[ 120000/150000]  eval(5)= 495.37 +/- 168.40  n_per_axis=[31]
[ 120000/150000]  ep= 120  reward(last50)= 658.09  n_per_axis=[31]  total_splits=23
[ 130000/150000]  ep= 130  reward(last50)= 651.19  n_per_axis=[31]  total_splits=23
[ 140000/150000]  eval(5)= 204.26 +/- 4.28    n_per_axis=[31]
[ 140000/150000]  ep= 140  reward(last50)= 585.00  n_per_axis=[31]  total_splits=23
[ 150000/150000]  eval(5)= 203.23 +/- 30.59   n_per_axis=[31]
[ 150000/150000]  ep= 150  reward(last50)= 511.93  n_per_axis=[31]  total_splits=23
Saved BranchingDQN checkpoint to checkpoints/dmcs/cartpole-swingup/efficiency/zooming_n32_seed43.pt

Evaluating (deterministic)...
Eval(10): mean=272.38  std=148.36
Final n_per_axis: [31]  total_cells: 31/32  total_splits: 23
Split history: 10 events, steps 10000 to 96000
