/home/bruinml/anaconda3/envs/highway/lib/python3.11/site-packages/glfw/__init__.py:917: GLFWError: (65550) b'X11: The DISPLAY environment variable is missing'
  warnings.warn(message, GLFWError)
/home/bruinml/anaconda3/envs/highway/lib/python3.11/site-packages/pygame/pkgdata.py:25: UserWarning: pkg_resources is deprecated as an API. See https://setuptools.pypa.io/en/latest/pkg_resources.html. The pkg_resources package is slated for removal as early as 2025-11-30. Refrain from using this package or pin to Setuptools<81.
  from pkg_resources import resource_stream, resource_exists
/home/bruinml/anaconda3/envs/highway/lib/python3.11/site-packages/torch/cuda/__init__.py:180: UserWarning: CUDA initialization: The NVIDIA driver on your system is too old (found version 12080). Please update your GPU driver by downloading and installing a new version from the URL: http://www.nvidia.com/Download/index.aspx Alternatively, go to: https://pytorch.org to install a PyTorch version that has been compiled with your version of the CUDA driver. (Triggered internally at /pytorch/c10/cuda/CUDAFunctions.cpp:119.)
  return torch._C._cuda_getDeviceCount() > 0
Zooming DQN on dm_control/cartpole-swingup  da=1  init_depth=1 (start=2 cells)  n=128 -> total_budget=128  seed=43  steps=150000
[  10000/150000]  ep=  10  reward(last50)= 141.16  n_per_axis=[6]  total_splits=2
[  20000/150000]  eval(5)= 182.04 +/- 23.05   n_per_axis=[24]
[  20000/150000]  ep=  20  reward(last50)= 164.43  n_per_axis=[24]  total_splits=14
[  30000/150000]  ep=  30  reward(last50)= 184.56  n_per_axis=[23]  total_splits=14
[  40000/150000]  eval(5)= 287.05 +/- 37.14   n_per_axis=[33]
[  40000/150000]  ep=  40  reward(last50)= 205.77  n_per_axis=[33]  total_splits=22
[  50000/150000]  ep=  50  reward(last50)= 241.86  n_per_axis=[45]  total_splits=28
[  60000/150000]  eval(5)= 580.13 +/- 15.02   n_per_axis=[45]
[  60000/150000]  ep=  60  reward(last50)= 333.79  n_per_axis=[45]  total_splits=28
[  70000/150000]  ep=  70  reward(last50)= 418.21  n_per_axis=[45]  total_splits=28
[  80000/150000]  eval(5)= 805.23 +/- 7.39    n_per_axis=[45]
[  80000/150000]  ep=  80  reward(last50)= 502.00  n_per_axis=[45]  total_splits=28
[  90000/150000]  ep=  90  reward(last50)= 600.28  n_per_axis=[45]  total_splits=28
[ 100000/150000]  eval(5)= 632.05 +/- 3.09    n_per_axis=[44]
[ 100000/150000]  ep= 100  reward(last50)= 674.99  n_per_axis=[44]  total_splits=28
[ 110000/150000]  ep= 110  reward(last50)= 695.05  n_per_axis=[51]  total_splits=32
[ 120000/150000]  eval(5)= 569.50 +/- 172.06  n_per_axis=[55]
[ 120000/150000]  ep= 120  reward(last50)= 718.52  n_per_axis=[55]  total_splits=35
[ 130000/150000]  ep= 130  reward(last50)= 714.31  n_per_axis=[56]  total_splits=36
[ 140000/150000]  eval(5)= 654.19 +/- 4.00    n_per_axis=[61]
[ 140000/150000]  ep= 140  reward(last50)= 694.47  n_per_axis=[61]  total_splits=39
[ 150000/150000]  eval(5)= 785.50 +/- 1.35    n_per_axis=[63]
[ 150000/150000]  ep= 150  reward(last50)= 692.95  n_per_axis=[63]  total_splits=40
Saved BranchingDQN checkpoint to checkpoints/dmcs/cartpole-swingup/efficiency/zooming_n128_seed43.pt

Evaluating (deterministic)...
Eval(10): mean=785.64  std=0.94
Final n_per_axis: [63]  total_cells: 63/128  total_splits: 40
Split history: 18 events, steps 10000 to 148000
