/home/bruinml/anaconda3/envs/highway/lib/python3.11/site-packages/glfw/__init__.py:917: GLFWError: (65550) b'X11: The DISPLAY environment variable is missing'
  warnings.warn(message, GLFWError)
/home/bruinml/anaconda3/envs/highway/lib/python3.11/site-packages/pygame/pkgdata.py:25: UserWarning: pkg_resources is deprecated as an API. See https://setuptools.pypa.io/en/latest/pkg_resources.html. The pkg_resources package is slated for removal as early as 2025-11-30. Refrain from using this package or pin to Setuptools<81.
  from pkg_resources import resource_stream, resource_exists
/home/bruinml/anaconda3/envs/highway/lib/python3.11/site-packages/torch/cuda/__init__.py:180: UserWarning: CUDA initialization: The NVIDIA driver on your system is too old (found version 12080). Please update your GPU driver by downloading and installing a new version from the URL: http://www.nvidia.com/Download/index.aspx Alternatively, go to: https://pytorch.org to install a PyTorch version that has been compiled with your version of the CUDA driver. (Triggered internally at /pytorch/c10/cuda/CUDAFunctions.cpp:119.)
  return torch._C._cuda_getDeviceCount() > 0
Zooming DQN on dm_control/cartpole-swingup  da=1  init_depth=1 (start=2 cells)  n=64 -> total_budget=64  seed=44  steps=150000
[  10000/150000]  ep=  10  reward(last50)= 174.28  n_per_axis=[6]  total_splits=2
[  20000/150000]  eval(5)= 222.62 +/- 21.04   n_per_axis=[24]
[  20000/150000]  ep=  20  reward(last50)= 180.79  n_per_axis=[24]  total_splits=14
[  30000/150000]  ep=  30  reward(last50)= 183.60  n_per_axis=[24]  total_splits=14
[  40000/150000]  eval(5)= 319.10 +/- 147.87  n_per_axis=[42]
[  40000/150000]  ep=  40  reward(last50)= 194.58  n_per_axis=[42]  total_splits=26
[  50000/150000]  ep=  50  reward(last50)= 229.49  n_per_axis=[45]  total_splits=28
[  60000/150000]  eval(5)= 231.11 +/- 59.72   n_per_axis=[44]
[  60000/150000]  ep=  60  reward(last50)= 289.66  n_per_axis=[44]  total_splits=28
[  70000/150000]  ep=  70  reward(last50)= 366.10  n_per_axis=[48]  total_splits=30
[  80000/150000]  eval(5)= 748.38 +/- 17.33   n_per_axis=[48]
[  80000/150000]  ep=  80  reward(last50)= 466.02  n_per_axis=[48]  total_splits=30
[  90000/150000]  ep=  90  reward(last50)= 574.25  n_per_axis=[48]  total_splits=30
[ 100000/150000]  eval(5)= 689.40 +/- 46.83   n_per_axis=[51]
[ 100000/150000]  ep= 100  reward(last50)= 638.09  n_per_axis=[51]  total_splits=32
[ 110000/150000]  ep= 110  reward(last50)= 699.29  n_per_axis=[51]  total_splits=32
[ 120000/150000]  eval(5)= 770.36 +/- 3.08    n_per_axis=[53]
[ 120000/150000]  ep= 120  reward(last50)= 703.69  n_per_axis=[53]  total_splits=34
[ 130000/150000]  ep= 130  reward(last50)= 693.78  n_per_axis=[57]  total_splits=36
[ 140000/150000]  eval(5)= 768.76 +/- 3.58    n_per_axis=[56]
[ 140000/150000]  ep= 140  reward(last50)= 692.07  n_per_axis=[56]  total_splits=36
[ 150000/150000]  eval(5)= 686.73 +/- 85.86   n_per_axis=[60]
[ 150000/150000]  ep= 150  reward(last50)= 711.02  n_per_axis=[60]  total_splits=38
Saved BranchingDQN checkpoint to checkpoints/dmcs/cartpole-swingup/efficiency/zooming_n64_seed44.pt

Evaluating (deterministic)...
Eval(10): mean=705.16  std=44.35
Final n_per_axis: [60]  total_cells: 60/64  total_splits: 38
Split history: 15 events, steps 10000 to 146000
