/home/bruinml/anaconda3/envs/highway/lib/python3.11/site-packages/glfw/__init__.py:917: GLFWError: (65550) b'X11: The DISPLAY environment variable is missing'
  warnings.warn(message, GLFWError)
/home/bruinml/anaconda3/envs/highway/lib/python3.11/site-packages/pygame/pkgdata.py:25: UserWarning: pkg_resources is deprecated as an API. See https://setuptools.pypa.io/en/latest/pkg_resources.html. The pkg_resources package is slated for removal as early as 2025-11-30. Refrain from using this package or pin to Setuptools<81.
  from pkg_resources import resource_stream, resource_exists
/home/bruinml/anaconda3/envs/highway/lib/python3.11/site-packages/torch/cuda/__init__.py:180: UserWarning: CUDA initialization: The NVIDIA driver on your system is too old (found version 12080). Please update your GPU driver by downloading and installing a new version from the URL: http://www.nvidia.com/Download/index.aspx Alternatively, go to: https://pytorch.org to install a PyTorch version that has been compiled with your version of the CUDA driver. (Triggered internally at /pytorch/c10/cuda/CUDAFunctions.cpp:119.)
  return torch._C._cuda_getDeviceCount() > 0
Zooming DQN on dm_control/cartpole-swingup  da=1  init_depth=1 (start=2 cells)  n=64 -> total_budget=64  seed=42  steps=150000
[  10000/150000]  ep=  10  reward(last50)=  77.59  n_per_axis=[6]  total_splits=2
[  20000/150000]  eval(5)= 273.79 +/- 12.33   n_per_axis=[24]
[  20000/150000]  ep=  20  reward(last50)= 118.31  n_per_axis=[24]  total_splits=14
[  30000/150000]  ep=  30  reward(last50)= 147.65  n_per_axis=[27]  total_splits=16
[  40000/150000]  eval(5)= 255.14 +/- 41.75   n_per_axis=[34]
[  40000/150000]  ep=  40  reward(last50)= 163.59  n_per_axis=[34]  total_splits=21
[  50000/150000]  ep=  50  reward(last50)= 193.35  n_per_axis=[48]  total_splits=30
[  60000/150000]  eval(5)= 457.59 +/- 45.80   n_per_axis=[48]
[  60000/150000]  ep=  60  reward(last50)= 267.26  n_per_axis=[48]  total_splits=30
[  70000/150000]  ep=  70  reward(last50)= 345.87  n_per_axis=[48]  total_splits=30
[  80000/150000]  eval(5)= 646.76 +/- 44.11   n_per_axis=[51]
[  80000/150000]  ep=  80  reward(last50)= 445.14  n_per_axis=[51]  total_splits=32
[  90000/150000]  ep=  90  reward(last50)= 558.82  n_per_axis=[51]  total_splits=32
[ 100000/150000]  eval(5)= 728.97 +/- 1.92    n_per_axis=[51]
[ 100000/150000]  ep= 100  reward(last50)= 633.78  n_per_axis=[51]  total_splits=32
[ 110000/150000]  ep= 110  reward(last50)= 697.77  n_per_axis=[51]  total_splits=32
[ 120000/150000]  eval(5)= 801.67 +/- 2.07    n_per_axis=[51]
[ 120000/150000]  ep= 120  reward(last50)= 740.25  n_per_axis=[51]  total_splits=32
[ 130000/150000]  ep= 130  reward(last50)= 761.87  n_per_axis=[51]  total_splits=32
[ 140000/150000]  eval(5)= 840.38 +/- 1.19    n_per_axis=[51]
[ 140000/150000]  ep= 140  reward(last50)= 759.69  n_per_axis=[51]  total_splits=32
[ 150000/150000]  eval(5)= 649.67 +/- 35.19   n_per_axis=[53]
[ 150000/150000]  ep= 150  reward(last50)= 761.74  n_per_axis=[53]  total_splits=34
Saved BranchingDQN checkpoint to checkpoints/dmcs/cartpole-swingup/efficiency/zooming_n64_seed42.pt

Evaluating (deterministic)...
Eval(10): mean=643.33  std=68.26
Final n_per_axis: [53]  total_cells: 53/64  total_splits: 34
Split history: 15 events, steps 10000 to 148000
