/home/bruinml/anaconda3/envs/highway/lib/python3.11/site-packages/glfw/__init__.py:917: GLFWError: (65550) b'X11: The DISPLAY environment variable is missing'
  warnings.warn(message, GLFWError)
/home/bruinml/anaconda3/envs/highway/lib/python3.11/site-packages/pygame/pkgdata.py:25: UserWarning: pkg_resources is deprecated as an API. See https://setuptools.pypa.io/en/latest/pkg_resources.html. The pkg_resources package is slated for removal as early as 2025-11-30. Refrain from using this package or pin to Setuptools<81.
  from pkg_resources import resource_stream, resource_exists
/home/bruinml/anaconda3/envs/highway/lib/python3.11/site-packages/torch/cuda/__init__.py:180: UserWarning: CUDA initialization: The NVIDIA driver on your system is too old (found version 12080). Please update your GPU driver by downloading and installing a new version from the URL: http://www.nvidia.com/Download/index.aspx Alternatively, go to: https://pytorch.org to install a PyTorch version that has been compiled with your version of the CUDA driver. (Triggered internally at /pytorch/c10/cuda/CUDAFunctions.cpp:119.)
  return torch._C._cuda_getDeviceCount() > 0
Zooming DQN on dm_control/cartpole-swingup  da=1  init_depth=1 (start=2 cells)  n=128 -> total_budget=128  seed=44  steps=150000
[  10000/150000]  ep=  10  reward(last50)= 179.44  n_per_axis=[6]  total_splits=2
[  20000/150000]  eval(5)= 218.31 +/- 9.58    n_per_axis=[15]
[  20000/150000]  ep=  20  reward(last50)= 161.69  n_per_axis=[15]  total_splits=8
[  30000/150000]  ep=  30  reward(last50)= 170.30  n_per_axis=[25]  total_splits=16
[  40000/150000]  eval(5)= 259.39 +/- 39.63   n_per_axis=[36]
[  40000/150000]  ep=  40  reward(last50)= 177.36  n_per_axis=[36]  total_splits=22
[  50000/150000]  ep=  50  reward(last50)= 188.20  n_per_axis=[39]  total_splits=24
[  60000/150000]  eval(5)= 189.17 +/- 6.37    n_per_axis=[42]
[  60000/150000]  ep=  60  reward(last50)= 221.72  n_per_axis=[42]  total_splits=26
[  70000/150000]  ep=  70  reward(last50)= 270.59  n_per_axis=[42]  total_splits=26
[  80000/150000]  eval(5)= 511.06 +/- 31.63   n_per_axis=[45]
[  80000/150000]  ep=  80  reward(last50)= 328.82  n_per_axis=[45]  total_splits=28
[  90000/150000]  ep=  90  reward(last50)= 391.58  n_per_axis=[45]  total_splits=28
[ 100000/150000]  eval(5)= 572.12 +/- 29.38   n_per_axis=[48]
[ 100000/150000]  ep= 100  reward(last50)= 457.50  n_per_axis=[48]  total_splits=30
[ 110000/150000]  ep= 110  reward(last50)= 501.41  n_per_axis=[50]  total_splits=32
[ 120000/150000]  eval(5)= 697.97 +/- 3.66    n_per_axis=[52]
[ 120000/150000]  ep= 120  reward(last50)= 565.17  n_per_axis=[52]  total_splits=33
[ 130000/150000]  ep= 130  reward(last50)= 614.29  n_per_axis=[53]  total_splits=34
[ 140000/150000]  eval(5)= 827.78 +/- 1.77    n_per_axis=[57]
[ 140000/150000]  ep= 140  reward(last50)= 669.33  n_per_axis=[57]  total_splits=36
[ 150000/150000]  eval(5)= 735.27 +/- 1.17    n_per_axis=[56]
[ 150000/150000]  ep= 150  reward(last50)= 718.78  n_per_axis=[56]  total_splits=36
Saved BranchingDQN checkpoint to checkpoints/dmcs/cartpole-swingup/efficiency/zooming_n128_seed44.pt

Evaluating (deterministic)...
Eval(10): mean=734.42  std=2.78
Final n_per_axis: [56]  total_cells: 56/128  total_splits: 36
Split history: 21 events, steps 10000 to 140000
