/home/bruinml/anaconda3/envs/highway/lib/python3.11/site-packages/glfw/__init__.py:917: GLFWError: (65550) b'X11: The DISPLAY environment variable is missing'
  warnings.warn(message, GLFWError)
/home/bruinml/anaconda3/envs/highway/lib/python3.11/site-packages/pygame/pkgdata.py:25: UserWarning: pkg_resources is deprecated as an API. See https://setuptools.pypa.io/en/latest/pkg_resources.html. The pkg_resources package is slated for removal as early as 2025-11-30. Refrain from using this package or pin to Setuptools<81.
  from pkg_resources import resource_stream, resource_exists
/home/bruinml/anaconda3/envs/highway/lib/python3.11/site-packages/torch/cuda/__init__.py:180: UserWarning: CUDA initialization: The NVIDIA driver on your system is too old (found version 12080). Please update your GPU driver by downloading and installing a new version from the URL: http://www.nvidia.com/Download/index.aspx Alternatively, go to: https://pytorch.org to install a PyTorch version that has been compiled with your version of the CUDA driver. (Triggered internally at /pytorch/c10/cuda/CUDAFunctions.cpp:119.)
  return torch._C._cuda_getDeviceCount() > 0
Zooming DQN on dm_control/cartpole-swingup  da=1  init_depth=1 (start=2 cells)  n=16 -> total_budget=16  seed=43  steps=150000
[  10000/150000]  ep=  10  reward(last50)= 141.62  n_per_axis=[6]  total_splits=2
[  20000/150000]  eval(5)= 230.58 +/- 14.06   n_per_axis=[16]
[  20000/150000]  ep=  20  reward(last50)= 161.00  n_per_axis=[16]  total_splits=10
[  30000/150000]  ep=  30  reward(last50)= 178.49  n_per_axis=[15]  total_splits=10
[  40000/150000]  eval(5)= 383.96 +/- 75.19   n_per_axis=[16]
[  40000/150000]  ep=  40  reward(last50)= 208.26  n_per_axis=[16]  total_splits=11
[  50000/150000]  ep=  50  reward(last50)= 243.41  n_per_axis=[15]  total_splits=11
[  60000/150000]  eval(5)= 442.27 +/- 67.61   n_per_axis=[15]
[  60000/150000]  ep=  60  reward(last50)= 302.41  n_per_axis=[15]  total_splits=11
[  70000/150000]  ep=  70  reward(last50)= 339.04  n_per_axis=[16]  total_splits=12
[  80000/150000]  eval(5)= 426.95 +/- 114.80  n_per_axis=[15]
[  80000/150000]  ep=  80  reward(last50)= 367.33  n_per_axis=[15]  total_splits=12
[  90000/150000]  ep=  90  reward(last50)= 375.36  n_per_axis=[16]  total_splits=13
[ 100000/150000]  eval(5)= 805.76 +/- 1.97    n_per_axis=[16]
[ 100000/150000]  ep= 100  reward(last50)= 387.61  n_per_axis=[16]  total_splits=13
[ 110000/150000]  ep= 110  reward(last50)= 445.78  n_per_axis=[16]  total_splits=13
[ 120000/150000]  eval(5)= 767.42 +/- 6.41    n_per_axis=[16]
[ 120000/150000]  ep= 120  reward(last50)= 538.19  n_per_axis=[16]  total_splits=13
[ 130000/150000]  ep= 130  reward(last50)= 600.44  n_per_axis=[15]  total_splits=13
[ 140000/150000]  eval(5)= 817.00 +/- 9.50    n_per_axis=[15]
[ 140000/150000]  ep= 140  reward(last50)= 674.82  n_per_axis=[15]  total_splits=13
[ 150000/150000]  eval(5)= 344.66 +/- 118.81  n_per_axis=[15]
[ 150000/150000]  ep= 150  reward(last50)= 661.87  n_per_axis=[15]  total_splits=13
Saved BranchingDQN checkpoint to checkpoints/dmcs/cartpole-swingup/efficiency/zooming_n16_seed43.pt

Evaluating (deterministic)...
Eval(10): mean=288.68  std=112.46
Final n_per_axis: [15]  total_cells: 15/16  total_splits: 13
Split history: 9 events, steps 10000 to 82000
