/home/bruinml/anaconda3/envs/highway/lib/python3.11/site-packages/glfw/__init__.py:917: GLFWError: (65550) b'X11: The DISPLAY environment variable is missing'
  warnings.warn(message, GLFWError)
/home/bruinml/anaconda3/envs/highway/lib/python3.11/site-packages/pygame/pkgdata.py:25: UserWarning: pkg_resources is deprecated as an API. See https://setuptools.pypa.io/en/latest/pkg_resources.html. The pkg_resources package is slated for removal as early as 2025-11-30. Refrain from using this package or pin to Setuptools<81.
  from pkg_resources import resource_stream, resource_exists
/home/bruinml/anaconda3/envs/highway/lib/python3.11/site-packages/torch/cuda/__init__.py:180: UserWarning: CUDA initialization: The NVIDIA driver on your system is too old (found version 12080). Please update your GPU driver by downloading and installing a new version from the URL: http://www.nvidia.com/Download/index.aspx Alternatively, go to: https://pytorch.org to install a PyTorch version that has been compiled with your version of the CUDA driver. (Triggered internally at /pytorch/c10/cuda/CUDAFunctions.cpp:119.)
  return torch._C._cuda_getDeviceCount() > 0
SAC on dm_control/cheetah-run  seed=43  steps=1000000
[  10000/1000000]  ep=  10  reward(last50)=   3.56  alpha=0.1000
[  20000/1000000]  eval(5)=  32.29 +/- 6.13    alpha=0.0290
[  20000/1000000]  ep=  20  reward(last50)=   6.65  alpha=0.0290
[  30000/1000000]  ep=  30  reward(last50)=  26.58  alpha=0.0099
[  40000/1000000]  eval(5)= 131.78 +/- 9.34    alpha=0.0041
[  40000/1000000]  ep=  40  reward(last50)=  38.12  alpha=0.0041
[  50000/1000000]  ep=  50  reward(last50)=  42.53  alpha=0.0028
[  60000/1000000]  eval(5)= 109.40 +/- 37.58   alpha=0.0029
[  60000/1000000]  ep=  60  reward(last50)=  56.41  alpha=0.0029
[  70000/1000000]  ep=  70  reward(last50)=  86.23  alpha=0.0033
[  80000/1000000]  eval(5)= 176.38 +/- 82.37   alpha=0.0032
[  80000/1000000]  ep=  80  reward(last50)=  94.79  alpha=0.0032
[  90000/1000000]  ep=  90  reward(last50)= 121.88  alpha=0.0036
[ 100000/1000000]  eval(5)= 159.60 +/- 81.61   alpha=0.0035
[ 100000/1000000]  ep= 100  reward(last50)= 125.51  alpha=0.0035
[ 110000/1000000]  ep= 110  reward(last50)= 139.07  alpha=0.0035
[ 120000/1000000]  eval(5)= 142.55 +/- 85.04   alpha=0.0037
[ 120000/1000000]  ep= 120  reward(last50)= 146.98  alpha=0.0037
[ 130000/1000000]  ep= 130  reward(last50)= 164.63  alpha=0.0035
[ 140000/1000000]  eval(5)= 110.48 +/- 77.17   alpha=0.0037
[ 140000/1000000]  ep= 140  reward(last50)= 172.24  alpha=0.0037
[ 150000/1000000]  ep= 150  reward(last50)= 190.56  alpha=0.0038
[ 160000/1000000]  eval(5)= 225.43 +/- 114.74  alpha=0.0040
[ 160000/1000000]  ep= 160  reward(last50)= 196.07  alpha=0.0040
[ 170000/1000000]  ep= 170  reward(last50)= 213.08  alpha=0.0042
[ 180000/1000000]  eval(5)= 347.15 +/- 51.44   alpha=0.0042
[ 180000/1000000]  ep= 180  reward(last50)= 233.99  alpha=0.0042
[ 190000/1000000]  ep= 190  reward(last50)= 249.57  alpha=0.0045
[ 200000/1000000]  eval(5)= 410.13 +/- 25.45   alpha=0.0047
[ 200000/1000000]  ep= 200  reward(last50)= 292.05  alpha=0.0047
[ 210000/1000000]  ep= 210  reward(last50)= 343.37  alpha=0.0050
[ 220000/1000000]  eval(5)= 449.90 +/- 17.64   alpha=0.0054
[ 220000/1000000]  ep= 220  reward(last50)= 372.34  alpha=0.0054
[ 230000/1000000]  ep= 230  reward(last50)= 399.13  alpha=0.0060
[ 240000/1000000]  eval(5)= 452.11 +/- 14.09   alpha=0.0061
[ 240000/1000000]  ep= 240  reward(last50)= 425.91  alpha=0.0061
[ 250000/1000000]  ep= 250  reward(last50)= 440.35  alpha=0.0069
[ 260000/1000000]  eval(5)= 441.83 +/- 9.97    alpha=0.0064
[ 260000/1000000]  ep= 260  reward(last50)= 443.95  alpha=0.0064
[ 270000/1000000]  ep= 270  reward(last50)= 445.65  alpha=0.0070
[ 280000/1000000]  eval(5)= 505.98 +/- 27.61   alpha=0.0071
[ 280000/1000000]  ep= 280  reward(last50)= 449.67  alpha=0.0071
[ 290000/1000000]  ep= 290  reward(last50)= 449.22  alpha=0.0080
[ 300000/1000000]  eval(5)= 440.92 +/- 27.86   alpha=0.0076
[ 300000/1000000]  ep= 300  reward(last50)= 450.51  alpha=0.0076
[ 310000/1000000]  ep= 310  reward(last50)= 454.19  alpha=0.0078
[ 320000/1000000]  eval(5)= 518.86 +/- 1.54    alpha=0.0080
[ 320000/1000000]  ep= 320  reward(last50)= 460.42  alpha=0.0080
[ 330000/1000000]  ep= 330  reward(last50)= 470.03  alpha=0.0082
[ 340000/1000000]  eval(5)= 485.91 +/- 10.37   alpha=0.0079
[ 340000/1000000]  ep= 340  reward(last50)= 478.87  alpha=0.0079
[ 350000/1000000]  ep= 350  reward(last50)= 486.38  alpha=0.0084
[ 360000/1000000]  eval(5)= 541.29 +/- 8.28    alpha=0.0089
[ 360000/1000000]  ep= 360  reward(last50)= 494.57  alpha=0.0089
[ 370000/1000000]  ep= 370  reward(last50)= 501.48  alpha=0.0090
[ 380000/1000000]  eval(5)= 532.41 +/- 22.44   alpha=0.0095
[ 380000/1000000]  ep= 380  reward(last50)= 503.62  alpha=0.0095
[ 390000/1000000]  ep= 390  reward(last50)= 510.94  alpha=0.0095
[ 400000/1000000]  eval(5)= 576.87 +/- 7.41    alpha=0.0095
[ 400000/1000000]  ep= 400  reward(last50)= 517.16  alpha=0.0095
[ 410000/1000000]  ep= 410  reward(last50)= 522.64  alpha=0.0097
[ 420000/1000000]  eval(5)= 490.95 +/- 19.18   alpha=0.0094
[ 420000/1000000]  ep= 420  reward(last50)= 528.46  alpha=0.0094
[ 430000/1000000]  ep= 430  reward(last50)= 530.61  alpha=0.0100
[ 440000/1000000]  eval(5)= 533.47 +/- 31.75   alpha=0.0098
[ 440000/1000000]  ep= 440  reward(last50)= 532.07  alpha=0.0098
[ 450000/1000000]  ep= 450  reward(last50)= 533.75  alpha=0.0100
[ 460000/1000000]  eval(5)= 561.04 +/- 13.61   alpha=0.0104
[ 460000/1000000]  ep= 460  reward(last50)= 534.79  alpha=0.0104
[ 470000/1000000]  ep= 470  reward(last50)= 538.19  alpha=0.0106
[ 480000/1000000]  eval(5)= 591.41 +/- 6.72    alpha=0.0105
[ 480000/1000000]  ep= 480  reward(last50)= 541.63  alpha=0.0105
[ 490000/1000000]  ep= 490  reward(last50)= 536.04  alpha=0.0110
[ 500000/1000000]  eval(5)= 588.84 +/- 6.64    alpha=0.0108
[ 500000/1000000]  ep= 500  reward(last50)= 540.04  alpha=0.0108
[ 510000/1000000]  ep= 510  reward(last50)= 542.82  alpha=0.0116
[ 520000/1000000]  eval(5)= 584.67 +/- 13.16   alpha=0.0113
[ 520000/1000000]  ep= 520  reward(last50)= 547.35  alpha=0.0113
[ 530000/1000000]  ep= 530  reward(last50)= 552.35  alpha=0.0115
[ 540000/1000000]  eval(5)= 593.11 +/- 7.34    alpha=0.0114
[ 540000/1000000]  ep= 540  reward(last50)= 558.26  alpha=0.0114
[ 550000/1000000]  ep= 550  reward(last50)= 558.95  alpha=0.0120
[ 560000/1000000]  eval(5)= 587.82 +/- 4.10    alpha=0.0120
[ 560000/1000000]  ep= 560  reward(last50)= 559.89  alpha=0.0120
[ 570000/1000000]  ep= 570  reward(last50)= 557.68  alpha=0.0125
[ 580000/1000000]  eval(5)= 573.93 +/- 27.06   alpha=0.0122
[ 580000/1000000]  ep= 580  reward(last50)= 556.52  alpha=0.0122
[ 590000/1000000]  ep= 590  reward(last50)= 560.67  alpha=0.0123
[ 600000/1000000]  eval(5)= 595.59 +/- 20.92   alpha=0.0121
[ 600000/1000000]  ep= 600  reward(last50)= 562.28  alpha=0.0121
[ 610000/1000000]  ep= 610  reward(last50)= 564.47  alpha=0.0118
[ 620000/1000000]  eval(5)= 575.09 +/- 12.10   alpha=0.0123
[ 620000/1000000]  ep= 620  reward(last50)= 565.18  alpha=0.0123
[ 630000/1000000]  ep= 630  reward(last50)= 564.21  alpha=0.0134
[ 640000/1000000]  eval(5)= 567.57 +/- 5.44    alpha=0.0132
[ 640000/1000000]  ep= 640  reward(last50)= 564.78  alpha=0.0132
[ 650000/1000000]  ep= 650  reward(last50)= 562.84  alpha=0.0131
[ 660000/1000000]  eval(5)= 604.63 +/- 7.95    alpha=0.0128
[ 660000/1000000]  ep= 660  reward(last50)= 562.79  alpha=0.0128
[ 670000/1000000]  ep= 670  reward(last50)= 565.41  alpha=0.0129
[ 680000/1000000]  eval(5)= 556.85 +/- 17.78   alpha=0.0136
[ 680000/1000000]  ep= 680  reward(last50)= 567.95  alpha=0.0136
[ 690000/1000000]  ep= 690  reward(last50)= 568.46  alpha=0.0128
[ 700000/1000000]  eval(5)= 599.53 +/- 2.12    alpha=0.0130
[ 700000/1000000]  ep= 700  reward(last50)= 572.69  alpha=0.0130
[ 710000/1000000]  ep= 710  reward(last50)= 576.00  alpha=0.0130
[ 720000/1000000]  eval(5)= 617.52 +/- 4.77    alpha=0.0135
[ 720000/1000000]  ep= 720  reward(last50)= 576.82  alpha=0.0135
[ 730000/1000000]  ep= 730  reward(last50)= 578.90  alpha=0.0128
[ 740000/1000000]  eval(5)= 619.93 +/- 5.14    alpha=0.0131
[ 740000/1000000]  ep= 740  reward(last50)= 581.56  alpha=0.0131
[ 750000/1000000]  ep= 750  reward(last50)= 581.10  alpha=0.0132
[ 760000/1000000]  eval(5)= 625.87 +/- 5.45    alpha=0.0131
[ 760000/1000000]  ep= 760  reward(last50)= 581.02  alpha=0.0131
[ 770000/1000000]  ep= 770  reward(last50)= 581.93  alpha=0.0146
[ 780000/1000000]  eval(5)= 626.83 +/- 9.96    alpha=0.0134
[ 780000/1000000]  ep= 780  reward(last50)= 582.40  alpha=0.0134
[ 790000/1000000]  ep= 790  reward(last50)= 583.32  alpha=0.0137
[ 800000/1000000]  eval(5)= 601.36 +/- 27.31   alpha=0.0139
[ 800000/1000000]  ep= 800  reward(last50)= 584.57  alpha=0.0139
[ 810000/1000000]  ep= 810  reward(last50)= 585.94  alpha=0.0136
[ 820000/1000000]  eval(5)= 632.91 +/- 3.70    alpha=0.0139
[ 820000/1000000]  ep= 820  reward(last50)= 586.55  alpha=0.0139
[ 830000/1000000]  ep= 830  reward(last50)= 587.94  alpha=0.0133
[ 840000/1000000]  eval(5)= 619.03 +/- 22.89   alpha=0.0138
[ 840000/1000000]  ep= 840  reward(last50)= 585.08  alpha=0.0138
[ 850000/1000000]  ep= 850  reward(last50)= 585.49  alpha=0.0138
[ 860000/1000000]  eval(5)= 614.95 +/- 9.01    alpha=0.0137
[ 860000/1000000]  ep= 860  reward(last50)= 586.19  alpha=0.0137
[ 870000/1000000]  ep= 870  reward(last50)= 584.87  alpha=0.0141
[ 880000/1000000]  eval(5)= 629.57 +/- 7.52    alpha=0.0139
[ 880000/1000000]  ep= 880  reward(last50)= 583.46  alpha=0.0139
[ 890000/1000000]  ep= 890  reward(last50)= 583.48  alpha=0.0136
[ 900000/1000000]  eval(5)= 593.55 +/- 7.06    alpha=0.0142
[ 900000/1000000]  ep= 900  reward(last50)= 584.16  alpha=0.0142
[ 910000/1000000]  ep= 910  reward(last50)= 582.72  alpha=0.0142
[ 920000/1000000]  eval(5)= 608.87 +/- 3.74    alpha=0.0137
[ 920000/1000000]  ep= 920  reward(last50)= 581.74  alpha=0.0137
[ 930000/1000000]  ep= 930  reward(last50)= 581.45  alpha=0.0147
[ 940000/1000000]  eval(5)= 632.11 +/- 16.59   alpha=0.0142
[ 940000/1000000]  ep= 940  reward(last50)= 583.35  alpha=0.0142
[ 950000/1000000]  ep= 950  reward(last50)= 584.02  alpha=0.0147
[ 960000/1000000]  eval(5)= 616.50 +/- 20.77   alpha=0.0138
[ 960000/1000000]  ep= 960  reward(last50)= 584.82  alpha=0.0138
[ 970000/1000000]  ep= 970  reward(last50)= 588.37  alpha=0.0140
[ 980000/1000000]  eval(5)= 616.50 +/- 7.38    alpha=0.0140
[ 980000/1000000]  ep= 980  reward(last50)= 588.65  alpha=0.0140
[ 990000/1000000]  ep= 990  reward(last50)= 590.44  alpha=0.0148
[1000000/1000000]  eval(5)= 625.56 +/- 6.18    alpha=0.0146
[1000000/1000000]  ep=1000  reward(last50)= 588.13  alpha=0.0146
Saved SAC checkpoint to checkpoints/dmcs/cheetah-run/sample_efficiency/sac_seed43.pt

Evaluating (deterministic)...
Eval(10): mean=617.58  std=7.95
