/home/bruinml/anaconda3/envs/highway/lib/python3.11/site-packages/glfw/__init__.py:917: GLFWError: (65550) b'X11: The DISPLAY environment variable is missing'
  warnings.warn(message, GLFWError)
/home/bruinml/anaconda3/envs/highway/lib/python3.11/site-packages/pygame/pkgdata.py:25: UserWarning: pkg_resources is deprecated as an API. See https://setuptools.pypa.io/en/latest/pkg_resources.html. The pkg_resources package is slated for removal as early as 2025-11-30. Refrain from using this package or pin to Setuptools<81.
  from pkg_resources import resource_stream, resource_exists
/home/bruinml/anaconda3/envs/highway/lib/python3.11/site-packages/torch/cuda/__init__.py:180: UserWarning: CUDA initialization: The NVIDIA driver on your system is too old (found version 12080). Please update your GPU driver by downloading and installing a new version from the URL: http://www.nvidia.com/Download/index.aspx Alternatively, go to: https://pytorch.org to install a PyTorch version that has been compiled with your version of the CUDA driver. (Triggered internally at /pytorch/c10/cuda/CUDAFunctions.cpp:119.)
  return torch._C._cuda_getDeviceCount() > 0
SAC on dm_control/cheetah-run  seed=42  steps=1000000
[  10000/1000000]  ep=  10  reward(last50)=   3.50  alpha=0.1000
[  20000/1000000]  eval(5)=  41.19 +/- 1.36    alpha=0.0290
[  20000/1000000]  ep=  20  reward(last50)=   5.57  alpha=0.0290
[  30000/1000000]  ep=  30  reward(last50)=  18.12  alpha=0.0100
[  40000/1000000]  eval(5)=  43.32 +/- 20.21   alpha=0.0043
[  40000/1000000]  ep=  40  reward(last50)=  37.01  alpha=0.0043
[  50000/1000000]  ep=  50  reward(last50)=  39.89  alpha=0.0033
[  60000/1000000]  eval(5)=  40.27 +/- 7.26    alpha=0.0030
[  60000/1000000]  ep=  60  reward(last50)=  51.79  alpha=0.0030
[  70000/1000000]  ep=  70  reward(last50)=  69.40  alpha=0.0034
[  80000/1000000]  eval(5)= 107.89 +/- 45.22   alpha=0.0034
[  80000/1000000]  ep=  80  reward(last50)=  86.53  alpha=0.0034
[  90000/1000000]  ep=  90  reward(last50)=  90.23  alpha=0.0034
[ 100000/1000000]  eval(5)= 189.32 +/- 55.24   alpha=0.0030
[ 100000/1000000]  ep= 100  reward(last50)= 114.42  alpha=0.0030
[ 110000/1000000]  ep= 110  reward(last50)= 139.14  alpha=0.0033
[ 120000/1000000]  eval(5)= 161.95 +/- 104.60  alpha=0.0034
[ 120000/1000000]  ep= 120  reward(last50)= 152.37  alpha=0.0034
[ 130000/1000000]  ep= 130  reward(last50)= 171.43  alpha=0.0033
[ 140000/1000000]  eval(5)= 221.23 +/- 126.05  alpha=0.0035
[ 140000/1000000]  ep= 140  reward(last50)= 188.34  alpha=0.0035
[ 150000/1000000]  ep= 150  reward(last50)= 190.06  alpha=0.0033
[ 160000/1000000]  eval(5)= 335.52 +/- 10.81   alpha=0.0034
[ 160000/1000000]  ep= 160  reward(last50)= 205.52  alpha=0.0034
[ 170000/1000000]  ep= 170  reward(last50)= 223.51  alpha=0.0035
[ 180000/1000000]  eval(5)= 272.26 +/- 57.37   alpha=0.0035
[ 180000/1000000]  ep= 180  reward(last50)= 221.74  alpha=0.0035
[ 190000/1000000]  ep= 190  reward(last50)= 241.39  alpha=0.0038
[ 200000/1000000]  eval(5)= 148.71 +/- 54.87   alpha=0.0038
[ 200000/1000000]  ep= 200  reward(last50)= 264.96  alpha=0.0038
[ 210000/1000000]  ep= 210  reward(last50)= 283.88  alpha=0.0043
[ 220000/1000000]  eval(5)= 421.60 +/- 18.11   alpha=0.0042
[ 220000/1000000]  ep= 220  reward(last50)= 291.79  alpha=0.0042
[ 230000/1000000]  ep= 230  reward(last50)= 316.60  alpha=0.0045
[ 240000/1000000]  eval(5)= 457.39 +/- 37.19   alpha=0.0046
[ 240000/1000000]  ep= 240  reward(last50)= 330.40  alpha=0.0046
[ 250000/1000000]  ep= 250  reward(last50)= 368.50  alpha=0.0047
[ 260000/1000000]  eval(5)= 525.16 +/- 13.14   alpha=0.0051
[ 260000/1000000]  ep= 260  reward(last50)= 391.99  alpha=0.0051
[ 270000/1000000]  ep= 270  reward(last50)= 416.96  alpha=0.0055
[ 280000/1000000]  eval(5)= 423.61 +/- 124.14  alpha=0.0055
[ 280000/1000000]  ep= 280  reward(last50)= 447.35  alpha=0.0055
[ 290000/1000000]  ep= 290  reward(last50)= 471.90  alpha=0.0062
[ 300000/1000000]  eval(5)= 499.46 +/- 41.93   alpha=0.0065
[ 300000/1000000]  ep= 300  reward(last50)= 474.09  alpha=0.0065
[ 310000/1000000]  ep= 310  reward(last50)= 477.18  alpha=0.0068
[ 320000/1000000]  eval(5)= 536.24 +/- 25.67   alpha=0.0072
[ 320000/1000000]  ep= 320  reward(last50)= 490.30  alpha=0.0072
[ 330000/1000000]  ep= 330  reward(last50)= 488.92  alpha=0.0072
[ 340000/1000000]  eval(5)= 298.50 +/- 114.65  alpha=0.0074
[ 340000/1000000]  ep= 340  reward(last50)= 484.45  alpha=0.0074
[ 350000/1000000]  ep= 350  reward(last50)= 492.91  alpha=0.0078
[ 360000/1000000]  eval(5)= 574.80 +/- 7.15    alpha=0.0080
[ 360000/1000000]  ep= 360  reward(last50)= 491.28  alpha=0.0080
[ 370000/1000000]  ep= 370  reward(last50)= 489.39  alpha=0.0080
[ 380000/1000000]  eval(5)= 575.75 +/- 10.85   alpha=0.0081
[ 380000/1000000]  ep= 380  reward(last50)= 490.21  alpha=0.0081
[ 390000/1000000]  ep= 390  reward(last50)= 500.19  alpha=0.0084
[ 400000/1000000]  eval(5)= 576.83 +/- 7.65    alpha=0.0084
[ 400000/1000000]  ep= 400  reward(last50)= 491.53  alpha=0.0084
[ 410000/1000000]  ep= 410  reward(last50)= 514.45  alpha=0.0088
[ 420000/1000000]  eval(5)= 596.78 +/- 11.00   alpha=0.0093
[ 420000/1000000]  ep= 420  reward(last50)= 539.05  alpha=0.0093
[ 430000/1000000]  ep= 430  reward(last50)= 564.77  alpha=0.0091
[ 440000/1000000]  eval(5)= 685.82 +/- 6.42    alpha=0.0096
[ 440000/1000000]  ep= 440  reward(last50)= 585.73  alpha=0.0096
[ 450000/1000000]  ep= 450  reward(last50)= 613.89  alpha=0.0094
[ 460000/1000000]  eval(5)= 654.11 +/- 6.56    alpha=0.0097
[ 460000/1000000]  ep= 460  reward(last50)= 620.02  alpha=0.0097
[ 470000/1000000]  ep= 470  reward(last50)= 625.80  alpha=0.0096
[ 480000/1000000]  eval(5)= 640.05 +/- 7.67    alpha=0.0099
[ 480000/1000000]  ep= 480  reward(last50)= 626.14  alpha=0.0099
[ 490000/1000000]  ep= 490  reward(last50)= 624.24  alpha=0.0102
[ 500000/1000000]  eval(5)= 618.80 +/- 9.62    alpha=0.0104
[ 500000/1000000]  ep= 500  reward(last50)= 614.62  alpha=0.0104
[ 510000/1000000]  ep= 510  reward(last50)= 614.65  alpha=0.0109
[ 520000/1000000]  eval(5)= 662.42 +/- 10.58   alpha=0.0108
[ 520000/1000000]  ep= 520  reward(last50)= 616.68  alpha=0.0108
[ 530000/1000000]  ep= 530  reward(last50)= 618.08  alpha=0.0110
[ 540000/1000000]  eval(5)= 670.83 +/- 11.50   alpha=0.0110
[ 540000/1000000]  ep= 540  reward(last50)= 622.87  alpha=0.0110
[ 550000/1000000]  ep= 550  reward(last50)= 633.82  alpha=0.0110
[ 560000/1000000]  eval(5)= 630.96 +/- 41.55   alpha=0.0111
[ 560000/1000000]  ep= 560  reward(last50)= 632.25  alpha=0.0111
[ 570000/1000000]  ep= 570  reward(last50)= 636.97  alpha=0.0116
[ 580000/1000000]  eval(5)= 679.77 +/- 23.03   alpha=0.0116
[ 580000/1000000]  ep= 580  reward(last50)= 643.50  alpha=0.0116
[ 590000/1000000]  ep= 590  reward(last50)= 646.12  alpha=0.0118
[ 600000/1000000]  eval(5)= 657.38 +/- 39.40   alpha=0.0121
[ 600000/1000000]  ep= 600  reward(last50)= 627.70  alpha=0.0121
[ 610000/1000000]  ep= 610  reward(last50)= 631.51  alpha=0.0116
[ 620000/1000000]  eval(5)= 688.16 +/- 5.59    alpha=0.0123
[ 620000/1000000]  ep= 620  reward(last50)= 627.96  alpha=0.0123
[ 630000/1000000]  ep= 630  reward(last50)= 622.59  alpha=0.0126
[ 640000/1000000]  eval(5)= 686.64 +/- 8.36    alpha=0.0124
[ 640000/1000000]  ep= 640  reward(last50)= 621.58  alpha=0.0124
[ 650000/1000000]  ep= 650  reward(last50)= 640.27  alpha=0.0126
[ 660000/1000000]  eval(5)= 665.60 +/- 5.85    alpha=0.0131
[ 660000/1000000]  ep= 660  reward(last50)= 641.93  alpha=0.0131
[ 670000/1000000]  ep= 670  reward(last50)= 638.79  alpha=0.0131
[ 680000/1000000]  eval(5)= 684.53 +/- 13.13   alpha=0.0131
[ 680000/1000000]  ep= 680  reward(last50)= 641.98  alpha=0.0131
[ 690000/1000000]  ep= 690  reward(last50)= 646.72  alpha=0.0133
[ 700000/1000000]  eval(5)= 664.43 +/- 10.85   alpha=0.0129
[ 700000/1000000]  ep= 700  reward(last50)= 652.80  alpha=0.0129
[ 710000/1000000]  ep= 710  reward(last50)= 652.12  alpha=0.0138
[ 720000/1000000]  eval(5)= 653.56 +/- 6.33    alpha=0.0135
[ 720000/1000000]  ep= 720  reward(last50)= 658.51  alpha=0.0135
[ 730000/1000000]  ep= 730  reward(last50)= 661.59  alpha=0.0139
[ 740000/1000000]  eval(5)= 665.91 +/- 7.01    alpha=0.0137
[ 740000/1000000]  ep= 740  reward(last50)= 658.03  alpha=0.0137
[ 750000/1000000]  ep= 750  reward(last50)= 655.02  alpha=0.0140
[ 760000/1000000]  eval(5)= 661.17 +/- 5.39    alpha=0.0137
[ 760000/1000000]  ep= 760  reward(last50)= 657.43  alpha=0.0137
[ 770000/1000000]  ep= 770  reward(last50)= 656.35  alpha=0.0137
[ 780000/1000000]  eval(5)= 663.30 +/- 8.22    alpha=0.0136
[ 780000/1000000]  ep= 780  reward(last50)= 653.72  alpha=0.0136
[ 790000/1000000]  ep= 790  reward(last50)= 654.80  alpha=0.0139
[ 800000/1000000]  eval(5)= 654.10 +/- 16.75   alpha=0.0140
[ 800000/1000000]  ep= 800  reward(last50)= 653.82  alpha=0.0140
[ 810000/1000000]  ep= 810  reward(last50)= 654.05  alpha=0.0139
[ 820000/1000000]  eval(5)= 666.94 +/- 11.57   alpha=0.0141
[ 820000/1000000]  ep= 820  reward(last50)= 654.90  alpha=0.0141
[ 830000/1000000]  ep= 830  reward(last50)= 657.83  alpha=0.0143
[ 840000/1000000]  eval(5)= 725.81 +/- 5.90    alpha=0.0147
[ 840000/1000000]  ep= 840  reward(last50)= 659.10  alpha=0.0147
[ 850000/1000000]  ep= 850  reward(last50)= 662.37  alpha=0.0145
[ 860000/1000000]  eval(5)= 703.36 +/- 16.23   alpha=0.0143
[ 860000/1000000]  ep= 860  reward(last50)= 663.78  alpha=0.0143
[ 870000/1000000]  ep= 870  reward(last50)= 666.08  alpha=0.0142
[ 880000/1000000]  eval(5)= 691.12 +/- 13.34   alpha=0.0149
[ 880000/1000000]  ep= 880  reward(last50)= 664.98  alpha=0.0149
[ 890000/1000000]  ep= 890  reward(last50)= 666.89  alpha=0.0149
[ 900000/1000000]  eval(5)= 699.30 +/- 12.51   alpha=0.0147
[ 900000/1000000]  ep= 900  reward(last50)= 664.68  alpha=0.0147
[ 910000/1000000]  ep= 910  reward(last50)= 662.68  alpha=0.0149
[ 920000/1000000]  eval(5)= 701.17 +/- 7.78    alpha=0.0148
[ 920000/1000000]  ep= 920  reward(last50)= 661.51  alpha=0.0148
[ 930000/1000000]  ep= 930  reward(last50)= 663.72  alpha=0.0151
[ 940000/1000000]  eval(5)= 667.87 +/- 9.94    alpha=0.0147
[ 940000/1000000]  ep= 940  reward(last50)= 663.50  alpha=0.0147
[ 950000/1000000]  ep= 950  reward(last50)= 662.33  alpha=0.0145
[ 960000/1000000]  eval(5)= 669.88 +/- 12.50   alpha=0.0154
[ 960000/1000000]  ep= 960  reward(last50)= 661.32  alpha=0.0154
[ 970000/1000000]  ep= 970  reward(last50)= 662.03  alpha=0.0151
[ 980000/1000000]  eval(5)= 679.06 +/- 14.73   alpha=0.0149
[ 980000/1000000]  ep= 980  reward(last50)= 657.53  alpha=0.0149
[ 990000/1000000]  ep= 990  reward(last50)= 658.55  alpha=0.0152
[1000000/1000000]  eval(5)= 678.28 +/- 7.66    alpha=0.0146
[1000000/1000000]  ep=1000  reward(last50)= 659.57  alpha=0.0146
Saved SAC checkpoint to checkpoints/dmcs/cheetah-run/sample_efficiency/sac_seed42.pt

Evaluating (deterministic)...
Eval(10): mean=677.39  std=9.89
