/home/bruinml/anaconda3/envs/highway/lib/python3.11/site-packages/glfw/__init__.py:917: GLFWError: (65550) b'X11: The DISPLAY environment variable is missing'
  warnings.warn(message, GLFWError)
/home/bruinml/anaconda3/envs/highway/lib/python3.11/site-packages/pygame/pkgdata.py:25: UserWarning: pkg_resources is deprecated as an API. See https://setuptools.pypa.io/en/latest/pkg_resources.html. The pkg_resources package is slated for removal as early as 2025-11-30. Refrain from using this package or pin to Setuptools<81.
  from pkg_resources import resource_stream, resource_exists
/home/bruinml/anaconda3/envs/highway/lib/python3.11/site-packages/torch/cuda/__init__.py:180: UserWarning: CUDA initialization: The NVIDIA driver on your system is too old (found version 12080). Please update your GPU driver by downloading and installing a new version from the URL: http://www.nvidia.com/Download/index.aspx Alternatively, go to: https://pytorch.org to install a PyTorch version that has been compiled with your version of the CUDA driver. (Triggered internally at /pytorch/c10/cuda/CUDAFunctions.cpp:119.)
  return torch._C._cuda_getDeviceCount() > 0
SAC on dm_control/cheetah-run  seed=44  steps=1000000
[  10000/1000000]  ep=  10  reward(last50)=   4.05  alpha=0.1000
[  20000/1000000]  eval(5)=  29.80 +/- 0.84    alpha=0.0291
[  20000/1000000]  ep=  20  reward(last50)=   7.76  alpha=0.0291
[  30000/1000000]  ep=  30  reward(last50)=  20.05  alpha=0.0099
[  40000/1000000]  eval(5)= 127.34 +/- 53.06   alpha=0.0040
[  40000/1000000]  ep=  40  reward(last50)=  34.18  alpha=0.0040
[  50000/1000000]  ep=  50  reward(last50)=  49.85  alpha=0.0026
[  60000/1000000]  eval(5)= 112.24 +/- 57.70   alpha=0.0034
[  60000/1000000]  ep=  60  reward(last50)=  68.36  alpha=0.0034
[  70000/1000000]  ep=  70  reward(last50)=  83.55  alpha=0.0040
[  80000/1000000]  eval(5)= 196.01 +/- 31.10   alpha=0.0042
[  80000/1000000]  ep=  80  reward(last50)=  93.91  alpha=0.0042
[  90000/1000000]  ep=  90  reward(last50)= 111.62  alpha=0.0043
[ 100000/1000000]  eval(5)= 157.92 +/- 24.57   alpha=0.0046
[ 100000/1000000]  ep= 100  reward(last50)= 124.60  alpha=0.0046
[ 110000/1000000]  ep= 110  reward(last50)= 130.66  alpha=0.0045
[ 120000/1000000]  eval(5)= 318.26 +/- 21.63   alpha=0.0044
[ 120000/1000000]  ep= 120  reward(last50)= 151.83  alpha=0.0044
[ 130000/1000000]  ep= 130  reward(last50)= 189.89  alpha=0.0051
[ 140000/1000000]  eval(5)= 200.40 +/- 114.75  alpha=0.0050
[ 140000/1000000]  ep= 140  reward(last50)= 219.00  alpha=0.0050
[ 150000/1000000]  ep= 150  reward(last50)= 228.77  alpha=0.0051
[ 160000/1000000]  eval(5)= 414.95 +/- 13.29   alpha=0.0054
[ 160000/1000000]  ep= 160  reward(last50)= 269.94  alpha=0.0054
[ 170000/1000000]  ep= 170  reward(last50)= 297.96  alpha=0.0057
[ 180000/1000000]  eval(5)= 339.21 +/- 151.46  alpha=0.0063
[ 180000/1000000]  ep= 180  reward(last50)= 323.60  alpha=0.0063
[ 190000/1000000]  ep= 190  reward(last50)= 325.03  alpha=0.0066
[ 200000/1000000]  eval(5)= 390.74 +/- 140.86  alpha=0.0067
[ 200000/1000000]  ep= 200  reward(last50)= 373.83  alpha=0.0067
[ 210000/1000000]  ep= 210  reward(last50)= 406.75  alpha=0.0070
[ 220000/1000000]  eval(5)= 414.48 +/- 175.92  alpha=0.0078
[ 220000/1000000]  ep= 220  reward(last50)= 423.54  alpha=0.0078
[ 230000/1000000]  ep= 230  reward(last50)= 435.00  alpha=0.0081
[ 240000/1000000]  eval(5)= 544.22 +/- 21.19   alpha=0.0083
[ 240000/1000000]  ep= 240  reward(last50)= 460.94  alpha=0.0083
[ 250000/1000000]  ep= 250  reward(last50)= 452.94  alpha=0.0086
[ 260000/1000000]  eval(5)= 552.38 +/- 29.53   alpha=0.0092
[ 260000/1000000]  ep= 260  reward(last50)= 449.23  alpha=0.0092
[ 270000/1000000]  ep= 270  reward(last50)= 471.73  alpha=0.0096
[ 280000/1000000]  eval(5)= 571.98 +/- 26.87   alpha=0.0103
[ 280000/1000000]  ep= 280  reward(last50)= 482.67  alpha=0.0103
[ 290000/1000000]  ep= 290  reward(last50)= 502.70  alpha=0.0106
[ 300000/1000000]  eval(5)= 606.77 +/- 13.82   alpha=0.0110
[ 300000/1000000]  ep= 300  reward(last50)= 529.71  alpha=0.0110
[ 310000/1000000]  ep= 310  reward(last50)= 545.72  alpha=0.0109
[ 320000/1000000]  eval(5)= 595.91 +/- 10.65   alpha=0.0114
[ 320000/1000000]  ep= 320  reward(last50)= 554.82  alpha=0.0114
[ 330000/1000000]  ep= 330  reward(last50)= 555.87  alpha=0.0115
[ 340000/1000000]  eval(5)= 609.48 +/- 4.18    alpha=0.0118
[ 340000/1000000]  ep= 340  reward(last50)= 561.83  alpha=0.0118
[ 350000/1000000]  ep= 350  reward(last50)= 562.55  alpha=0.0119
[ 360000/1000000]  eval(5)= 608.17 +/- 7.62    alpha=0.0121
[ 360000/1000000]  ep= 360  reward(last50)= 569.30  alpha=0.0121
[ 370000/1000000]  ep= 370  reward(last50)= 569.76  alpha=0.0126
[ 380000/1000000]  eval(5)= 611.13 +/- 15.91   alpha=0.0126
[ 380000/1000000]  ep= 380  reward(last50)= 579.34  alpha=0.0126
[ 390000/1000000]  ep= 390  reward(last50)= 578.80  alpha=0.0131
[ 400000/1000000]  eval(5)= 609.49 +/- 5.92    alpha=0.0128
[ 400000/1000000]  ep= 400  reward(last50)= 578.39  alpha=0.0128
[ 410000/1000000]  ep= 410  reward(last50)= 566.78  alpha=0.0137
[ 420000/1000000]  eval(5)= 611.49 +/- 15.37   alpha=0.0135
[ 420000/1000000]  ep= 420  reward(last50)= 565.66  alpha=0.0135
[ 430000/1000000]  ep= 430  reward(last50)= 562.46  alpha=0.0138
[ 440000/1000000]  eval(5)= 583.20 +/- 11.50   alpha=0.0134
[ 440000/1000000]  ep= 440  reward(last50)= 562.82  alpha=0.0134
[ 450000/1000000]  ep= 450  reward(last50)= 562.86  alpha=0.0136
[ 460000/1000000]  eval(5)= 595.17 +/- 9.36    alpha=0.0138
[ 460000/1000000]  ep= 460  reward(last50)= 571.85  alpha=0.0138
[ 470000/1000000]  ep= 470  reward(last50)= 573.43  alpha=0.0140
[ 480000/1000000]  eval(5)= 610.91 +/- 12.78   alpha=0.0141
[ 480000/1000000]  ep= 480  reward(last50)= 575.79  alpha=0.0141
[ 490000/1000000]  ep= 490  reward(last50)= 573.76  alpha=0.0138
[ 500000/1000000]  eval(5)= 565.86 +/- 85.37   alpha=0.0143
[ 500000/1000000]  ep= 500  reward(last50)= 572.27  alpha=0.0143
[ 510000/1000000]  ep= 510  reward(last50)= 562.75  alpha=0.0145
[ 520000/1000000]  eval(5)= 631.05 +/- 10.67   alpha=0.0149
[ 520000/1000000]  ep= 520  reward(last50)= 563.71  alpha=0.0149
[ 530000/1000000]  ep= 530  reward(last50)= 563.53  alpha=0.0148
[ 540000/1000000]  eval(5)= 627.95 +/- 12.11   alpha=0.0146
[ 540000/1000000]  ep= 540  reward(last50)= 565.21  alpha=0.0146
[ 550000/1000000]  ep= 550  reward(last50)= 567.31  alpha=0.0151
[ 560000/1000000]  eval(5)= 637.35 +/- 6.67    alpha=0.0150
[ 560000/1000000]  ep= 560  reward(last50)= 576.34  alpha=0.0150
[ 570000/1000000]  ep= 570  reward(last50)= 577.90  alpha=0.0146
[ 580000/1000000]  eval(5)= 611.88 +/- 12.02   alpha=0.0155
[ 580000/1000000]  ep= 580  reward(last50)= 577.03  alpha=0.0155
[ 590000/1000000]  ep= 590  reward(last50)= 575.18  alpha=0.0146
[ 600000/1000000]  eval(5)= 627.34 +/- 21.31   alpha=0.0151
[ 600000/1000000]  ep= 600  reward(last50)= 577.69  alpha=0.0151
[ 610000/1000000]  ep= 610  reward(last50)= 579.71  alpha=0.0153
[ 620000/1000000]  eval(5)= 619.95 +/- 4.28    alpha=0.0154
[ 620000/1000000]  ep= 620  reward(last50)= 575.41  alpha=0.0154
[ 630000/1000000]  ep= 630  reward(last50)= 578.76  alpha=0.0154
[ 640000/1000000]  eval(5)= 638.62 +/- 15.12   alpha=0.0151
[ 640000/1000000]  ep= 640  reward(last50)= 585.52  alpha=0.0151
[ 650000/1000000]  ep= 650  reward(last50)= 586.88  alpha=0.0159
[ 660000/1000000]  eval(5)= 647.47 +/- 25.36   alpha=0.0160
[ 660000/1000000]  ep= 660  reward(last50)= 587.02  alpha=0.0160
[ 670000/1000000]  ep= 670  reward(last50)= 587.75  alpha=0.0152
[ 680000/1000000]  eval(5)= 641.62 +/- 10.71   alpha=0.0156
[ 680000/1000000]  ep= 680  reward(last50)= 588.43  alpha=0.0156
[ 690000/1000000]  ep= 690  reward(last50)= 584.78  alpha=0.0162
[ 700000/1000000]  eval(5)= 629.95 +/- 8.87    alpha=0.0160
[ 700000/1000000]  ep= 700  reward(last50)= 584.45  alpha=0.0160
[ 710000/1000000]  ep= 710  reward(last50)= 582.75  alpha=0.0160
[ 720000/1000000]  eval(5)= 648.95 +/- 10.12   alpha=0.0156
[ 720000/1000000]  ep= 720  reward(last50)= 585.89  alpha=0.0156
[ 730000/1000000]  ep= 730  reward(last50)= 584.80  alpha=0.0165
[ 740000/1000000]  eval(5)= 643.63 +/- 7.05    alpha=0.0161
[ 740000/1000000]  ep= 740  reward(last50)= 586.45  alpha=0.0161
[ 750000/1000000]  ep= 750  reward(last50)= 586.28  alpha=0.0165
[ 760000/1000000]  eval(5)= 634.74 +/- 10.64   alpha=0.0162
[ 760000/1000000]  ep= 760  reward(last50)= 588.62  alpha=0.0162
[ 770000/1000000]  ep= 770  reward(last50)= 590.61  alpha=0.0163
[ 780000/1000000]  eval(5)= 642.47 +/- 8.54    alpha=0.0161
[ 780000/1000000]  ep= 780  reward(last50)= 594.84  alpha=0.0161
[ 790000/1000000]  ep= 790  reward(last50)= 597.29  alpha=0.0171
[ 800000/1000000]  eval(5)= 651.62 +/- 9.10    alpha=0.0158
[ 800000/1000000]  ep= 800  reward(last50)= 600.06  alpha=0.0158
[ 810000/1000000]  ep= 810  reward(last50)= 601.87  alpha=0.0157
[ 820000/1000000]  eval(5)= 655.84 +/- 6.39    alpha=0.0166
[ 820000/1000000]  ep= 820  reward(last50)= 602.75  alpha=0.0166
[ 830000/1000000]  ep= 830  reward(last50)= 601.67  alpha=0.0159
[ 840000/1000000]  eval(5)= 630.69 +/- 10.61   alpha=0.0163
[ 840000/1000000]  ep= 840  reward(last50)= 602.96  alpha=0.0163
[ 850000/1000000]  ep= 850  reward(last50)= 601.86  alpha=0.0163
[ 860000/1000000]  eval(5)= 660.14 +/- 17.74   alpha=0.0163
[ 860000/1000000]  ep= 860  reward(last50)= 603.07  alpha=0.0163
[ 870000/1000000]  ep= 870  reward(last50)= 602.78  alpha=0.0171
[ 880000/1000000]  eval(5)= 648.77 +/- 8.58    alpha=0.0166
[ 880000/1000000]  ep= 880  reward(last50)= 604.46  alpha=0.0166
[ 890000/1000000]  ep= 890  reward(last50)= 600.02  alpha=0.0165
[ 900000/1000000]  eval(5)= 640.98 +/- 34.66   alpha=0.0156
[ 900000/1000000]  ep= 900  reward(last50)= 598.67  alpha=0.0156
[ 910000/1000000]  ep= 910  reward(last50)= 599.08  alpha=0.0172
[ 920000/1000000]  eval(5)= 632.15 +/- 16.98   alpha=0.0163
[ 920000/1000000]  ep= 920  reward(last50)= 598.57  alpha=0.0163
[ 930000/1000000]  ep= 930  reward(last50)= 598.40  alpha=0.0168
[ 940000/1000000]  eval(5)= 650.56 +/- 5.89    alpha=0.0174
[ 940000/1000000]  ep= 940  reward(last50)= 601.27  alpha=0.0174
[ 950000/1000000]  ep= 950  reward(last50)= 605.24  alpha=0.0169
[ 960000/1000000]  eval(5)= 649.56 +/- 9.49    alpha=0.0171
[ 960000/1000000]  ep= 960  reward(last50)= 604.61  alpha=0.0171
[ 970000/1000000]  ep= 970  reward(last50)= 607.58  alpha=0.0164
[ 980000/1000000]  eval(5)= 656.43 +/- 9.85    alpha=0.0168
[ 980000/1000000]  ep= 980  reward(last50)= 607.65  alpha=0.0168
[ 990000/1000000]  ep= 990  reward(last50)= 612.85  alpha=0.0168
[1000000/1000000]  eval(5)= 664.94 +/- 11.14   alpha=0.0174
[1000000/1000000]  ep=1000  reward(last50)= 611.63  alpha=0.0174
Saved SAC checkpoint to checkpoints/dmcs/cheetah-run/sample_efficiency/sac_seed44.pt

Evaluating (deterministic)...
Eval(10): mean=657.97  std=15.22
