/home/bruinml/anaconda3/envs/highway/lib/python3.11/site-packages/glfw/__init__.py:917: GLFWError: (65550) b'X11: The DISPLAY environment variable is missing'
  warnings.warn(message, GLFWError)
/home/bruinml/anaconda3/envs/highway/lib/python3.11/site-packages/pygame/pkgdata.py:25: UserWarning: pkg_resources is deprecated as an API. See https://setuptools.pypa.io/en/latest/pkg_resources.html. The pkg_resources package is slated for removal as early as 2025-11-30. Refrain from using this package or pin to Setuptools<81.
  from pkg_resources import resource_stream, resource_exists
/home/bruinml/anaconda3/envs/highway/lib/python3.11/site-packages/torch/cuda/__init__.py:180: UserWarning: CUDA initialization: The NVIDIA driver on your system is too old (found version 12080). Please update your GPU driver by downloading and installing a new version from the URL: http://www.nvidia.com/Download/index.aspx Alternatively, go to: https://pytorch.org to install a PyTorch version that has been compiled with your version of the CUDA driver. (Triggered internally at /pytorch/c10/cuda/CUDAFunctions.cpp:119.)
  return torch._C._cuda_getDeviceCount() > 0
Uniform DQN on dm_control/cheetah-run  da=6  n=32 (per axis -> 192 total cells)  seed=44  steps=1000000
[  10000/1000000]  ep=  10  reward(last50)=   2.40  n_per_axis=[32, 32, 32, 32, 32, 32]  total_splits=0
[  20000/1000000]  eval(5)=  23.50 +/- 11.29   n_per_axis=[32, 32, 32, 32, 32, 32]
[  20000/1000000]  ep=  20  reward(last50)=   5.35  n_per_axis=[32, 32, 32, 32, 32, 32]  total_splits=0
[  30000/1000000]  ep=  30  reward(last50)=  22.10  n_per_axis=[32, 32, 32, 32, 32, 32]  total_splits=0
[  40000/1000000]  eval(5)= 134.21 +/- 29.04   n_per_axis=[32, 32, 32, 32, 32, 32]
[  40000/1000000]  ep=  40  reward(last50)=  43.82  n_per_axis=[32, 32, 32, 32, 32, 32]  total_splits=0
[  50000/1000000]  ep=  50  reward(last50)=  62.57  n_per_axis=[32, 32, 32, 32, 32, 32]  total_splits=0
[  60000/1000000]  eval(5)= 209.40 +/- 18.60   n_per_axis=[32, 32, 32, 32, 32, 32]
[  60000/1000000]  ep=  60  reward(last50)=  92.03  n_per_axis=[32, 32, 32, 32, 32, 32]  total_splits=0
[  70000/1000000]  ep=  70  reward(last50)= 121.29  n_per_axis=[32, 32, 32, 32, 32, 32]  total_splits=0
[  80000/1000000]  eval(5)= 150.24 +/- 76.91   n_per_axis=[32, 32, 32, 32, 32, 32]
[  80000/1000000]  ep=  80  reward(last50)= 141.35  n_per_axis=[32, 32, 32, 32, 32, 32]  total_splits=0
[  90000/1000000]  ep=  90  reward(last50)= 147.16  n_per_axis=[32, 32, 32, 32, 32, 32]  total_splits=0
[ 100000/1000000]  eval(5)= 195.16 +/- 53.35   n_per_axis=[32, 32, 32, 32, 32, 32]
[ 100000/1000000]  ep= 100  reward(last50)= 162.77  n_per_axis=[32, 32, 32, 32, 32, 32]  total_splits=0
[ 110000/1000000]  ep= 110  reward(last50)= 176.35  n_per_axis=[32, 32, 32, 32, 32, 32]  total_splits=0
[ 120000/1000000]  eval(5)= 144.15 +/- 66.86   n_per_axis=[32, 32, 32, 32, 32, 32]
[ 120000/1000000]  ep= 120  reward(last50)= 183.84  n_per_axis=[32, 32, 32, 32, 32, 32]  total_splits=0
[ 130000/1000000]  ep= 130  reward(last50)= 194.80  n_per_axis=[32, 32, 32, 32, 32, 32]  total_splits=0
[ 140000/1000000]  eval(5)= 278.22 +/- 25.71   n_per_axis=[32, 32, 32, 32, 32, 32]
[ 140000/1000000]  ep= 140  reward(last50)= 211.35  n_per_axis=[32, 32, 32, 32, 32, 32]  total_splits=0
[ 150000/1000000]  ep= 150  reward(last50)= 213.25  n_per_axis=[32, 32, 32, 32, 32, 32]  total_splits=0
[ 160000/1000000]  eval(5)= 266.45 +/- 15.63   n_per_axis=[32, 32, 32, 32, 32, 32]
[ 160000/1000000]  ep= 160  reward(last50)= 214.32  n_per_axis=[32, 32, 32, 32, 32, 32]  total_splits=0
[ 170000/1000000]  ep= 170  reward(last50)= 223.34  n_per_axis=[32, 32, 32, 32, 32, 32]  total_splits=0
[ 180000/1000000]  eval(5)= 316.42 +/- 48.79   n_per_axis=[32, 32, 32, 32, 32, 32]
[ 180000/1000000]  ep= 180  reward(last50)= 232.70  n_per_axis=[32, 32, 32, 32, 32, 32]  total_splits=0
[ 190000/1000000]  ep= 190  reward(last50)= 243.99  n_per_axis=[32, 32, 32, 32, 32, 32]  total_splits=0
[ 200000/1000000]  eval(5)= 267.78 +/- 66.51   n_per_axis=[32, 32, 32, 32, 32, 32]
[ 200000/1000000]  ep= 200  reward(last50)= 253.77  n_per_axis=[32, 32, 32, 32, 32, 32]  total_splits=0
[ 210000/1000000]  ep= 210  reward(last50)= 263.87  n_per_axis=[32, 32, 32, 32, 32, 32]  total_splits=0
[ 220000/1000000]  eval(5)= 310.71 +/- 7.71    n_per_axis=[32, 32, 32, 32, 32, 32]
[ 220000/1000000]  ep= 220  reward(last50)= 272.78  n_per_axis=[32, 32, 32, 32, 32, 32]  total_splits=0
[ 230000/1000000]  ep= 230  reward(last50)= 274.71  n_per_axis=[32, 32, 32, 32, 32, 32]  total_splits=0
[ 240000/1000000]  eval(5)= 322.60 +/- 33.13   n_per_axis=[32, 32, 32, 32, 32, 32]
[ 240000/1000000]  ep= 240  reward(last50)= 271.48  n_per_axis=[32, 32, 32, 32, 32, 32]  total_splits=0
[ 250000/1000000]  ep= 250  reward(last50)= 283.76  n_per_axis=[32, 32, 32, 32, 32, 32]  total_splits=0
[ 260000/1000000]  eval(5)= 324.73 +/- 26.62   n_per_axis=[32, 32, 32, 32, 32, 32]
[ 260000/1000000]  ep= 260  reward(last50)= 299.78  n_per_axis=[32, 32, 32, 32, 32, 32]  total_splits=0
[ 270000/1000000]  ep= 270  reward(last50)= 306.40  n_per_axis=[32, 32, 32, 32, 32, 32]  total_splits=0
[ 280000/1000000]  eval(5)= 264.80 +/- 114.77  n_per_axis=[32, 32, 32, 32, 32, 32]
[ 280000/1000000]  ep= 280  reward(last50)= 316.98  n_per_axis=[32, 32, 32, 32, 32, 32]  total_splits=0
[ 290000/1000000]  ep= 290  reward(last50)= 324.07  n_per_axis=[32, 32, 32, 32, 32, 32]  total_splits=0
[ 300000/1000000]  eval(5)= 360.29 +/- 18.64   n_per_axis=[32, 32, 32, 32, 32, 32]
[ 300000/1000000]  ep= 300  reward(last50)= 327.90  n_per_axis=[32, 32, 32, 32, 32, 32]  total_splits=0
[ 310000/1000000]  ep= 310  reward(last50)= 330.11  n_per_axis=[32, 32, 32, 32, 32, 32]  total_splits=0
[ 320000/1000000]  eval(5)= 327.89 +/- 38.89   n_per_axis=[32, 32, 32, 32, 32, 32]
[ 320000/1000000]  ep= 320  reward(last50)= 329.95  n_per_axis=[32, 32, 32, 32, 32, 32]  total_splits=0
[ 330000/1000000]  ep= 330  reward(last50)= 335.50  n_per_axis=[32, 32, 32, 32, 32, 32]  total_splits=0
[ 340000/1000000]  eval(5)= 304.69 +/- 12.75   n_per_axis=[32, 32, 32, 32, 32, 32]
[ 340000/1000000]  ep= 340  reward(last50)= 341.54  n_per_axis=[32, 32, 32, 32, 32, 32]  total_splits=0
[ 350000/1000000]  ep= 350  reward(last50)= 340.24  n_per_axis=[32, 32, 32, 32, 32, 32]  total_splits=0
[ 360000/1000000]  eval(5)= 370.58 +/- 129.14  n_per_axis=[32, 32, 32, 32, 32, 32]
[ 360000/1000000]  ep= 360  reward(last50)= 336.04  n_per_axis=[32, 32, 32, 32, 32, 32]  total_splits=0
[ 370000/1000000]  ep= 370  reward(last50)= 346.96  n_per_axis=[32, 32, 32, 32, 32, 32]  total_splits=0
[ 380000/1000000]  eval(5)= 450.83 +/- 19.15   n_per_axis=[32, 32, 32, 32, 32, 32]
[ 380000/1000000]  ep= 380  reward(last50)= 341.23  n_per_axis=[32, 32, 32, 32, 32, 32]  total_splits=0
[ 390000/1000000]  ep= 390  reward(last50)= 335.21  n_per_axis=[32, 32, 32, 32, 32, 32]  total_splits=0
[ 400000/1000000]  eval(5)= 459.88 +/- 30.83   n_per_axis=[32, 32, 32, 32, 32, 32]
[ 400000/1000000]  ep= 400  reward(last50)= 344.20  n_per_axis=[32, 32, 32, 32, 32, 32]  total_splits=0
[ 410000/1000000]  ep= 410  reward(last50)= 355.11  n_per_axis=[32, 32, 32, 32, 32, 32]  total_splits=0
[ 420000/1000000]  eval(5)= 499.03 +/- 8.92    n_per_axis=[32, 32, 32, 32, 32, 32]
[ 420000/1000000]  ep= 420  reward(last50)= 352.90  n_per_axis=[32, 32, 32, 32, 32, 32]  total_splits=0
[ 430000/1000000]  ep= 430  reward(last50)= 359.29  n_per_axis=[32, 32, 32, 32, 32, 32]  total_splits=0
[ 440000/1000000]  eval(5)= 348.47 +/- 22.17   n_per_axis=[32, 32, 32, 32, 32, 32]
[ 440000/1000000]  ep= 440  reward(last50)= 370.02  n_per_axis=[32, 32, 32, 32, 32, 32]  total_splits=0
[ 450000/1000000]  ep= 450  reward(last50)= 367.06  n_per_axis=[32, 32, 32, 32, 32, 32]  total_splits=0
[ 460000/1000000]  eval(5)= 443.37 +/- 7.76    n_per_axis=[32, 32, 32, 32, 32, 32]
[ 460000/1000000]  ep= 460  reward(last50)= 368.83  n_per_axis=[32, 32, 32, 32, 32, 32]  total_splits=0
[ 470000/1000000]  ep= 470  reward(last50)= 373.47  n_per_axis=[32, 32, 32, 32, 32, 32]  total_splits=0
[ 480000/1000000]  eval(5)= 382.02 +/- 63.85   n_per_axis=[32, 32, 32, 32, 32, 32]
[ 480000/1000000]  ep= 480  reward(last50)= 374.50  n_per_axis=[32, 32, 32, 32, 32, 32]  total_splits=0
[ 490000/1000000]  ep= 490  reward(last50)= 382.32  n_per_axis=[32, 32, 32, 32, 32, 32]  total_splits=0
[ 500000/1000000]  eval(5)= 499.38 +/- 19.91   n_per_axis=[32, 32, 32, 32, 32, 32]
[ 500000/1000000]  ep= 500  reward(last50)= 374.74  n_per_axis=[32, 32, 32, 32, 32, 32]  total_splits=0
[ 510000/1000000]  ep= 510  reward(last50)= 370.28  n_per_axis=[32, 32, 32, 32, 32, 32]  total_splits=0
[ 520000/1000000]  eval(5)= 318.99 +/- 116.82  n_per_axis=[32, 32, 32, 32, 32, 32]
[ 520000/1000000]  ep= 520  reward(last50)= 367.52  n_per_axis=[32, 32, 32, 32, 32, 32]  total_splits=0
[ 530000/1000000]  ep= 530  reward(last50)= 374.60  n_per_axis=[32, 32, 32, 32, 32, 32]  total_splits=0
[ 540000/1000000]  eval(5)= 488.11 +/- 55.18   n_per_axis=[32, 32, 32, 32, 32, 32]
[ 540000/1000000]  ep= 540  reward(last50)= 373.83  n_per_axis=[32, 32, 32, 32, 32, 32]  total_splits=0
[ 550000/1000000]  ep= 550  reward(last50)= 370.63  n_per_axis=[32, 32, 32, 32, 32, 32]  total_splits=0
[ 560000/1000000]  eval(5)= 379.14 +/- 56.37   n_per_axis=[32, 32, 32, 32, 32, 32]
[ 560000/1000000]  ep= 560  reward(last50)= 366.64  n_per_axis=[32, 32, 32, 32, 32, 32]  total_splits=0
[ 570000/1000000]  ep= 570  reward(last50)= 368.24  n_per_axis=[32, 32, 32, 32, 32, 32]  total_splits=0
[ 580000/1000000]  eval(5)= 460.80 +/- 34.44   n_per_axis=[32, 32, 32, 32, 32, 32]
[ 580000/1000000]  ep= 580  reward(last50)= 371.58  n_per_axis=[32, 32, 32, 32, 32, 32]  total_splits=0
[ 590000/1000000]  ep= 590  reward(last50)= 372.22  n_per_axis=[32, 32, 32, 32, 32, 32]  total_splits=0
[ 600000/1000000]  eval(5)= 411.72 +/- 79.23   n_per_axis=[32, 32, 32, 32, 32, 32]
[ 600000/1000000]  ep= 600  reward(last50)= 386.72  n_per_axis=[32, 32, 32, 32, 32, 32]  total_splits=0
[ 610000/1000000]  ep= 610  reward(last50)= 377.50  n_per_axis=[32, 32, 32, 32, 32, 32]  total_splits=0
[ 620000/1000000]  eval(5)= 340.47 +/- 124.66  n_per_axis=[32, 32, 32, 32, 32, 32]
[ 620000/1000000]  ep= 620  reward(last50)= 381.51  n_per_axis=[32, 32, 32, 32, 32, 32]  total_splits=0
[ 630000/1000000]  ep= 630  reward(last50)= 382.28  n_per_axis=[32, 32, 32, 32, 32, 32]  total_splits=0
[ 640000/1000000]  eval(5)= 348.43 +/- 102.76  n_per_axis=[32, 32, 32, 32, 32, 32]
[ 640000/1000000]  ep= 640  reward(last50)= 380.11  n_per_axis=[32, 32, 32, 32, 32, 32]  total_splits=0
[ 650000/1000000]  ep= 650  reward(last50)= 378.28  n_per_axis=[32, 32, 32, 32, 32, 32]  total_splits=0
[ 660000/1000000]  eval(5)= 420.44 +/- 126.60  n_per_axis=[32, 32, 32, 32, 32, 32]
[ 660000/1000000]  ep= 660  reward(last50)= 390.97  n_per_axis=[32, 32, 32, 32, 32, 32]  total_splits=0
[ 670000/1000000]  ep= 670  reward(last50)= 378.22  n_per_axis=[32, 32, 32, 32, 32, 32]  total_splits=0
[ 680000/1000000]  eval(5)= 349.48 +/- 50.93   n_per_axis=[32, 32, 32, 32, 32, 32]
[ 680000/1000000]  ep= 680  reward(last50)= 360.57  n_per_axis=[32, 32, 32, 32, 32, 32]  total_splits=0
[ 690000/1000000]  ep= 690  reward(last50)= 349.47  n_per_axis=[32, 32, 32, 32, 32, 32]  total_splits=0
[ 700000/1000000]  eval(5)= 213.23 +/- 118.92  n_per_axis=[32, 32, 32, 32, 32, 32]
[ 700000/1000000]  ep= 700  reward(last50)= 342.55  n_per_axis=[32, 32, 32, 32, 32, 32]  total_splits=0
[ 710000/1000000]  ep= 710  reward(last50)= 338.41  n_per_axis=[32, 32, 32, 32, 32, 32]  total_splits=0
[ 720000/1000000]  eval(5)= 456.82 +/- 64.07   n_per_axis=[32, 32, 32, 32, 32, 32]
[ 720000/1000000]  ep= 720  reward(last50)= 339.30  n_per_axis=[32, 32, 32, 32, 32, 32]  total_splits=0
[ 730000/1000000]  ep= 730  reward(last50)= 343.08  n_per_axis=[32, 32, 32, 32, 32, 32]  total_splits=0
[ 740000/1000000]  eval(5)= 510.46 +/- 14.80   n_per_axis=[32, 32, 32, 32, 32, 32]
[ 740000/1000000]  ep= 740  reward(last50)= 351.71  n_per_axis=[32, 32, 32, 32, 32, 32]  total_splits=0
[ 750000/1000000]  ep= 750  reward(last50)= 346.87  n_per_axis=[32, 32, 32, 32, 32, 32]  total_splits=0
[ 760000/1000000]  eval(5)= 456.70 +/- 56.05   n_per_axis=[32, 32, 32, 32, 32, 32]
[ 760000/1000000]  ep= 760  reward(last50)= 344.57  n_per_axis=[32, 32, 32, 32, 32, 32]  total_splits=0
[ 770000/1000000]  ep= 770  reward(last50)= 357.71  n_per_axis=[32, 32, 32, 32, 32, 32]  total_splits=0
[ 780000/1000000]  eval(5)= 412.71 +/- 104.36  n_per_axis=[32, 32, 32, 32, 32, 32]
[ 780000/1000000]  ep= 780  reward(last50)= 363.17  n_per_axis=[32, 32, 32, 32, 32, 32]  total_splits=0
[ 790000/1000000]  ep= 790  reward(last50)= 371.58  n_per_axis=[32, 32, 32, 32, 32, 32]  total_splits=0
[ 800000/1000000]  eval(5)= 338.54 +/- 36.99   n_per_axis=[32, 32, 32, 32, 32, 32]
[ 800000/1000000]  ep= 800  reward(last50)= 389.21  n_per_axis=[32, 32, 32, 32, 32, 32]  total_splits=0
[ 810000/1000000]  ep= 810  reward(last50)= 393.71  n_per_axis=[32, 32, 32, 32, 32, 32]  total_splits=0
[ 820000/1000000]  eval(5)= 250.80 +/- 84.66   n_per_axis=[32, 32, 32, 32, 32, 32]
[ 820000/1000000]  ep= 820  reward(last50)= 398.26  n_per_axis=[32, 32, 32, 32, 32, 32]  total_splits=0
[ 830000/1000000]  ep= 830  reward(last50)= 406.01  n_per_axis=[32, 32, 32, 32, 32, 32]  total_splits=0
[ 840000/1000000]  eval(5)= 284.37 +/- 124.33  n_per_axis=[32, 32, 32, 32, 32, 32]
[ 840000/1000000]  ep= 840  reward(last50)= 392.46  n_per_axis=[32, 32, 32, 32, 32, 32]  total_splits=0
[ 850000/1000000]  ep= 850  reward(last50)= 376.70  n_per_axis=[32, 32, 32, 32, 32, 32]  total_splits=0
[ 860000/1000000]  eval(5)= 374.18 +/- 46.06   n_per_axis=[32, 32, 32, 32, 32, 32]
[ 860000/1000000]  ep= 860  reward(last50)= 389.31  n_per_axis=[32, 32, 32, 32, 32, 32]  total_splits=0
[ 870000/1000000]  ep= 870  reward(last50)= 374.35  n_per_axis=[32, 32, 32, 32, 32, 32]  total_splits=0
[ 880000/1000000]  eval(5)= 465.81 +/- 27.57   n_per_axis=[32, 32, 32, 32, 32, 32]
[ 880000/1000000]  ep= 880  reward(last50)= 356.66  n_per_axis=[32, 32, 32, 32, 32, 32]  total_splits=0
[ 890000/1000000]  ep= 890  reward(last50)= 363.79  n_per_axis=[32, 32, 32, 32, 32, 32]  total_splits=0
[ 900000/1000000]  eval(5)= 306.02 +/- 131.93  n_per_axis=[32, 32, 32, 32, 32, 32]
[ 900000/1000000]  ep= 900  reward(last50)= 359.77  n_per_axis=[32, 32, 32, 32, 32, 32]  total_splits=0
[ 910000/1000000]  ep= 910  reward(last50)= 332.73  n_per_axis=[32, 32, 32, 32, 32, 32]  total_splits=0
[ 920000/1000000]  eval(5)= 295.73 +/- 104.33  n_per_axis=[32, 32, 32, 32, 32, 32]
[ 920000/1000000]  ep= 920  reward(last50)= 317.79  n_per_axis=[32, 32, 32, 32, 32, 32]  total_splits=0
[ 930000/1000000]  ep= 930  reward(last50)= 321.49  n_per_axis=[32, 32, 32, 32, 32, 32]  total_splits=0
[ 940000/1000000]  eval(5)= 340.71 +/- 51.58   n_per_axis=[32, 32, 32, 32, 32, 32]
[ 940000/1000000]  ep= 940  reward(last50)= 316.54  n_per_axis=[32, 32, 32, 32, 32, 32]  total_splits=0
[ 950000/1000000]  ep= 950  reward(last50)= 318.29  n_per_axis=[32, 32, 32, 32, 32, 32]  total_splits=0
[ 960000/1000000]  eval(5)= 381.41 +/- 17.14   n_per_axis=[32, 32, 32, 32, 32, 32]
[ 960000/1000000]  ep= 960  reward(last50)= 317.80  n_per_axis=[32, 32, 32, 32, 32, 32]  total_splits=0
[ 970000/1000000]  ep= 970  reward(last50)= 332.65  n_per_axis=[32, 32, 32, 32, 32, 32]  total_splits=0
[ 980000/1000000]  eval(5)= 268.53 +/- 59.81   n_per_axis=[32, 32, 32, 32, 32, 32]
[ 980000/1000000]  ep= 980  reward(last50)= 300.75  n_per_axis=[32, 32, 32, 32, 32, 32]  total_splits=0
[ 990000/1000000]  ep= 990  reward(last50)= 300.99  n_per_axis=[32, 32, 32, 32, 32, 32]  total_splits=0
[1000000/1000000]  eval(5)= 267.67 +/- 146.39  n_per_axis=[32, 32, 32, 32, 32, 32]
[1000000/1000000]  ep=1000  reward(last50)= 311.11  n_per_axis=[32, 32, 32, 32, 32, 32]  total_splits=0
Saved BranchingDQN checkpoint to checkpoints/dmcs/cheetah-run/sample_efficiency/uniform_n32_seed44.pt

Evaluating (deterministic)...
Eval(10): mean=282.52  std=162.80
Final n_per_axis: [32, 32, 32, 32, 32, 32]  total_cells: 192  (uniform; no splits)
