/home/bruinml/anaconda3/envs/highway/lib/python3.11/site-packages/glfw/__init__.py:917: GLFWError: (65550) b'X11: The DISPLAY environment variable is missing'
  warnings.warn(message, GLFWError)
/home/bruinml/anaconda3/envs/highway/lib/python3.11/site-packages/pygame/pkgdata.py:25: UserWarning: pkg_resources is deprecated as an API. See https://setuptools.pypa.io/en/latest/pkg_resources.html. The pkg_resources package is slated for removal as early as 2025-11-30. Refrain from using this package or pin to Setuptools<81.
  from pkg_resources import resource_stream, resource_exists
/home/bruinml/anaconda3/envs/highway/lib/python3.11/site-packages/torch/cuda/__init__.py:180: UserWarning: CUDA initialization: The NVIDIA driver on your system is too old (found version 12080). Please update your GPU driver by downloading and installing a new version from the URL: http://www.nvidia.com/Download/index.aspx Alternatively, go to: https://pytorch.org to install a PyTorch version that has been compiled with your version of the CUDA driver. (Triggered internally at /pytorch/c10/cuda/CUDAFunctions.cpp:119.)
  return torch._C._cuda_getDeviceCount() > 0
Uniform DQN on dm_control/cheetah-run  da=6  n=32 (per axis -> 192 total cells)  seed=43  steps=1000000
[  10000/1000000]  ep=  10  reward(last50)=   4.02  n_per_axis=[32, 32, 32, 32, 32, 32]  total_splits=0
[  20000/1000000]  eval(5)=  55.97 +/- 9.31    n_per_axis=[32, 32, 32, 32, 32, 32]
[  20000/1000000]  ep=  20  reward(last50)=  16.95  n_per_axis=[32, 32, 32, 32, 32, 32]  total_splits=0
[  30000/1000000]  ep=  30  reward(last50)=  39.98  n_per_axis=[32, 32, 32, 32, 32, 32]  total_splits=0
[  40000/1000000]  eval(5)= 104.30 +/- 52.75   n_per_axis=[32, 32, 32, 32, 32, 32]
[  40000/1000000]  ep=  40  reward(last50)=  62.11  n_per_axis=[32, 32, 32, 32, 32, 32]  total_splits=0
[  50000/1000000]  ep=  50  reward(last50)=  72.22  n_per_axis=[32, 32, 32, 32, 32, 32]  total_splits=0
[  60000/1000000]  eval(5)= 165.99 +/- 54.14   n_per_axis=[32, 32, 32, 32, 32, 32]
[  60000/1000000]  ep=  60  reward(last50)=  98.63  n_per_axis=[32, 32, 32, 32, 32, 32]  total_splits=0
[  70000/1000000]  ep=  70  reward(last50)= 126.62  n_per_axis=[32, 32, 32, 32, 32, 32]  total_splits=0
[  80000/1000000]  eval(5)= 238.52 +/- 80.53   n_per_axis=[32, 32, 32, 32, 32, 32]
[  80000/1000000]  ep=  80  reward(last50)= 148.19  n_per_axis=[32, 32, 32, 32, 32, 32]  total_splits=0
[  90000/1000000]  ep=  90  reward(last50)= 161.29  n_per_axis=[32, 32, 32, 32, 32, 32]  total_splits=0
[ 100000/1000000]  eval(5)= 316.07 +/- 17.85   n_per_axis=[32, 32, 32, 32, 32, 32]
[ 100000/1000000]  ep= 100  reward(last50)= 192.46  n_per_axis=[32, 32, 32, 32, 32, 32]  total_splits=0
[ 110000/1000000]  ep= 110  reward(last50)= 212.92  n_per_axis=[32, 32, 32, 32, 32, 32]  total_splits=0
[ 120000/1000000]  eval(5)= 290.57 +/- 55.40   n_per_axis=[32, 32, 32, 32, 32, 32]
[ 120000/1000000]  ep= 120  reward(last50)= 241.24  n_per_axis=[32, 32, 32, 32, 32, 32]  total_splits=0
[ 130000/1000000]  ep= 130  reward(last50)= 262.98  n_per_axis=[32, 32, 32, 32, 32, 32]  total_splits=0
[ 140000/1000000]  eval(5)= 399.27 +/- 33.85   n_per_axis=[32, 32, 32, 32, 32, 32]
[ 140000/1000000]  ep= 140  reward(last50)= 287.76  n_per_axis=[32, 32, 32, 32, 32, 32]  total_splits=0
[ 150000/1000000]  ep= 150  reward(last50)= 306.98  n_per_axis=[32, 32, 32, 32, 32, 32]  total_splits=0
[ 160000/1000000]  eval(5)= 356.58 +/- 33.61   n_per_axis=[32, 32, 32, 32, 32, 32]
[ 160000/1000000]  ep= 160  reward(last50)= 332.29  n_per_axis=[32, 32, 32, 32, 32, 32]  total_splits=0
[ 170000/1000000]  ep= 170  reward(last50)= 342.19  n_per_axis=[32, 32, 32, 32, 32, 32]  total_splits=0
[ 180000/1000000]  eval(5)= 444.16 +/- 28.98   n_per_axis=[32, 32, 32, 32, 32, 32]
[ 180000/1000000]  ep= 180  reward(last50)= 362.02  n_per_axis=[32, 32, 32, 32, 32, 32]  total_splits=0
[ 190000/1000000]  ep= 190  reward(last50)= 373.22  n_per_axis=[32, 32, 32, 32, 32, 32]  total_splits=0
[ 200000/1000000]  eval(5)= 369.01 +/- 83.25   n_per_axis=[32, 32, 32, 32, 32, 32]
[ 200000/1000000]  ep= 200  reward(last50)= 370.99  n_per_axis=[32, 32, 32, 32, 32, 32]  total_splits=0
[ 210000/1000000]  ep= 210  reward(last50)= 382.40  n_per_axis=[32, 32, 32, 32, 32, 32]  total_splits=0
[ 220000/1000000]  eval(5)= 368.57 +/- 141.47  n_per_axis=[32, 32, 32, 32, 32, 32]
[ 220000/1000000]  ep= 220  reward(last50)= 388.43  n_per_axis=[32, 32, 32, 32, 32, 32]  total_splits=0
[ 230000/1000000]  ep= 230  reward(last50)= 378.34  n_per_axis=[32, 32, 32, 32, 32, 32]  total_splits=0
[ 240000/1000000]  eval(5)= 387.13 +/- 111.23  n_per_axis=[32, 32, 32, 32, 32, 32]
[ 240000/1000000]  ep= 240  reward(last50)= 385.34  n_per_axis=[32, 32, 32, 32, 32, 32]  total_splits=0
[ 250000/1000000]  ep= 250  reward(last50)= 396.53  n_per_axis=[32, 32, 32, 32, 32, 32]  total_splits=0
[ 260000/1000000]  eval(5)= 433.91 +/- 94.15   n_per_axis=[32, 32, 32, 32, 32, 32]
[ 260000/1000000]  ep= 260  reward(last50)= 376.10  n_per_axis=[32, 32, 32, 32, 32, 32]  total_splits=0
[ 270000/1000000]  ep= 270  reward(last50)= 356.18  n_per_axis=[32, 32, 32, 32, 32, 32]  total_splits=0
[ 280000/1000000]  eval(5)= 302.11 +/- 116.01  n_per_axis=[32, 32, 32, 32, 32, 32]
[ 280000/1000000]  ep= 280  reward(last50)= 369.42  n_per_axis=[32, 32, 32, 32, 32, 32]  total_splits=0
[ 290000/1000000]  ep= 290  reward(last50)= 370.13  n_per_axis=[32, 32, 32, 32, 32, 32]  total_splits=0
[ 300000/1000000]  eval(5)= 467.88 +/- 16.69   n_per_axis=[32, 32, 32, 32, 32, 32]
[ 300000/1000000]  ep= 300  reward(last50)= 373.49  n_per_axis=[32, 32, 32, 32, 32, 32]  total_splits=0
[ 310000/1000000]  ep= 310  reward(last50)= 388.52  n_per_axis=[32, 32, 32, 32, 32, 32]  total_splits=0
[ 320000/1000000]  eval(5)= 522.18 +/- 15.92   n_per_axis=[32, 32, 32, 32, 32, 32]
[ 320000/1000000]  ep= 320  reward(last50)= 407.08  n_per_axis=[32, 32, 32, 32, 32, 32]  total_splits=0
[ 330000/1000000]  ep= 330  reward(last50)= 403.64  n_per_axis=[32, 32, 32, 32, 32, 32]  total_splits=0
[ 340000/1000000]  eval(5)= 416.50 +/- 45.10   n_per_axis=[32, 32, 32, 32, 32, 32]
[ 340000/1000000]  ep= 340  reward(last50)= 401.67  n_per_axis=[32, 32, 32, 32, 32, 32]  total_splits=0
[ 350000/1000000]  ep= 350  reward(last50)= 390.89  n_per_axis=[32, 32, 32, 32, 32, 32]  total_splits=0
[ 360000/1000000]  eval(5)= 490.74 +/- 42.51   n_per_axis=[32, 32, 32, 32, 32, 32]
[ 360000/1000000]  ep= 360  reward(last50)= 382.79  n_per_axis=[32, 32, 32, 32, 32, 32]  total_splits=0
[ 370000/1000000]  ep= 370  reward(last50)= 375.59  n_per_axis=[32, 32, 32, 32, 32, 32]  total_splits=0
[ 380000/1000000]  eval(5)= 524.35 +/- 11.58   n_per_axis=[32, 32, 32, 32, 32, 32]
[ 380000/1000000]  ep= 380  reward(last50)= 383.64  n_per_axis=[32, 32, 32, 32, 32, 32]  total_splits=0
[ 390000/1000000]  ep= 390  reward(last50)= 362.16  n_per_axis=[32, 32, 32, 32, 32, 32]  total_splits=0
[ 400000/1000000]  eval(5)= 469.95 +/- 19.30   n_per_axis=[32, 32, 32, 32, 32, 32]
[ 400000/1000000]  ep= 400  reward(last50)= 359.55  n_per_axis=[32, 32, 32, 32, 32, 32]  total_splits=0
[ 410000/1000000]  ep= 410  reward(last50)= 367.34  n_per_axis=[32, 32, 32, 32, 32, 32]  total_splits=0
[ 420000/1000000]  eval(5)= 381.66 +/- 173.24  n_per_axis=[32, 32, 32, 32, 32, 32]
[ 420000/1000000]  ep= 420  reward(last50)= 381.60  n_per_axis=[32, 32, 32, 32, 32, 32]  total_splits=0
[ 430000/1000000]  ep= 430  reward(last50)= 367.40  n_per_axis=[32, 32, 32, 32, 32, 32]  total_splits=0
[ 440000/1000000]  eval(5)= 391.74 +/- 152.60  n_per_axis=[32, 32, 32, 32, 32, 32]
[ 440000/1000000]  ep= 440  reward(last50)= 394.18  n_per_axis=[32, 32, 32, 32, 32, 32]  total_splits=0
[ 450000/1000000]  ep= 450  reward(last50)= 390.44  n_per_axis=[32, 32, 32, 32, 32, 32]  total_splits=0
[ 460000/1000000]  eval(5)= 207.26 +/- 73.83   n_per_axis=[32, 32, 32, 32, 32, 32]
[ 460000/1000000]  ep= 460  reward(last50)= 392.36  n_per_axis=[32, 32, 32, 32, 32, 32]  total_splits=0
[ 470000/1000000]  ep= 470  reward(last50)= 394.57  n_per_axis=[32, 32, 32, 32, 32, 32]  total_splits=0
[ 480000/1000000]  eval(5)= 183.77 +/- 102.16  n_per_axis=[32, 32, 32, 32, 32, 32]
[ 480000/1000000]  ep= 480  reward(last50)= 383.53  n_per_axis=[32, 32, 32, 32, 32, 32]  total_splits=0
[ 490000/1000000]  ep= 490  reward(last50)= 357.98  n_per_axis=[32, 32, 32, 32, 32, 32]  total_splits=0
[ 500000/1000000]  eval(5)= 277.13 +/- 115.97  n_per_axis=[32, 32, 32, 32, 32, 32]
[ 500000/1000000]  ep= 500  reward(last50)= 372.31  n_per_axis=[32, 32, 32, 32, 32, 32]  total_splits=0
[ 510000/1000000]  ep= 510  reward(last50)= 363.91  n_per_axis=[32, 32, 32, 32, 32, 32]  total_splits=0
[ 520000/1000000]  eval(5)= 393.40 +/- 26.39   n_per_axis=[32, 32, 32, 32, 32, 32]
[ 520000/1000000]  ep= 520  reward(last50)= 358.89  n_per_axis=[32, 32, 32, 32, 32, 32]  total_splits=0
[ 530000/1000000]  ep= 530  reward(last50)= 367.04  n_per_axis=[32, 32, 32, 32, 32, 32]  total_splits=0
[ 540000/1000000]  eval(5)= 402.56 +/- 129.09  n_per_axis=[32, 32, 32, 32, 32, 32]
[ 540000/1000000]  ep= 540  reward(last50)= 382.20  n_per_axis=[32, 32, 32, 32, 32, 32]  total_splits=0
[ 550000/1000000]  ep= 550  reward(last50)= 378.88  n_per_axis=[32, 32, 32, 32, 32, 32]  total_splits=0
[ 560000/1000000]  eval(5)= 136.17 +/- 59.23   n_per_axis=[32, 32, 32, 32, 32, 32]
[ 560000/1000000]  ep= 560  reward(last50)= 397.01  n_per_axis=[32, 32, 32, 32, 32, 32]  total_splits=0
[ 570000/1000000]  ep= 570  reward(last50)= 386.77  n_per_axis=[32, 32, 32, 32, 32, 32]  total_splits=0
[ 580000/1000000]  eval(5)= 281.33 +/- 187.27  n_per_axis=[32, 32, 32, 32, 32, 32]
[ 580000/1000000]  ep= 580  reward(last50)= 389.11  n_per_axis=[32, 32, 32, 32, 32, 32]  total_splits=0
[ 590000/1000000]  ep= 590  reward(last50)= 398.87  n_per_axis=[32, 32, 32, 32, 32, 32]  total_splits=0
[ 600000/1000000]  eval(5)= 336.32 +/- 140.60  n_per_axis=[32, 32, 32, 32, 32, 32]
[ 600000/1000000]  ep= 600  reward(last50)= 389.97  n_per_axis=[32, 32, 32, 32, 32, 32]  total_splits=0
[ 610000/1000000]  ep= 610  reward(last50)= 385.32  n_per_axis=[32, 32, 32, 32, 32, 32]  total_splits=0
[ 620000/1000000]  eval(5)= 238.32 +/- 94.49   n_per_axis=[32, 32, 32, 32, 32, 32]
[ 620000/1000000]  ep= 620  reward(last50)= 407.41  n_per_axis=[32, 32, 32, 32, 32, 32]  total_splits=0
[ 630000/1000000]  ep= 630  reward(last50)= 405.74  n_per_axis=[32, 32, 32, 32, 32, 32]  total_splits=0
[ 640000/1000000]  eval(5)= 496.23 +/- 11.80   n_per_axis=[32, 32, 32, 32, 32, 32]
[ 640000/1000000]  ep= 640  reward(last50)= 400.66  n_per_axis=[32, 32, 32, 32, 32, 32]  total_splits=0
[ 650000/1000000]  ep= 650  reward(last50)= 416.28  n_per_axis=[32, 32, 32, 32, 32, 32]  total_splits=0
[ 660000/1000000]  eval(5)= 487.20 +/- 63.37   n_per_axis=[32, 32, 32, 32, 32, 32]
[ 660000/1000000]  ep= 660  reward(last50)= 415.76  n_per_axis=[32, 32, 32, 32, 32, 32]  total_splits=0
[ 670000/1000000]  ep= 670  reward(last50)= 403.15  n_per_axis=[32, 32, 32, 32, 32, 32]  total_splits=0
[ 680000/1000000]  eval(5)= 464.93 +/- 39.04   n_per_axis=[32, 32, 32, 32, 32, 32]
[ 680000/1000000]  ep= 680  reward(last50)= 406.94  n_per_axis=[32, 32, 32, 32, 32, 32]  total_splits=0
[ 690000/1000000]  ep= 690  reward(last50)= 413.18  n_per_axis=[32, 32, 32, 32, 32, 32]  total_splits=0
[ 700000/1000000]  eval(5)= 548.86 +/- 23.64   n_per_axis=[32, 32, 32, 32, 32, 32]
[ 700000/1000000]  ep= 700  reward(last50)= 417.68  n_per_axis=[32, 32, 32, 32, 32, 32]  total_splits=0
[ 710000/1000000]  ep= 710  reward(last50)= 430.12  n_per_axis=[32, 32, 32, 32, 32, 32]  total_splits=0
[ 720000/1000000]  eval(5)= 348.45 +/- 165.17  n_per_axis=[32, 32, 32, 32, 32, 32]
[ 720000/1000000]  ep= 720  reward(last50)= 418.01  n_per_axis=[32, 32, 32, 32, 32, 32]  total_splits=0
[ 730000/1000000]  ep= 730  reward(last50)= 426.22  n_per_axis=[32, 32, 32, 32, 32, 32]  total_splits=0
[ 740000/1000000]  eval(5)= 388.86 +/- 114.06  n_per_axis=[32, 32, 32, 32, 32, 32]
[ 740000/1000000]  ep= 740  reward(last50)= 426.23  n_per_axis=[32, 32, 32, 32, 32, 32]  total_splits=0
[ 750000/1000000]  ep= 750  reward(last50)= 418.89  n_per_axis=[32, 32, 32, 32, 32, 32]  total_splits=0
[ 760000/1000000]  eval(5)= 471.66 +/- 131.62  n_per_axis=[32, 32, 32, 32, 32, 32]
[ 760000/1000000]  ep= 760  reward(last50)= 401.59  n_per_axis=[32, 32, 32, 32, 32, 32]  total_splits=0
[ 770000/1000000]  ep= 770  reward(last50)= 420.33  n_per_axis=[32, 32, 32, 32, 32, 32]  total_splits=0
[ 780000/1000000]  eval(5)= 292.63 +/- 154.24  n_per_axis=[32, 32, 32, 32, 32, 32]
[ 780000/1000000]  ep= 780  reward(last50)= 425.56  n_per_axis=[32, 32, 32, 32, 32, 32]  total_splits=0
[ 790000/1000000]  ep= 790  reward(last50)= 403.08  n_per_axis=[32, 32, 32, 32, 32, 32]  total_splits=0
[ 800000/1000000]  eval(5)= 502.73 +/- 33.54   n_per_axis=[32, 32, 32, 32, 32, 32]
[ 800000/1000000]  ep= 800  reward(last50)= 385.55  n_per_axis=[32, 32, 32, 32, 32, 32]  total_splits=0
[ 810000/1000000]  ep= 810  reward(last50)= 385.01  n_per_axis=[32, 32, 32, 32, 32, 32]  total_splits=0
[ 820000/1000000]  eval(5)= 304.63 +/- 95.31   n_per_axis=[32, 32, 32, 32, 32, 32]
[ 820000/1000000]  ep= 820  reward(last50)= 372.18  n_per_axis=[32, 32, 32, 32, 32, 32]  total_splits=0
[ 830000/1000000]  ep= 830  reward(last50)= 370.26  n_per_axis=[32, 32, 32, 32, 32, 32]  total_splits=0
[ 840000/1000000]  eval(5)= 335.56 +/- 128.91  n_per_axis=[32, 32, 32, 32, 32, 32]
[ 840000/1000000]  ep= 840  reward(last50)= 387.86  n_per_axis=[32, 32, 32, 32, 32, 32]  total_splits=0
[ 850000/1000000]  ep= 850  reward(last50)= 410.61  n_per_axis=[32, 32, 32, 32, 32, 32]  total_splits=0
[ 860000/1000000]  eval(5)= 469.16 +/- 128.79  n_per_axis=[32, 32, 32, 32, 32, 32]
[ 860000/1000000]  ep= 860  reward(last50)= 416.41  n_per_axis=[32, 32, 32, 32, 32, 32]  total_splits=0
[ 870000/1000000]  ep= 870  reward(last50)= 418.49  n_per_axis=[32, 32, 32, 32, 32, 32]  total_splits=0
[ 880000/1000000]  eval(5)= 434.03 +/- 101.11  n_per_axis=[32, 32, 32, 32, 32, 32]
[ 880000/1000000]  ep= 880  reward(last50)= 419.73  n_per_axis=[32, 32, 32, 32, 32, 32]  total_splits=0
[ 890000/1000000]  ep= 890  reward(last50)= 435.54  n_per_axis=[32, 32, 32, 32, 32, 32]  total_splits=0
[ 900000/1000000]  eval(5)= 359.50 +/- 93.46   n_per_axis=[32, 32, 32, 32, 32, 32]
[ 900000/1000000]  ep= 900  reward(last50)= 429.80  n_per_axis=[32, 32, 32, 32, 32, 32]  total_splits=0
[ 910000/1000000]  ep= 910  reward(last50)= 432.43  n_per_axis=[32, 32, 32, 32, 32, 32]  total_splits=0
[ 920000/1000000]  eval(5)= 475.96 +/- 139.37  n_per_axis=[32, 32, 32, 32, 32, 32]
[ 920000/1000000]  ep= 920  reward(last50)= 446.13  n_per_axis=[32, 32, 32, 32, 32, 32]  total_splits=0
[ 930000/1000000]  ep= 930  reward(last50)= 437.79  n_per_axis=[32, 32, 32, 32, 32, 32]  total_splits=0
[ 940000/1000000]  eval(5)= 329.51 +/- 76.70   n_per_axis=[32, 32, 32, 32, 32, 32]
[ 940000/1000000]  ep= 940  reward(last50)= 433.84  n_per_axis=[32, 32, 32, 32, 32, 32]  total_splits=0
[ 950000/1000000]  ep= 950  reward(last50)= 433.49  n_per_axis=[32, 32, 32, 32, 32, 32]  total_splits=0
[ 960000/1000000]  eval(5)= 513.34 +/- 11.55   n_per_axis=[32, 32, 32, 32, 32, 32]
[ 960000/1000000]  ep= 960  reward(last50)= 436.93  n_per_axis=[32, 32, 32, 32, 32, 32]  total_splits=0
[ 970000/1000000]  ep= 970  reward(last50)= 435.09  n_per_axis=[32, 32, 32, 32, 32, 32]  total_splits=0
[ 980000/1000000]  eval(5)= 578.11 +/- 12.14   n_per_axis=[32, 32, 32, 32, 32, 32]
[ 980000/1000000]  ep= 980  reward(last50)= 442.42  n_per_axis=[32, 32, 32, 32, 32, 32]  total_splits=0
[ 990000/1000000]  ep= 990  reward(last50)= 447.01  n_per_axis=[32, 32, 32, 32, 32, 32]  total_splits=0
[1000000/1000000]  eval(5)= 568.27 +/- 10.15   n_per_axis=[32, 32, 32, 32, 32, 32]
[1000000/1000000]  ep=1000  reward(last50)= 453.52  n_per_axis=[32, 32, 32, 32, 32, 32]  total_splits=0
Saved BranchingDQN checkpoint to checkpoints/dmcs/cheetah-run/sample_efficiency/uniform_n32_seed43.pt

Evaluating (deterministic)...
Eval(10): mean=516.02  std=88.00
Final n_per_axis: [32, 32, 32, 32, 32, 32]  total_cells: 192  (uniform; no splits)
