/home/bruinml/anaconda3/envs/highway/lib/python3.11/site-packages/glfw/__init__.py:917: GLFWError: (65550) b'X11: The DISPLAY environment variable is missing'
  warnings.warn(message, GLFWError)
/home/bruinml/anaconda3/envs/highway/lib/python3.11/site-packages/pygame/pkgdata.py:25: UserWarning: pkg_resources is deprecated as an API. See https://setuptools.pypa.io/en/latest/pkg_resources.html. The pkg_resources package is slated for removal as early as 2025-11-30. Refrain from using this package or pin to Setuptools<81.
  from pkg_resources import resource_stream, resource_exists
/home/bruinml/anaconda3/envs/highway/lib/python3.11/site-packages/torch/cuda/__init__.py:180: UserWarning: CUDA initialization: The NVIDIA driver on your system is too old (found version 12080). Please update your GPU driver by downloading and installing a new version from the URL: http://www.nvidia.com/Download/index.aspx Alternatively, go to: https://pytorch.org to install a PyTorch version that has been compiled with your version of the CUDA driver. (Triggered internally at /pytorch/c10/cuda/CUDAFunctions.cpp:119.)
  return torch._C._cuda_getDeviceCount() > 0
Zooming DQN on dm_control/cheetah-run  da=6  init_depth=1 (start=12 cells)  n=32 -> total_budget=192  seed=44  steps=1000000
[  10000/1000000]  ep=  10  reward(last50)=   0.52  n_per_axis=[6, 6, 6, 6, 6, 6]  total_splits=12
[  20000/1000000]  eval(5)=  66.16 +/- 6.31    n_per_axis=[24, 24, 24, 24, 24, 24]
[  20000/1000000]  ep=  20  reward(last50)=  11.35  n_per_axis=[24, 24, 24, 24, 24, 24]  total_splits=84
[  30000/1000000]  ep=  30  reward(last50)=  36.80  n_per_axis=[24, 23, 24, 22, 27, 23]  total_splits=87
[  40000/1000000]  eval(5)=  93.59 +/- 11.30   n_per_axis=[33, 30, 35, 32, 31, 31]
[  40000/1000000]  ep=  40  reward(last50)=  54.52  n_per_axis=[33, 30, 35, 32, 31, 31]  total_splits=122
[  50000/1000000]  ep=  50  reward(last50)=  68.45  n_per_axis=[33, 31, 36, 32, 31, 29]  total_splits=126
[  60000/1000000]  eval(5)= 142.77 +/- 24.12   n_per_axis=[33, 29, 38, 31, 32, 29]
[  60000/1000000]  ep=  60  reward(last50)=  91.71  n_per_axis=[33, 29, 38, 31, 32, 29]  total_splits=129
[  70000/1000000]  ep=  70  reward(last50)= 118.19  n_per_axis=[32, 28, 39, 33, 32, 28]  total_splits=131
[  80000/1000000]  eval(5)= 227.90 +/- 33.60   n_per_axis=[32, 28, 38, 34, 32, 28]
[  80000/1000000]  ep=  80  reward(last50)= 131.04  n_per_axis=[32, 28, 38, 34, 32, 28]  total_splits=132
[  90000/1000000]  ep=  90  reward(last50)= 148.84  n_per_axis=[32, 27, 38, 34, 32, 28]  total_splits=132
[ 100000/1000000]  eval(5)= 192.03 +/- 14.84   n_per_axis=[31, 27, 38, 34, 32, 30]
[ 100000/1000000]  ep= 100  reward(last50)= 164.92  n_per_axis=[31, 27, 38, 34, 32, 30]  total_splits=133
[ 110000/1000000]  ep= 110  reward(last50)= 195.38  n_per_axis=[31, 27, 38, 34, 32, 30]  total_splits=133
[ 120000/1000000]  eval(5)= 209.57 +/- 65.01   n_per_axis=[30, 26, 36, 33, 33, 34]
[ 120000/1000000]  ep= 120  reward(last50)= 209.47  n_per_axis=[30, 26, 36, 33, 33, 34]  total_splits=136
[ 130000/1000000]  ep= 130  reward(last50)= 221.35  n_per_axis=[29, 25, 36, 34, 33, 35]  total_splits=138
[ 140000/1000000]  eval(5)= 207.71 +/- 65.66   n_per_axis=[29, 27, 35, 34, 31, 36]
[ 140000/1000000]  ep= 140  reward(last50)= 231.41  n_per_axis=[29, 27, 35, 34, 31, 36]  total_splits=140
[ 150000/1000000]  ep= 150  reward(last50)= 250.86  n_per_axis=[29, 27, 35, 34, 31, 36]  total_splits=140
[ 160000/1000000]  eval(5)= 364.35 +/- 34.26   n_per_axis=[32, 27, 34, 33, 31, 35]
[ 160000/1000000]  ep= 160  reward(last50)= 245.06  n_per_axis=[32, 27, 34, 33, 31, 35]  total_splits=142
[ 170000/1000000]  ep= 170  reward(last50)= 271.77  n_per_axis=[34, 26, 34, 33, 30, 35]  total_splits=143
[ 180000/1000000]  eval(5)= 210.74 +/- 18.40   n_per_axis=[35, 26, 33, 32, 30, 35]
[ 180000/1000000]  ep= 180  reward(last50)= 290.87  n_per_axis=[35, 26, 33, 32, 30, 35]  total_splits=144
[ 190000/1000000]  ep= 190  reward(last50)= 297.43  n_per_axis=[34, 28, 33, 31, 32, 34]  total_splits=146
[ 200000/1000000]  eval(5)= 268.35 +/- 63.03   n_per_axis=[34, 28, 32, 31, 32, 34]
[ 200000/1000000]  ep= 200  reward(last50)= 295.69  n_per_axis=[34, 28, 32, 31, 32, 34]  total_splits=147
[ 210000/1000000]  ep= 210  reward(last50)= 318.78  n_per_axis=[34, 29, 32, 30, 32, 34]  total_splits=148
[ 220000/1000000]  eval(5)= 468.89 +/- 15.17   n_per_axis=[34, 29, 32, 32, 32, 33]
[ 220000/1000000]  ep= 220  reward(last50)= 330.55  n_per_axis=[34, 29, 32, 32, 32, 33]  total_splits=149
[ 230000/1000000]  ep= 230  reward(last50)= 340.44  n_per_axis=[34, 29, 32, 32, 32, 33]  total_splits=149
[ 240000/1000000]  eval(5)= 410.01 +/- 89.88   n_per_axis=[34, 29, 31, 32, 32, 33]
[ 240000/1000000]  ep= 240  reward(last50)= 362.70  n_per_axis=[34, 29, 31, 32, 32, 33]  total_splits=149
[ 250000/1000000]  ep= 250  reward(last50)= 375.25  n_per_axis=[34, 29, 31, 32, 32, 33]  total_splits=149
[ 260000/1000000]  eval(5)= 385.46 +/- 29.37   n_per_axis=[34, 29, 33, 31, 31, 33]
[ 260000/1000000]  ep= 260  reward(last50)= 398.50  n_per_axis=[34, 29, 33, 31, 31, 33]  total_splits=150
[ 270000/1000000]  ep= 270  reward(last50)= 382.34  n_per_axis=[36, 30, 32, 30, 30, 33]  total_splits=152
[ 280000/1000000]  eval(5)= 507.13 +/- 26.79   n_per_axis=[36, 30, 32, 30, 30, 33]
[ 280000/1000000]  ep= 280  reward(last50)= 392.88  n_per_axis=[36, 30, 32, 30, 30, 33]  total_splits=152
[ 290000/1000000]  ep= 290  reward(last50)= 374.96  n_per_axis=[35, 30, 32, 29, 30, 35]  total_splits=153
[ 300000/1000000]  eval(5)= 288.74 +/- 119.16  n_per_axis=[35, 30, 32, 29, 30, 35]
[ 300000/1000000]  ep= 300  reward(last50)= 360.07  n_per_axis=[35, 30, 32, 29, 30, 35]  total_splits=155
[ 310000/1000000]  ep= 310  reward(last50)= 331.34  n_per_axis=[35, 30, 32, 29, 30, 35]  total_splits=155
[ 320000/1000000]  eval(5)= 265.77 +/- 65.23   n_per_axis=[35, 32, 31, 29, 29, 35]
[ 320000/1000000]  ep= 320  reward(last50)= 323.06  n_per_axis=[35, 32, 31, 29, 29, 35]  total_splits=156
[ 330000/1000000]  ep= 330  reward(last50)= 302.83  n_per_axis=[35, 32, 31, 29, 29, 35]  total_splits=156
[ 340000/1000000]  eval(5)= 407.51 +/- 35.39   n_per_axis=[35, 34, 31, 29, 29, 34]
[ 340000/1000000]  ep= 340  reward(last50)= 318.58  n_per_axis=[35, 34, 31, 29, 29, 34]  total_splits=157
[ 350000/1000000]  ep= 350  reward(last50)= 320.75  n_per_axis=[35, 34, 31, 29, 29, 34]  total_splits=157
[ 360000/1000000]  eval(5)= 543.05 +/- 15.76   n_per_axis=[35, 34, 31, 29, 29, 33]
[ 360000/1000000]  ep= 360  reward(last50)= 342.70  n_per_axis=[35, 34, 31, 29, 29, 33]  total_splits=157
[ 370000/1000000]  ep= 370  reward(last50)= 355.86  n_per_axis=[35, 35, 31, 29, 29, 33]  total_splits=158
[ 380000/1000000]  eval(5)= 216.41 +/- 43.73   n_per_axis=[34, 35, 33, 29, 29, 32]
[ 380000/1000000]  ep= 380  reward(last50)= 361.22  n_per_axis=[34, 35, 33, 29, 29, 32]  total_splits=159
[ 390000/1000000]  ep= 390  reward(last50)= 355.63  n_per_axis=[34, 35, 33, 29, 29, 32]  total_splits=159
[ 400000/1000000]  eval(5)= 539.88 +/- 2.85    n_per_axis=[34, 35, 33, 29, 29, 32]
[ 400000/1000000]  ep= 400  reward(last50)= 374.82  n_per_axis=[34, 35, 33, 29, 29, 32]  total_splits=159
[ 410000/1000000]  ep= 410  reward(last50)= 376.05  n_per_axis=[34, 35, 33, 28, 29, 32]  total_splits=159
[ 420000/1000000]  eval(5)= 450.03 +/- 115.21  n_per_axis=[34, 35, 33, 28, 29, 32]
[ 420000/1000000]  ep= 420  reward(last50)= 386.42  n_per_axis=[34, 35, 33, 28, 29, 32]  total_splits=159
[ 430000/1000000]  ep= 430  reward(last50)= 408.96  n_per_axis=[34, 35, 33, 28, 29, 32]  total_splits=159
[ 440000/1000000]  eval(5)= 464.78 +/- 218.24  n_per_axis=[34, 37, 33, 28, 29, 31]
[ 440000/1000000]  ep= 440  reward(last50)= 415.95  n_per_axis=[34, 37, 33, 28, 29, 31]  total_splits=160
[ 450000/1000000]  ep= 450  reward(last50)= 432.78  n_per_axis=[34, 37, 33, 28, 29, 31]  total_splits=160
[ 460000/1000000]  eval(5)= 415.21 +/- 122.76  n_per_axis=[33, 37, 33, 28, 29, 31]
[ 460000/1000000]  ep= 460  reward(last50)= 404.48  n_per_axis=[33, 37, 33, 28, 29, 31]  total_splits=160
[ 470000/1000000]  ep= 470  reward(last50)= 406.00  n_per_axis=[33, 37, 33, 28, 29, 31]  total_splits=160
[ 480000/1000000]  eval(5)= 524.79 +/- 26.30   n_per_axis=[33, 37, 33, 28, 29, 31]
[ 480000/1000000]  ep= 480  reward(last50)= 399.73  n_per_axis=[33, 37, 33, 28, 29, 31]  total_splits=160
[ 490000/1000000]  ep= 490  reward(last50)= 406.43  n_per_axis=[33, 37, 33, 27, 31, 31]  total_splits=161
[ 500000/1000000]  eval(5)= 253.76 +/- 64.30   n_per_axis=[33, 37, 33, 27, 31, 31]
[ 500000/1000000]  ep= 500  reward(last50)= 372.13  n_per_axis=[33, 37, 33, 27, 31, 31]  total_splits=161
[ 510000/1000000]  ep= 510  reward(last50)= 386.70  n_per_axis=[33, 37, 33, 27, 31, 31]  total_splits=161
[ 520000/1000000]  eval(5)= 557.47 +/- 49.90   n_per_axis=[33, 37, 33, 27, 31, 31]
[ 520000/1000000]  ep= 520  reward(last50)= 387.99  n_per_axis=[33, 37, 33, 27, 31, 31]  total_splits=161
[ 530000/1000000]  ep= 530  reward(last50)= 394.84  n_per_axis=[33, 37, 33, 27, 31, 31]  total_splits=161
[ 540000/1000000]  eval(5)= 377.68 +/- 91.22   n_per_axis=[33, 37, 33, 27, 31, 31]
[ 540000/1000000]  ep= 540  reward(last50)= 405.44  n_per_axis=[33, 37, 33, 27, 31, 31]  total_splits=161
[ 550000/1000000]  ep= 550  reward(last50)= 429.47  n_per_axis=[33, 37, 33, 27, 31, 31]  total_splits=161
[ 560000/1000000]  eval(5)= 481.13 +/- 30.07   n_per_axis=[33, 37, 33, 27, 31, 31]
[ 560000/1000000]  ep= 560  reward(last50)= 421.35  n_per_axis=[33, 37, 33, 27, 31, 31]  total_splits=161
[ 570000/1000000]  ep= 570  reward(last50)= 414.94  n_per_axis=[33, 37, 33, 27, 31, 31]  total_splits=161
[ 580000/1000000]  eval(5)= 497.20 +/- 66.59   n_per_axis=[33, 37, 33, 27, 31, 31]
[ 580000/1000000]  ep= 580  reward(last50)= 412.71  n_per_axis=[33, 37, 33, 27, 31, 31]  total_splits=161
[ 590000/1000000]  ep= 590  reward(last50)= 392.73  n_per_axis=[33, 36, 33, 27, 31, 31]  total_splits=161
[ 600000/1000000]  eval(5)= 485.62 +/- 117.86  n_per_axis=[33, 36, 33, 27, 31, 31]
[ 600000/1000000]  ep= 600  reward(last50)= 396.44  n_per_axis=[33, 36, 33, 27, 31, 31]  total_splits=161
[ 610000/1000000]  ep= 610  reward(last50)= 405.48  n_per_axis=[33, 36, 33, 27, 31, 31]  total_splits=161
[ 620000/1000000]  eval(5)= 435.04 +/- 77.09   n_per_axis=[32, 36, 33, 27, 33, 31]
[ 620000/1000000]  ep= 620  reward(last50)= 407.73  n_per_axis=[32, 36, 33, 27, 33, 31]  total_splits=162
[ 630000/1000000]  ep= 630  reward(last50)= 385.44  n_per_axis=[32, 36, 33, 27, 33, 31]  total_splits=162
[ 640000/1000000]  eval(5)= 390.62 +/- 154.62  n_per_axis=[32, 36, 33, 27, 33, 31]
[ 640000/1000000]  ep= 640  reward(last50)= 398.66  n_per_axis=[32, 36, 33, 27, 33, 31]  total_splits=162
[ 650000/1000000]  ep= 650  reward(last50)= 390.76  n_per_axis=[32, 36, 33, 27, 33, 31]  total_splits=162
[ 660000/1000000]  eval(5)= 188.26 +/- 101.59  n_per_axis=[31, 36, 33, 27, 33, 31]
[ 660000/1000000]  ep= 660  reward(last50)= 386.40  n_per_axis=[31, 36, 33, 27, 33, 31]  total_splits=162
[ 670000/1000000]  ep= 670  reward(last50)= 385.68  n_per_axis=[31, 36, 33, 27, 33, 31]  total_splits=162
[ 680000/1000000]  eval(5)= 316.26 +/- 151.89  n_per_axis=[31, 36, 33, 27, 33, 31]
[ 680000/1000000]  ep= 680  reward(last50)= 388.02  n_per_axis=[31, 36, 33, 27, 33, 31]  total_splits=162
[ 690000/1000000]  ep= 690  reward(last50)= 359.41  n_per_axis=[31, 36, 33, 27, 33, 31]  total_splits=162
[ 700000/1000000]  eval(5)= 268.37 +/- 95.33   n_per_axis=[30, 36, 33, 27, 35, 31]
[ 700000/1000000]  ep= 700  reward(last50)= 345.17  n_per_axis=[30, 36, 33, 27, 35, 31]  total_splits=163
[ 710000/1000000]  ep= 710  reward(last50)= 336.79  n_per_axis=[30, 36, 33, 27, 35, 31]  total_splits=163
[ 720000/1000000]  eval(5)= 371.31 +/- 88.92   n_per_axis=[30, 36, 33, 27, 35, 31]
[ 720000/1000000]  ep= 720  reward(last50)= 300.58  n_per_axis=[30, 36, 33, 27, 35, 31]  total_splits=163
[ 730000/1000000]  ep= 730  reward(last50)= 287.78  n_per_axis=[30, 36, 33, 27, 34, 31]  total_splits=163
[ 740000/1000000]  eval(5)=  99.58 +/- 52.38   n_per_axis=[30, 36, 33, 27, 34, 31]
[ 740000/1000000]  ep= 740  reward(last50)= 250.81  n_per_axis=[30, 36, 33, 27, 34, 31]  total_splits=163
[ 750000/1000000]  ep= 750  reward(last50)= 206.22  n_per_axis=[32, 35, 33, 27, 34, 31]  total_splits=164
[ 760000/1000000]  eval(5)=  31.05 +/- 12.85   n_per_axis=[32, 35, 33, 27, 34, 31]
[ 760000/1000000]  ep= 760  reward(last50)= 150.20  n_per_axis=[32, 35, 33, 27, 34, 31]  total_splits=164
[ 770000/1000000]  ep= 770  reward(last50)= 113.66  n_per_axis=[32, 35, 33, 27, 34, 31]  total_splits=164
[ 780000/1000000]  eval(5)=  18.68 +/- 6.44    n_per_axis=[32, 35, 33, 27, 34, 31]
[ 780000/1000000]  ep= 780  reward(last50)=  65.53  n_per_axis=[32, 35, 33, 27, 34, 31]  total_splits=164
[ 790000/1000000]  ep= 790  reward(last50)=  48.81  n_per_axis=[32, 35, 33, 27, 34, 31]  total_splits=164
[ 800000/1000000]  eval(5)=  26.37 +/- 13.91   n_per_axis=[32, 35, 33, 27, 34, 31]
[ 800000/1000000]  ep= 800  reward(last50)=  33.83  n_per_axis=[32, 35, 33, 27, 34, 31]  total_splits=164
[ 810000/1000000]  ep= 810  reward(last50)=  31.38  n_per_axis=[31, 35, 33, 29, 33, 31]  total_splits=165
[ 820000/1000000]  eval(5)=  17.18 +/- 10.05   n_per_axis=[31, 35, 32, 29, 33, 31]
[ 820000/1000000]  ep= 820  reward(last50)=  30.49  n_per_axis=[31, 35, 32, 29, 33, 31]  total_splits=165
[ 830000/1000000]  ep= 830  reward(last50)=  32.30  n_per_axis=[31, 35, 32, 29, 33, 31]  total_splits=165
[ 840000/1000000]  eval(5)=  18.68 +/- 8.63    n_per_axis=[31, 35, 32, 29, 33, 31]
[ 840000/1000000]  ep= 840  reward(last50)=  31.94  n_per_axis=[31, 35, 32, 29, 33, 31]  total_splits=165
[ 850000/1000000]  ep= 850  reward(last50)=  30.40  n_per_axis=[31, 34, 32, 31, 33, 31]  total_splits=166
[ 860000/1000000]  eval(5)=  18.60 +/- 10.03   n_per_axis=[31, 34, 32, 31, 33, 31]
[ 860000/1000000]  ep= 860  reward(last50)=  30.19  n_per_axis=[31, 34, 32, 31, 33, 31]  total_splits=166
[ 870000/1000000]  ep= 870  reward(last50)=  26.65  n_per_axis=[31, 34, 32, 31, 33, 31]  total_splits=166
[ 880000/1000000]  eval(5)=  27.06 +/- 3.57    n_per_axis=[31, 34, 32, 31, 33, 31]
[ 880000/1000000]  ep= 880  reward(last50)=  23.60  n_per_axis=[31, 34, 32, 31, 33, 31]  total_splits=166
[ 890000/1000000]  ep= 890  reward(last50)=  20.15  n_per_axis=[31, 34, 32, 31, 33, 31]  total_splits=166
[ 900000/1000000]  eval(5)=  22.33 +/- 13.24   n_per_axis=[31, 34, 32, 31, 33, 31]
[ 900000/1000000]  ep= 900  reward(last50)=  18.88  n_per_axis=[31, 34, 32, 31, 33, 31]  total_splits=166
[ 910000/1000000]  ep= 910  reward(last50)=  19.19  n_per_axis=[31, 34, 32, 31, 33, 31]  total_splits=166
[ 920000/1000000]  eval(5)=  32.59 +/- 2.78    n_per_axis=[31, 34, 32, 31, 33, 31]
[ 920000/1000000]  ep= 920  reward(last50)=  19.08  n_per_axis=[31, 34, 32, 31, 33, 31]  total_splits=166
[ 930000/1000000]  ep= 930  reward(last50)=  17.44  n_per_axis=[31, 34, 32, 31, 33, 31]  total_splits=166
[ 940000/1000000]  eval(5)=  12.32 +/- 13.58   n_per_axis=[31, 33, 32, 31, 33, 31]
[ 940000/1000000]  ep= 940  reward(last50)=  17.93  n_per_axis=[31, 33, 32, 31, 33, 31]  total_splits=166
[ 950000/1000000]  ep= 950  reward(last50)=  15.86  n_per_axis=[31, 32, 32, 31, 33, 33]  total_splits=167
[ 960000/1000000]  eval(5)=  22.45 +/- 9.50    n_per_axis=[31, 32, 32, 31, 33, 33]
[ 960000/1000000]  ep= 960  reward(last50)=  13.48  n_per_axis=[31, 32, 32, 31, 33, 33]  total_splits=167
[ 970000/1000000]  ep= 970  reward(last50)=  14.43  n_per_axis=[31, 32, 32, 31, 33, 33]  total_splits=167
[ 980000/1000000]  eval(5)=  21.94 +/- 7.10    n_per_axis=[31, 32, 32, 31, 33, 33]
[ 980000/1000000]  ep= 980  reward(last50)=  13.52  n_per_axis=[31, 32, 32, 31, 33, 33]  total_splits=167
[ 990000/1000000]  ep= 990  reward(last50)=  19.76  n_per_axis=[31, 32, 32, 31, 33, 33]  total_splits=167
[1000000/1000000]  eval(5)=  53.21 +/- 21.43   n_per_axis=[31, 32, 32, 31, 33, 33]
[1000000/1000000]  ep=1000  reward(last50)=  29.14  n_per_axis=[31, 32, 32, 31, 33, 33]  total_splits=167
Saved BranchingDQN checkpoint to checkpoints/dmcs/cheetah-run/sample_efficiency/zooming_n32_seed44.pt

Evaluating (deterministic)...
Eval(10): mean=69.38  std=21.52
Final n_per_axis: [31, 32, 32, 31, 33, 33]  total_cells: 192/192  total_splits: 167
Split history: 90 events, steps 10000 to 950000
