/home/bruinml/anaconda3/envs/highway/lib/python3.11/site-packages/glfw/__init__.py:917: GLFWError: (65550) b'X11: The DISPLAY environment variable is missing'
  warnings.warn(message, GLFWError)
/home/bruinml/anaconda3/envs/highway/lib/python3.11/site-packages/pygame/pkgdata.py:25: UserWarning: pkg_resources is deprecated as an API. See https://setuptools.pypa.io/en/latest/pkg_resources.html. The pkg_resources package is slated for removal as early as 2025-11-30. Refrain from using this package or pin to Setuptools<81.
  from pkg_resources import resource_stream, resource_exists
/home/bruinml/anaconda3/envs/highway/lib/python3.11/site-packages/torch/cuda/__init__.py:180: UserWarning: CUDA initialization: The NVIDIA driver on your system is too old (found version 12080). Please update your GPU driver by downloading and installing a new version from the URL: http://www.nvidia.com/Download/index.aspx Alternatively, go to: https://pytorch.org to install a PyTorch version that has been compiled with your version of the CUDA driver. (Triggered internally at /pytorch/c10/cuda/CUDAFunctions.cpp:119.)
  return torch._C._cuda_getDeviceCount() > 0
Zooming DQN on dm_control/cheetah-run  da=6  init_depth=1 (start=12 cells)  n=32 -> total_budget=192  seed=42  steps=1000000
[  10000/1000000]  ep=  10  reward(last50)=   2.64  n_per_axis=[6, 6, 6, 6, 6, 6]  total_splits=12
[  20000/1000000]  eval(5)= 103.95 +/- 6.58    n_per_axis=[24, 24, 24, 24, 24, 24]
[  20000/1000000]  ep=  20  reward(last50)=  18.16  n_per_axis=[24, 24, 24, 24, 24, 24]  total_splits=84
[  30000/1000000]  ep=  30  reward(last50)=  42.94  n_per_axis=[23, 23, 27, 24, 24, 22]  total_splits=87
[  40000/1000000]  eval(5)=  90.72 +/- 22.31   n_per_axis=[35, 32, 27, 34, 32, 31]
[  40000/1000000]  ep=  40  reward(last50)=  56.54  n_per_axis=[35, 32, 27, 34, 32, 31]  total_splits=122
[  50000/1000000]  ep=  50  reward(last50)=  68.41  n_per_axis=[33, 30, 32, 32, 33, 32]  total_splits=127
[  60000/1000000]  eval(5)= 119.89 +/- 33.90   n_per_axis=[35, 31, 31, 32, 31, 32]
[  60000/1000000]  ep=  60  reward(last50)=  89.48  n_per_axis=[35, 31, 31, 32, 31, 32]  total_splits=130
[  70000/1000000]  ep=  70  reward(last50)= 105.97  n_per_axis=[34, 31, 30, 34, 31, 32]  total_splits=131
[  80000/1000000]  eval(5)=  88.04 +/- 44.63   n_per_axis=[34, 32, 30, 34, 30, 32]
[  80000/1000000]  ep=  80  reward(last50)= 117.18  n_per_axis=[34, 32, 30, 34, 30, 32]  total_splits=132
[  90000/1000000]  ep=  90  reward(last50)= 131.21  n_per_axis=[34, 32, 30, 34, 30, 32]  total_splits=132
[ 100000/1000000]  eval(5)= 113.91 +/- 41.88   n_per_axis=[34, 32, 30, 34, 30, 32]
[ 100000/1000000]  ep= 100  reward(last50)= 136.23  n_per_axis=[34, 32, 30, 34, 30, 32]  total_splits=132
[ 110000/1000000]  ep= 110  reward(last50)= 151.62  n_per_axis=[33, 32, 31, 34, 28, 34]  total_splits=134
[ 120000/1000000]  eval(5)= 205.27 +/- 58.27   n_per_axis=[33, 31, 31, 35, 27, 34]
[ 120000/1000000]  ep= 120  reward(last50)= 165.01  n_per_axis=[33, 31, 31, 35, 27, 34]  total_splits=135
[ 130000/1000000]  ep= 130  reward(last50)= 175.98  n_per_axis=[32, 31, 33, 36, 26, 33]  total_splits=138
[ 140000/1000000]  eval(5)= 267.23 +/- 40.40   n_per_axis=[32, 31, 32, 36, 26, 34]
[ 140000/1000000]  ep= 140  reward(last50)= 182.06  n_per_axis=[32, 31, 32, 36, 26, 34]  total_splits=139
[ 150000/1000000]  ep= 150  reward(last50)= 195.49  n_per_axis=[30, 31, 31, 36, 26, 38]  total_splits=142
[ 160000/1000000]  eval(5)= 263.99 +/- 68.15   n_per_axis=[30, 30, 31, 38, 26, 37]
[ 160000/1000000]  ep= 160  reward(last50)= 199.80  n_per_axis=[30, 30, 31, 38, 26, 37]  total_splits=143
[ 170000/1000000]  ep= 170  reward(last50)= 206.07  n_per_axis=[29, 30, 31, 38, 28, 36]  total_splits=144
[ 180000/1000000]  eval(5)= 280.83 +/- 42.65   n_per_axis=[29, 29, 31, 38, 30, 35]
[ 180000/1000000]  ep= 180  reward(last50)= 218.09  n_per_axis=[29, 29, 31, 38, 30, 35]  total_splits=145
[ 190000/1000000]  ep= 190  reward(last50)= 219.84  n_per_axis=[31, 29, 31, 38, 28, 34]  total_splits=146
[ 200000/1000000]  eval(5)= 412.09 +/- 37.17   n_per_axis=[33, 29, 31, 38, 28, 33]
[ 200000/1000000]  ep= 200  reward(last50)= 227.06  n_per_axis=[33, 29, 31, 38, 28, 33]  total_splits=147
[ 210000/1000000]  ep= 210  reward(last50)= 245.84  n_per_axis=[33, 29, 30, 38, 28, 33]  total_splits=147
[ 220000/1000000]  eval(5)= 253.08 +/- 88.83   n_per_axis=[35, 29, 29, 38, 28, 33]
[ 220000/1000000]  ep= 220  reward(last50)= 240.10  n_per_axis=[35, 29, 29, 38, 28, 33]  total_splits=150
[ 230000/1000000]  ep= 230  reward(last50)= 242.80  n_per_axis=[35, 29, 29, 37, 28, 33]  total_splits=150
[ 240000/1000000]  eval(5)= 402.96 +/- 20.62   n_per_axis=[34, 29, 28, 39, 28, 33]
[ 240000/1000000]  ep= 240  reward(last50)= 270.94  n_per_axis=[34, 29, 28, 39, 28, 33]  total_splits=151
[ 250000/1000000]  ep= 250  reward(last50)= 297.30  n_per_axis=[33, 32, 28, 38, 28, 32]  total_splits=153
[ 260000/1000000]  eval(5)= 405.32 +/- 25.05   n_per_axis=[32, 31, 28, 38, 30, 32]
[ 260000/1000000]  ep= 260  reward(last50)= 302.70  n_per_axis=[32, 31, 28, 38, 30, 32]  total_splits=154
[ 270000/1000000]  ep= 270  reward(last50)= 345.10  n_per_axis=[32, 31, 28, 38, 30, 32]  total_splits=154
[ 280000/1000000]  eval(5)= 382.76 +/- 16.08   n_per_axis=[32, 31, 28, 38, 30, 32]
[ 280000/1000000]  ep= 280  reward(last50)= 371.80  n_per_axis=[32, 31, 28, 38, 30, 32]  total_splits=154
[ 290000/1000000]  ep= 290  reward(last50)= 387.99  n_per_axis=[31, 31, 28, 38, 31, 32]  total_splits=155
[ 300000/1000000]  eval(5)= 487.25 +/- 23.92   n_per_axis=[31, 31, 28, 38, 31, 32]
[ 300000/1000000]  ep= 300  reward(last50)= 395.39  n_per_axis=[31, 31, 28, 38, 31, 32]  total_splits=155
[ 310000/1000000]  ep= 310  reward(last50)= 422.84  n_per_axis=[33, 30, 28, 38, 31, 32]  total_splits=156
[ 320000/1000000]  eval(5)= 445.93 +/- 48.74   n_per_axis=[33, 30, 28, 38, 31, 32]
[ 320000/1000000]  ep= 320  reward(last50)= 432.80  n_per_axis=[33, 30, 28, 38, 31, 32]  total_splits=156
[ 330000/1000000]  ep= 330  reward(last50)= 436.13  n_per_axis=[33, 30, 28, 38, 31, 32]  total_splits=156
[ 340000/1000000]  eval(5)= 263.46 +/- 57.79   n_per_axis=[35, 30, 27, 37, 31, 32]
[ 340000/1000000]  ep= 340  reward(last50)= 438.71  n_per_axis=[35, 30, 27, 37, 31, 32]  total_splits=157
[ 350000/1000000]  ep= 350  reward(last50)= 438.84  n_per_axis=[35, 30, 27, 37, 31, 32]  total_splits=157
[ 360000/1000000]  eval(5)= 252.76 +/- 115.90  n_per_axis=[35, 30, 27, 36, 31, 32]
[ 360000/1000000]  ep= 360  reward(last50)= 444.05  n_per_axis=[35, 30, 27, 36, 31, 32]  total_splits=157
[ 370000/1000000]  ep= 370  reward(last50)= 437.61  n_per_axis=[35, 32, 27, 36, 31, 31]  total_splits=158
[ 380000/1000000]  eval(5)= 412.73 +/- 16.41   n_per_axis=[35, 32, 27, 36, 31, 31]
[ 380000/1000000]  ep= 380  reward(last50)= 442.29  n_per_axis=[35, 32, 27, 36, 31, 31]  total_splits=158
[ 390000/1000000]  ep= 390  reward(last50)= 435.03  n_per_axis=[35, 32, 27, 36, 31, 31]  total_splits=158
[ 400000/1000000]  eval(5)= 480.27 +/- 21.93   n_per_axis=[35, 34, 27, 35, 31, 30]
[ 400000/1000000]  ep= 400  reward(last50)= 445.81  n_per_axis=[35, 34, 27, 35, 31, 30]  total_splits=159
[ 410000/1000000]  ep= 410  reward(last50)= 425.13  n_per_axis=[35, 34, 27, 34, 31, 30]  total_splits=159
[ 420000/1000000]  eval(5)= 506.82 +/- 2.94    n_per_axis=[35, 34, 27, 34, 31, 30]
[ 420000/1000000]  ep= 420  reward(last50)= 409.66  n_per_axis=[35, 34, 27, 34, 31, 30]  total_splits=159
[ 430000/1000000]  ep= 430  reward(last50)= 416.57  n_per_axis=[35, 34, 27, 34, 31, 31]  total_splits=160
[ 440000/1000000]  eval(5)= 480.23 +/- 33.87   n_per_axis=[35, 34, 27, 34, 31, 31]
[ 440000/1000000]  ep= 440  reward(last50)= 423.76  n_per_axis=[35, 34, 27, 34, 31, 31]  total_splits=160
[ 450000/1000000]  ep= 450  reward(last50)= 431.71  n_per_axis=[35, 34, 27, 34, 31, 31]  total_splits=160
[ 460000/1000000]  eval(5)= 380.14 +/- 78.79   n_per_axis=[35, 34, 27, 34, 31, 31]
[ 460000/1000000]  ep= 460  reward(last50)= 454.26  n_per_axis=[35, 34, 27, 34, 31, 31]  total_splits=160
[ 470000/1000000]  ep= 470  reward(last50)= 491.90  n_per_axis=[35, 34, 29, 33, 31, 30]  total_splits=161
[ 480000/1000000]  eval(5)= 432.68 +/- 31.88   n_per_axis=[35, 34, 29, 33, 31, 30]
[ 480000/1000000]  ep= 480  reward(last50)= 493.77  n_per_axis=[35, 34, 29, 33, 31, 30]  total_splits=161
[ 490000/1000000]  ep= 490  reward(last50)= 491.75  n_per_axis=[35, 33, 29, 33, 31, 30]  total_splits=161
[ 500000/1000000]  eval(5)= 375.07 +/- 120.15  n_per_axis=[34, 35, 29, 33, 31, 30]
[ 500000/1000000]  ep= 500  reward(last50)= 473.51  n_per_axis=[34, 35, 29, 33, 31, 30]  total_splits=162
[ 510000/1000000]  ep= 510  reward(last50)= 462.72  n_per_axis=[34, 35, 29, 33, 31, 30]  total_splits=162
[ 520000/1000000]  eval(5)= 447.14 +/- 40.28   n_per_axis=[34, 35, 29, 33, 31, 30]
[ 520000/1000000]  ep= 520  reward(last50)= 439.71  n_per_axis=[34, 35, 29, 33, 31, 30]  total_splits=162
[ 530000/1000000]  ep= 530  reward(last50)= 441.93  n_per_axis=[34, 35, 29, 33, 31, 30]  total_splits=162
[ 540000/1000000]  eval(5)= 489.03 +/- 35.64   n_per_axis=[34, 35, 29, 33, 30, 30]
[ 540000/1000000]  ep= 540  reward(last50)= 443.04  n_per_axis=[34, 35, 29, 33, 30, 30]  total_splits=162
[ 550000/1000000]  ep= 550  reward(last50)= 442.99  n_per_axis=[34, 35, 29, 33, 30, 30]  total_splits=162
[ 560000/1000000]  eval(5)= 281.39 +/- 93.75   n_per_axis=[34, 35, 29, 33, 30, 30]
[ 560000/1000000]  ep= 560  reward(last50)= 425.00  n_per_axis=[34, 35, 29, 33, 30, 30]  total_splits=162
[ 570000/1000000]  ep= 570  reward(last50)= 415.37  n_per_axis=[34, 35, 29, 33, 30, 30]  total_splits=162
[ 580000/1000000]  eval(5)= 571.28 +/- 4.73    n_per_axis=[34, 35, 29, 33, 30, 30]
[ 580000/1000000]  ep= 580  reward(last50)= 370.19  n_per_axis=[34, 35, 29, 33, 30, 30]  total_splits=162
[ 590000/1000000]  ep= 590  reward(last50)= 383.59  n_per_axis=[34, 35, 29, 33, 30, 30]  total_splits=162
[ 600000/1000000]  eval(5)= 605.89 +/- 25.23   n_per_axis=[34, 35, 29, 33, 30, 30]
[ 600000/1000000]  ep= 600  reward(last50)= 377.00  n_per_axis=[34, 35, 29, 33, 30, 30]  total_splits=162
[ 610000/1000000]  ep= 610  reward(last50)= 398.52  n_per_axis=[34, 35, 29, 33, 30, 30]  total_splits=162
[ 620000/1000000]  eval(5)= 554.58 +/- 92.35   n_per_axis=[34, 35, 29, 33, 30, 30]
[ 620000/1000000]  ep= 620  reward(last50)= 421.28  n_per_axis=[34, 35, 29, 33, 30, 30]  total_splits=162
[ 630000/1000000]  ep= 630  reward(last50)= 457.86  n_per_axis=[34, 35, 29, 33, 30, 30]  total_splits=162
[ 640000/1000000]  eval(5)= 399.50 +/- 196.42  n_per_axis=[34, 35, 29, 33, 30, 30]
[ 640000/1000000]  ep= 640  reward(last50)= 425.22  n_per_axis=[34, 35, 29, 33, 30, 30]  total_splits=162
[ 650000/1000000]  ep= 650  reward(last50)= 433.69  n_per_axis=[34, 35, 29, 33, 30, 30]  total_splits=162
[ 660000/1000000]  eval(5)= 455.62 +/- 168.27  n_per_axis=[34, 35, 29, 33, 30, 30]
[ 660000/1000000]  ep= 660  reward(last50)= 435.50  n_per_axis=[34, 35, 29, 33, 30, 30]  total_splits=162
[ 670000/1000000]  ep= 670  reward(last50)= 428.94  n_per_axis=[34, 34, 31, 33, 30, 30]  total_splits=163
[ 680000/1000000]  eval(5)= 220.66 +/- 106.52  n_per_axis=[34, 34, 31, 33, 30, 30]
[ 680000/1000000]  ep= 680  reward(last50)= 408.15  n_per_axis=[34, 34, 31, 33, 30, 30]  total_splits=163
[ 690000/1000000]  ep= 690  reward(last50)= 421.63  n_per_axis=[34, 34, 31, 33, 30, 30]  total_splits=163
[ 700000/1000000]  eval(5)= 470.14 +/- 34.15   n_per_axis=[34, 34, 31, 33, 30, 30]
[ 700000/1000000]  ep= 700  reward(last50)= 396.28  n_per_axis=[34, 34, 31, 33, 30, 30]  total_splits=163
[ 710000/1000000]  ep= 710  reward(last50)= 370.38  n_per_axis=[33, 34, 31, 33, 30, 30]  total_splits=163
[ 720000/1000000]  eval(5)= 337.29 +/- 156.89  n_per_axis=[33, 34, 31, 33, 30, 30]
[ 720000/1000000]  ep= 720  reward(last50)= 351.87  n_per_axis=[33, 34, 31, 33, 30, 30]  total_splits=163
[ 730000/1000000]  ep= 730  reward(last50)= 374.47  n_per_axis=[33, 34, 31, 33, 30, 30]  total_splits=163
[ 740000/1000000]  eval(5)= 442.75 +/- 21.39   n_per_axis=[33, 34, 31, 33, 30, 30]
[ 740000/1000000]  ep= 740  reward(last50)= 369.12  n_per_axis=[33, 34, 31, 33, 30, 30]  total_splits=163
[ 750000/1000000]  ep= 750  reward(last50)= 384.72  n_per_axis=[32, 34, 31, 33, 32, 30]  total_splits=164
[ 760000/1000000]  eval(5)= 309.04 +/- 200.98  n_per_axis=[32, 34, 31, 33, 32, 30]
[ 760000/1000000]  ep= 760  reward(last50)= 377.75  n_per_axis=[32, 34, 31, 33, 32, 30]  total_splits=164
[ 770000/1000000]  ep= 770  reward(last50)= 373.54  n_per_axis=[32, 34, 31, 33, 32, 30]  total_splits=164
[ 780000/1000000]  eval(5)= 438.90 +/- 170.89  n_per_axis=[32, 34, 31, 33, 32, 30]
[ 780000/1000000]  ep= 780  reward(last50)= 369.25  n_per_axis=[32, 34, 31, 33, 32, 30]  total_splits=164
[ 790000/1000000]  ep= 790  reward(last50)= 381.39  n_per_axis=[32, 34, 31, 33, 32, 30]  total_splits=164
[ 800000/1000000]  eval(5)= 614.04 +/- 39.70   n_per_axis=[32, 34, 31, 33, 32, 30]
[ 800000/1000000]  ep= 800  reward(last50)= 400.91  n_per_axis=[32, 34, 31, 33, 32, 30]  total_splits=164
[ 810000/1000000]  ep= 810  reward(last50)= 413.24  n_per_axis=[34, 34, 31, 33, 30, 30]  total_splits=165
[ 820000/1000000]  eval(5)= 459.22 +/- 125.75  n_per_axis=[34, 34, 31, 32, 30, 30]
[ 820000/1000000]  ep= 820  reward(last50)= 404.07  n_per_axis=[34, 34, 31, 32, 30, 30]  total_splits=165
[ 830000/1000000]  ep= 830  reward(last50)= 379.11  n_per_axis=[34, 34, 31, 32, 30, 30]  total_splits=165
[ 840000/1000000]  eval(5)= 542.44 +/- 22.92   n_per_axis=[34, 34, 31, 32, 30, 30]
[ 840000/1000000]  ep= 840  reward(last50)= 377.01  n_per_axis=[34, 34, 31, 32, 30, 30]  total_splits=165
[ 850000/1000000]  ep= 850  reward(last50)= 345.71  n_per_axis=[36, 34, 30, 32, 30, 30]  total_splits=166
[ 860000/1000000]  eval(5)= 487.39 +/- 77.58   n_per_axis=[36, 34, 30, 32, 30, 30]
[ 860000/1000000]  ep= 860  reward(last50)= 327.57  n_per_axis=[36, 34, 30, 32, 30, 30]  total_splits=166
[ 870000/1000000]  ep= 870  reward(last50)= 349.23  n_per_axis=[36, 34, 30, 32, 30, 30]  total_splits=166
[ 880000/1000000]  eval(5)= 330.49 +/- 121.69  n_per_axis=[36, 34, 30, 32, 30, 30]
[ 880000/1000000]  ep= 880  reward(last50)= 364.19  n_per_axis=[36, 34, 30, 32, 30, 30]  total_splits=166
[ 890000/1000000]  ep= 890  reward(last50)= 367.79  n_per_axis=[36, 34, 30, 32, 30, 30]  total_splits=166
[ 900000/1000000]  eval(5)= 383.40 +/- 78.57   n_per_axis=[36, 33, 30, 32, 30, 30]
[ 900000/1000000]  ep= 900  reward(last50)= 386.74  n_per_axis=[36, 33, 30, 32, 30, 30]  total_splits=166
[ 910000/1000000]  ep= 910  reward(last50)= 416.19  n_per_axis=[36, 33, 30, 32, 30, 30]  total_splits=166
[ 920000/1000000]  eval(5)= 201.89 +/- 37.80   n_per_axis=[35, 32, 30, 32, 32, 30]
[ 920000/1000000]  ep= 920  reward(last50)= 400.14  n_per_axis=[35, 32, 30, 32, 32, 30]  total_splits=167
[ 930000/1000000]  ep= 930  reward(last50)= 380.74  n_per_axis=[35, 32, 30, 32, 32, 30]  total_splits=167
[ 940000/1000000]  eval(5)= 264.40 +/- 46.98   n_per_axis=[35, 32, 32, 32, 31, 30]
[ 940000/1000000]  ep= 940  reward(last50)= 351.97  n_per_axis=[35, 32, 32, 32, 31, 30]  total_splits=168
[ 950000/1000000]  ep= 950  reward(last50)= 320.92  n_per_axis=[35, 32, 32, 32, 31, 30]  total_splits=168
[ 960000/1000000]  eval(5)= 169.82 +/- 94.83   n_per_axis=[35, 32, 32, 32, 31, 30]
[ 960000/1000000]  ep= 960  reward(last50)= 294.49  n_per_axis=[35, 32, 32, 32, 31, 30]  total_splits=168
[ 970000/1000000]  ep= 970  reward(last50)= 301.92  n_per_axis=[35, 31, 32, 32, 31, 30]  total_splits=168
[ 980000/1000000]  eval(5)= 253.92 +/- 130.98  n_per_axis=[35, 31, 32, 32, 31, 30]
[ 980000/1000000]  ep= 980  reward(last50)= 282.22  n_per_axis=[35, 31, 32, 32, 31, 30]  total_splits=168
[ 990000/1000000]  ep= 990  reward(last50)= 248.67  n_per_axis=[34, 31, 32, 32, 31, 32]  total_splits=169
[1000000/1000000]  eval(5)= 300.23 +/- 80.37   n_per_axis=[34, 31, 32, 32, 31, 32]
[1000000/1000000]  ep=1000  reward(last50)= 236.45  n_per_axis=[34, 31, 32, 32, 31, 32]  total_splits=169
Saved BranchingDQN checkpoint to checkpoints/dmcs/cheetah-run/sample_efficiency/zooming_n32_seed42.pt

Evaluating (deterministic)...
Eval(10): mean=238.27  std=120.23
Final n_per_axis: [34, 31, 32, 32, 31, 32]  total_cells: 192/192  total_splits: 169
Split history: 92 events, steps 10000 to 982000
