/home/bruinml/anaconda3/envs/highway/lib/python3.11/site-packages/glfw/__init__.py:917: GLFWError: (65550) b'X11: The DISPLAY environment variable is missing'
  warnings.warn(message, GLFWError)
/home/bruinml/anaconda3/envs/highway/lib/python3.11/site-packages/pygame/pkgdata.py:25: UserWarning: pkg_resources is deprecated as an API. See https://setuptools.pypa.io/en/latest/pkg_resources.html. The pkg_resources package is slated for removal as early as 2025-11-30. Refrain from using this package or pin to Setuptools<81.
  from pkg_resources import resource_stream, resource_exists
/home/bruinml/anaconda3/envs/highway/lib/python3.11/site-packages/torch/cuda/__init__.py:180: UserWarning: CUDA initialization: The NVIDIA driver on your system is too old (found version 12080). Please update your GPU driver by downloading and installing a new version from the URL: http://www.nvidia.com/Download/index.aspx Alternatively, go to: https://pytorch.org to install a PyTorch version that has been compiled with your version of the CUDA driver. (Triggered internally at /pytorch/c10/cuda/CUDAFunctions.cpp:119.)
  return torch._C._cuda_getDeviceCount() > 0
Zooming DQN on dm_control/cheetah-run  da=6  init_depth=1 (start=12 cells)  n=32 -> total_budget=192  seed=43  steps=1000000
[  10000/1000000]  ep=  10  reward(last50)=   1.77  n_per_axis=[6, 6, 6, 6, 6, 6]  total_splits=12
[  20000/1000000]  eval(5)=  47.43 +/- 2.67    n_per_axis=[24, 24, 24, 24, 24, 24]
[  20000/1000000]  ep=  20  reward(last50)=  14.52  n_per_axis=[24, 24, 24, 24, 24, 24]  total_splits=84
[  30000/1000000]  ep=  30  reward(last50)=  38.13  n_per_axis=[24, 23, 21, 23, 24, 21]  total_splits=84
[  40000/1000000]  eval(5)=  89.49 +/- 54.71   n_per_axis=[32, 30, 32, 34, 31, 32]
[  40000/1000000]  ep=  40  reward(last50)=  59.93  n_per_axis=[32, 30, 32, 34, 31, 32]  total_splits=121
[  50000/1000000]  ep=  50  reward(last50)=  73.86  n_per_axis=[30, 31, 34, 34, 31, 32]  total_splits=127
[  60000/1000000]  eval(5)= 130.80 +/- 58.54   n_per_axis=[30, 35, 33, 33, 30, 30]
[  60000/1000000]  ep=  60  reward(last50)=  94.92  n_per_axis=[30, 35, 33, 33, 30, 30]  total_splits=130
[  70000/1000000]  ep=  70  reward(last50)= 120.95  n_per_axis=[30, 35, 33, 33, 30, 30]  total_splits=130
[  80000/1000000]  eval(5)= 137.92 +/- 53.72   n_per_axis=[30, 36, 32, 34, 30, 30]
[  80000/1000000]  ep=  80  reward(last50)= 142.74  n_per_axis=[30, 36, 32, 34, 30, 30]  total_splits=132
[  90000/1000000]  ep=  90  reward(last50)= 154.62  n_per_axis=[29, 36, 32, 34, 30, 30]  total_splits=132
[ 100000/1000000]  eval(5)= 181.42 +/- 80.86   n_per_axis=[28, 38, 32, 34, 30, 30]
[ 100000/1000000]  ep= 100  reward(last50)= 166.86  n_per_axis=[28, 38, 32, 34, 30, 30]  total_splits=133
[ 110000/1000000]  ep= 110  reward(last50)= 184.64  n_per_axis=[28, 38, 32, 34, 30, 30]  total_splits=133
[ 120000/1000000]  eval(5)= 168.77 +/- 69.95   n_per_axis=[30, 37, 32, 34, 29, 30]
[ 120000/1000000]  ep= 120  reward(last50)= 195.09  n_per_axis=[30, 37, 32, 34, 29, 30]  total_splits=134
[ 130000/1000000]  ep= 130  reward(last50)= 207.14  n_per_axis=[29, 37, 31, 35, 29, 30]  total_splits=135
[ 140000/1000000]  eval(5)= 294.81 +/- 20.74   n_per_axis=[29, 37, 29, 34, 29, 33]
[ 140000/1000000]  ep= 140  reward(last50)= 226.53  n_per_axis=[29, 37, 29, 34, 29, 33]  total_splits=137
[ 150000/1000000]  ep= 150  reward(last50)= 229.22  n_per_axis=[32, 35, 29, 34, 30, 32]  total_splits=140
[ 160000/1000000]  eval(5)= 158.08 +/- 78.80   n_per_axis=[32, 35, 28, 36, 28, 33]
[ 160000/1000000]  ep= 160  reward(last50)= 230.74  n_per_axis=[32, 35, 28, 36, 28, 33]  total_splits=142
[ 170000/1000000]  ep= 170  reward(last50)= 243.29  n_per_axis=[32, 35, 27, 37, 28, 33]  total_splits=143
[ 180000/1000000]  eval(5)= 376.10 +/- 29.81   n_per_axis=[32, 34, 27, 36, 29, 33]
[ 180000/1000000]  ep= 180  reward(last50)= 242.36  n_per_axis=[32, 34, 27, 36, 29, 33]  total_splits=144
[ 190000/1000000]  ep= 190  reward(last50)= 258.09  n_per_axis=[32, 34, 29, 35, 29, 32]  total_splits=145
[ 200000/1000000]  eval(5)= 430.05 +/- 12.03   n_per_axis=[34, 34, 29, 35, 29, 31]
[ 200000/1000000]  ep= 200  reward(last50)= 291.00  n_per_axis=[34, 34, 29, 35, 29, 31]  total_splits=146
[ 210000/1000000]  ep= 210  reward(last50)= 313.98  n_per_axis=[34, 34, 29, 34, 29, 32]  total_splits=147
[ 220000/1000000]  eval(5)= 364.16 +/- 112.19  n_per_axis=[33, 35, 29, 34, 28, 32]
[ 220000/1000000]  ep= 220  reward(last50)= 317.74  n_per_axis=[33, 35, 29, 34, 28, 32]  total_splits=148
[ 230000/1000000]  ep= 230  reward(last50)= 329.05  n_per_axis=[33, 34, 30, 34, 30, 31]  total_splits=150
[ 240000/1000000]  eval(5)= 407.84 +/- 18.34   n_per_axis=[33, 34, 30, 34, 30, 31]
[ 240000/1000000]  ep= 240  reward(last50)= 334.41  n_per_axis=[33, 34, 30, 34, 30, 31]  total_splits=150
[ 250000/1000000]  ep= 250  reward(last50)= 331.91  n_per_axis=[33, 34, 28, 36, 29, 31]  total_splits=152
[ 260000/1000000]  eval(5)= 381.13 +/- 99.91   n_per_axis=[33, 34, 28, 37, 29, 31]
[ 260000/1000000]  ep= 260  reward(last50)= 334.21  n_per_axis=[33, 34, 28, 37, 29, 31]  total_splits=153
[ 270000/1000000]  ep= 270  reward(last50)= 330.21  n_per_axis=[35, 34, 28, 35, 29, 31]  total_splits=154
[ 280000/1000000]  eval(5)= 349.36 +/- 88.05   n_per_axis=[35, 33, 28, 35, 29, 31]
[ 280000/1000000]  ep= 280  reward(last50)= 335.82  n_per_axis=[35, 33, 28, 35, 29, 31]  total_splits=154
[ 290000/1000000]  ep= 290  reward(last50)= 333.80  n_per_axis=[34, 32, 28, 35, 29, 33]  total_splits=155
[ 300000/1000000]  eval(5)= 358.35 +/- 77.15   n_per_axis=[34, 32, 28, 35, 29, 33]
[ 300000/1000000]  ep= 300  reward(last50)= 334.93  n_per_axis=[34, 32, 28, 35, 29, 33]  total_splits=155
[ 310000/1000000]  ep= 310  reward(last50)= 354.29  n_per_axis=[34, 32, 28, 35, 29, 33]  total_splits=155
[ 320000/1000000]  eval(5)= 407.96 +/- 123.06  n_per_axis=[34, 32, 28, 35, 29, 33]
[ 320000/1000000]  ep= 320  reward(last50)= 391.43  n_per_axis=[34, 32, 28, 35, 29, 33]  total_splits=155
[ 330000/1000000]  ep= 330  reward(last50)= 403.53  n_per_axis=[34, 32, 30, 35, 29, 32]  total_splits=156
[ 340000/1000000]  eval(5)= 319.47 +/- 40.04   n_per_axis=[34, 31, 30, 35, 29, 32]
[ 340000/1000000]  ep= 340  reward(last50)= 399.32  n_per_axis=[34, 31, 30, 35, 29, 32]  total_splits=156
[ 350000/1000000]  ep= 350  reward(last50)= 410.57  n_per_axis=[34, 31, 30, 35, 31, 31]  total_splits=157
[ 360000/1000000]  eval(5)= 423.47 +/- 133.79  n_per_axis=[34, 31, 30, 34, 31, 31]
[ 360000/1000000]  ep= 360  reward(last50)= 408.76  n_per_axis=[34, 31, 30, 34, 31, 31]  total_splits=157
[ 370000/1000000]  ep= 370  reward(last50)= 398.81  n_per_axis=[34, 31, 30, 33, 33, 31]  total_splits=158
[ 380000/1000000]  eval(5)= 473.66 +/- 28.48   n_per_axis=[33, 31, 30, 33, 33, 31]
[ 380000/1000000]  ep= 380  reward(last50)= 399.34  n_per_axis=[33, 31, 30, 33, 33, 31]  total_splits=158
[ 390000/1000000]  ep= 390  reward(last50)= 401.65  n_per_axis=[33, 31, 30, 32, 35, 31]  total_splits=159
[ 400000/1000000]  eval(5)= 352.34 +/- 126.33  n_per_axis=[33, 31, 30, 32, 35, 31]
[ 400000/1000000]  ep= 400  reward(last50)= 409.08  n_per_axis=[33, 31, 30, 32, 35, 31]  total_splits=159
[ 410000/1000000]  ep= 410  reward(last50)= 394.74  n_per_axis=[32, 31, 30, 32, 35, 31]  total_splits=159
[ 420000/1000000]  eval(5)= 453.01 +/- 27.61   n_per_axis=[32, 33, 30, 32, 35, 30]
[ 420000/1000000]  ep= 420  reward(last50)= 400.95  n_per_axis=[32, 33, 30, 32, 35, 30]  total_splits=160
[ 430000/1000000]  ep= 430  reward(last50)= 403.21  n_per_axis=[32, 33, 30, 32, 34, 30]  total_splits=160
[ 440000/1000000]  eval(5)= 108.08 +/- 17.84   n_per_axis=[32, 33, 31, 32, 33, 30]
[ 440000/1000000]  ep= 440  reward(last50)= 403.70  n_per_axis=[32, 33, 31, 32, 33, 30]  total_splits=161
[ 450000/1000000]  ep= 450  reward(last50)= 384.97  n_per_axis=[32, 33, 30, 32, 35, 30]  total_splits=162
[ 460000/1000000]  eval(5)= 464.09 +/- 17.77   n_per_axis=[32, 33, 30, 32, 34, 30]
[ 460000/1000000]  ep= 460  reward(last50)= 385.50  n_per_axis=[32, 33, 30, 32, 34, 30]  total_splits=162
[ 470000/1000000]  ep= 470  reward(last50)= 386.12  n_per_axis=[32, 33, 30, 32, 34, 30]  total_splits=162
[ 480000/1000000]  eval(5)= 498.69 +/- 20.12   n_per_axis=[32, 33, 30, 32, 34, 30]
[ 480000/1000000]  ep= 480  reward(last50)= 398.23  n_per_axis=[32, 33, 30, 32, 34, 30]  total_splits=162
[ 490000/1000000]  ep= 490  reward(last50)= 415.92  n_per_axis=[32, 35, 30, 31, 34, 30]  total_splits=163
[ 500000/1000000]  eval(5)= 433.25 +/- 45.96   n_per_axis=[32, 35, 30, 31, 34, 29]
[ 500000/1000000]  ep= 500  reward(last50)= 431.07  n_per_axis=[32, 35, 30, 31, 34, 29]  total_splits=163
[ 510000/1000000]  ep= 510  reward(last50)= 443.96  n_per_axis=[32, 35, 30, 31, 34, 29]  total_splits=163
[ 520000/1000000]  eval(5)= 321.09 +/- 136.90  n_per_axis=[32, 35, 30, 31, 34, 29]
[ 520000/1000000]  ep= 520  reward(last50)= 437.85  n_per_axis=[32, 35, 30, 31, 34, 29]  total_splits=163
[ 530000/1000000]  ep= 530  reward(last50)= 434.27  n_per_axis=[32, 35, 30, 31, 34, 29]  total_splits=163
[ 540000/1000000]  eval(5)= 321.84 +/- 80.23   n_per_axis=[32, 35, 30, 31, 34, 29]
[ 540000/1000000]  ep= 540  reward(last50)= 429.84  n_per_axis=[32, 35, 30, 31, 34, 29]  total_splits=163
[ 550000/1000000]  ep= 550  reward(last50)= 434.94  n_per_axis=[32, 35, 30, 31, 34, 29]  total_splits=163
[ 560000/1000000]  eval(5)= 380.64 +/- 132.96  n_per_axis=[33, 35, 30, 31, 34, 29]
[ 560000/1000000]  ep= 560  reward(last50)= 431.24  n_per_axis=[33, 35, 30, 31, 34, 29]  total_splits=164
[ 570000/1000000]  ep= 570  reward(last50)= 414.94  n_per_axis=[33, 35, 30, 31, 34, 29]  total_splits=164
[ 580000/1000000]  eval(5)= 475.93 +/- 18.12   n_per_axis=[33, 35, 30, 31, 34, 29]
[ 580000/1000000]  ep= 580  reward(last50)= 398.00  n_per_axis=[33, 35, 30, 31, 34, 29]  total_splits=164
[ 590000/1000000]  ep= 590  reward(last50)= 386.62  n_per_axis=[33, 35, 30, 31, 34, 29]  total_splits=164
[ 600000/1000000]  eval(5)= 466.53 +/- 39.50   n_per_axis=[33, 35, 30, 31, 34, 29]
[ 600000/1000000]  ep= 600  reward(last50)= 369.11  n_per_axis=[33, 35, 30, 31, 34, 29]  total_splits=164
[ 610000/1000000]  ep= 610  reward(last50)= 351.79  n_per_axis=[32, 35, 30, 31, 34, 29]  total_splits=164
[ 620000/1000000]  eval(5)= 610.03 +/- 5.58    n_per_axis=[32, 35, 30, 31, 34, 29]
[ 620000/1000000]  ep= 620  reward(last50)= 361.02  n_per_axis=[32, 35, 30, 31, 34, 29]  total_splits=164
[ 630000/1000000]  ep= 630  reward(last50)= 367.41  n_per_axis=[32, 35, 30, 31, 34, 29]  total_splits=164
[ 640000/1000000]  eval(5)= 287.99 +/- 135.92  n_per_axis=[32, 35, 30, 31, 34, 29]
[ 640000/1000000]  ep= 640  reward(last50)= 364.93  n_per_axis=[32, 35, 30, 31, 34, 29]  total_splits=164
[ 650000/1000000]  ep= 650  reward(last50)= 368.75  n_per_axis=[32, 35, 30, 31, 34, 29]  total_splits=164
[ 660000/1000000]  eval(5)= 475.99 +/- 87.56   n_per_axis=[32, 35, 30, 31, 34, 29]
[ 660000/1000000]  ep= 660  reward(last50)= 360.94  n_per_axis=[32, 35, 30, 31, 34, 29]  total_splits=164
[ 670000/1000000]  ep= 670  reward(last50)= 358.21  n_per_axis=[32, 35, 30, 31, 34, 29]  total_splits=164
[ 680000/1000000]  eval(5)= 251.69 +/- 142.17  n_per_axis=[34, 34, 30, 31, 34, 29]
[ 680000/1000000]  ep= 680  reward(last50)= 340.39  n_per_axis=[34, 34, 30, 31, 34, 29]  total_splits=165
[ 690000/1000000]  ep= 690  reward(last50)= 329.10  n_per_axis=[34, 34, 30, 31, 34, 29]  total_splits=165
[ 700000/1000000]  eval(5)= 275.96 +/- 114.14  n_per_axis=[34, 34, 30, 31, 34, 29]
[ 700000/1000000]  ep= 700  reward(last50)= 320.90  n_per_axis=[34, 34, 30, 31, 34, 29]  total_splits=165
[ 710000/1000000]  ep= 710  reward(last50)= 333.82  n_per_axis=[33, 34, 30, 31, 34, 29]  total_splits=165
[ 720000/1000000]  eval(5)= 381.03 +/- 27.78   n_per_axis=[33, 34, 30, 31, 34, 29]
[ 720000/1000000]  ep= 720  reward(last50)= 336.20  n_per_axis=[33, 34, 30, 31, 34, 29]  total_splits=165
[ 730000/1000000]  ep= 730  reward(last50)= 346.38  n_per_axis=[33, 34, 30, 31, 34, 29]  total_splits=165
[ 740000/1000000]  eval(5)= 306.93 +/- 118.73  n_per_axis=[33, 34, 30, 31, 34, 29]
[ 740000/1000000]  ep= 740  reward(last50)= 347.77  n_per_axis=[33, 34, 30, 31, 34, 29]  total_splits=165
[ 750000/1000000]  ep= 750  reward(last50)= 344.29  n_per_axis=[33, 34, 30, 31, 34, 29]  total_splits=165
[ 760000/1000000]  eval(5)= 491.95 +/- 123.86  n_per_axis=[33, 34, 30, 31, 34, 29]
[ 760000/1000000]  ep= 760  reward(last50)= 343.75  n_per_axis=[33, 34, 30, 31, 34, 29]  total_splits=165
[ 770000/1000000]  ep= 770  reward(last50)= 333.99  n_per_axis=[33, 34, 30, 31, 34, 29]  total_splits=165
[ 780000/1000000]  eval(5)= 486.27 +/- 43.67   n_per_axis=[33, 34, 30, 31, 34, 29]
[ 780000/1000000]  ep= 780  reward(last50)= 327.75  n_per_axis=[33, 34, 30, 31, 34, 29]  total_splits=165
[ 790000/1000000]  ep= 790  reward(last50)= 339.47  n_per_axis=[33, 34, 30, 31, 34, 29]  total_splits=165
[ 800000/1000000]  eval(5)= 333.63 +/- 84.39   n_per_axis=[33, 34, 30, 31, 34, 29]
[ 800000/1000000]  ep= 800  reward(last50)= 353.28  n_per_axis=[33, 34, 30, 31, 34, 29]  total_splits=165
[ 810000/1000000]  ep= 810  reward(last50)= 369.78  n_per_axis=[33, 34, 32, 31, 33, 29]  total_splits=166
[ 820000/1000000]  eval(5)= 411.78 +/- 12.22   n_per_axis=[33, 34, 32, 31, 33, 29]
[ 820000/1000000]  ep= 820  reward(last50)= 398.38  n_per_axis=[33, 34, 32, 31, 33, 29]  total_splits=166
[ 830000/1000000]  ep= 830  reward(last50)= 415.67  n_per_axis=[33, 34, 32, 31, 33, 29]  total_splits=166
[ 840000/1000000]  eval(5)= 428.79 +/- 146.08  n_per_axis=[33, 34, 32, 31, 33, 29]
[ 840000/1000000]  ep= 840  reward(last50)= 410.54  n_per_axis=[33, 34, 32, 31, 33, 29]  total_splits=166
[ 850000/1000000]  ep= 850  reward(last50)= 409.22  n_per_axis=[33, 34, 32, 31, 33, 29]  total_splits=166
[ 860000/1000000]  eval(5)= 579.36 +/- 17.50   n_per_axis=[33, 34, 32, 31, 33, 29]
[ 860000/1000000]  ep= 860  reward(last50)= 416.41  n_per_axis=[33, 34, 32, 31, 33, 29]  total_splits=166
[ 870000/1000000]  ep= 870  reward(last50)= 389.78  n_per_axis=[33, 33, 32, 31, 33, 29]  total_splits=166
[ 880000/1000000]  eval(5)= 330.53 +/- 97.61   n_per_axis=[33, 34, 32, 31, 33, 28]
[ 880000/1000000]  ep= 880  reward(last50)= 373.22  n_per_axis=[33, 34, 32, 31, 33, 28]  total_splits=167
[ 890000/1000000]  ep= 890  reward(last50)= 388.13  n_per_axis=[33, 34, 32, 31, 33, 28]  total_splits=167
[ 900000/1000000]  eval(5)= 443.09 +/- 89.51   n_per_axis=[33, 34, 32, 31, 33, 28]
[ 900000/1000000]  ep= 900  reward(last50)= 379.34  n_per_axis=[33, 34, 32, 31, 33, 28]  total_splits=167
[ 910000/1000000]  ep= 910  reward(last50)= 346.23  n_per_axis=[33, 34, 32, 31, 33, 28]  total_splits=167
[ 920000/1000000]  eval(5)= 438.64 +/- 92.04   n_per_axis=[34, 34, 32, 31, 33, 28]
[ 920000/1000000]  ep= 920  reward(last50)= 349.59  n_per_axis=[34, 34, 32, 31, 33, 28]  total_splits=168
[ 930000/1000000]  ep= 930  reward(last50)= 344.21  n_per_axis=[34, 34, 32, 31, 33, 28]  total_splits=168
[ 940000/1000000]  eval(5)= 236.61 +/- 109.07  n_per_axis=[34, 34, 32, 31, 33, 28]
[ 940000/1000000]  ep= 940  reward(last50)= 330.70  n_per_axis=[34, 34, 32, 31, 33, 28]  total_splits=168
[ 950000/1000000]  ep= 950  reward(last50)= 323.34  n_per_axis=[34, 34, 32, 31, 33, 28]  total_splits=168
[ 960000/1000000]  eval(5)= 288.56 +/- 88.53   n_per_axis=[34, 34, 31, 31, 33, 28]
[ 960000/1000000]  ep= 960  reward(last50)= 337.63  n_per_axis=[34, 34, 31, 31, 33, 28]  total_splits=168
[ 970000/1000000]  ep= 970  reward(last50)= 327.33  n_per_axis=[34, 34, 31, 31, 33, 28]  total_splits=168
[ 980000/1000000]  eval(5)= 262.62 +/- 104.78  n_per_axis=[34, 34, 31, 33, 32, 28]
[ 980000/1000000]  ep= 980  reward(last50)= 353.06  n_per_axis=[34, 34, 31, 33, 32, 28]  total_splits=169
[ 990000/1000000]  ep= 990  reward(last50)= 352.01  n_per_axis=[34, 34, 31, 33, 31, 28]  total_splits=169
[1000000/1000000]  eval(5)= 390.02 +/- 69.73   n_per_axis=[34, 34, 31, 33, 31, 28]
[1000000/1000000]  ep=1000  reward(last50)= 355.16  n_per_axis=[34, 34, 31, 33, 31, 28]  total_splits=169
Saved BranchingDQN checkpoint to checkpoints/dmcs/cheetah-run/sample_efficiency/zooming_n32_seed43.pt

Evaluating (deterministic)...
Eval(10): mean=367.67  std=127.03
Final n_per_axis: [34, 34, 31, 33, 31, 28]  total_cells: 191/192  total_splits: 169
Split history: 88 events, steps 10000 to 980000
