/home/bruinml/anaconda3/envs/highway/lib/python3.11/site-packages/glfw/__init__.py:917: GLFWError: (65550) b'X11: The DISPLAY environment variable is missing'
  warnings.warn(message, GLFWError)
/home/bruinml/anaconda3/envs/highway/lib/python3.11/site-packages/pygame/pkgdata.py:25: UserWarning: pkg_resources is deprecated as an API. See https://setuptools.pypa.io/en/latest/pkg_resources.html. The pkg_resources package is slated for removal as early as 2025-11-30. Refrain from using this package or pin to Setuptools<81.
  from pkg_resources import resource_stream, resource_exists
/home/bruinml/anaconda3/envs/highway/lib/python3.11/site-packages/torch/cuda/__init__.py:180: UserWarning: CUDA initialization: The NVIDIA driver on your system is too old (found version 12080). Please update your GPU driver by downloading and installing a new version from the URL: http://www.nvidia.com/Download/index.aspx Alternatively, go to: https://pytorch.org to install a PyTorch version that has been compiled with your version of the CUDA driver. (Triggered internally at /pytorch/c10/cuda/CUDAFunctions.cpp:119.)
  return torch._C._cuda_getDeviceCount() > 0
Zooming DQN on dm_control/walker-walk  da=6  init_depth=1 (start=12 cells)  n=32 -> total_budget=192  seed=43  steps=300000
[  10000/300000]  ep=  10  reward(last50)=  30.39  n_per_axis=[6, 6, 6, 6, 6, 6]  total_splits=12
[  20000/300000]  eval(5)=  52.27 +/- 8.63    n_per_axis=[14, 13, 14, 13, 14, 14]
[  20000/300000]  ep=  20  reward(last50)=  36.63  n_per_axis=[14, 13, 14, 13, 14, 14]  total_splits=48
[  30000/300000]  ep=  30  reward(last50)=  52.32  n_per_axis=[24, 24, 24, 24, 24, 24]  total_splits=84
[  40000/300000]  eval(5)= 134.20 +/- 44.79   n_per_axis=[24, 24, 24, 24, 24, 24]
[  40000/300000]  ep=  40  reward(last50)=  60.90  n_per_axis=[24, 24, 24, 24, 24, 24]  total_splits=84
[  50000/300000]  ep=  50  reward(last50)=  72.60  n_per_axis=[22, 27, 27, 27, 30, 27]  total_splits=96
[  60000/300000]  eval(5)= 110.85 +/- 33.96   n_per_axis=[35, 30, 33, 31, 30, 32]
[  60000/300000]  ep=  60  reward(last50)=  92.99  n_per_axis=[35, 30, 33, 31, 30, 32]  total_splits=119
[  70000/300000]  ep=  70  reward(last50)= 121.62  n_per_axis=[37, 33, 31, 29, 28, 33]  total_splits=123
[  80000/300000]  eval(5)= 253.76 +/- 68.81   n_per_axis=[35, 31, 33, 30, 28, 34]
[  80000/300000]  ep=  80  reward(last50)= 150.48  n_per_axis=[35, 31, 33, 30, 28, 34]  total_splits=127
[  90000/300000]  ep=  90  reward(last50)= 189.63  n_per_axis=[34, 32, 35, 30, 29, 32]  total_splits=131
[ 100000/300000]  eval(5)= 378.19 +/- 135.39  n_per_axis=[34, 32, 35, 30, 29, 32]
[ 100000/300000]  ep= 100  reward(last50)= 239.59  n_per_axis=[34, 32, 35, 30, 29, 32]  total_splits=131
[ 110000/300000]  ep= 110  reward(last50)= 295.48  n_per_axis=[34, 32, 34, 30, 29, 32]  total_splits=131
[ 120000/300000]  eval(5)= 556.42 +/- 39.69   n_per_axis=[34, 32, 34, 30, 29, 32]
[ 120000/300000]  ep= 120  reward(last50)= 359.19  n_per_axis=[34, 32, 34, 30, 29, 32]  total_splits=131
[ 130000/300000]  ep= 130  reward(last50)= 437.39  n_per_axis=[34, 32, 34, 30, 29, 32]  total_splits=131
[ 140000/300000]  eval(5)= 584.48 +/- 72.97   n_per_axis=[34, 32, 34, 30, 29, 32]
[ 140000/300000]  ep= 140  reward(last50)= 515.18  n_per_axis=[34, 32, 34, 30, 29, 32]  total_splits=131
[ 150000/300000]  ep= 150  reward(last50)= 579.86  n_per_axis=[34, 32, 34, 30, 29, 32]  total_splits=131
[ 160000/300000]  eval(5)= 435.26 +/- 197.91  n_per_axis=[36, 32, 34, 29, 29, 32]
[ 160000/300000]  ep= 160  reward(last50)= 640.66  n_per_axis=[36, 32, 34, 29, 29, 32]  total_splits=132
[ 170000/300000]  ep= 170  reward(last50)= 672.52  n_per_axis=[35, 32, 33, 29, 31, 32]  total_splits=133
[ 180000/300000]  eval(5)= 673.19 +/- 38.15   n_per_axis=[35, 32, 33, 29, 29, 34]
[ 180000/300000]  ep= 180  reward(last50)= 678.71  n_per_axis=[35, 32, 33, 29, 29, 34]  total_splits=134
[ 190000/300000]  ep= 190  reward(last50)= 681.89  n_per_axis=[35, 32, 33, 29, 29, 34]  total_splits=134
[ 200000/300000]  eval(5)= 693.66 +/- 24.59   n_per_axis=[34, 32, 33, 31, 29, 33]
[ 200000/300000]  ep= 200  reward(last50)= 677.20  n_per_axis=[34, 32, 33, 31, 29, 33]  total_splits=135
[ 210000/300000]  ep= 210  reward(last50)= 678.70  n_per_axis=[34, 32, 33, 31, 29, 33]  total_splits=135
[ 220000/300000]  eval(5)= 601.12 +/- 50.55   n_per_axis=[34, 30, 35, 30, 29, 33]
[ 220000/300000]  ep= 220  reward(last50)= 673.95  n_per_axis=[34, 30, 35, 30, 29, 33]  total_splits=136
[ 230000/300000]  ep= 230  reward(last50)= 684.46  n_per_axis=[34, 30, 35, 30, 29, 33]  total_splits=136
[ 240000/300000]  eval(5)= 541.45 +/- 263.19  n_per_axis=[36, 29, 35, 30, 28, 33]
[ 240000/300000]  ep= 240  reward(last50)= 687.09  n_per_axis=[36, 29, 35, 30, 28, 33]  total_splits=137
[ 250000/300000]  ep= 250  reward(last50)= 704.51  n_per_axis=[38, 29, 35, 29, 28, 33]  total_splits=138
[ 260000/300000]  eval(5)= 724.16 +/- 21.93   n_per_axis=[38, 29, 35, 29, 27, 33]
[ 260000/300000]  ep= 260  reward(last50)= 689.89  n_per_axis=[38, 29, 35, 29, 27, 33]  total_splits=138
[ 270000/300000]  ep= 270  reward(last50)= 711.02  n_per_axis=[37, 29, 37, 29, 27, 33]  total_splits=139
[ 280000/300000]  eval(5)= 752.17 +/- 25.04   n_per_axis=[37, 31, 37, 29, 26, 32]
[ 280000/300000]  ep= 280  reward(last50)= 719.64  n_per_axis=[37, 31, 37, 29, 26, 32]  total_splits=140
[ 290000/300000]  ep= 290  reward(last50)= 714.90  n_per_axis=[37, 30, 37, 31, 25, 32]  total_splits=142
[ 300000/300000]  eval(5)= 803.53 +/- 23.31   n_per_axis=[37, 30, 36, 31, 25, 32]
[ 300000/300000]  ep= 300  reward(last50)= 711.90  n_per_axis=[37, 30, 36, 31, 25, 32]  total_splits=142
Saved BranchingDQN checkpoint to checkpoints/dmcs/walker-walk/robustness/zooming_bp32_seed43.pt

Evaluating (deterministic)...
Eval(10): mean=781.56  std=27.15
Final n_per_axis: [37, 30, 36, 31, 25, 32]  total_cells: 191/192  total_splits: 142
Split history: 79 events, steps 10000 to 288000
