/home/bruinml/anaconda3/envs/highway/lib/python3.11/site-packages/glfw/__init__.py:917: GLFWError: (65550) b'X11: The DISPLAY environment variable is missing'
  warnings.warn(message, GLFWError)
/home/bruinml/anaconda3/envs/highway/lib/python3.11/site-packages/pygame/pkgdata.py:25: UserWarning: pkg_resources is deprecated as an API. See https://setuptools.pypa.io/en/latest/pkg_resources.html. The pkg_resources package is slated for removal as early as 2025-11-30. Refrain from using this package or pin to Setuptools<81.
  from pkg_resources import resource_stream, resource_exists
/home/bruinml/anaconda3/envs/highway/lib/python3.11/site-packages/torch/cuda/__init__.py:180: UserWarning: CUDA initialization: The NVIDIA driver on your system is too old (found version 12080). Please update your GPU driver by downloading and installing a new version from the URL: http://www.nvidia.com/Download/index.aspx Alternatively, go to: https://pytorch.org to install a PyTorch version that has been compiled with your version of the CUDA driver. (Triggered internally at /pytorch/c10/cuda/CUDAFunctions.cpp:119.)
  return torch._C._cuda_getDeviceCount() > 0
Zooming DQN on dm_control/walker-walk  da=6  init_depth=2 (start=24 cells)  n=32 -> total_budget=192  seed=43  steps=300000
[  10000/300000]  ep=  10  reward(last50)=  22.33  n_per_axis=[12, 12, 12, 12, 12, 12]  total_splits=24
[  20000/300000]  eval(5)=  37.33 +/- 6.10    n_per_axis=[24, 24, 24, 20, 24, 24]
[  20000/300000]  ep=  20  reward(last50)=  32.83  n_per_axis=[24, 24, 24, 20, 24, 24]  total_splits=70
[  30000/300000]  ep=  30  reward(last50)=  44.91  n_per_axis=[26, 23, 22, 30, 23, 22]  total_splits=78
[  40000/300000]  eval(5)= 179.73 +/- 87.64   n_per_axis=[29, 34, 35, 31, 30, 33]
[  40000/300000]  ep=  40  reward(last50)=  69.40  n_per_axis=[29, 34, 35, 31, 30, 33]  total_splits=113
[  50000/300000]  ep=  50  reward(last50)=  97.60  n_per_axis=[28, 35, 35, 29, 32, 32]  total_splits=116
[  60000/300000]  eval(5)= 100.00 +/- 10.15   n_per_axis=[29, 34, 34, 29, 31, 34]
[  60000/300000]  ep=  60  reward(last50)= 139.58  n_per_axis=[29, 34, 34, 29, 31, 34]  total_splits=118
[  70000/300000]  ep=  70  reward(last50)= 193.32  n_per_axis=[28, 34, 34, 31, 30, 34]  total_splits=119
[  80000/300000]  eval(5)= 394.58 +/- 38.17   n_per_axis=[28, 34, 34, 30, 30, 36]
[  80000/300000]  ep=  80  reward(last50)= 243.79  n_per_axis=[28, 34, 34, 30, 30, 36]  total_splits=120
[  90000/300000]  ep=  90  reward(last50)= 296.10  n_per_axis=[28, 34, 34, 30, 30, 36]  total_splits=120
[ 100000/300000]  eval(5)= 490.89 +/- 38.13   n_per_axis=[28, 34, 34, 30, 29, 36]
[ 100000/300000]  ep= 100  reward(last50)= 346.24  n_per_axis=[28, 34, 34, 30, 29, 36]  total_splits=120
[ 110000/300000]  ep= 110  reward(last50)= 391.27  n_per_axis=[29, 34, 34, 29, 29, 36]  total_splits=121
[ 120000/300000]  eval(5)= 576.81 +/- 38.38   n_per_axis=[29, 34, 34, 29, 29, 36]
[ 120000/300000]  ep= 120  reward(last50)= 439.52  n_per_axis=[29, 34, 34, 29, 29, 36]  total_splits=121
[ 130000/300000]  ep= 130  reward(last50)= 496.20  n_per_axis=[29, 33, 34, 29, 29, 38]  total_splits=123
[ 140000/300000]  eval(5)= 483.27 +/- 366.01  n_per_axis=[28, 32, 34, 30, 29, 38]
[ 140000/300000]  ep= 140  reward(last50)= 549.89  n_per_axis=[28, 32, 34, 30, 29, 38]  total_splits=124
[ 150000/300000]  ep= 150  reward(last50)= 594.23  n_per_axis=[28, 32, 36, 28, 30, 38]  total_splits=127
[ 160000/300000]  eval(5)= 705.65 +/- 112.97  n_per_axis=[30, 31, 36, 28, 30, 37]
[ 160000/300000]  ep= 160  reward(last50)= 646.88  n_per_axis=[30, 31, 36, 28, 30, 37]  total_splits=128
[ 170000/300000]  ep= 170  reward(last50)= 686.04  n_per_axis=[30, 29, 35, 28, 32, 37]  total_splits=129
[ 180000/300000]  eval(5)= 797.88 +/- 38.30   n_per_axis=[32, 31, 33, 28, 31, 36]
[ 180000/300000]  ep= 180  reward(last50)= 721.35  n_per_axis=[32, 31, 33, 28, 31, 36]  total_splits=131
[ 190000/300000]  ep= 190  reward(last50)= 752.22  n_per_axis=[31, 31, 32, 28, 33, 36]  total_splits=132
[ 200000/300000]  eval(5)= 437.83 +/- 87.60   n_per_axis=[32, 30, 31, 28, 33, 38]
[ 200000/300000]  ep= 200  reward(last50)= 780.54  n_per_axis=[32, 30, 31, 28, 33, 38]  total_splits=134
[ 210000/300000]  ep= 210  reward(last50)= 781.35  n_per_axis=[32, 30, 31, 28, 33, 38]  total_splits=134
[ 220000/300000]  eval(5)= 860.88 +/- 43.36   n_per_axis=[32, 30, 31, 27, 33, 38]
[ 220000/300000]  ep= 220  reward(last50)= 803.38  n_per_axis=[32, 30, 31, 27, 33, 38]  total_splits=134
[ 230000/300000]  ep= 230  reward(last50)= 810.59  n_per_axis=[31, 29, 31, 27, 37, 36]  total_splits=136
[ 240000/300000]  eval(5)= 858.21 +/- 17.91   n_per_axis=[31, 29, 31, 27, 39, 35]
[ 240000/300000]  ep= 240  reward(last50)= 816.18  n_per_axis=[31, 29, 31, 27, 39, 35]  total_splits=137
[ 250000/300000]  ep= 250  reward(last50)= 824.78  n_per_axis=[31, 29, 31, 27, 39, 35]  total_splits=137
[ 260000/300000]  eval(5)= 837.20 +/- 55.03   n_per_axis=[31, 28, 30, 29, 41, 33]
[ 260000/300000]  ep= 260  reward(last50)= 853.84  n_per_axis=[31, 28, 30, 29, 41, 33]  total_splits=139
[ 270000/300000]  ep= 270  reward(last50)= 840.95  n_per_axis=[31, 28, 30, 29, 41, 32]  total_splits=139
[ 280000/300000]  eval(5)= 775.00 +/- 60.26   n_per_axis=[30, 28, 30, 31, 41, 32]
[ 280000/300000]  ep= 280  reward(last50)= 854.33  n_per_axis=[30, 28, 30, 31, 41, 32]  total_splits=140
[ 290000/300000]  ep= 290  reward(last50)= 852.49  n_per_axis=[30, 27, 30, 33, 40, 32]  total_splits=141
[ 300000/300000]  eval(5)= 805.51 +/- 55.76   n_per_axis=[30, 27, 30, 34, 39, 32]
[ 300000/300000]  ep= 300  reward(last50)= 816.13  n_per_axis=[30, 27, 30, 34, 39, 32]  total_splits=142
Saved BranchingDQN checkpoint to checkpoints/dmcs/walker-walk/robustness/zooming_id2_seed43.pt

Evaluating (deterministic)...
Eval(10): mean=815.25  std=33.73
Final n_per_axis: [30, 27, 30, 34, 39, 32]  total_cells: 192/192  total_splits: 142
Split history: 71 events, steps 10000 to 296000
