/home/bruinml/anaconda3/envs/highway/lib/python3.11/site-packages/glfw/__init__.py:917: GLFWError: (65550) b'X11: The DISPLAY environment variable is missing'
  warnings.warn(message, GLFWError)
/home/bruinml/anaconda3/envs/highway/lib/python3.11/site-packages/pygame/pkgdata.py:25: UserWarning: pkg_resources is deprecated as an API. See https://setuptools.pypa.io/en/latest/pkg_resources.html. The pkg_resources package is slated for removal as early as 2025-11-30. Refrain from using this package or pin to Setuptools<81.
  from pkg_resources import resource_stream, resource_exists
/home/bruinml/anaconda3/envs/highway/lib/python3.11/site-packages/torch/cuda/__init__.py:180: UserWarning: CUDA initialization: The NVIDIA driver on your system is too old (found version 12080). Please update your GPU driver by downloading and installing a new version from the URL: http://www.nvidia.com/Download/index.aspx Alternatively, go to: https://pytorch.org to install a PyTorch version that has been compiled with your version of the CUDA driver. (Triggered internally at /pytorch/c10/cuda/CUDAFunctions.cpp:119.)
  return torch._C._cuda_getDeviceCount() > 0
Zooming DQN on dm_control/walker-walk  da=6  init_depth=1 (start=12 cells)  n=32 -> total_budget=192  seed=42  steps=300000
[  10000/300000]  ep=  10  reward(last50)=  28.89  n_per_axis=[6, 6, 6, 6, 6, 6]  total_splits=12
[  20000/300000]  eval(5)=  37.37 +/- 10.76   n_per_axis=[17, 21, 19, 16, 17, 17]
[  20000/300000]  ep=  20  reward(last50)=  39.17  n_per_axis=[17, 21, 19, 16, 17, 17]  total_splits=63
[  30000/300000]  ep=  30  reward(last50)=  50.87  n_per_axis=[24, 24, 24, 24, 24, 24]  total_splits=84
[  40000/300000]  eval(5)= 185.58 +/- 72.52   n_per_axis=[24, 23, 24, 24, 24, 24]
[  40000/300000]  ep=  40  reward(last50)=  66.08  n_per_axis=[24, 23, 24, 24, 24, 24]  total_splits=84
[  50000/300000]  ep=  50  reward(last50)=  98.29  n_per_axis=[30, 27, 27, 28, 27, 30]  total_splits=101
[  60000/300000]  eval(5)= 293.40 +/- 68.87   n_per_axis=[33, 29, 34, 30, 29, 36]
[  60000/300000]  ep=  60  reward(last50)= 139.25  n_per_axis=[33, 29, 34, 30, 29, 36]  total_splits=120
[  70000/300000]  ep=  70  reward(last50)= 193.27  n_per_axis=[32, 28, 34, 30, 31, 37]  total_splits=125
[  80000/300000]  eval(5)= 427.51 +/- 41.71   n_per_axis=[32, 27, 36, 30, 31, 36]
[  80000/300000]  ep=  80  reward(last50)= 250.28  n_per_axis=[32, 27, 36, 30, 31, 36]  total_splits=127
[  90000/300000]  ep=  90  reward(last50)= 318.49  n_per_axis=[32, 28, 35, 31, 30, 35]  total_splits=129
[ 100000/300000]  eval(5)= 624.01 +/- 89.79   n_per_axis=[33, 28, 35, 31, 30, 34]
[ 100000/300000]  ep= 100  reward(last50)= 382.01  n_per_axis=[33, 28, 35, 31, 30, 34]  total_splits=130
[ 110000/300000]  ep= 110  reward(last50)= 473.90  n_per_axis=[33, 28, 35, 31, 30, 34]  total_splits=130
[ 120000/300000]  eval(5)= 738.89 +/- 33.09   n_per_axis=[33, 28, 35, 31, 30, 34]
[ 120000/300000]  ep= 120  reward(last50)= 569.34  n_per_axis=[33, 28, 35, 31, 30, 34]  total_splits=130
[ 130000/300000]  ep= 130  reward(last50)= 659.51  n_per_axis=[33, 28, 35, 30, 30, 36]  total_splits=131
[ 140000/300000]  eval(5)= 762.58 +/- 40.19   n_per_axis=[32, 28, 35, 30, 30, 36]
[ 140000/300000]  ep= 140  reward(last50)= 743.30  n_per_axis=[32, 28, 35, 30, 30, 36]  total_splits=131
[ 150000/300000]  ep= 150  reward(last50)= 806.66  n_per_axis=[32, 27, 37, 30, 30, 36]  total_splits=132
[ 160000/300000]  eval(5)= 691.97 +/- 248.89  n_per_axis=[34, 26, 36, 30, 30, 36]
[ 160000/300000]  ep= 160  reward(last50)= 805.38  n_per_axis=[34, 26, 36, 30, 30, 36]  total_splits=133
[ 170000/300000]  ep= 170  reward(last50)= 817.75  n_per_axis=[34, 26, 36, 30, 30, 36]  total_splits=133
[ 180000/300000]  eval(5)= 890.72 +/- 29.74   n_per_axis=[34, 26, 36, 30, 30, 36]
[ 180000/300000]  ep= 180  reward(last50)= 828.56  n_per_axis=[34, 26, 36, 30, 30, 36]  total_splits=133
[ 190000/300000]  ep= 190  reward(last50)= 833.37  n_per_axis=[34, 26, 36, 30, 30, 36]  total_splits=133
[ 200000/300000]  eval(5)= 905.80 +/- 34.15   n_per_axis=[33, 26, 36, 32, 30, 35]
[ 200000/300000]  ep= 200  reward(last50)= 838.68  n_per_axis=[33, 26, 36, 32, 30, 35]  total_splits=134
[ 210000/300000]  ep= 210  reward(last50)= 849.35  n_per_axis=[33, 26, 36, 31, 30, 35]  total_splits=134
[ 220000/300000]  eval(5)= 679.43 +/- 53.97   n_per_axis=[32, 26, 37, 31, 31, 34]
[ 220000/300000]  ep= 220  reward(last50)= 841.92  n_per_axis=[32, 26, 37, 31, 31, 34]  total_splits=136
[ 230000/300000]  ep= 230  reward(last50)= 835.38  n_per_axis=[32, 28, 37, 30, 30, 34]  total_splits=137
[ 240000/300000]  eval(5)= 364.34 +/- 259.67  n_per_axis=[32, 28, 37, 30, 30, 34]
[ 240000/300000]  ep= 240  reward(last50)= 825.13  n_per_axis=[32, 28, 37, 30, 30, 34]  total_splits=137
[ 250000/300000]  ep= 250  reward(last50)= 812.01  n_per_axis=[34, 28, 37, 28, 30, 34]  total_splits=138
[ 260000/300000]  eval(5)= 905.79 +/- 24.86   n_per_axis=[36, 28, 37, 27, 29, 34]
[ 260000/300000]  ep= 260  reward(last50)= 837.08  n_per_axis=[36, 28, 37, 27, 29, 34]  total_splits=139
[ 270000/300000]  ep= 270  reward(last50)= 846.91  n_per_axis=[36, 28, 37, 27, 29, 34]  total_splits=139
[ 280000/300000]  eval(5)= 887.72 +/- 24.27   n_per_axis=[36, 32, 36, 26, 28, 34]
[ 280000/300000]  ep= 280  reward(last50)= 850.60  n_per_axis=[36, 32, 36, 26, 28, 34]  total_splits=141
[ 290000/300000]  ep= 290  reward(last50)= 853.36  n_per_axis=[36, 32, 36, 26, 28, 34]  total_splits=141
[ 300000/300000]  eval(5)= 721.12 +/- 274.19  n_per_axis=[36, 31, 36, 26, 30, 33]
[ 300000/300000]  ep= 300  reward(last50)= 841.41  n_per_axis=[36, 31, 36, 26, 30, 33]  total_splits=142
Saved BranchingDQN checkpoint to checkpoints/dmcs/walker-walk/robustness/zooming_bp32_seed42.pt

Evaluating (deterministic)...
Eval(10): mean=712.85  std=239.84
Final n_per_axis: [36, 31, 36, 26, 30, 33]  total_cells: 192/192  total_splits: 142
Split history: 84 events, steps 10000 to 296000
