/home/bruinml/anaconda3/envs/highway/lib/python3.11/site-packages/glfw/__init__.py:917: GLFWError: (65550) b'X11: The DISPLAY environment variable is missing'
  warnings.warn(message, GLFWError)
/home/bruinml/anaconda3/envs/highway/lib/python3.11/site-packages/pygame/pkgdata.py:25: UserWarning: pkg_resources is deprecated as an API. See https://setuptools.pypa.io/en/latest/pkg_resources.html. The pkg_resources package is slated for removal as early as 2025-11-30. Refrain from using this package or pin to Setuptools<81.
  from pkg_resources import resource_stream, resource_exists
/home/bruinml/anaconda3/envs/highway/lib/python3.11/site-packages/torch/cuda/__init__.py:180: UserWarning: CUDA initialization: The NVIDIA driver on your system is too old (found version 12080). Please update your GPU driver by downloading and installing a new version from the URL: http://www.nvidia.com/Download/index.aspx Alternatively, go to: https://pytorch.org to install a PyTorch version that has been compiled with your version of the CUDA driver. (Triggered internally at /pytorch/c10/cuda/CUDAFunctions.cpp:119.)
  return torch._C._cuda_getDeviceCount() > 0
Zooming DQN on dm_control/walker-walk  da=6  init_depth=1 (start=12 cells)  n=32 -> total_budget=192  seed=42  steps=300000
[  10000/300000]  ep=  10  reward(last50)=  30.25  n_per_axis=[6, 6, 6, 6, 6, 6]  total_splits=12
[  20000/300000]  eval(5)= 109.64 +/- 44.37   n_per_axis=[24, 24, 24, 24, 24, 24]
[  20000/300000]  ep=  20  reward(last50)=  42.53  n_per_axis=[24, 24, 24, 24, 24, 24]  total_splits=84
[  30000/300000]  ep=  30  reward(last50)=  61.63  n_per_axis=[34, 28, 29, 32, 34, 35]  total_splits=124
[  40000/300000]  eval(5)=  83.75 +/- 25.94   n_per_axis=[36, 30, 30, 28, 34, 34]
[  40000/300000]  ep=  40  reward(last50)=  82.87  n_per_axis=[36, 30, 30, 28, 34, 34]  total_splits=132
[  50000/300000]  ep=  50  reward(last50)= 111.85  n_per_axis=[36, 30, 30, 28, 34, 34]  total_splits=132
[  60000/300000]  eval(5)= 244.30 +/- 96.77   n_per_axis=[36, 30, 30, 27, 34, 34]
[  60000/300000]  ep=  60  reward(last50)= 156.98  n_per_axis=[36, 30, 30, 27, 34, 34]  total_splits=132
[  70000/300000]  ep=  70  reward(last50)= 209.24  n_per_axis=[34, 31, 33, 27, 34, 33]  total_splits=135
[  80000/300000]  eval(5)= 388.76 +/- 20.80   n_per_axis=[34, 30, 34, 28, 33, 33]
[  80000/300000]  ep=  80  reward(last50)= 259.86  n_per_axis=[34, 30, 34, 28, 33, 33]  total_splits=137
[  90000/300000]  ep=  90  reward(last50)= 298.13  n_per_axis=[34, 29, 34, 27, 33, 34]  total_splits=140
[ 100000/300000]  eval(5)= 344.12 +/- 36.85   n_per_axis=[36, 26, 35, 29, 30, 35]
[ 100000/300000]  ep= 100  reward(last50)= 332.25  n_per_axis=[36, 26, 35, 29, 30, 35]  total_splits=146
[ 110000/300000]  ep= 110  reward(last50)= 361.19  n_per_axis=[36, 25, 36, 31, 29, 34]  total_splits=149
[ 120000/300000]  eval(5)= 290.61 +/- 50.87   n_per_axis=[38, 25, 33, 33, 28, 34]
[ 120000/300000]  ep= 120  reward(last50)= 389.60  n_per_axis=[38, 25, 33, 33, 28, 34]  total_splits=151
[ 130000/300000]  ep= 130  reward(last50)= 413.97  n_per_axis=[38, 25, 33, 34, 28, 34]  total_splits=154
[ 140000/300000]  eval(5)= 581.59 +/- 56.41   n_per_axis=[40, 25, 32, 34, 27, 34]
[ 140000/300000]  ep= 140  reward(last50)= 452.53  n_per_axis=[40, 25, 32, 34, 27, 34]  total_splits=155
[ 150000/300000]  ep= 150  reward(last50)= 490.36  n_per_axis=[40, 25, 32, 34, 26, 35]  total_splits=156
[ 160000/300000]  eval(5)= 603.92 +/- 63.23   n_per_axis=[40, 25, 32, 33, 26, 35]
[ 160000/300000]  ep= 160  reward(last50)= 530.74  n_per_axis=[40, 25, 32, 33, 26, 35]  total_splits=156
[ 170000/300000]  ep= 170  reward(last50)= 570.27  n_per_axis=[39, 25, 32, 35, 26, 35]  total_splits=157
[ 180000/300000]  eval(5)= 757.32 +/- 55.94   n_per_axis=[39, 27, 30, 35, 26, 34]
[ 180000/300000]  ep= 180  reward(last50)= 620.23  n_per_axis=[39, 27, 30, 35, 26, 34]  total_splits=158
[ 190000/300000]  ep= 190  reward(last50)= 670.66  n_per_axis=[39, 27, 30, 35, 26, 34]  total_splits=158
[ 200000/300000]  eval(5)= 843.54 +/- 23.37   n_per_axis=[39, 27, 30, 35, 26, 34]
[ 200000/300000]  ep= 200  reward(last50)= 712.87  n_per_axis=[39, 27, 30, 35, 26, 34]  total_splits=158
[ 210000/300000]  ep= 210  reward(last50)= 764.97  n_per_axis=[39, 27, 30, 35, 26, 34]  total_splits=158
[ 220000/300000]  eval(5)= 736.95 +/- 47.15   n_per_axis=[39, 26, 30, 35, 28, 34]
[ 220000/300000]  ep= 220  reward(last50)= 796.61  n_per_axis=[39, 26, 30, 35, 28, 34]  total_splits=159
[ 230000/300000]  ep= 230  reward(last50)= 811.75  n_per_axis=[38, 28, 30, 33, 28, 34]  total_splits=160
[ 240000/300000]  eval(5)= 915.00 +/- 22.41   n_per_axis=[38, 28, 30, 33, 28, 34]
[ 240000/300000]  ep= 240  reward(last50)= 824.12  n_per_axis=[38, 28, 30, 33, 28, 34]  total_splits=160
[ 250000/300000]  ep= 250  reward(last50)= 834.93  n_per_axis=[38, 30, 29, 33, 28, 34]  total_splits=161
[ 260000/300000]  eval(5)= 846.25 +/- 53.86   n_per_axis=[37, 30, 29, 33, 30, 33]
[ 260000/300000]  ep= 260  reward(last50)= 831.87  n_per_axis=[37, 30, 29, 33, 30, 33]  total_splits=162
[ 270000/300000]  ep= 270  reward(last50)= 836.28  n_per_axis=[37, 32, 28, 33, 30, 32]  total_splits=163
[ 280000/300000]  eval(5)= 820.20 +/- 59.11   n_per_axis=[37, 31, 28, 33, 30, 32]
[ 280000/300000]  ep= 280  reward(last50)= 847.09  n_per_axis=[37, 31, 28, 33, 30, 32]  total_splits=163
[ 290000/300000]  ep= 290  reward(last50)= 850.42  n_per_axis=[37, 31, 28, 33, 30, 32]  total_splits=163
[ 300000/300000]  eval(5)= 915.69 +/- 18.30   n_per_axis=[36, 33, 28, 33, 30, 31]
[ 300000/300000]  ep= 300  reward(last50)= 851.74  n_per_axis=[36, 33, 28, 33, 30, 31]  total_splits=164
Saved BranchingDQN checkpoint to checkpoints/dmcs/walker-walk/robustness/zooming_bp8_seed42.pt

Evaluating (deterministic)...
Eval(10): mean=930.95  std=30.43
Final n_per_axis: [36, 33, 28, 33, 30, 31]  total_cells: 191/192  total_splits: 164
Split history: 74 events, steps 10000 to 292000
