/home/bruinml/anaconda3/envs/highway/lib/python3.11/site-packages/glfw/__init__.py:917: GLFWError: (65550) b'X11: The DISPLAY environment variable is missing'
  warnings.warn(message, GLFWError)
/home/bruinml/anaconda3/envs/highway/lib/python3.11/site-packages/pygame/pkgdata.py:25: UserWarning: pkg_resources is deprecated as an API. See https://setuptools.pypa.io/en/latest/pkg_resources.html. The pkg_resources package is slated for removal as early as 2025-11-30. Refrain from using this package or pin to Setuptools<81.
  from pkg_resources import resource_stream, resource_exists
/home/bruinml/anaconda3/envs/highway/lib/python3.11/site-packages/torch/cuda/__init__.py:180: UserWarning: CUDA initialization: The NVIDIA driver on your system is too old (found version 12080). Please update your GPU driver by downloading and installing a new version from the URL: http://www.nvidia.com/Download/index.aspx Alternatively, go to: https://pytorch.org to install a PyTorch version that has been compiled with your version of the CUDA driver. (Triggered internally at /pytorch/c10/cuda/CUDAFunctions.cpp:119.)
  return torch._C._cuda_getDeviceCount() > 0
Zooming DQN on dm_control/walker-walk  da=6  init_depth=2 (start=24 cells)  n=32 -> total_budget=192  seed=44  steps=300000
[  10000/300000]  ep=  10  reward(last50)=  29.33  n_per_axis=[12, 12, 12, 12, 12, 12]  total_splits=24
[  20000/300000]  eval(5)=  43.73 +/- 10.31   n_per_axis=[24, 24, 24, 24, 24, 24]
[  20000/300000]  ep=  20  reward(last50)=  37.17  n_per_axis=[24, 24, 24, 24, 24, 24]  total_splits=72
[  30000/300000]  ep=  30  reward(last50)=  50.39  n_per_axis=[27, 22, 27, 27, 27, 24]  total_splits=81
[  40000/300000]  eval(5)= 106.94 +/- 57.13   n_per_axis=[34, 31, 34, 33, 28, 32]
[  40000/300000]  ep=  40  reward(last50)=  66.25  n_per_axis=[34, 31, 34, 33, 28, 32]  total_splits=112
[  50000/300000]  ep=  50  reward(last50)=  91.89  n_per_axis=[31, 31, 33, 34, 28, 34]  total_splits=116
[  60000/300000]  eval(5)= 259.76 +/- 60.57   n_per_axis=[30, 31, 34, 34, 28, 34]
[  60000/300000]  ep=  60  reward(last50)= 136.09  n_per_axis=[30, 31, 34, 34, 28, 34]  total_splits=119
[  70000/300000]  ep=  70  reward(last50)= 188.44  n_per_axis=[30, 30, 34, 34, 28, 36]  total_splits=120
[  80000/300000]  eval(5)= 372.53 +/- 52.42   n_per_axis=[30, 30, 34, 34, 28, 36]
[  80000/300000]  ep=  80  reward(last50)= 247.43  n_per_axis=[30, 30, 34, 34, 28, 36]  total_splits=120
[  90000/300000]  ep=  90  reward(last50)= 301.65  n_per_axis=[30, 30, 34, 34, 28, 36]  total_splits=120
[ 100000/300000]  eval(5)= 593.33 +/- 181.02  n_per_axis=[29, 30, 34, 34, 28, 36]
[ 100000/300000]  ep= 100  reward(last50)= 361.06  n_per_axis=[29, 30, 34, 34, 28, 36]  total_splits=120
[ 110000/300000]  ep= 110  reward(last50)= 435.38  n_per_axis=[28, 29, 36, 33, 28, 38]  total_splits=122
[ 120000/300000]  eval(5)= 600.65 +/- 60.78   n_per_axis=[30, 29, 36, 31, 27, 38]
[ 120000/300000]  ep= 120  reward(last50)= 512.34  n_per_axis=[30, 29, 36, 31, 27, 38]  total_splits=125
[ 130000/300000]  ep= 130  reward(last50)= 596.01  n_per_axis=[32, 31, 36, 31, 27, 35]  total_splits=127
[ 140000/300000]  eval(5)= 788.69 +/- 88.98   n_per_axis=[34, 29, 35, 33, 27, 34]
[ 140000/300000]  ep= 140  reward(last50)= 672.36  n_per_axis=[34, 29, 35, 33, 27, 34]  total_splits=129
[ 150000/300000]  ep= 150  reward(last50)= 730.06  n_per_axis=[34, 29, 35, 33, 27, 34]  total_splits=129
[ 160000/300000]  eval(5)= 821.25 +/- 28.50   n_per_axis=[34, 28, 35, 33, 27, 34]
[ 160000/300000]  ep= 160  reward(last50)= 778.50  n_per_axis=[34, 28, 35, 33, 27, 34]  total_splits=129
[ 170000/300000]  ep= 170  reward(last50)= 805.90  n_per_axis=[34, 30, 34, 33, 27, 34]  total_splits=130
[ 180000/300000]  eval(5)= 732.58 +/- 206.00  n_per_axis=[35, 30, 34, 33, 26, 33]
[ 180000/300000]  ep= 180  reward(last50)= 800.96  n_per_axis=[35, 30, 34, 33, 26, 33]  total_splits=131
[ 190000/300000]  ep= 190  reward(last50)= 819.14  n_per_axis=[35, 29, 36, 33, 26, 32]  total_splits=132
[ 200000/300000]  eval(5)= 841.45 +/- 40.41   n_per_axis=[35, 31, 36, 32, 25, 32]
[ 200000/300000]  ep= 200  reward(last50)= 796.65  n_per_axis=[35, 31, 36, 32, 25, 32]  total_splits=133
[ 210000/300000]  ep= 210  reward(last50)= 795.77  n_per_axis=[35, 31, 36, 33, 25, 32]  total_splits=134
[ 220000/300000]  eval(5)= 830.57 +/- 25.15   n_per_axis=[34, 31, 36, 33, 25, 32]
[ 220000/300000]  ep= 220  reward(last50)= 798.68  n_per_axis=[34, 31, 36, 33, 25, 32]  total_splits=134
[ 230000/300000]  ep= 230  reward(last50)= 824.79  n_per_axis=[34, 31, 36, 33, 25, 32]  total_splits=134
[ 240000/300000]  eval(5)= 867.66 +/- 37.81   n_per_axis=[36, 31, 35, 32, 25, 32]
[ 240000/300000]  ep= 240  reward(last50)= 814.12  n_per_axis=[36, 31, 35, 32, 25, 32]  total_splits=135
[ 250000/300000]  ep= 250  reward(last50)= 843.15  n_per_axis=[34, 31, 36, 34, 25, 32]  total_splits=137
[ 260000/300000]  eval(5)= 849.59 +/- 31.41   n_per_axis=[34, 31, 36, 34, 25, 32]
[ 260000/300000]  ep= 260  reward(last50)= 845.38  n_per_axis=[34, 31, 36, 34, 25, 32]  total_splits=137
[ 270000/300000]  ep= 270  reward(last50)= 857.88  n_per_axis=[34, 31, 36, 34, 25, 31]  total_splits=137
[ 280000/300000]  eval(5)= 353.80 +/- 174.60  n_per_axis=[33, 32, 36, 34, 27, 30]
[ 280000/300000]  ep= 280  reward(last50)= 853.25  n_per_axis=[33, 32, 36, 34, 27, 30]  total_splits=139
[ 290000/300000]  ep= 290  reward(last50)= 831.54  n_per_axis=[33, 32, 35, 33, 29, 30]  total_splits=140
[ 300000/300000]  eval(5)= 701.45 +/- 345.18  n_per_axis=[33, 32, 35, 33, 29, 29]
[ 300000/300000]  ep= 300  reward(last50)= 836.24  n_per_axis=[33, 32, 35, 33, 29, 29]  total_splits=140
Saved BranchingDQN checkpoint to checkpoints/dmcs/walker-walk/robustness/zooming_id2_seed44.pt

Evaluating (deterministic)...
Eval(10): mean=619.30  std=372.55
Final n_per_axis: [33, 32, 35, 33, 29, 29]  total_cells: 191/192  total_splits: 140
Split history: 67 events, steps 10000 to 288000
