/home/bruinml/anaconda3/envs/highway/lib/python3.11/site-packages/glfw/__init__.py:917: GLFWError: (65550) b'X11: The DISPLAY environment variable is missing'
  warnings.warn(message, GLFWError)
/home/bruinml/anaconda3/envs/highway/lib/python3.11/site-packages/pygame/pkgdata.py:25: UserWarning: pkg_resources is deprecated as an API. See https://setuptools.pypa.io/en/latest/pkg_resources.html. The pkg_resources package is slated for removal as early as 2025-11-30. Refrain from using this package or pin to Setuptools<81.
  from pkg_resources import resource_stream, resource_exists
/home/bruinml/anaconda3/envs/highway/lib/python3.11/site-packages/torch/cuda/__init__.py:180: UserWarning: CUDA initialization: The NVIDIA driver on your system is too old (found version 12080). Please update your GPU driver by downloading and installing a new version from the URL: http://www.nvidia.com/Download/index.aspx Alternatively, go to: https://pytorch.org to install a PyTorch version that has been compiled with your version of the CUDA driver. (Triggered internally at /pytorch/c10/cuda/CUDAFunctions.cpp:119.)
  return torch._C._cuda_getDeviceCount() > 0
Zooming DQN on dm_control/walker-walk  da=6  init_depth=1 (start=12 cells)  n=32 -> total_budget=192  seed=44  steps=300000
[  10000/300000]  ep=  10  reward(last50)=  28.73  n_per_axis=[6, 6, 6, 6, 6, 6]  total_splits=12
[  20000/300000]  eval(5)=  62.50 +/- 22.83   n_per_axis=[17, 17, 18, 18, 17, 17]
[  20000/300000]  ep=  20  reward(last50)=  31.71  n_per_axis=[17, 17, 18, 18, 17, 17]  total_splits=60
[  30000/300000]  ep=  30  reward(last50)=  40.45  n_per_axis=[24, 24, 24, 24, 24, 24]  total_splits=84
[  40000/300000]  eval(5)=  92.47 +/- 34.30   n_per_axis=[24, 24, 24, 27, 24, 24]
[  40000/300000]  ep=  40  reward(last50)=  54.48  n_per_axis=[24, 24, 24, 27, 24, 24]  total_splits=86
[  50000/300000]  ep=  50  reward(last50)=  70.39  n_per_axis=[27, 22, 27, 28, 24, 28]  total_splits=94
[  60000/300000]  eval(5)= 190.80 +/- 85.81   n_per_axis=[32, 27, 32, 29, 37, 34]
[  60000/300000]  ep=  60  reward(last50)= 103.80  n_per_axis=[32, 27, 32, 29, 37, 34]  total_splits=120
[  70000/300000]  ep=  70  reward(last50)= 146.81  n_per_axis=[33, 29, 32, 30, 36, 32]  total_splits=125
[  80000/300000]  eval(5)= 279.82 +/- 82.91   n_per_axis=[30, 29, 31, 33, 34, 34]
[  80000/300000]  ep=  80  reward(last50)= 193.75  n_per_axis=[30, 29, 31, 33, 34, 34]  total_splits=128
[  90000/300000]  ep=  90  reward(last50)= 239.20  n_per_axis=[32, 28, 30, 32, 36, 34]  total_splits=130
[ 100000/300000]  eval(5)= 413.89 +/- 27.14   n_per_axis=[32, 28, 30, 32, 36, 33]
[ 100000/300000]  ep= 100  reward(last50)= 292.74  n_per_axis=[32, 28, 30, 32, 36, 33]  total_splits=130
[ 110000/300000]  ep= 110  reward(last50)= 346.17  n_per_axis=[32, 30, 30, 31, 36, 33]  total_splits=131
[ 120000/300000]  eval(5)= 489.02 +/- 201.79  n_per_axis=[32, 30, 30, 31, 36, 33]
[ 120000/300000]  ep= 120  reward(last50)= 393.53  n_per_axis=[32, 30, 30, 31, 36, 33]  total_splits=131
[ 130000/300000]  ep= 130  reward(last50)= 440.44  n_per_axis=[32, 30, 30, 31, 36, 32]  total_splits=131
[ 140000/300000]  eval(5)= 662.64 +/- 29.76   n_per_axis=[32, 30, 30, 31, 36, 32]
[ 140000/300000]  ep= 140  reward(last50)= 488.07  n_per_axis=[32, 30, 30, 31, 36, 32]  total_splits=131
[ 150000/300000]  ep= 150  reward(last50)= 535.70  n_per_axis=[32, 30, 32, 30, 36, 32]  total_splits=132
[ 160000/300000]  eval(5)= 693.71 +/- 61.88   n_per_axis=[32, 30, 32, 29, 36, 32]
[ 160000/300000]  ep= 160  reward(last50)= 561.33  n_per_axis=[32, 30, 32, 29, 36, 32]  total_splits=132
[ 170000/300000]  ep= 170  reward(last50)= 603.05  n_per_axis=[32, 30, 34, 28, 36, 32]  total_splits=133
[ 180000/300000]  eval(5)= 758.47 +/- 58.82   n_per_axis=[31, 30, 34, 28, 37, 32]
[ 180000/300000]  ep= 180  reward(last50)= 637.60  n_per_axis=[31, 30, 34, 28, 37, 32]  total_splits=134
[ 190000/300000]  ep= 190  reward(last50)= 683.73  n_per_axis=[31, 30, 34, 28, 37, 32]  total_splits=134
[ 200000/300000]  eval(5)= 697.90 +/- 37.42   n_per_axis=[31, 28, 34, 28, 39, 32]
[ 200000/300000]  ep= 200  reward(last50)= 711.81  n_per_axis=[31, 28, 34, 28, 39, 32]  total_splits=135
[ 210000/300000]  ep= 210  reward(last50)= 757.61  n_per_axis=[31, 28, 34, 28, 39, 32]  total_splits=135
[ 220000/300000]  eval(5)= 793.92 +/- 48.64   n_per_axis=[31, 28, 34, 28, 39, 32]
[ 220000/300000]  ep= 220  reward(last50)= 790.91  n_per_axis=[31, 28, 34, 28, 39, 32]  total_splits=135
[ 230000/300000]  ep= 230  reward(last50)= 828.25  n_per_axis=[31, 28, 34, 28, 39, 32]  total_splits=135
[ 240000/300000]  eval(5)= 893.31 +/- 26.64   n_per_axis=[31, 28, 34, 28, 39, 32]
[ 240000/300000]  ep= 240  reward(last50)= 846.16  n_per_axis=[31, 28, 34, 28, 39, 32]  total_splits=135
[ 250000/300000]  ep= 250  reward(last50)= 866.61  n_per_axis=[31, 28, 34, 28, 39, 32]  total_splits=135
[ 260000/300000]  eval(5)= 603.06 +/- 294.40  n_per_axis=[30, 27, 34, 28, 39, 33]
[ 260000/300000]  ep= 260  reward(last50)= 857.97  n_per_axis=[30, 27, 34, 28, 39, 33]  total_splits=136
[ 270000/300000]  ep= 270  reward(last50)= 862.20  n_per_axis=[30, 27, 36, 28, 39, 32]  total_splits=137
[ 280000/300000]  eval(5)= 726.56 +/- 56.37   n_per_axis=[29, 27, 36, 28, 39, 32]
[ 280000/300000]  ep= 280  reward(last50)= 856.75  n_per_axis=[29, 27, 36, 28, 39, 32]  total_splits=137
[ 290000/300000]  ep= 290  reward(last50)= 832.80  n_per_axis=[30, 27, 37, 28, 38, 32]  total_splits=139
[ 300000/300000]  eval(5)= 868.36 +/- 49.76   n_per_axis=[29, 27, 37, 28, 38, 32]
[ 300000/300000]  ep= 300  reward(last50)= 835.22  n_per_axis=[29, 27, 37, 28, 38, 32]  total_splits=139
Saved BranchingDQN checkpoint to checkpoints/dmcs/walker-walk/robustness/zooming_bp32_seed44.pt

Evaluating (deterministic)...
Eval(10): mean=906.56  std=26.17
Final n_per_axis: [29, 27, 37, 28, 38, 32]  total_cells: 191/192  total_splits: 139
Split history: 78 events, steps 10000 to 284000
