/home/bruinml/anaconda3/envs/highway/lib/python3.11/site-packages/glfw/__init__.py:917: GLFWError: (65550) b'X11: The DISPLAY environment variable is missing'
  warnings.warn(message, GLFWError)
/home/bruinml/anaconda3/envs/highway/lib/python3.11/site-packages/pygame/pkgdata.py:25: UserWarning: pkg_resources is deprecated as an API. See https://setuptools.pypa.io/en/latest/pkg_resources.html. The pkg_resources package is slated for removal as early as 2025-11-30. Refrain from using this package or pin to Setuptools<81.
  from pkg_resources import resource_stream, resource_exists
/home/bruinml/anaconda3/envs/highway/lib/python3.11/site-packages/torch/cuda/__init__.py:180: UserWarning: CUDA initialization: The NVIDIA driver on your system is too old (found version 12080). Please update your GPU driver by downloading and installing a new version from the URL: http://www.nvidia.com/Download/index.aspx Alternatively, go to: https://pytorch.org to install a PyTorch version that has been compiled with your version of the CUDA driver. (Triggered internally at /pytorch/c10/cuda/CUDAFunctions.cpp:119.)
  return torch._C._cuda_getDeviceCount() > 0
Zooming DQN on dm_control/cheetah-run  da=6  init_depth=1 (start=12 cells)  n=32 -> total_budget=192  seed=44  steps=500000
[  10000/500000]  ep=  10  reward(last50)=   0.32  n_per_axis=[6, 6, 6, 6, 6, 6]  total_splits=12
[  20000/500000]  eval(5)=  66.76 +/- 13.14   n_per_axis=[24, 24, 24, 24, 24, 24]
[  20000/500000]  ep=  20  reward(last50)=  22.78  n_per_axis=[24, 24, 24, 24, 24, 24]  total_splits=84
[  30000/500000]  ep=  30  reward(last50)=  42.83  n_per_axis=[30, 31, 36, 26, 33, 35]  total_splits=128
[  40000/500000]  eval(5)=  67.98 +/- 36.23   n_per_axis=[30, 30, 37, 28, 33, 34]
[  40000/500000]  ep=  40  reward(last50)=  50.01  n_per_axis=[30, 30, 37, 28, 33, 34]  total_splits=131
[  50000/500000]  ep=  50  reward(last50)=  58.75  n_per_axis=[30, 30, 38, 28, 32, 34]  total_splits=132
[  60000/500000]  eval(5)= 137.44 +/- 32.43   n_per_axis=[31, 30, 38, 28, 31, 34]
[  60000/500000]  ep=  60  reward(last50)=  88.33  n_per_axis=[31, 30, 38, 28, 31, 34]  total_splits=133
[  70000/500000]  ep=  70  reward(last50)= 116.58  n_per_axis=[30, 29, 38, 29, 31, 34]  total_splits=134
[  80000/500000]  eval(5)= 114.36 +/- 46.73   n_per_axis=[29, 28, 36, 30, 29, 40]
[  80000/500000]  ep=  80  reward(last50)= 134.03  n_per_axis=[29, 28, 36, 30, 29, 40]  total_splits=138
[  90000/500000]  ep=  90  reward(last50)= 156.36  n_per_axis=[29, 29, 35, 30, 31, 38]  total_splits=140
[ 100000/500000]  eval(5)= 244.12 +/- 27.95   n_per_axis=[32, 31, 32, 30, 30, 37]
[ 100000/500000]  ep= 100  reward(last50)= 172.21  n_per_axis=[32, 31, 32, 30, 30, 37]  total_splits=144
[ 110000/500000]  ep= 110  reward(last50)= 183.59  n_per_axis=[34, 30, 32, 31, 29, 35]  total_splits=146
[ 120000/500000]  eval(5)= 235.92 +/- 66.61   n_per_axis=[34, 29, 32, 32, 29, 35]
[ 120000/500000]  ep= 120  reward(last50)= 187.67  n_per_axis=[34, 29, 32, 32, 29, 35]  total_splits=147
[ 130000/500000]  ep= 130  reward(last50)= 206.17  n_per_axis=[36, 28, 31, 31, 31, 35]  total_splits=149
[ 140000/500000]  eval(5)= 184.97 +/- 81.94   n_per_axis=[38, 28, 30, 31, 30, 34]
[ 140000/500000]  ep= 140  reward(last50)= 207.31  n_per_axis=[38, 28, 30, 31, 30, 34]  total_splits=150
[ 150000/500000]  ep= 150  reward(last50)= 221.43  n_per_axis=[38, 28, 29, 30, 33, 34]  total_splits=153
[ 160000/500000]  eval(5)= 312.86 +/- 29.92   n_per_axis=[38, 27, 29, 32, 33, 33]
[ 160000/500000]  ep= 160  reward(last50)= 227.47  n_per_axis=[38, 27, 29, 32, 33, 33]  total_splits=154
[ 170000/500000]  ep= 170  reward(last50)= 242.98  n_per_axis=[37, 27, 29, 33, 32, 33]  total_splits=155
[ 180000/500000]  eval(5)= 317.88 +/- 38.32   n_per_axis=[37, 28, 29, 32, 32, 33]
[ 180000/500000]  ep= 180  reward(last50)= 241.83  n_per_axis=[37, 28, 29, 32, 32, 33]  total_splits=156
[ 190000/500000]  ep= 190  reward(last50)= 253.25  n_per_axis=[36, 30, 27, 34, 32, 33]  total_splits=158
[ 200000/500000]  eval(5)= 379.89 +/- 22.21   n_per_axis=[36, 29, 27, 34, 32, 33]
[ 200000/500000]  ep= 200  reward(last50)= 257.94  n_per_axis=[36, 29, 27, 34, 32, 33]  total_splits=158
[ 210000/500000]  ep= 210  reward(last50)= 269.60  n_per_axis=[35, 31, 27, 34, 34, 31]  total_splits=160
[ 220000/500000]  eval(5)= 311.79 +/- 53.88   n_per_axis=[35, 31, 27, 34, 34, 30]
[ 220000/500000]  ep= 220  reward(last50)= 281.32  n_per_axis=[35, 31, 27, 34, 34, 30]  total_splits=160
[ 230000/500000]  ep= 230  reward(last50)= 289.43  n_per_axis=[35, 33, 27, 34, 34, 29]  total_splits=161
[ 240000/500000]  eval(5)= 315.73 +/- 94.27   n_per_axis=[35, 33, 27, 34, 34, 29]
[ 240000/500000]  ep= 240  reward(last50)= 311.05  n_per_axis=[35, 33, 27, 34, 34, 29]  total_splits=161
[ 250000/500000]  ep= 250  reward(last50)= 325.46  n_per_axis=[35, 33, 27, 34, 34, 29]  total_splits=161
[ 260000/500000]  eval(5)= 349.87 +/- 8.99    n_per_axis=[35, 33, 27, 34, 34, 29]
[ 260000/500000]  ep= 260  reward(last50)= 343.82  n_per_axis=[35, 33, 27, 34, 34, 29]  total_splits=161
[ 270000/500000]  ep= 270  reward(last50)= 339.06  n_per_axis=[35, 33, 27, 33, 34, 29]  total_splits=161
[ 280000/500000]  eval(5)= 382.56 +/- 23.58   n_per_axis=[35, 33, 27, 33, 34, 29]
[ 280000/500000]  ep= 280  reward(last50)= 348.73  n_per_axis=[35, 33, 27, 33, 34, 29]  total_splits=161
[ 290000/500000]  ep= 290  reward(last50)= 353.89  n_per_axis=[36, 33, 27, 33, 34, 29]  total_splits=162
[ 300000/500000]  eval(5)= 386.84 +/- 62.43   n_per_axis=[36, 33, 27, 33, 34, 29]
[ 300000/500000]  ep= 300  reward(last50)= 362.59  n_per_axis=[36, 33, 27, 33, 34, 29]  total_splits=162
[ 310000/500000]  ep= 310  reward(last50)= 371.04  n_per_axis=[36, 33, 27, 33, 34, 29]  total_splits=162
[ 320000/500000]  eval(5)= 386.95 +/- 83.79   n_per_axis=[37, 32, 27, 33, 34, 29]
[ 320000/500000]  ep= 320  reward(last50)= 383.92  n_per_axis=[37, 32, 27, 33, 34, 29]  total_splits=163
[ 330000/500000]  ep= 330  reward(last50)= 387.82  n_per_axis=[37, 32, 27, 33, 34, 29]  total_splits=163
[ 340000/500000]  eval(5)= 440.76 +/- 14.18   n_per_axis=[37, 32, 27, 33, 33, 29]
[ 340000/500000]  ep= 340  reward(last50)= 389.60  n_per_axis=[37, 32, 27, 33, 33, 29]  total_splits=163
[ 350000/500000]  ep= 350  reward(last50)= 388.31  n_per_axis=[37, 32, 27, 33, 33, 29]  total_splits=163
[ 360000/500000]  eval(5)= 440.38 +/- 5.24    n_per_axis=[37, 32, 27, 33, 33, 29]
[ 360000/500000]  ep= 360  reward(last50)= 386.51  n_per_axis=[37, 32, 27, 33, 33, 29]  total_splits=163
[ 370000/500000]  ep= 370  reward(last50)= 397.05  n_per_axis=[36, 32, 29, 33, 32, 29]  total_splits=164
[ 380000/500000]  eval(5)= 408.31 +/- 170.48  n_per_axis=[36, 32, 29, 33, 32, 29]
[ 380000/500000]  ep= 380  reward(last50)= 416.41  n_per_axis=[36, 32, 29, 33, 32, 29]  total_splits=164
[ 390000/500000]  ep= 390  reward(last50)= 409.07  n_per_axis=[36, 32, 29, 33, 32, 29]  total_splits=164
[ 400000/500000]  eval(5)= 538.27 +/- 6.14    n_per_axis=[36, 32, 29, 33, 32, 29]
[ 400000/500000]  ep= 400  reward(last50)= 413.05  n_per_axis=[36, 32, 29, 33, 32, 29]  total_splits=164
[ 410000/500000]  ep= 410  reward(last50)= 423.51  n_per_axis=[36, 32, 29, 33, 32, 29]  total_splits=164
[ 420000/500000]  eval(5)= 244.27 +/- 129.55  n_per_axis=[35, 32, 29, 33, 31, 31]
[ 420000/500000]  ep= 420  reward(last50)= 416.26  n_per_axis=[35, 32, 29, 33, 31, 31]  total_splits=165
[ 430000/500000]  ep= 430  reward(last50)= 409.18  n_per_axis=[35, 32, 31, 32, 31, 31]  total_splits=166
[ 440000/500000]  eval(5)= 491.21 +/- 16.31   n_per_axis=[35, 32, 31, 32, 31, 31]
[ 440000/500000]  ep= 440  reward(last50)= 430.99  n_per_axis=[35, 32, 31, 32, 31, 31]  total_splits=166
[ 450000/500000]  ep= 450  reward(last50)= 419.99  n_per_axis=[35, 32, 31, 31, 31, 31]  total_splits=166
[ 460000/500000]  eval(5)= 516.04 +/- 9.42    n_per_axis=[35, 32, 31, 31, 31, 31]
[ 460000/500000]  ep= 460  reward(last50)= 406.14  n_per_axis=[35, 32, 31, 31, 31, 31]  total_splits=166
[ 470000/500000]  ep= 470  reward(last50)= 403.40  n_per_axis=[37, 31, 31, 31, 31, 31]  total_splits=167
[ 480000/500000]  eval(5)= 486.97 +/- 96.86   n_per_axis=[36, 31, 31, 31, 31, 31]
[ 480000/500000]  ep= 480  reward(last50)= 405.57  n_per_axis=[36, 31, 31, 31, 31, 31]  total_splits=167
[ 490000/500000]  ep= 490  reward(last50)= 384.97  n_per_axis=[36, 31, 31, 31, 31, 31]  total_splits=167
[ 500000/500000]  eval(5)= 202.49 +/- 68.73   n_per_axis=[36, 31, 31, 31, 31, 31]
[ 500000/500000]  ep= 500  reward(last50)= 376.01  n_per_axis=[36, 31, 31, 31, 31, 31]  total_splits=167
Saved BranchingDQN checkpoint to checkpoints/dmcs/cheetah-run/robustness/zooming_bp8_seed44.pt

Evaluating (deterministic)...
Eval(10): mean=269.77  std=89.02
Final n_per_axis: [36, 31, 31, 31, 31, 31]  total_cells: 191/192  total_splits: 167
Split history: 74 events, steps 10000 to 468000
