/home/bruinml/anaconda3/envs/highway/lib/python3.11/site-packages/glfw/__init__.py:917: GLFWError: (65550) b'X11: The DISPLAY environment variable is missing'
  warnings.warn(message, GLFWError)
/home/bruinml/anaconda3/envs/highway/lib/python3.11/site-packages/pygame/pkgdata.py:25: UserWarning: pkg_resources is deprecated as an API. See https://setuptools.pypa.io/en/latest/pkg_resources.html. The pkg_resources package is slated for removal as early as 2025-11-30. Refrain from using this package or pin to Setuptools<81.
  from pkg_resources import resource_stream, resource_exists
/home/bruinml/anaconda3/envs/highway/lib/python3.11/site-packages/torch/cuda/__init__.py:180: UserWarning: CUDA initialization: The NVIDIA driver on your system is too old (found version 12080). Please update your GPU driver by downloading and installing a new version from the URL: http://www.nvidia.com/Download/index.aspx Alternatively, go to: https://pytorch.org to install a PyTorch version that has been compiled with your version of the CUDA driver. (Triggered internally at /pytorch/c10/cuda/CUDAFunctions.cpp:119.)
  return torch._C._cuda_getDeviceCount() > 0
Zooming DQN on dm_control/cheetah-run  da=6  init_depth=1 (start=12 cells)  n=32 -> total_budget=192  seed=43  steps=500000
[  10000/500000]  ep=  10  reward(last50)=   1.68  n_per_axis=[6, 6, 6, 6, 6, 6]  total_splits=12
[  20000/500000]  eval(5)=  36.30 +/- 2.86    n_per_axis=[23, 24, 24, 24, 24, 24]
[  20000/500000]  ep=  20  reward(last50)=  12.92  n_per_axis=[23, 24, 24, 24, 24, 24]  total_splits=84
[  30000/500000]  ep=  30  reward(last50)=  32.71  n_per_axis=[33, 32, 31, 33, 30, 33]  total_splits=125
[  40000/500000]  eval(5)= 132.11 +/- 23.30   n_per_axis=[33, 34, 30, 34, 30, 30]
[  40000/500000]  ep=  40  reward(last50)=  51.70  n_per_axis=[33, 34, 30, 34, 30, 30]  total_splits=131
[  50000/500000]  ep=  50  reward(last50)=  65.08  n_per_axis=[33, 34, 30, 34, 30, 30]  total_splits=131
[  60000/500000]  eval(5)=  98.61 +/- 42.48   n_per_axis=[32, 34, 30, 34, 29, 32]
[  60000/500000]  ep=  60  reward(last50)=  86.13  n_per_axis=[32, 34, 30, 34, 29, 32]  total_splits=132
[  70000/500000]  ep=  70  reward(last50)= 107.57  n_per_axis=[30, 36, 31, 34, 28, 32]  total_splits=134
[  80000/500000]  eval(5)= 182.15 +/- 31.46   n_per_axis=[30, 34, 31, 32, 27, 37]
[  80000/500000]  ep=  80  reward(last50)= 123.45  n_per_axis=[30, 34, 31, 32, 27, 37]  total_splits=137
[  90000/500000]  ep=  90  reward(last50)= 133.95  n_per_axis=[28, 35, 35, 32, 27, 35]  total_splits=141
[ 100000/500000]  eval(5)= 260.26 +/- 30.00   n_per_axis=[28, 34, 35, 32, 27, 35]
[ 100000/500000]  ep= 100  reward(last50)= 145.53  n_per_axis=[28, 34, 35, 32, 27, 35]  total_splits=143
[ 110000/500000]  ep= 110  reward(last50)= 173.19  n_per_axis=[30, 35, 33, 32, 27, 34]  total_splits=145
[ 120000/500000]  eval(5)= 194.53 +/- 102.28  n_per_axis=[35, 34, 33, 29, 29, 32]
[ 120000/500000]  ep= 120  reward(last50)= 193.54  n_per_axis=[35, 34, 33, 29, 29, 32]  total_splits=149
[ 130000/500000]  ep= 130  reward(last50)= 201.35  n_per_axis=[33, 34, 33, 28, 31, 33]  total_splits=151
[ 140000/500000]  eval(5)= 221.16 +/- 75.38   n_per_axis=[33, 33, 32, 30, 30, 33]
[ 140000/500000]  ep= 140  reward(last50)= 221.68  n_per_axis=[33, 33, 32, 30, 30, 33]  total_splits=152
[ 150000/500000]  ep= 150  reward(last50)= 246.11  n_per_axis=[33, 31, 32, 32, 32, 32]  total_splits=154
[ 160000/500000]  eval(5)= 211.62 +/- 122.02  n_per_axis=[32, 31, 30, 32, 32, 34]
[ 160000/500000]  ep= 160  reward(last50)= 253.76  n_per_axis=[32, 31, 30, 32, 32, 34]  total_splits=155
[ 170000/500000]  ep= 170  reward(last50)= 271.13  n_per_axis=[32, 30, 30, 32, 33, 34]  total_splits=156
[ 180000/500000]  eval(5)= 289.67 +/- 177.30  n_per_axis=[32, 29, 34, 31, 33, 33]
[ 180000/500000]  ep= 180  reward(last50)= 293.75  n_per_axis=[32, 29, 34, 31, 33, 33]  total_splits=158
[ 190000/500000]  ep= 190  reward(last50)= 309.91  n_per_axis=[32, 29, 34, 31, 33, 33]  total_splits=158
[ 200000/500000]  eval(5)= 406.95 +/- 36.46   n_per_axis=[32, 29, 33, 31, 33, 33]
[ 200000/500000]  ep= 200  reward(last50)= 312.19  n_per_axis=[32, 29, 33, 31, 33, 33]  total_splits=158
[ 210000/500000]  ep= 210  reward(last50)= 333.37  n_per_axis=[32, 29, 33, 33, 33, 32]  total_splits=159
[ 220000/500000]  eval(5)= 314.99 +/- 79.26   n_per_axis=[32, 28, 33, 33, 35, 31]
[ 220000/500000]  ep= 220  reward(last50)= 340.93  n_per_axis=[32, 28, 33, 33, 35, 31]  total_splits=160
[ 230000/500000]  ep= 230  reward(last50)= 352.28  n_per_axis=[32, 28, 33, 33, 35, 31]  total_splits=160
[ 240000/500000]  eval(5)= 364.69 +/- 33.46   n_per_axis=[32, 28, 33, 32, 36, 30]
[ 240000/500000]  ep= 240  reward(last50)= 352.99  n_per_axis=[32, 28, 33, 32, 36, 30]  total_splits=161
[ 250000/500000]  ep= 250  reward(last50)= 369.39  n_per_axis=[32, 28, 33, 32, 36, 30]  total_splits=161
[ 260000/500000]  eval(5)= 484.06 +/- 28.18   n_per_axis=[32, 28, 33, 32, 36, 30]
[ 260000/500000]  ep= 260  reward(last50)= 375.44  n_per_axis=[32, 28, 33, 32, 36, 30]  total_splits=161
[ 270000/500000]  ep= 270  reward(last50)= 386.17  n_per_axis=[33, 28, 33, 32, 35, 30]  total_splits=162
[ 280000/500000]  eval(5)= 339.35 +/- 95.73   n_per_axis=[33, 28, 33, 32, 35, 30]
[ 280000/500000]  ep= 280  reward(last50)= 376.52  n_per_axis=[33, 28, 33, 32, 35, 30]  total_splits=162
[ 290000/500000]  ep= 290  reward(last50)= 391.81  n_per_axis=[33, 28, 33, 32, 35, 30]  total_splits=162
[ 300000/500000]  eval(5)= 402.03 +/- 122.29  n_per_axis=[34, 28, 33, 32, 35, 29]
[ 300000/500000]  ep= 300  reward(last50)= 382.38  n_per_axis=[34, 28, 33, 32, 35, 29]  total_splits=163
[ 310000/500000]  ep= 310  reward(last50)= 376.89  n_per_axis=[34, 28, 33, 32, 35, 29]  total_splits=163
[ 320000/500000]  eval(5)= 359.17 +/- 109.91  n_per_axis=[36, 28, 32, 32, 35, 29]
[ 320000/500000]  ep= 320  reward(last50)= 364.56  n_per_axis=[36, 28, 32, 32, 35, 29]  total_splits=164
[ 330000/500000]  ep= 330  reward(last50)= 377.41  n_per_axis=[35, 28, 32, 32, 35, 29]  total_splits=164
[ 340000/500000]  eval(5)= 259.05 +/- 146.10  n_per_axis=[35, 30, 32, 32, 34, 29]
[ 340000/500000]  ep= 340  reward(last50)= 382.77  n_per_axis=[35, 30, 32, 32, 34, 29]  total_splits=165
[ 350000/500000]  ep= 350  reward(last50)= 382.15  n_per_axis=[35, 30, 32, 32, 34, 29]  total_splits=165
[ 360000/500000]  eval(5)= 422.88 +/- 118.80  n_per_axis=[35, 30, 32, 32, 34, 29]
[ 360000/500000]  ep= 360  reward(last50)= 387.09  n_per_axis=[35, 30, 32, 32, 34, 29]  total_splits=165
[ 370000/500000]  ep= 370  reward(last50)= 395.37  n_per_axis=[35, 30, 32, 32, 34, 29]  total_splits=165
[ 380000/500000]  eval(5)= 398.86 +/- 96.58   n_per_axis=[35, 30, 32, 32, 34, 29]
[ 380000/500000]  ep= 380  reward(last50)= 410.88  n_per_axis=[35, 30, 32, 32, 34, 29]  total_splits=165
[ 390000/500000]  ep= 390  reward(last50)= 401.05  n_per_axis=[35, 30, 32, 32, 34, 29]  total_splits=165
[ 400000/500000]  eval(5)= 552.60 +/- 19.28   n_per_axis=[35, 30, 32, 32, 34, 29]
[ 400000/500000]  ep= 400  reward(last50)= 413.65  n_per_axis=[35, 30, 32, 32, 34, 29]  total_splits=165
[ 410000/500000]  ep= 410  reward(last50)= 403.01  n_per_axis=[34, 30, 32, 32, 34, 29]  total_splits=165
[ 420000/500000]  eval(5)= 429.54 +/- 155.00  n_per_axis=[34, 30, 32, 32, 34, 29]
[ 420000/500000]  ep= 420  reward(last50)= 397.25  n_per_axis=[34, 30, 32, 32, 34, 29]  total_splits=165
[ 430000/500000]  ep= 430  reward(last50)= 377.25  n_per_axis=[34, 30, 33, 32, 33, 29]  total_splits=166
[ 440000/500000]  eval(5)= 406.91 +/- 95.79   n_per_axis=[34, 30, 33, 32, 33, 29]
[ 440000/500000]  ep= 440  reward(last50)= 368.87  n_per_axis=[34, 30, 33, 32, 33, 29]  total_splits=166
[ 450000/500000]  ep= 450  reward(last50)= 368.50  n_per_axis=[34, 30, 33, 32, 33, 29]  total_splits=166
[ 460000/500000]  eval(5)= 410.79 +/- 26.60   n_per_axis=[34, 30, 33, 32, 33, 29]
[ 460000/500000]  ep= 460  reward(last50)= 366.01  n_per_axis=[34, 30, 33, 32, 33, 29]  total_splits=166
[ 470000/500000]  ep= 470  reward(last50)= 362.15  n_per_axis=[34, 30, 33, 32, 33, 29]  total_splits=166
[ 480000/500000]  eval(5)= 269.77 +/- 130.60  n_per_axis=[34, 30, 33, 32, 33, 29]
[ 480000/500000]  ep= 480  reward(last50)= 383.73  n_per_axis=[34, 30, 33, 32, 33, 29]  total_splits=166
[ 490000/500000]  ep= 490  reward(last50)= 386.32  n_per_axis=[36, 30, 33, 31, 33, 29]  total_splits=167
[ 500000/500000]  eval(5)= 398.49 +/- 104.37  n_per_axis=[36, 30, 33, 31, 32, 29]
[ 500000/500000]  ep= 500  reward(last50)= 390.38  n_per_axis=[36, 30, 33, 31, 32, 29]  total_splits=167
Saved BranchingDQN checkpoint to checkpoints/dmcs/cheetah-run/robustness/zooming_bp8_seed43.pt

Evaluating (deterministic)...
Eval(10): mean=409.26  std=145.94
Final n_per_axis: [36, 30, 33, 31, 32, 29]  total_cells: 191/192  total_splits: 167
Split history: 75 events, steps 10000 to 482000
