/home/bruinml/anaconda3/envs/highway/lib/python3.11/site-packages/glfw/__init__.py:917: GLFWError: (65550) b'X11: The DISPLAY environment variable is missing'
  warnings.warn(message, GLFWError)
/home/bruinml/anaconda3/envs/highway/lib/python3.11/site-packages/pygame/pkgdata.py:25: UserWarning: pkg_resources is deprecated as an API. See https://setuptools.pypa.io/en/latest/pkg_resources.html. The pkg_resources package is slated for removal as early as 2025-11-30. Refrain from using this package or pin to Setuptools<81.
  from pkg_resources import resource_stream, resource_exists
/home/bruinml/anaconda3/envs/highway/lib/python3.11/site-packages/torch/cuda/__init__.py:180: UserWarning: CUDA initialization: The NVIDIA driver on your system is too old (found version 12080). Please update your GPU driver by downloading and installing a new version from the URL: http://www.nvidia.com/Download/index.aspx Alternatively, go to: https://pytorch.org to install a PyTorch version that has been compiled with your version of the CUDA driver. (Triggered internally at /pytorch/c10/cuda/CUDAFunctions.cpp:119.)
  return torch._C._cuda_getDeviceCount() > 0
Zooming DQN on dm_control/cheetah-run  da=6  init_depth=1 (start=12 cells)  n=32 -> total_budget=192  seed=42  steps=500000
[  10000/500000]  ep=  10  reward(last50)=   2.42  n_per_axis=[6, 6, 6, 6, 6, 6]  total_splits=12
[  20000/500000]  eval(5)=  74.13 +/- 13.18   n_per_axis=[24, 24, 24, 24, 24, 24]
[  20000/500000]  ep=  20  reward(last50)=  20.12  n_per_axis=[24, 24, 24, 24, 24, 24]  total_splits=84
[  30000/500000]  ep=  30  reward(last50)=  44.13  n_per_axis=[31, 42, 31, 28, 26, 33]  total_splits=126
[  40000/500000]  eval(5)=  98.67 +/- 20.71   n_per_axis=[30, 40, 32, 26, 30, 34]
[  40000/500000]  ep=  40  reward(last50)=  54.97  n_per_axis=[30, 40, 32, 26, 30, 34]  total_splits=132
[  50000/500000]  ep=  50  reward(last50)=  65.28  n_per_axis=[30, 40, 32, 26, 30, 34]  total_splits=132
[  60000/500000]  eval(5)= 130.91 +/- 68.24   n_per_axis=[30, 40, 32, 26, 30, 34]
[  60000/500000]  ep=  60  reward(last50)=  95.83  n_per_axis=[30, 40, 32, 26, 30, 34]  total_splits=132
[  70000/500000]  ep=  70  reward(last50)= 120.83  n_per_axis=[31, 40, 32, 25, 30, 34]  total_splits=133
[  80000/500000]  eval(5)= 148.36 +/- 84.45   n_per_axis=[29, 39, 30, 26, 30, 37]
[  80000/500000]  ep=  80  reward(last50)= 134.93  n_per_axis=[29, 39, 30, 26, 30, 37]  total_splits=137
[  90000/500000]  ep=  90  reward(last50)= 142.59  n_per_axis=[29, 39, 30, 24, 31, 39]  total_splits=140
[ 100000/500000]  eval(5)= 215.21 +/- 48.28   n_per_axis=[29, 41, 30, 26, 30, 36]
[ 100000/500000]  ep= 100  reward(last50)= 161.56  n_per_axis=[29, 41, 30, 26, 30, 36]  total_splits=143
[ 110000/500000]  ep= 110  reward(last50)= 173.05  n_per_axis=[29, 39, 31, 26, 32, 34]  total_splits=146
[ 120000/500000]  eval(5)= 264.84 +/- 35.02   n_per_axis=[28, 37, 32, 28, 32, 34]
[ 120000/500000]  ep= 120  reward(last50)= 186.85  n_per_axis=[28, 37, 32, 28, 32, 34]  total_splits=148
[ 130000/500000]  ep= 130  reward(last50)= 207.73  n_per_axis=[27, 38, 32, 28, 31, 35]  total_splits=150
[ 140000/500000]  eval(5)= 267.20 +/- 47.25   n_per_axis=[27, 37, 32, 29, 32, 35]
[ 140000/500000]  ep= 140  reward(last50)= 238.63  n_per_axis=[27, 37, 32, 29, 32, 35]  total_splits=152
[ 150000/500000]  ep= 150  reward(last50)= 253.53  n_per_axis=[26, 36, 33, 29, 34, 33]  total_splits=154
[ 160000/500000]  eval(5)= 357.81 +/- 37.84   n_per_axis=[28, 36, 33, 28, 33, 33]
[ 160000/500000]  ep= 160  reward(last50)= 259.88  n_per_axis=[28, 36, 33, 28, 33, 33]  total_splits=155
[ 170000/500000]  ep= 170  reward(last50)= 278.61  n_per_axis=[28, 36, 33, 28, 33, 33]  total_splits=155
[ 180000/500000]  eval(5)= 204.67 +/- 19.41   n_per_axis=[30, 36, 32, 28, 33, 33]
[ 180000/500000]  ep= 180  reward(last50)= 305.87  n_per_axis=[30, 36, 32, 28, 33, 33]  total_splits=156
[ 190000/500000]  ep= 190  reward(last50)= 321.17  n_per_axis=[30, 35, 32, 28, 33, 33]  total_splits=156
[ 200000/500000]  eval(5)= 286.46 +/- 99.98   n_per_axis=[30, 35, 32, 27, 35, 32]
[ 200000/500000]  ep= 200  reward(last50)= 323.92  n_per_axis=[30, 35, 32, 27, 35, 32]  total_splits=157
[ 210000/500000]  ep= 210  reward(last50)= 345.16  n_per_axis=[30, 34, 32, 28, 36, 31]  total_splits=159
[ 220000/500000]  eval(5)= 409.72 +/- 27.02   n_per_axis=[32, 34, 31, 28, 36, 31]
[ 220000/500000]  ep= 220  reward(last50)= 346.12  n_per_axis=[32, 34, 31, 28, 36, 31]  total_splits=160
[ 230000/500000]  ep= 230  reward(last50)= 305.00  n_per_axis=[32, 36, 30, 28, 35, 31]  total_splits=161
[ 240000/500000]  eval(5)=  48.04 +/- 17.96   n_per_axis=[32, 36, 30, 28, 34, 31]
[ 240000/500000]  ep= 240  reward(last50)= 249.59  n_per_axis=[32, 36, 30, 28, 34, 31]  total_splits=161
[ 250000/500000]  ep= 250  reward(last50)= 211.93  n_per_axis=[32, 36, 30, 30, 33, 30]  total_splits=162
[ 260000/500000]  eval(5)=  43.40 +/- 4.29    n_per_axis=[32, 36, 30, 30, 33, 30]
[ 260000/500000]  ep= 260  reward(last50)= 148.08  n_per_axis=[32, 36, 30, 30, 33, 30]  total_splits=162
[ 270000/500000]  ep= 270  reward(last50)=  91.05  n_per_axis=[32, 36, 30, 30, 33, 30]  total_splits=162
[ 280000/500000]  eval(5)=  19.43 +/- 12.81   n_per_axis=[32, 35, 30, 32, 33, 30]
[ 280000/500000]  ep= 280  reward(last50)=  56.77  n_per_axis=[32, 35, 30, 32, 33, 30]  total_splits=163
[ 290000/500000]  ep= 290  reward(last50)=  47.20  n_per_axis=[32, 35, 30, 32, 33, 30]  total_splits=163
[ 300000/500000]  eval(5)=  16.52 +/- 13.04   n_per_axis=[32, 35, 30, 32, 33, 30]
[ 300000/500000]  ep= 300  reward(last50)=  30.79  n_per_axis=[32, 35, 30, 32, 33, 30]  total_splits=163
[ 310000/500000]  ep= 310  reward(last50)=  28.82  n_per_axis=[31, 35, 30, 33, 33, 30]  total_splits=164
[ 320000/500000]  eval(5)=  28.37 +/- 17.60   n_per_axis=[31, 35, 30, 33, 33, 30]
[ 320000/500000]  ep= 320  reward(last50)=  23.48  n_per_axis=[31, 35, 30, 33, 33, 30]  total_splits=164
[ 330000/500000]  ep= 330  reward(last50)=  23.52  n_per_axis=[31, 34, 30, 33, 33, 30]  total_splits=164
[ 340000/500000]  eval(5)=  30.21 +/- 7.54    n_per_axis=[31, 34, 30, 33, 33, 30]
[ 340000/500000]  ep= 340  reward(last50)=  22.29  n_per_axis=[31, 34, 30, 33, 33, 30]  total_splits=164
[ 350000/500000]  ep= 350  reward(last50)=  26.19  n_per_axis=[30, 34, 30, 33, 35, 30]  total_splits=165
[ 360000/500000]  eval(5)=  29.18 +/- 12.46   n_per_axis=[30, 34, 30, 33, 35, 30]
[ 360000/500000]  ep= 360  reward(last50)=  26.56  n_per_axis=[30, 34, 30, 33, 35, 30]  total_splits=165
[ 370000/500000]  ep= 370  reward(last50)=  28.31  n_per_axis=[30, 34, 30, 33, 35, 30]  total_splits=165
[ 380000/500000]  eval(5)=  20.24 +/- 2.25    n_per_axis=[30, 34, 29, 33, 35, 30]
[ 380000/500000]  ep= 380  reward(last50)=  29.30  n_per_axis=[30, 34, 29, 33, 35, 30]  total_splits=165
[ 390000/500000]  ep= 390  reward(last50)=  29.70  n_per_axis=[30, 34, 29, 33, 35, 30]  total_splits=165
[ 400000/500000]  eval(5)=  15.64 +/- 10.87   n_per_axis=[30, 34, 29, 33, 35, 30]
[ 400000/500000]  ep= 400  reward(last50)=  29.00  n_per_axis=[30, 34, 29, 33, 35, 30]  total_splits=165
[ 410000/500000]  ep= 410  reward(last50)=  32.49  n_per_axis=[30, 34, 29, 33, 35, 30]  total_splits=165
[ 420000/500000]  eval(5)=  23.33 +/- 10.70   n_per_axis=[30, 34, 29, 33, 35, 30]
[ 420000/500000]  ep= 420  reward(last50)=  37.99  n_per_axis=[30, 34, 29, 33, 35, 30]  total_splits=165
[ 430000/500000]  ep= 430  reward(last50)=  46.98  n_per_axis=[30, 34, 29, 33, 35, 30]  total_splits=165
[ 440000/500000]  eval(5)=  94.41 +/- 47.08   n_per_axis=[32, 33, 29, 33, 35, 30]
[ 440000/500000]  ep= 440  reward(last50)=  61.25  n_per_axis=[32, 33, 29, 33, 35, 30]  total_splits=166
[ 450000/500000]  ep= 450  reward(last50)=  81.50  n_per_axis=[32, 33, 29, 33, 35, 30]  total_splits=166
[ 460000/500000]  eval(5)= 130.34 +/- 37.50   n_per_axis=[32, 33, 29, 33, 35, 30]
[ 460000/500000]  ep= 460  reward(last50)= 104.67  n_per_axis=[32, 33, 29, 33, 35, 30]  total_splits=166
[ 470000/500000]  ep= 470  reward(last50)= 119.05  n_per_axis=[32, 33, 29, 33, 35, 30]  total_splits=166
[ 480000/500000]  eval(5)= 173.20 +/- 41.17   n_per_axis=[31, 33, 30, 33, 34, 30]
[ 480000/500000]  ep= 480  reward(last50)= 136.62  n_per_axis=[31, 33, 30, 33, 34, 30]  total_splits=167
[ 490000/500000]  ep= 490  reward(last50)= 152.71  n_per_axis=[30, 33, 32, 33, 34, 30]  total_splits=168
[ 500000/500000]  eval(5)= 268.18 +/- 28.26   n_per_axis=[30, 33, 32, 33, 34, 30]
[ 500000/500000]  ep= 500  reward(last50)= 169.43  n_per_axis=[30, 33, 32, 33, 34, 30]  total_splits=168
Saved BranchingDQN checkpoint to checkpoints/dmcs/cheetah-run/robustness/zooming_bp8_seed42.pt

Evaluating (deterministic)...
Eval(10): mean=252.46  std=29.79
Final n_per_axis: [30, 33, 32, 33, 34, 30]  total_cells: 192/192  total_splits: 168
Split history: 73 events, steps 10000 to 490000
