/home/bruinml/anaconda3/envs/highway/lib/python3.11/site-packages/glfw/__init__.py:917: GLFWError: (65550) b'X11: The DISPLAY environment variable is missing'
  warnings.warn(message, GLFWError)
/home/bruinml/anaconda3/envs/highway/lib/python3.11/site-packages/pygame/pkgdata.py:25: UserWarning: pkg_resources is deprecated as an API. See https://setuptools.pypa.io/en/latest/pkg_resources.html. The pkg_resources package is slated for removal as early as 2025-11-30. Refrain from using this package or pin to Setuptools<81.
  from pkg_resources import resource_stream, resource_exists
/home/bruinml/anaconda3/envs/highway/lib/python3.11/site-packages/torch/cuda/__init__.py:180: UserWarning: CUDA initialization: The NVIDIA driver on your system is too old (found version 12080). Please update your GPU driver by downloading and installing a new version from the URL: http://www.nvidia.com/Download/index.aspx Alternatively, go to: https://pytorch.org to install a PyTorch version that has been compiled with your version of the CUDA driver. (Triggered internally at /pytorch/c10/cuda/CUDAFunctions.cpp:119.)
  return torch._C._cuda_getDeviceCount() > 0
Zooming DQN on dm_control/cheetah-run  da=6  init_depth=1 (start=12 cells)  n=32 -> total_budget=192  seed=44  steps=500000
[  10000/500000]  ep=  10  reward(last50)=   0.57  n_per_axis=[6, 6, 6, 6, 6, 6]  total_splits=12
[  20000/500000]  eval(5)=  62.19 +/- 7.54    n_per_axis=[21, 21, 18, 17, 18, 21]
[  20000/500000]  ep=  20  reward(last50)=  16.63  n_per_axis=[21, 21, 18, 17, 18, 21]  total_splits=66
[  30000/500000]  ep=  30  reward(last50)=  36.55  n_per_axis=[24, 24, 24, 24, 24, 24]  total_splits=84
[  40000/500000]  eval(5)=  81.09 +/- 52.52   n_per_axis=[24, 24, 24, 24, 24, 24]
[  40000/500000]  ep=  40  reward(last50)=  53.60  n_per_axis=[24, 24, 24, 24, 24, 24]  total_splits=84
[  50000/500000]  ep=  50  reward(last50)=  62.47  n_per_axis=[27, 25, 30, 27, 30, 30]  total_splits=102
[  60000/500000]  eval(5)= 122.26 +/- 48.46   n_per_axis=[33, 33, 30, 30, 31, 34]
[  60000/500000]  ep=  60  reward(last50)=  89.97  n_per_axis=[33, 33, 30, 30, 31, 34]  total_splits=117
[  70000/500000]  ep=  70  reward(last50)= 112.44  n_per_axis=[31, 35, 31, 28, 33, 33]  total_splits=121
[  80000/500000]  eval(5)= 160.22 +/- 58.67   n_per_axis=[31, 36, 30, 27, 31, 37]
[  80000/500000]  ep=  80  reward(last50)= 128.75  n_per_axis=[31, 36, 30, 27, 31, 37]  total_splits=125
[  90000/500000]  ep=  90  reward(last50)= 134.69  n_per_axis=[29, 36, 30, 26, 31, 39]  total_splits=127
[ 100000/500000]  eval(5)= 153.20 +/- 51.79   n_per_axis=[29, 35, 30, 28, 30, 39]
[ 100000/500000]  ep= 100  reward(last50)= 138.89  n_per_axis=[29, 35, 30, 28, 30, 39]  total_splits=128
[ 110000/500000]  ep= 110  reward(last50)= 139.22  n_per_axis=[29, 35, 29, 30, 29, 39]  total_splits=129
[ 120000/500000]  eval(5)= 197.89 +/- 73.95   n_per_axis=[28, 34, 31, 30, 28, 40]
[ 120000/500000]  ep= 120  reward(last50)= 146.27  n_per_axis=[28, 34, 31, 30, 28, 40]  total_splits=131
[ 130000/500000]  ep= 130  reward(last50)= 158.68  n_per_axis=[28, 34, 31, 30, 28, 40]  total_splits=131
[ 140000/500000]  eval(5)= 315.08 +/- 67.42   n_per_axis=[28, 34, 31, 30, 28, 40]
[ 140000/500000]  ep= 140  reward(last50)= 191.94  n_per_axis=[28, 34, 31, 30, 28, 40]  total_splits=131
[ 150000/500000]  ep= 150  reward(last50)= 225.21  n_per_axis=[30, 34, 29, 30, 27, 42]  total_splits=133
[ 160000/500000]  eval(5)= 362.96 +/- 19.69   n_per_axis=[30, 34, 29, 30, 27, 42]
[ 160000/500000]  ep= 160  reward(last50)= 260.83  n_per_axis=[30, 34, 29, 30, 27, 42]  total_splits=133
[ 170000/500000]  ep= 170  reward(last50)= 299.31  n_per_axis=[29, 36, 28, 30, 27, 42]  total_splits=134
[ 180000/500000]  eval(5)= 300.93 +/- 93.08   n_per_axis=[29, 36, 28, 30, 27, 42]
[ 180000/500000]  ep= 180  reward(last50)= 308.19  n_per_axis=[29, 36, 28, 30, 27, 42]  total_splits=134
[ 190000/500000]  ep= 190  reward(last50)= 314.50  n_per_axis=[28, 36, 28, 31, 27, 42]  total_splits=135
[ 200000/500000]  eval(5)= 351.02 +/- 101.15  n_per_axis=[28, 35, 28, 31, 27, 42]
[ 200000/500000]  ep= 200  reward(last50)= 328.14  n_per_axis=[28, 35, 28, 31, 27, 42]  total_splits=135
[ 210000/500000]  ep= 210  reward(last50)= 338.85  n_per_axis=[26, 34, 28, 31, 29, 44]  total_splits=137
[ 220000/500000]  eval(5)= 421.64 +/- 124.71  n_per_axis=[26, 34, 28, 31, 29, 44]
[ 220000/500000]  ep= 220  reward(last50)= 315.24  n_per_axis=[26, 34, 28, 31, 29, 44]  total_splits=137
[ 230000/500000]  ep= 230  reward(last50)= 335.11  n_per_axis=[26, 34, 28, 31, 29, 44]  total_splits=137
[ 240000/500000]  eval(5)= 363.64 +/- 89.53   n_per_axis=[26, 34, 27, 30, 29, 46]
[ 240000/500000]  ep= 240  reward(last50)= 338.49  n_per_axis=[26, 34, 27, 30, 29, 46]  total_splits=138
[ 250000/500000]  ep= 250  reward(last50)= 338.16  n_per_axis=[26, 34, 27, 30, 29, 46]  total_splits=138
[ 260000/500000]  eval(5)= 427.85 +/- 8.63    n_per_axis=[26, 34, 27, 30, 30, 45]
[ 260000/500000]  ep= 260  reward(last50)= 305.09  n_per_axis=[26, 34, 27, 30, 30, 45]  total_splits=139
[ 270000/500000]  ep= 270  reward(last50)= 316.41  n_per_axis=[26, 34, 27, 30, 30, 45]  total_splits=139
[ 280000/500000]  eval(5)= 209.40 +/- 71.69   n_per_axis=[26, 34, 27, 30, 30, 45]
[ 280000/500000]  ep= 280  reward(last50)= 305.97  n_per_axis=[26, 34, 27, 30, 30, 45]  total_splits=139
[ 290000/500000]  ep= 290  reward(last50)= 297.78  n_per_axis=[28, 33, 26, 30, 29, 45]  total_splits=140
[ 300000/500000]  eval(5)= 369.83 +/- 81.54   n_per_axis=[30, 33, 26, 30, 28, 45]
[ 300000/500000]  ep= 300  reward(last50)= 292.18  n_per_axis=[30, 33, 26, 30, 28, 45]  total_splits=141
[ 310000/500000]  ep= 310  reward(last50)= 326.02  n_per_axis=[30, 33, 26, 29, 28, 45]  total_splits=141
[ 320000/500000]  eval(5)= 359.38 +/- 44.90   n_per_axis=[30, 31, 26, 31, 28, 46]
[ 320000/500000]  ep= 320  reward(last50)= 325.75  n_per_axis=[30, 31, 26, 31, 28, 46]  total_splits=143
[ 330000/500000]  ep= 330  reward(last50)= 324.46  n_per_axis=[30, 31, 26, 31, 28, 45]  total_splits=143
[ 340000/500000]  eval(5)= 297.82 +/- 135.65  n_per_axis=[30, 31, 28, 30, 28, 44]
[ 340000/500000]  ep= 340  reward(last50)= 326.05  n_per_axis=[30, 31, 28, 30, 28, 44]  total_splits=144
[ 350000/500000]  ep= 350  reward(last50)= 310.96  n_per_axis=[30, 31, 28, 30, 28, 44]  total_splits=144
[ 360000/500000]  eval(5)= 180.29 +/- 141.43  n_per_axis=[30, 31, 30, 30, 27, 44]
[ 360000/500000]  ep= 360  reward(last50)= 264.02  n_per_axis=[30, 31, 30, 30, 27, 44]  total_splits=145
[ 370000/500000]  ep= 370  reward(last50)= 217.61  n_per_axis=[30, 35, 30, 30, 26, 41]  total_splits=147
[ 380000/500000]  eval(5)=  34.66 +/- 32.44   n_per_axis=[30, 34, 30, 31, 26, 41]
[ 380000/500000]  ep= 380  reward(last50)= 171.17  n_per_axis=[30, 34, 30, 31, 26, 41]  total_splits=148
[ 390000/500000]  ep= 390  reward(last50)= 114.40  n_per_axis=[30, 34, 30, 30, 26, 41]  total_splits=148
[ 400000/500000]  eval(5)=  21.75 +/- 4.69    n_per_axis=[32, 33, 30, 30, 26, 40]
[ 400000/500000]  ep= 400  reward(last50)=  70.32  n_per_axis=[32, 33, 30, 30, 26, 40]  total_splits=149
[ 410000/500000]  ep= 410  reward(last50)=  47.08  n_per_axis=[32, 33, 31, 30, 26, 39]  total_splits=150
[ 420000/500000]  eval(5)=  30.04 +/- 14.45   n_per_axis=[34, 33, 31, 29, 26, 39]
[ 420000/500000]  ep= 420  reward(last50)=  37.04  n_per_axis=[34, 33, 31, 29, 26, 39]  total_splits=151
[ 430000/500000]  ep= 430  reward(last50)=  27.49  n_per_axis=[34, 32, 31, 29, 26, 39]  total_splits=151
[ 440000/500000]  eval(5)=  13.06 +/- 6.13    n_per_axis=[34, 32, 31, 29, 26, 39]
[ 440000/500000]  ep= 440  reward(last50)=  27.98  n_per_axis=[34, 32, 31, 29, 26, 39]  total_splits=151
[ 450000/500000]  ep= 450  reward(last50)=  29.44  n_per_axis=[34, 32, 32, 30, 26, 38]  total_splits=153
[ 460000/500000]  eval(5)=  35.86 +/- 8.30    n_per_axis=[34, 32, 32, 30, 26, 38]
[ 460000/500000]  ep= 460  reward(last50)=  32.01  n_per_axis=[34, 32, 32, 30, 26, 38]  total_splits=153
[ 470000/500000]  ep= 470  reward(last50)=  34.57  n_per_axis=[34, 32, 32, 30, 26, 37]  total_splits=153
[ 480000/500000]  eval(5)=  22.18 +/- 14.19   n_per_axis=[36, 32, 32, 30, 26, 36]
[ 480000/500000]  ep= 480  reward(last50)=  39.20  n_per_axis=[36, 32, 32, 30, 26, 36]  total_splits=154
[ 490000/500000]  ep= 490  reward(last50)=  39.10  n_per_axis=[37, 32, 32, 30, 26, 35]  total_splits=155
[ 500000/500000]  eval(5)=  39.31 +/- 12.02   n_per_axis=[37, 31, 32, 30, 26, 35]
[ 500000/500000]  ep= 500  reward(last50)=  38.85  n_per_axis=[37, 31, 32, 30, 26, 35]  total_splits=155
Saved BranchingDQN checkpoint to checkpoints/dmcs/cheetah-run/robustness/zooming_bp32_seed44.pt

Evaluating (deterministic)...
Eval(10): mean=26.23  std=9.18
Final n_per_axis: [37, 31, 32, 30, 26, 35]  total_cells: 191/192  total_splits: 155
Split history: 98 events, steps 10000 to 490000
