/home/bruinml/anaconda3/envs/highway/lib/python3.11/site-packages/glfw/__init__.py:917: GLFWError: (65550) b'X11: The DISPLAY environment variable is missing'
  warnings.warn(message, GLFWError)
/home/bruinml/anaconda3/envs/highway/lib/python3.11/site-packages/pygame/pkgdata.py:25: UserWarning: pkg_resources is deprecated as an API. See https://setuptools.pypa.io/en/latest/pkg_resources.html. The pkg_resources package is slated for removal as early as 2025-11-30. Refrain from using this package or pin to Setuptools<81.
  from pkg_resources import resource_stream, resource_exists
/home/bruinml/anaconda3/envs/highway/lib/python3.11/site-packages/torch/cuda/__init__.py:180: UserWarning: CUDA initialization: The NVIDIA driver on your system is too old (found version 12080). Please update your GPU driver by downloading and installing a new version from the URL: http://www.nvidia.com/Download/index.aspx Alternatively, go to: https://pytorch.org to install a PyTorch version that has been compiled with your version of the CUDA driver. (Triggered internally at /pytorch/c10/cuda/CUDAFunctions.cpp:119.)
  return torch._C._cuda_getDeviceCount() > 0
Zooming DQN on dm_control/cheetah-run  da=6  init_depth=2 (start=24 cells)  n=32 -> total_budget=192  seed=42  steps=500000
[  10000/500000]  ep=  10  reward(last50)=  29.50  n_per_axis=[12, 12, 12, 12, 12, 12]  total_splits=24
[  20000/500000]  eval(5)=  51.07 +/- 4.07    n_per_axis=[21, 24, 22, 24, 24, 24]
[  20000/500000]  ep=  20  reward(last50)=  29.22  n_per_axis=[21, 24, 22, 24, 24, 24]  total_splits=69
[  30000/500000]  ep=  30  reward(last50)=  48.60  n_per_axis=[32, 24, 22, 27, 26, 23]  total_splits=82
[  40000/500000]  eval(5)= 118.24 +/- 49.54   n_per_axis=[36, 36, 31, 30, 27, 31]
[  40000/500000]  ep=  40  reward(last50)=  62.98  n_per_axis=[36, 36, 31, 30, 27, 31]  total_splits=111
[  50000/500000]  ep=  50  reward(last50)=  78.31  n_per_axis=[35, 34, 30, 30, 33, 30]  total_splits=115
[  60000/500000]  eval(5)= 123.93 +/- 35.19   n_per_axis=[35, 34, 29, 30, 31, 32]
[  60000/500000]  ep=  60  reward(last50)=  98.68  n_per_axis=[35, 34, 29, 30, 31, 32]  total_splits=117
[  70000/500000]  ep=  70  reward(last50)= 123.76  n_per_axis=[33, 34, 31, 30, 31, 32]  total_splits=118
[  80000/500000]  eval(5)= 152.11 +/- 33.12   n_per_axis=[32, 34, 30, 30, 30, 36]
[  80000/500000]  ep=  80  reward(last50)= 140.17  n_per_axis=[32, 34, 30, 30, 30, 36]  total_splits=120
[  90000/500000]  ep=  90  reward(last50)= 148.09  n_per_axis=[32, 34, 30, 30, 30, 36]  total_splits=120
[ 100000/500000]  eval(5)= 105.48 +/- 29.14   n_per_axis=[30, 34, 29, 30, 30, 38]
[ 100000/500000]  ep= 100  reward(last50)= 164.38  n_per_axis=[30, 34, 29, 30, 30, 38]  total_splits=121
[ 110000/500000]  ep= 110  reward(last50)= 175.96  n_per_axis=[30, 34, 29, 29, 29, 40]  total_splits=122
[ 120000/500000]  eval(5)= 186.78 +/- 46.99   n_per_axis=[30, 36, 27, 29, 28, 42]
[ 120000/500000]  ep= 120  reward(last50)= 197.04  n_per_axis=[30, 36, 27, 29, 28, 42]  total_splits=124
[ 130000/500000]  ep= 130  reward(last50)= 214.92  n_per_axis=[30, 35, 27, 28, 28, 44]  total_splits=125
[ 140000/500000]  eval(5)= 285.29 +/- 22.38   n_per_axis=[27, 37, 27, 28, 28, 44]
[ 140000/500000]  ep= 140  reward(last50)= 231.73  n_per_axis=[27, 37, 27, 28, 28, 44]  total_splits=126
[ 150000/500000]  ep= 150  reward(last50)= 244.23  n_per_axis=[27, 36, 27, 28, 27, 46]  total_splits=127
[ 160000/500000]  eval(5)= 242.28 +/- 87.16   n_per_axis=[29, 33, 27, 32, 26, 45]
[ 160000/500000]  ep= 160  reward(last50)= 258.29  n_per_axis=[29, 33, 27, 32, 26, 45]  total_splits=130
[ 170000/500000]  ep= 170  reward(last50)= 256.14  n_per_axis=[31, 33, 27, 31, 26, 44]  total_splits=131
[ 180000/500000]  eval(5)= 329.29 +/- 48.44   n_per_axis=[32, 33, 27, 30, 26, 43]
[ 180000/500000]  ep= 180  reward(last50)= 262.94  n_per_axis=[32, 33, 27, 30, 26, 43]  total_splits=132
[ 190000/500000]  ep= 190  reward(last50)= 285.14  n_per_axis=[32, 33, 28, 30, 26, 43]  total_splits=134
[ 200000/500000]  eval(5)= 304.34 +/- 99.63   n_per_axis=[32, 32, 28, 29, 28, 42]
[ 200000/500000]  ep= 200  reward(last50)= 291.78  n_per_axis=[32, 32, 28, 29, 28, 42]  total_splits=135
[ 210000/500000]  ep= 210  reward(last50)= 311.69  n_per_axis=[32, 32, 30, 29, 28, 41]  total_splits=137
[ 220000/500000]  eval(5)= 393.42 +/- 34.61   n_per_axis=[32, 32, 30, 29, 28, 41]
[ 220000/500000]  ep= 220  reward(last50)= 330.26  n_per_axis=[32, 32, 30, 29, 28, 41]  total_splits=137
[ 230000/500000]  ep= 230  reward(last50)= 343.19  n_per_axis=[31, 32, 32, 28, 28, 41]  total_splits=138
[ 240000/500000]  eval(5)= 424.63 +/- 5.71    n_per_axis=[31, 31, 32, 28, 28, 41]
[ 240000/500000]  ep= 240  reward(last50)= 346.08  n_per_axis=[31, 31, 32, 28, 28, 41]  total_splits=138
[ 250000/500000]  ep= 250  reward(last50)= 363.47  n_per_axis=[31, 30, 35, 28, 28, 40]  total_splits=140
[ 260000/500000]  eval(5)= 412.96 +/- 58.69   n_per_axis=[31, 30, 35, 28, 28, 40]
[ 260000/500000]  ep= 260  reward(last50)= 362.06  n_per_axis=[31, 30, 35, 28, 28, 40]  total_splits=140
[ 270000/500000]  ep= 270  reward(last50)= 362.94  n_per_axis=[31, 30, 35, 27, 28, 40]  total_splits=140
[ 280000/500000]  eval(5)= 392.99 +/- 18.70   n_per_axis=[31, 30, 34, 29, 28, 39]
[ 280000/500000]  ep= 280  reward(last50)= 360.98  n_per_axis=[31, 30, 34, 29, 28, 39]  total_splits=141
[ 290000/500000]  ep= 290  reward(last50)= 362.37  n_per_axis=[31, 30, 34, 29, 28, 39]  total_splits=141
[ 300000/500000]  eval(5)= 434.26 +/- 13.49   n_per_axis=[33, 29, 36, 29, 27, 38]
[ 300000/500000]  ep= 300  reward(last50)= 356.90  n_per_axis=[33, 29, 36, 29, 27, 38]  total_splits=143
[ 310000/500000]  ep= 310  reward(last50)= 369.51  n_per_axis=[35, 29, 35, 29, 27, 37]  total_splits=144
[ 320000/500000]  eval(5)= 292.37 +/- 39.81   n_per_axis=[34, 29, 35, 29, 27, 37]
[ 320000/500000]  ep= 320  reward(last50)= 371.31  n_per_axis=[34, 29, 35, 29, 27, 37]  total_splits=144
[ 330000/500000]  ep= 330  reward(last50)= 385.12  n_per_axis=[34, 29, 35, 29, 29, 36]  total_splits=145
[ 340000/500000]  eval(5)= 446.45 +/- 32.19   n_per_axis=[34, 29, 35, 29, 29, 36]
[ 340000/500000]  ep= 340  reward(last50)= 394.06  n_per_axis=[34, 29, 35, 29, 29, 36]  total_splits=145
[ 350000/500000]  ep= 350  reward(last50)= 387.85  n_per_axis=[34, 28, 35, 29, 29, 36]  total_splits=145
[ 360000/500000]  eval(5)= 273.68 +/- 112.19  n_per_axis=[34, 28, 37, 28, 29, 36]
[ 360000/500000]  ep= 360  reward(last50)= 354.82  n_per_axis=[34, 28, 37, 28, 29, 36]  total_splits=146
[ 370000/500000]  ep= 370  reward(last50)= 349.34  n_per_axis=[34, 28, 37, 28, 29, 35]  total_splits=146
[ 380000/500000]  eval(5)= 274.10 +/- 78.78   n_per_axis=[34, 30, 36, 28, 29, 34]
[ 380000/500000]  ep= 380  reward(last50)= 321.04  n_per_axis=[34, 30, 36, 28, 29, 34]  total_splits=147
[ 390000/500000]  ep= 390  reward(last50)= 302.62  n_per_axis=[34, 30, 36, 29, 29, 34]  total_splits=148
[ 400000/500000]  eval(5)= 140.94 +/- 101.75  n_per_axis=[34, 30, 36, 29, 29, 34]
[ 400000/500000]  ep= 400  reward(last50)= 294.73  n_per_axis=[34, 30, 36, 29, 29, 34]  total_splits=148
[ 410000/500000]  ep= 410  reward(last50)= 298.23  n_per_axis=[34, 30, 36, 29, 29, 34]  total_splits=148
[ 420000/500000]  eval(5)=  93.42 +/- 105.50  n_per_axis=[34, 30, 36, 29, 29, 34]
[ 420000/500000]  ep= 420  reward(last50)= 291.91  n_per_axis=[34, 30, 36, 29, 29, 34]  total_splits=148
[ 430000/500000]  ep= 430  reward(last50)= 250.87  n_per_axis=[34, 30, 36, 29, 29, 34]  total_splits=148
[ 440000/500000]  eval(5)=  50.56 +/- 6.04    n_per_axis=[34, 30, 36, 29, 29, 33]
[ 440000/500000]  ep= 440  reward(last50)= 214.53  n_per_axis=[34, 30, 36, 29, 29, 33]  total_splits=148
[ 450000/500000]  ep= 450  reward(last50)= 173.65  n_per_axis=[34, 31, 36, 29, 29, 33]  total_splits=149
[ 460000/500000]  eval(5)=  35.97 +/- 2.19    n_per_axis=[34, 31, 35, 29, 29, 33]
[ 460000/500000]  ep= 460  reward(last50)= 133.32  n_per_axis=[34, 31, 35, 29, 29, 33]  total_splits=149
[ 470000/500000]  ep= 470  reward(last50)=  85.92  n_per_axis=[34, 31, 35, 29, 29, 33]  total_splits=149
[ 480000/500000]  eval(5)=  80.56 +/- 42.35   n_per_axis=[34, 31, 35, 29, 29, 33]
[ 480000/500000]  ep= 480  reward(last50)=  93.17  n_per_axis=[34, 31, 35, 29, 29, 33]  total_splits=149
[ 490000/500000]  ep= 490  reward(last50)=  80.42  n_per_axis=[34, 33, 34, 29, 29, 32]  total_splits=150
[ 500000/500000]  eval(5)=  37.12 +/- 13.28   n_per_axis=[34, 33, 34, 29, 29, 32]
[ 500000/500000]  ep= 500  reward(last50)=  71.02  n_per_axis=[34, 33, 34, 29, 29, 32]  total_splits=150
Saved BranchingDQN checkpoint to checkpoints/dmcs/cheetah-run/robustness/zooming_id2_seed42.pt

Evaluating (deterministic)...
Eval(10): mean=50.75  std=35.43
Final n_per_axis: [34, 33, 34, 29, 29, 32]  total_cells: 191/192  total_splits: 150
Split history: 78 events, steps 10000 to 488000
