/home/bruinml/anaconda3/envs/highway/lib/python3.11/site-packages/glfw/__init__.py:917: GLFWError: (65550) b'X11: The DISPLAY environment variable is missing'
  warnings.warn(message, GLFWError)
/home/bruinml/anaconda3/envs/highway/lib/python3.11/site-packages/pygame/pkgdata.py:25: UserWarning: pkg_resources is deprecated as an API. See https://setuptools.pypa.io/en/latest/pkg_resources.html. The pkg_resources package is slated for removal as early as 2025-11-30. Refrain from using this package or pin to Setuptools<81.
  from pkg_resources import resource_stream, resource_exists
/home/bruinml/anaconda3/envs/highway/lib/python3.11/site-packages/torch/cuda/__init__.py:180: UserWarning: CUDA initialization: The NVIDIA driver on your system is too old (found version 12080). Please update your GPU driver by downloading and installing a new version from the URL: http://www.nvidia.com/Download/index.aspx Alternatively, go to: https://pytorch.org to install a PyTorch version that has been compiled with your version of the CUDA driver. (Triggered internally at /pytorch/c10/cuda/CUDAFunctions.cpp:119.)
  return torch._C._cuda_getDeviceCount() > 0
SAC on dm_control/cheetah-run  seed=43  steps=500000
[  10000/500000]  ep=  10  reward(last50)=   4.17  alpha=0.1000
[  20000/500000]  eval(5)=   8.29 +/- 0.34    alpha=0.0290
[  20000/500000]  ep=  20  reward(last50)=   6.41  alpha=0.0290
[  30000/500000]  ep=  30  reward(last50)=  18.66  alpha=0.0098
[  40000/500000]  eval(5)=  39.66 +/- 19.51   alpha=0.0042
[  40000/500000]  ep=  40  reward(last50)=  37.72  alpha=0.0042
[  50000/500000]  ep=  50  reward(last50)=  45.92  alpha=0.0027
[  60000/500000]  eval(5)=  45.41 +/- 20.15   alpha=0.0032
[  60000/500000]  ep=  60  reward(last50)=  69.77  alpha=0.0032
[  70000/500000]  ep=  70  reward(last50)= 101.77  alpha=0.0034
[  80000/500000]  eval(5)= 245.60 +/- 5.81    alpha=0.0037
[  80000/500000]  ep=  80  reward(last50)= 127.41  alpha=0.0037
[  90000/500000]  ep=  90  reward(last50)= 141.88  alpha=0.0039
[ 100000/500000]  eval(5)= 271.08 +/- 22.90   alpha=0.0041
[ 100000/500000]  ep= 100  reward(last50)= 164.97  alpha=0.0041
[ 110000/500000]  ep= 110  reward(last50)= 176.05  alpha=0.0041
[ 120000/500000]  eval(5)= 282.58 +/- 14.83   alpha=0.0047
[ 120000/500000]  ep= 120  reward(last50)= 183.31  alpha=0.0047
[ 130000/500000]  ep= 130  reward(last50)= 194.50  alpha=0.0047
[ 140000/500000]  eval(5)= 313.21 +/- 12.27   alpha=0.0045
[ 140000/500000]  ep= 140  reward(last50)= 207.48  alpha=0.0045
[ 150000/500000]  ep= 150  reward(last50)= 204.74  alpha=0.0051
[ 160000/500000]  eval(5)= 175.59 +/- 98.14   alpha=0.0050
[ 160000/500000]  ep= 160  reward(last50)= 220.62  alpha=0.0050
[ 170000/500000]  ep= 170  reward(last50)= 239.62  alpha=0.0051
[ 180000/500000]  eval(5)= 337.90 +/- 22.49   alpha=0.0050
[ 180000/500000]  ep= 180  reward(last50)= 236.06  alpha=0.0050
[ 190000/500000]  ep= 190  reward(last50)= 250.73  alpha=0.0054
[ 200000/500000]  eval(5)= 384.89 +/- 11.77   alpha=0.0056
[ 200000/500000]  ep= 200  reward(last50)= 284.08  alpha=0.0056
[ 210000/500000]  ep= 210  reward(last50)= 303.41  alpha=0.0060
[ 220000/500000]  eval(5)= 358.34 +/- 22.48   alpha=0.0061
[ 220000/500000]  ep= 220  reward(last50)= 312.08  alpha=0.0061
[ 230000/500000]  ep= 230  reward(last50)= 338.11  alpha=0.0066
[ 240000/500000]  eval(5)= 419.85 +/- 37.23   alpha=0.0065
[ 240000/500000]  ep= 240  reward(last50)= 355.60  alpha=0.0065
[ 250000/500000]  ep= 250  reward(last50)= 365.18  alpha=0.0068
[ 260000/500000]  eval(5)= 478.20 +/- 16.15   alpha=0.0071
[ 260000/500000]  ep= 260  reward(last50)= 382.06  alpha=0.0071
[ 270000/500000]  ep= 270  reward(last50)= 396.13  alpha=0.0073
[ 280000/500000]  eval(5)= 460.29 +/- 14.50   alpha=0.0076
[ 280000/500000]  ep= 280  reward(last50)= 416.37  alpha=0.0076
[ 290000/500000]  ep= 290  reward(last50)= 427.03  alpha=0.0076
[ 300000/500000]  eval(5)= 466.47 +/- 7.18    alpha=0.0082
[ 300000/500000]  ep= 300  reward(last50)= 438.57  alpha=0.0082
[ 310000/500000]  ep= 310  reward(last50)= 441.09  alpha=0.0082
[ 320000/500000]  eval(5)= 458.35 +/- 18.73   alpha=0.0081
[ 320000/500000]  ep= 320  reward(last50)= 446.55  alpha=0.0081
[ 330000/500000]  ep= 330  reward(last50)= 450.12  alpha=0.0086
[ 340000/500000]  eval(5)= 488.91 +/- 7.56    alpha=0.0086
[ 340000/500000]  ep= 340  reward(last50)= 451.14  alpha=0.0086
[ 350000/500000]  ep= 350  reward(last50)= 456.88  alpha=0.0090
[ 360000/500000]  eval(5)= 498.76 +/- 3.20    alpha=0.0091
[ 360000/500000]  ep= 360  reward(last50)= 463.51  alpha=0.0091
[ 370000/500000]  ep= 370  reward(last50)= 471.10  alpha=0.0090
[ 380000/500000]  eval(5)= 523.82 +/- 4.71    alpha=0.0094
[ 380000/500000]  ep= 380  reward(last50)= 477.02  alpha=0.0094
[ 390000/500000]  ep= 390  reward(last50)= 485.23  alpha=0.0097
[ 400000/500000]  eval(5)= 520.19 +/- 10.83   alpha=0.0100
[ 400000/500000]  ep= 400  reward(last50)= 485.03  alpha=0.0100
[ 410000/500000]  ep= 410  reward(last50)= 485.20  alpha=0.0100
[ 420000/500000]  eval(5)= 524.44 +/- 13.58   alpha=0.0100
[ 420000/500000]  ep= 420  reward(last50)= 487.74  alpha=0.0100
[ 430000/500000]  ep= 430  reward(last50)= 489.80  alpha=0.0102
[ 440000/500000]  eval(5)= 521.83 +/- 10.91   alpha=0.0103
[ 440000/500000]  ep= 440  reward(last50)= 489.03  alpha=0.0103
[ 450000/500000]  ep= 450  reward(last50)= 491.05  alpha=0.0104
[ 460000/500000]  eval(5)= 510.28 +/- 14.39   alpha=0.0105
[ 460000/500000]  ep= 460  reward(last50)= 493.11  alpha=0.0105
[ 470000/500000]  ep= 470  reward(last50)= 493.91  alpha=0.0105
[ 480000/500000]  eval(5)= 515.12 +/- 10.08   alpha=0.0108
[ 480000/500000]  ep= 480  reward(last50)= 494.63  alpha=0.0108
[ 490000/500000]  ep= 490  reward(last50)= 498.64  alpha=0.0106
[ 500000/500000]  eval(5)= 538.94 +/- 3.67    alpha=0.0106
[ 500000/500000]  ep= 500  reward(last50)= 502.10  alpha=0.0106
Saved SAC checkpoint to checkpoints/dmcs/cheetah-run/efficiency/sac_seed43.pt

Evaluating (deterministic)...
Eval(10): mean=538.79  std=4.82
