/home/bruinml/anaconda3/envs/highway/lib/python3.11/site-packages/glfw/__init__.py:917: GLFWError: (65550) b'X11: The DISPLAY environment variable is missing'
  warnings.warn(message, GLFWError)
/home/bruinml/anaconda3/envs/highway/lib/python3.11/site-packages/pygame/pkgdata.py:25: UserWarning: pkg_resources is deprecated as an API. See https://setuptools.pypa.io/en/latest/pkg_resources.html. The pkg_resources package is slated for removal as early as 2025-11-30. Refrain from using this package or pin to Setuptools<81.
  from pkg_resources import resource_stream, resource_exists
/home/bruinml/anaconda3/envs/highway/lib/python3.11/site-packages/torch/cuda/__init__.py:180: UserWarning: CUDA initialization: The NVIDIA driver on your system is too old (found version 12080). Please update your GPU driver by downloading and installing a new version from the URL: http://www.nvidia.com/Download/index.aspx Alternatively, go to: https://pytorch.org to install a PyTorch version that has been compiled with your version of the CUDA driver. (Triggered internally at /pytorch/c10/cuda/CUDAFunctions.cpp:119.)
  return torch._C._cuda_getDeviceCount() > 0
SAC on dm_control/cheetah-run  seed=44  steps=500000
[  10000/500000]  ep=  10  reward(last50)=   3.99  alpha=0.1000
[  20000/500000]  eval(5)=  65.29 +/- 4.44    alpha=0.0290
[  20000/500000]  ep=  20  reward(last50)=   6.98  alpha=0.0290
[  30000/500000]  ep=  30  reward(last50)=  20.28  alpha=0.0100
[  40000/500000]  eval(5)=  34.50 +/- 10.54   alpha=0.0042
[  40000/500000]  ep=  40  reward(last50)=  27.51  alpha=0.0042
[  50000/500000]  ep=  50  reward(last50)=  32.34  alpha=0.0027
[  60000/500000]  eval(5)=  53.45 +/- 15.59   alpha=0.0029
[  60000/500000]  ep=  60  reward(last50)=  41.07  alpha=0.0029
[  70000/500000]  ep=  70  reward(last50)=  49.89  alpha=0.0026
[  80000/500000]  eval(5)=  70.07 +/- 26.39   alpha=0.0023
[  80000/500000]  ep=  80  reward(last50)=  54.30  alpha=0.0023
[  90000/500000]  ep=  90  reward(last50)=  60.64  alpha=0.0025
[ 100000/500000]  eval(5)= 177.26 +/- 75.85   alpha=0.0026
[ 100000/500000]  ep= 100  reward(last50)=  77.18  alpha=0.0026
[ 110000/500000]  ep= 110  reward(last50)=  86.45  alpha=0.0022
[ 120000/500000]  eval(5)=  78.29 +/- 14.95   alpha=0.0026
[ 120000/500000]  ep= 120  reward(last50)= 112.99  alpha=0.0026
[ 130000/500000]  ep= 130  reward(last50)= 134.69  alpha=0.0028
[ 140000/500000]  eval(5)= 204.23 +/- 83.45   alpha=0.0028
[ 140000/500000]  ep= 140  reward(last50)= 153.14  alpha=0.0028
[ 150000/500000]  ep= 150  reward(last50)= 170.33  alpha=0.0028
[ 160000/500000]  eval(5)= 275.44 +/- 133.72  alpha=0.0030
[ 160000/500000]  ep= 160  reward(last50)= 205.99  alpha=0.0030
[ 170000/500000]  ep= 170  reward(last50)= 225.04  alpha=0.0035
[ 180000/500000]  eval(5)= 388.54 +/- 8.42    alpha=0.0035
[ 180000/500000]  ep= 180  reward(last50)= 253.28  alpha=0.0035
[ 190000/500000]  ep= 190  reward(last50)= 305.74  alpha=0.0039
[ 200000/500000]  eval(5)= 495.02 +/- 10.39   alpha=0.0045
[ 200000/500000]  ep= 200  reward(last50)= 344.20  alpha=0.0045
[ 210000/500000]  ep= 210  reward(last50)= 371.97  alpha=0.0050
[ 220000/500000]  eval(5)= 483.13 +/- 4.52    alpha=0.0053
[ 220000/500000]  ep= 220  reward(last50)= 396.29  alpha=0.0053
[ 230000/500000]  ep= 230  reward(last50)= 424.79  alpha=0.0051
[ 240000/500000]  eval(5)= 549.61 +/- 10.97   alpha=0.0057
[ 240000/500000]  ep= 240  reward(last50)= 437.91  alpha=0.0057
[ 250000/500000]  ep= 250  reward(last50)= 452.49  alpha=0.0060
[ 260000/500000]  eval(5)= 511.05 +/- 106.74  alpha=0.0064
[ 260000/500000]  ep= 260  reward(last50)= 469.07  alpha=0.0064
[ 270000/500000]  ep= 270  reward(last50)= 471.72  alpha=0.0068
[ 280000/500000]  eval(5)= 553.11 +/- 27.77   alpha=0.0074
[ 280000/500000]  ep= 280  reward(last50)= 486.30  alpha=0.0074
[ 290000/500000]  ep= 290  reward(last50)= 491.37  alpha=0.0076
[ 300000/500000]  eval(5)= 542.49 +/- 10.07   alpha=0.0083
[ 300000/500000]  ep= 300  reward(last50)= 501.48  alpha=0.0083
[ 310000/500000]  ep= 310  reward(last50)= 516.65  alpha=0.0086
[ 320000/500000]  eval(5)= 597.23 +/- 23.60   alpha=0.0087
[ 320000/500000]  ep= 320  reward(last50)= 546.42  alpha=0.0087
[ 330000/500000]  ep= 330  reward(last50)= 553.83  alpha=0.0088
[ 340000/500000]  eval(5)= 594.02 +/- 23.24   alpha=0.0092
[ 340000/500000]  ep= 340  reward(last50)= 566.95  alpha=0.0092
[ 350000/500000]  ep= 350  reward(last50)= 574.90  alpha=0.0091
[ 360000/500000]  eval(5)= 595.40 +/- 12.74   alpha=0.0093
[ 360000/500000]  ep= 360  reward(last50)= 580.99  alpha=0.0093
[ 370000/500000]  ep= 370  reward(last50)= 587.12  alpha=0.0097
[ 380000/500000]  eval(5)= 649.04 +/- 8.28    alpha=0.0097
[ 380000/500000]  ep= 380  reward(last50)= 593.10  alpha=0.0097
[ 390000/500000]  ep= 390  reward(last50)= 594.07  alpha=0.0103
[ 400000/500000]  eval(5)= 603.22 +/- 4.69    alpha=0.0103
[ 400000/500000]  ep= 400  reward(last50)= 602.86  alpha=0.0103
[ 410000/500000]  ep= 410  reward(last50)= 598.58  alpha=0.0106
[ 420000/500000]  eval(5)= 627.87 +/- 12.96   alpha=0.0106
[ 420000/500000]  ep= 420  reward(last50)= 602.73  alpha=0.0106
[ 430000/500000]  ep= 430  reward(last50)= 606.84  alpha=0.0107
[ 440000/500000]  eval(5)= 649.48 +/- 13.55   alpha=0.0109
[ 440000/500000]  ep= 440  reward(last50)= 611.34  alpha=0.0109
[ 450000/500000]  ep= 450  reward(last50)= 612.59  alpha=0.0109
[ 460000/500000]  eval(5)= 588.52 +/- 14.65   alpha=0.0113
[ 460000/500000]  ep= 460  reward(last50)= 620.99  alpha=0.0113
[ 470000/500000]  ep= 470  reward(last50)= 623.22  alpha=0.0119
[ 480000/500000]  eval(5)= 516.00 +/- 188.02  alpha=0.0119
[ 480000/500000]  ep= 480  reward(last50)= 623.97  alpha=0.0119
[ 490000/500000]  ep= 490  reward(last50)= 624.66  alpha=0.0117
[ 500000/500000]  eval(5)= 647.42 +/- 2.68    alpha=0.0123
[ 500000/500000]  ep= 500  reward(last50)= 625.10  alpha=0.0123
Saved SAC checkpoint to checkpoints/dmcs/cheetah-run/efficiency/sac_seed44.pt

Evaluating (deterministic)...
Eval(10): mean=649.64  std=3.00
