/home/bruinml/anaconda3/envs/highway/lib/python3.11/site-packages/glfw/__init__.py:917: GLFWError: (65550) b'X11: The DISPLAY environment variable is missing'
  warnings.warn(message, GLFWError)
/home/bruinml/anaconda3/envs/highway/lib/python3.11/site-packages/pygame/pkgdata.py:25: UserWarning: pkg_resources is deprecated as an API. See https://setuptools.pypa.io/en/latest/pkg_resources.html. The pkg_resources package is slated for removal as early as 2025-11-30. Refrain from using this package or pin to Setuptools<81.
  from pkg_resources import resource_stream, resource_exists
/home/bruinml/anaconda3/envs/highway/lib/python3.11/site-packages/torch/cuda/__init__.py:180: UserWarning: CUDA initialization: The NVIDIA driver on your system is too old (found version 12080). Please update your GPU driver by downloading and installing a new version from the URL: http://www.nvidia.com/Download/index.aspx Alternatively, go to: https://pytorch.org to install a PyTorch version that has been compiled with your version of the CUDA driver. (Triggered internally at /pytorch/c10/cuda/CUDAFunctions.cpp:119.)
  return torch._C._cuda_getDeviceCount() > 0
Uniform DQN on dm_control/cheetah-run  da=6  n=16 (per axis -> 96 total cells)  seed=44  steps=500000
[  10000/500000]  ep=  10  reward(last50)=   8.73  n_per_axis=[16, 16, 16, 16, 16, 16]  total_splits=0
[  20000/500000]  eval(5)=  71.18 +/- 12.46   n_per_axis=[16, 16, 16, 16, 16, 16]
[  20000/500000]  ep=  20  reward(last50)=  20.86  n_per_axis=[16, 16, 16, 16, 16, 16]  total_splits=0
[  30000/500000]  ep=  30  reward(last50)=  40.17  n_per_axis=[16, 16, 16, 16, 16, 16]  total_splits=0
[  40000/500000]  eval(5)= 178.98 +/- 13.02   n_per_axis=[16, 16, 16, 16, 16, 16]
[  40000/500000]  ep=  40  reward(last50)=  55.02  n_per_axis=[16, 16, 16, 16, 16, 16]  total_splits=0
[  50000/500000]  ep=  50  reward(last50)=  78.33  n_per_axis=[16, 16, 16, 16, 16, 16]  total_splits=0
[  60000/500000]  eval(5)= 121.49 +/- 76.61   n_per_axis=[16, 16, 16, 16, 16, 16]
[  60000/500000]  ep=  60  reward(last50)= 111.75  n_per_axis=[16, 16, 16, 16, 16, 16]  total_splits=0
[  70000/500000]  ep=  70  reward(last50)= 147.01  n_per_axis=[16, 16, 16, 16, 16, 16]  total_splits=0
[  80000/500000]  eval(5)= 190.84 +/- 72.71   n_per_axis=[16, 16, 16, 16, 16, 16]
[  80000/500000]  ep=  80  reward(last50)= 179.75  n_per_axis=[16, 16, 16, 16, 16, 16]  total_splits=0
[  90000/500000]  ep=  90  reward(last50)= 206.33  n_per_axis=[16, 16, 16, 16, 16, 16]  total_splits=0
[ 100000/500000]  eval(5)= 309.48 +/- 49.76   n_per_axis=[16, 16, 16, 16, 16, 16]
[ 100000/500000]  ep= 100  reward(last50)= 227.91  n_per_axis=[16, 16, 16, 16, 16, 16]  total_splits=0
[ 110000/500000]  ep= 110  reward(last50)= 251.09  n_per_axis=[16, 16, 16, 16, 16, 16]  total_splits=0
[ 120000/500000]  eval(5)= 332.08 +/- 47.20   n_per_axis=[16, 16, 16, 16, 16, 16]
[ 120000/500000]  ep= 120  reward(last50)= 271.16  n_per_axis=[16, 16, 16, 16, 16, 16]  total_splits=0
[ 130000/500000]  ep= 130  reward(last50)= 293.01  n_per_axis=[16, 16, 16, 16, 16, 16]  total_splits=0
[ 140000/500000]  eval(5)= 393.46 +/- 8.96    n_per_axis=[16, 16, 16, 16, 16, 16]
[ 140000/500000]  ep= 140  reward(last50)= 311.93  n_per_axis=[16, 16, 16, 16, 16, 16]  total_splits=0
[ 150000/500000]  ep= 150  reward(last50)= 330.11  n_per_axis=[16, 16, 16, 16, 16, 16]  total_splits=0
[ 160000/500000]  eval(5)= 383.90 +/- 39.79   n_per_axis=[16, 16, 16, 16, 16, 16]
[ 160000/500000]  ep= 160  reward(last50)= 343.70  n_per_axis=[16, 16, 16, 16, 16, 16]  total_splits=0
[ 170000/500000]  ep= 170  reward(last50)= 346.23  n_per_axis=[16, 16, 16, 16, 16, 16]  total_splits=0
[ 180000/500000]  eval(5)= 276.62 +/- 104.25  n_per_axis=[16, 16, 16, 16, 16, 16]
[ 180000/500000]  ep= 180  reward(last50)= 350.10  n_per_axis=[16, 16, 16, 16, 16, 16]  total_splits=0
[ 190000/500000]  ep= 190  reward(last50)= 359.67  n_per_axis=[16, 16, 16, 16, 16, 16]  total_splits=0
[ 200000/500000]  eval(5)= 370.72 +/- 41.59   n_per_axis=[16, 16, 16, 16, 16, 16]
[ 200000/500000]  ep= 200  reward(last50)= 349.69  n_per_axis=[16, 16, 16, 16, 16, 16]  total_splits=0
[ 210000/500000]  ep= 210  reward(last50)= 358.08  n_per_axis=[16, 16, 16, 16, 16, 16]  total_splits=0
[ 220000/500000]  eval(5)= 261.65 +/- 23.43   n_per_axis=[16, 16, 16, 16, 16, 16]
[ 220000/500000]  ep= 220  reward(last50)= 374.44  n_per_axis=[16, 16, 16, 16, 16, 16]  total_splits=0
[ 230000/500000]  ep= 230  reward(last50)= 386.14  n_per_axis=[16, 16, 16, 16, 16, 16]  total_splits=0
[ 240000/500000]  eval(5)= 405.98 +/- 32.74   n_per_axis=[16, 16, 16, 16, 16, 16]
[ 240000/500000]  ep= 240  reward(last50)= 402.58  n_per_axis=[16, 16, 16, 16, 16, 16]  total_splits=0
[ 250000/500000]  ep= 250  reward(last50)= 423.92  n_per_axis=[16, 16, 16, 16, 16, 16]  total_splits=0
[ 260000/500000]  eval(5)= 434.36 +/- 21.24   n_per_axis=[16, 16, 16, 16, 16, 16]
[ 260000/500000]  ep= 260  reward(last50)= 428.73  n_per_axis=[16, 16, 16, 16, 16, 16]  total_splits=0
[ 270000/500000]  ep= 270  reward(last50)= 437.64  n_per_axis=[16, 16, 16, 16, 16, 16]  total_splits=0
[ 280000/500000]  eval(5)= 493.75 +/- 15.56   n_per_axis=[16, 16, 16, 16, 16, 16]
[ 280000/500000]  ep= 280  reward(last50)= 435.91  n_per_axis=[16, 16, 16, 16, 16, 16]  total_splits=0
[ 290000/500000]  ep= 290  reward(last50)= 437.19  n_per_axis=[16, 16, 16, 16, 16, 16]  total_splits=0
[ 300000/500000]  eval(5)= 447.98 +/- 22.02   n_per_axis=[16, 16, 16, 16, 16, 16]
[ 300000/500000]  ep= 300  reward(last50)= 439.48  n_per_axis=[16, 16, 16, 16, 16, 16]  total_splits=0
[ 310000/500000]  ep= 310  reward(last50)= 447.83  n_per_axis=[16, 16, 16, 16, 16, 16]  total_splits=0
[ 320000/500000]  eval(5)= 348.79 +/- 84.27   n_per_axis=[16, 16, 16, 16, 16, 16]
[ 320000/500000]  ep= 320  reward(last50)= 448.19  n_per_axis=[16, 16, 16, 16, 16, 16]  total_splits=0
[ 330000/500000]  ep= 330  reward(last50)= 449.56  n_per_axis=[16, 16, 16, 16, 16, 16]  total_splits=0
[ 340000/500000]  eval(5)= 325.55 +/- 166.22  n_per_axis=[16, 16, 16, 16, 16, 16]
[ 340000/500000]  ep= 340  reward(last50)= 443.60  n_per_axis=[16, 16, 16, 16, 16, 16]  total_splits=0
[ 350000/500000]  ep= 350  reward(last50)= 450.75  n_per_axis=[16, 16, 16, 16, 16, 16]  total_splits=0
[ 360000/500000]  eval(5)= 379.13 +/- 135.79  n_per_axis=[16, 16, 16, 16, 16, 16]
[ 360000/500000]  ep= 360  reward(last50)= 454.68  n_per_axis=[16, 16, 16, 16, 16, 16]  total_splits=0
[ 370000/500000]  ep= 370  reward(last50)= 448.61  n_per_axis=[16, 16, 16, 16, 16, 16]  total_splits=0
[ 380000/500000]  eval(5)= 414.03 +/- 11.19   n_per_axis=[16, 16, 16, 16, 16, 16]
[ 380000/500000]  ep= 380  reward(last50)= 441.68  n_per_axis=[16, 16, 16, 16, 16, 16]  total_splits=0
[ 390000/500000]  ep= 390  reward(last50)= 440.15  n_per_axis=[16, 16, 16, 16, 16, 16]  total_splits=0
[ 400000/500000]  eval(5)= 326.65 +/- 119.83  n_per_axis=[16, 16, 16, 16, 16, 16]
[ 400000/500000]  ep= 400  reward(last50)= 436.63  n_per_axis=[16, 16, 16, 16, 16, 16]  total_splits=0
[ 410000/500000]  ep= 410  reward(last50)= 428.62  n_per_axis=[16, 16, 16, 16, 16, 16]  total_splits=0
[ 420000/500000]  eval(5)= 558.68 +/- 12.61   n_per_axis=[16, 16, 16, 16, 16, 16]
[ 420000/500000]  ep= 420  reward(last50)= 440.07  n_per_axis=[16, 16, 16, 16, 16, 16]  total_splits=0
[ 430000/500000]  ep= 430  reward(last50)= 453.81  n_per_axis=[16, 16, 16, 16, 16, 16]  total_splits=0
[ 440000/500000]  eval(5)= 496.23 +/- 11.79   n_per_axis=[16, 16, 16, 16, 16, 16]
[ 440000/500000]  ep= 440  reward(last50)= 456.38  n_per_axis=[16, 16, 16, 16, 16, 16]  total_splits=0
[ 450000/500000]  ep= 450  reward(last50)= 452.78  n_per_axis=[16, 16, 16, 16, 16, 16]  total_splits=0
[ 460000/500000]  eval(5)= 487.45 +/- 18.56   n_per_axis=[16, 16, 16, 16, 16, 16]
[ 460000/500000]  ep= 460  reward(last50)= 454.84  n_per_axis=[16, 16, 16, 16, 16, 16]  total_splits=0
[ 470000/500000]  ep= 470  reward(last50)= 457.67  n_per_axis=[16, 16, 16, 16, 16, 16]  total_splits=0
[ 480000/500000]  eval(5)= 518.53 +/- 41.88   n_per_axis=[16, 16, 16, 16, 16, 16]
[ 480000/500000]  ep= 480  reward(last50)= 464.97  n_per_axis=[16, 16, 16, 16, 16, 16]  total_splits=0
[ 490000/500000]  ep= 490  reward(last50)= 476.07  n_per_axis=[16, 16, 16, 16, 16, 16]  total_splits=0
[ 500000/500000]  eval(5)= 502.47 +/- 24.03   n_per_axis=[16, 16, 16, 16, 16, 16]
[ 500000/500000]  ep= 500  reward(last50)= 479.93  n_per_axis=[16, 16, 16, 16, 16, 16]  total_splits=0
Saved BranchingDQN checkpoint to checkpoints/dmcs/cheetah-run/efficiency/uniform_n16_seed44.pt

Evaluating (deterministic)...
Eval(10): mean=516.21  std=28.12
Final n_per_axis: [16, 16, 16, 16, 16, 16]  total_cells: 96  (uniform; no splits)
