/home/bruinml/anaconda3/envs/highway/lib/python3.11/site-packages/glfw/__init__.py:917: GLFWError: (65550) b'X11: The DISPLAY environment variable is missing'
  warnings.warn(message, GLFWError)
/home/bruinml/anaconda3/envs/highway/lib/python3.11/site-packages/pygame/pkgdata.py:25: UserWarning: pkg_resources is deprecated as an API. See https://setuptools.pypa.io/en/latest/pkg_resources.html. The pkg_resources package is slated for removal as early as 2025-11-30. Refrain from using this package or pin to Setuptools<81.
  from pkg_resources import resource_stream, resource_exists
/home/bruinml/anaconda3/envs/highway/lib/python3.11/site-packages/torch/cuda/__init__.py:180: UserWarning: CUDA initialization: The NVIDIA driver on your system is too old (found version 12080). Please update your GPU driver by downloading and installing a new version from the URL: http://www.nvidia.com/Download/index.aspx Alternatively, go to: https://pytorch.org to install a PyTorch version that has been compiled with your version of the CUDA driver. (Triggered internally at /pytorch/c10/cuda/CUDAFunctions.cpp:119.)
  return torch._C._cuda_getDeviceCount() > 0
Uniform DQN on dm_control/cheetah-run  da=6  n=64 (per axis -> 384 total cells)  seed=43  steps=500000
[  10000/500000]  ep=  10  reward(last50)=   7.21  n_per_axis=[64, 64, 64, 64, 64, 64]  total_splits=0
[  20000/500000]  eval(5)=  45.47 +/- 6.60    n_per_axis=[64, 64, 64, 64, 64, 64]
[  20000/500000]  ep=  20  reward(last50)=  13.44  n_per_axis=[64, 64, 64, 64, 64, 64]  total_splits=0
[  30000/500000]  ep=  30  reward(last50)=  32.66  n_per_axis=[64, 64, 64, 64, 64, 64]  total_splits=0
[  40000/500000]  eval(5)=  42.75 +/- 22.77   n_per_axis=[64, 64, 64, 64, 64, 64]
[  40000/500000]  ep=  40  reward(last50)=  42.45  n_per_axis=[64, 64, 64, 64, 64, 64]  total_splits=0
[  50000/500000]  ep=  50  reward(last50)=  47.97  n_per_axis=[64, 64, 64, 64, 64, 64]  total_splits=0
[  60000/500000]  eval(5)= 101.13 +/- 22.38   n_per_axis=[64, 64, 64, 64, 64, 64]
[  60000/500000]  ep=  60  reward(last50)=  66.72  n_per_axis=[64, 64, 64, 64, 64, 64]  total_splits=0
[  70000/500000]  ep=  70  reward(last50)=  81.68  n_per_axis=[64, 64, 64, 64, 64, 64]  total_splits=0
[  80000/500000]  eval(5)= 119.80 +/- 52.97   n_per_axis=[64, 64, 64, 64, 64, 64]
[  80000/500000]  ep=  80  reward(last50)=  85.07  n_per_axis=[64, 64, 64, 64, 64, 64]  total_splits=0
[  90000/500000]  ep=  90  reward(last50)=  97.52  n_per_axis=[64, 64, 64, 64, 64, 64]  total_splits=0
[ 100000/500000]  eval(5)= 206.64 +/- 52.22   n_per_axis=[64, 64, 64, 64, 64, 64]
[ 100000/500000]  ep= 100  reward(last50)= 113.24  n_per_axis=[64, 64, 64, 64, 64, 64]  total_splits=0
[ 110000/500000]  ep= 110  reward(last50)= 125.88  n_per_axis=[64, 64, 64, 64, 64, 64]  total_splits=0
[ 120000/500000]  eval(5)= 162.75 +/- 65.90   n_per_axis=[64, 64, 64, 64, 64, 64]
[ 120000/500000]  ep= 120  reward(last50)= 136.05  n_per_axis=[64, 64, 64, 64, 64, 64]  total_splits=0
[ 130000/500000]  ep= 130  reward(last50)= 160.72  n_per_axis=[64, 64, 64, 64, 64, 64]  total_splits=0
[ 140000/500000]  eval(5)= 264.90 +/- 33.46   n_per_axis=[64, 64, 64, 64, 64, 64]
[ 140000/500000]  ep= 140  reward(last50)= 181.55  n_per_axis=[64, 64, 64, 64, 64, 64]  total_splits=0
[ 150000/500000]  ep= 150  reward(last50)= 200.18  n_per_axis=[64, 64, 64, 64, 64, 64]  total_splits=0
[ 160000/500000]  eval(5)= 234.32 +/- 69.20   n_per_axis=[64, 64, 64, 64, 64, 64]
[ 160000/500000]  ep= 160  reward(last50)= 212.57  n_per_axis=[64, 64, 64, 64, 64, 64]  total_splits=0
[ 170000/500000]  ep= 170  reward(last50)= 230.72  n_per_axis=[64, 64, 64, 64, 64, 64]  total_splits=0
[ 180000/500000]  eval(5)= 316.06 +/- 34.34   n_per_axis=[64, 64, 64, 64, 64, 64]
[ 180000/500000]  ep= 180  reward(last50)= 243.72  n_per_axis=[64, 64, 64, 64, 64, 64]  total_splits=0
[ 190000/500000]  ep= 190  reward(last50)= 257.35  n_per_axis=[64, 64, 64, 64, 64, 64]  total_splits=0
[ 200000/500000]  eval(5)= 304.73 +/- 45.96   n_per_axis=[64, 64, 64, 64, 64, 64]
[ 200000/500000]  ep= 200  reward(last50)= 271.13  n_per_axis=[64, 64, 64, 64, 64, 64]  total_splits=0
[ 210000/500000]  ep= 210  reward(last50)= 279.40  n_per_axis=[64, 64, 64, 64, 64, 64]  total_splits=0
[ 220000/500000]  eval(5)= 345.77 +/- 48.08   n_per_axis=[64, 64, 64, 64, 64, 64]
[ 220000/500000]  ep= 220  reward(last50)= 296.38  n_per_axis=[64, 64, 64, 64, 64, 64]  total_splits=0
[ 230000/500000]  ep= 230  reward(last50)= 311.16  n_per_axis=[64, 64, 64, 64, 64, 64]  total_splits=0
[ 240000/500000]  eval(5)= 266.39 +/- 73.20   n_per_axis=[64, 64, 64, 64, 64, 64]
[ 240000/500000]  ep= 240  reward(last50)= 314.11  n_per_axis=[64, 64, 64, 64, 64, 64]  total_splits=0
[ 250000/500000]  ep= 250  reward(last50)= 329.75  n_per_axis=[64, 64, 64, 64, 64, 64]  total_splits=0
[ 260000/500000]  eval(5)= 405.72 +/- 34.47   n_per_axis=[64, 64, 64, 64, 64, 64]
[ 260000/500000]  ep= 260  reward(last50)= 347.98  n_per_axis=[64, 64, 64, 64, 64, 64]  total_splits=0
[ 270000/500000]  ep= 270  reward(last50)= 362.96  n_per_axis=[64, 64, 64, 64, 64, 64]  total_splits=0
[ 280000/500000]  eval(5)= 359.68 +/- 12.91   n_per_axis=[64, 64, 64, 64, 64, 64]
[ 280000/500000]  ep= 280  reward(last50)= 352.00  n_per_axis=[64, 64, 64, 64, 64, 64]  total_splits=0
[ 290000/500000]  ep= 290  reward(last50)= 369.76  n_per_axis=[64, 64, 64, 64, 64, 64]  total_splits=0
[ 300000/500000]  eval(5)= 455.47 +/- 24.39   n_per_axis=[64, 64, 64, 64, 64, 64]
[ 300000/500000]  ep= 300  reward(last50)= 370.05  n_per_axis=[64, 64, 64, 64, 64, 64]  total_splits=0
[ 310000/500000]  ep= 310  reward(last50)= 370.96  n_per_axis=[64, 64, 64, 64, 64, 64]  total_splits=0
[ 320000/500000]  eval(5)= 468.46 +/- 29.10   n_per_axis=[64, 64, 64, 64, 64, 64]
[ 320000/500000]  ep= 320  reward(last50)= 374.49  n_per_axis=[64, 64, 64, 64, 64, 64]  total_splits=0
[ 330000/500000]  ep= 330  reward(last50)= 390.88  n_per_axis=[64, 64, 64, 64, 64, 64]  total_splits=0
[ 340000/500000]  eval(5)= 420.90 +/- 102.23  n_per_axis=[64, 64, 64, 64, 64, 64]
[ 340000/500000]  ep= 340  reward(last50)= 384.88  n_per_axis=[64, 64, 64, 64, 64, 64]  total_splits=0
[ 350000/500000]  ep= 350  reward(last50)= 379.98  n_per_axis=[64, 64, 64, 64, 64, 64]  total_splits=0
[ 360000/500000]  eval(5)= 485.23 +/- 23.00   n_per_axis=[64, 64, 64, 64, 64, 64]
[ 360000/500000]  ep= 360  reward(last50)= 368.68  n_per_axis=[64, 64, 64, 64, 64, 64]  total_splits=0
[ 370000/500000]  ep= 370  reward(last50)= 353.00  n_per_axis=[64, 64, 64, 64, 64, 64]  total_splits=0
[ 380000/500000]  eval(5)= 383.48 +/- 107.95  n_per_axis=[64, 64, 64, 64, 64, 64]
[ 380000/500000]  ep= 380  reward(last50)= 356.23  n_per_axis=[64, 64, 64, 64, 64, 64]  total_splits=0
[ 390000/500000]  ep= 390  reward(last50)= 353.64  n_per_axis=[64, 64, 64, 64, 64, 64]  total_splits=0
[ 400000/500000]  eval(5)= 331.46 +/- 107.61  n_per_axis=[64, 64, 64, 64, 64, 64]
[ 400000/500000]  ep= 400  reward(last50)= 353.72  n_per_axis=[64, 64, 64, 64, 64, 64]  total_splits=0
[ 410000/500000]  ep= 410  reward(last50)= 352.59  n_per_axis=[64, 64, 64, 64, 64, 64]  total_splits=0
[ 420000/500000]  eval(5)= 358.31 +/- 58.77   n_per_axis=[64, 64, 64, 64, 64, 64]
[ 420000/500000]  ep= 420  reward(last50)= 361.09  n_per_axis=[64, 64, 64, 64, 64, 64]  total_splits=0
[ 430000/500000]  ep= 430  reward(last50)= 363.32  n_per_axis=[64, 64, 64, 64, 64, 64]  total_splits=0
[ 440000/500000]  eval(5)= 347.39 +/- 58.18   n_per_axis=[64, 64, 64, 64, 64, 64]
[ 440000/500000]  ep= 440  reward(last50)= 368.82  n_per_axis=[64, 64, 64, 64, 64, 64]  total_splits=0
[ 450000/500000]  ep= 450  reward(last50)= 370.40  n_per_axis=[64, 64, 64, 64, 64, 64]  total_splits=0
[ 460000/500000]  eval(5)= 421.23 +/- 22.62   n_per_axis=[64, 64, 64, 64, 64, 64]
[ 460000/500000]  ep= 460  reward(last50)= 393.65  n_per_axis=[64, 64, 64, 64, 64, 64]  total_splits=0
[ 470000/500000]  ep= 470  reward(last50)= 387.62  n_per_axis=[64, 64, 64, 64, 64, 64]  total_splits=0
[ 480000/500000]  eval(5)= 269.34 +/- 71.27   n_per_axis=[64, 64, 64, 64, 64, 64]
[ 480000/500000]  ep= 480  reward(last50)= 375.18  n_per_axis=[64, 64, 64, 64, 64, 64]  total_splits=0
[ 490000/500000]  ep= 490  reward(last50)= 377.28  n_per_axis=[64, 64, 64, 64, 64, 64]  total_splits=0
[ 500000/500000]  eval(5)= 432.10 +/- 24.22   n_per_axis=[64, 64, 64, 64, 64, 64]
[ 500000/500000]  ep= 500  reward(last50)= 381.90  n_per_axis=[64, 64, 64, 64, 64, 64]  total_splits=0
Saved BranchingDQN checkpoint to checkpoints/dmcs/cheetah-run/efficiency/uniform_n64_seed43.pt

Evaluating (deterministic)...
Eval(10): mean=392.80  std=109.24
Final n_per_axis: [64, 64, 64, 64, 64, 64]  total_cells: 384  (uniform; no splits)
