/home/bruinml/anaconda3/envs/highway/lib/python3.11/site-packages/glfw/__init__.py:917: GLFWError: (65550) b'X11: The DISPLAY environment variable is missing'
  warnings.warn(message, GLFWError)
/home/bruinml/anaconda3/envs/highway/lib/python3.11/site-packages/pygame/pkgdata.py:25: UserWarning: pkg_resources is deprecated as an API. See https://setuptools.pypa.io/en/latest/pkg_resources.html. The pkg_resources package is slated for removal as early as 2025-11-30. Refrain from using this package or pin to Setuptools<81.
  from pkg_resources import resource_stream, resource_exists
/home/bruinml/anaconda3/envs/highway/lib/python3.11/site-packages/torch/cuda/__init__.py:180: UserWarning: CUDA initialization: The NVIDIA driver on your system is too old (found version 12080). Please update your GPU driver by downloading and installing a new version from the URL: http://www.nvidia.com/Download/index.aspx Alternatively, go to: https://pytorch.org to install a PyTorch version that has been compiled with your version of the CUDA driver. (Triggered internally at /pytorch/c10/cuda/CUDAFunctions.cpp:119.)
  return torch._C._cuda_getDeviceCount() > 0
Uniform DQN on dm_control/cheetah-run  da=6  n=32 (per axis -> 192 total cells)  seed=44  steps=500000
[  10000/500000]  ep=  10  reward(last50)=   2.70  n_per_axis=[32, 32, 32, 32, 32, 32]  total_splits=0
[  20000/500000]  eval(5)=  76.04 +/- 8.64    n_per_axis=[32, 32, 32, 32, 32, 32]
[  20000/500000]  ep=  20  reward(last50)=  15.69  n_per_axis=[32, 32, 32, 32, 32, 32]  total_splits=0
[  30000/500000]  ep=  30  reward(last50)=  36.69  n_per_axis=[32, 32, 32, 32, 32, 32]  total_splits=0
[  40000/500000]  eval(5)=  80.54 +/- 28.84   n_per_axis=[32, 32, 32, 32, 32, 32]
[  40000/500000]  ep=  40  reward(last50)=  55.75  n_per_axis=[32, 32, 32, 32, 32, 32]  total_splits=0
[  50000/500000]  ep=  50  reward(last50)=  67.11  n_per_axis=[32, 32, 32, 32, 32, 32]  total_splits=0
[  60000/500000]  eval(5)= 143.48 +/- 61.93   n_per_axis=[32, 32, 32, 32, 32, 32]
[  60000/500000]  ep=  60  reward(last50)=  95.66  n_per_axis=[32, 32, 32, 32, 32, 32]  total_splits=0
[  70000/500000]  ep=  70  reward(last50)= 128.68  n_per_axis=[32, 32, 32, 32, 32, 32]  total_splits=0
[  80000/500000]  eval(5)= 128.23 +/- 56.39   n_per_axis=[32, 32, 32, 32, 32, 32]
[  80000/500000]  ep=  80  reward(last50)= 152.77  n_per_axis=[32, 32, 32, 32, 32, 32]  total_splits=0
[  90000/500000]  ep=  90  reward(last50)= 166.00  n_per_axis=[32, 32, 32, 32, 32, 32]  total_splits=0
[ 100000/500000]  eval(5)= 285.30 +/- 22.98   n_per_axis=[32, 32, 32, 32, 32, 32]
[ 100000/500000]  ep= 100  reward(last50)= 193.99  n_per_axis=[32, 32, 32, 32, 32, 32]  total_splits=0
[ 110000/500000]  ep= 110  reward(last50)= 220.49  n_per_axis=[32, 32, 32, 32, 32, 32]  total_splits=0
[ 120000/500000]  eval(5)= 254.40 +/- 14.61   n_per_axis=[32, 32, 32, 32, 32, 32]
[ 120000/500000]  ep= 120  reward(last50)= 243.00  n_per_axis=[32, 32, 32, 32, 32, 32]  total_splits=0
[ 130000/500000]  ep= 130  reward(last50)= 268.79  n_per_axis=[32, 32, 32, 32, 32, 32]  total_splits=0
[ 140000/500000]  eval(5)= 371.62 +/- 15.13   n_per_axis=[32, 32, 32, 32, 32, 32]
[ 140000/500000]  ep= 140  reward(last50)= 293.39  n_per_axis=[32, 32, 32, 32, 32, 32]  total_splits=0
[ 150000/500000]  ep= 150  reward(last50)= 316.35  n_per_axis=[32, 32, 32, 32, 32, 32]  total_splits=0
[ 160000/500000]  eval(5)= 356.16 +/- 86.15   n_per_axis=[32, 32, 32, 32, 32, 32]
[ 160000/500000]  ep= 160  reward(last50)= 326.91  n_per_axis=[32, 32, 32, 32, 32, 32]  total_splits=0
[ 170000/500000]  ep= 170  reward(last50)= 336.42  n_per_axis=[32, 32, 32, 32, 32, 32]  total_splits=0
[ 180000/500000]  eval(5)= 426.05 +/- 17.64   n_per_axis=[32, 32, 32, 32, 32, 32]
[ 180000/500000]  ep= 180  reward(last50)= 341.37  n_per_axis=[32, 32, 32, 32, 32, 32]  total_splits=0
[ 190000/500000]  ep= 190  reward(last50)= 364.02  n_per_axis=[32, 32, 32, 32, 32, 32]  total_splits=0
[ 200000/500000]  eval(5)= 440.17 +/- 34.30   n_per_axis=[32, 32, 32, 32, 32, 32]
[ 200000/500000]  ep= 200  reward(last50)= 358.01  n_per_axis=[32, 32, 32, 32, 32, 32]  total_splits=0
[ 210000/500000]  ep= 210  reward(last50)= 365.14  n_per_axis=[32, 32, 32, 32, 32, 32]  total_splits=0
[ 220000/500000]  eval(5)= 345.46 +/- 136.50  n_per_axis=[32, 32, 32, 32, 32, 32]
[ 220000/500000]  ep= 220  reward(last50)= 370.64  n_per_axis=[32, 32, 32, 32, 32, 32]  total_splits=0
[ 230000/500000]  ep= 230  reward(last50)= 379.95  n_per_axis=[32, 32, 32, 32, 32, 32]  total_splits=0
[ 240000/500000]  eval(5)= 403.90 +/- 41.93   n_per_axis=[32, 32, 32, 32, 32, 32]
[ 240000/500000]  ep= 240  reward(last50)= 368.76  n_per_axis=[32, 32, 32, 32, 32, 32]  total_splits=0
[ 250000/500000]  ep= 250  reward(last50)= 382.47  n_per_axis=[32, 32, 32, 32, 32, 32]  total_splits=0
[ 260000/500000]  eval(5)= 483.85 +/- 29.27   n_per_axis=[32, 32, 32, 32, 32, 32]
[ 260000/500000]  ep= 260  reward(last50)= 398.05  n_per_axis=[32, 32, 32, 32, 32, 32]  total_splits=0
[ 270000/500000]  ep= 270  reward(last50)= 401.40  n_per_axis=[32, 32, 32, 32, 32, 32]  total_splits=0
[ 280000/500000]  eval(5)= 176.71 +/- 96.07   n_per_axis=[32, 32, 32, 32, 32, 32]
[ 280000/500000]  ep= 280  reward(last50)= 397.90  n_per_axis=[32, 32, 32, 32, 32, 32]  total_splits=0
[ 290000/500000]  ep= 290  reward(last50)= 407.87  n_per_axis=[32, 32, 32, 32, 32, 32]  total_splits=0
[ 300000/500000]  eval(5)= 246.46 +/- 89.96   n_per_axis=[32, 32, 32, 32, 32, 32]
[ 300000/500000]  ep= 300  reward(last50)= 374.53  n_per_axis=[32, 32, 32, 32, 32, 32]  total_splits=0
[ 310000/500000]  ep= 310  reward(last50)= 346.52  n_per_axis=[32, 32, 32, 32, 32, 32]  total_splits=0
[ 320000/500000]  eval(5)= 450.59 +/- 18.72   n_per_axis=[32, 32, 32, 32, 32, 32]
[ 320000/500000]  ep= 320  reward(last50)= 325.93  n_per_axis=[32, 32, 32, 32, 32, 32]  total_splits=0
[ 330000/500000]  ep= 330  reward(last50)= 304.38  n_per_axis=[32, 32, 32, 32, 32, 32]  total_splits=0
[ 340000/500000]  eval(5)= 396.33 +/- 133.07  n_per_axis=[32, 32, 32, 32, 32, 32]
[ 340000/500000]  ep= 340  reward(last50)= 299.50  n_per_axis=[32, 32, 32, 32, 32, 32]  total_splits=0
[ 350000/500000]  ep= 350  reward(last50)= 330.81  n_per_axis=[32, 32, 32, 32, 32, 32]  total_splits=0
[ 360000/500000]  eval(5)= 437.54 +/- 25.51   n_per_axis=[32, 32, 32, 32, 32, 32]
[ 360000/500000]  ep= 360  reward(last50)= 335.31  n_per_axis=[32, 32, 32, 32, 32, 32]  total_splits=0
[ 370000/500000]  ep= 370  reward(last50)= 353.37  n_per_axis=[32, 32, 32, 32, 32, 32]  total_splits=0
[ 380000/500000]  eval(5)= 422.44 +/- 147.70  n_per_axis=[32, 32, 32, 32, 32, 32]
[ 380000/500000]  ep= 380  reward(last50)= 371.60  n_per_axis=[32, 32, 32, 32, 32, 32]  total_splits=0
[ 390000/500000]  ep= 390  reward(last50)= 368.73  n_per_axis=[32, 32, 32, 32, 32, 32]  total_splits=0
[ 400000/500000]  eval(5)= 435.96 +/- 85.93   n_per_axis=[32, 32, 32, 32, 32, 32]
[ 400000/500000]  ep= 400  reward(last50)= 356.92  n_per_axis=[32, 32, 32, 32, 32, 32]  total_splits=0
[ 410000/500000]  ep= 410  reward(last50)= 355.14  n_per_axis=[32, 32, 32, 32, 32, 32]  total_splits=0
[ 420000/500000]  eval(5)= 249.75 +/- 124.66  n_per_axis=[32, 32, 32, 32, 32, 32]
[ 420000/500000]  ep= 420  reward(last50)= 359.23  n_per_axis=[32, 32, 32, 32, 32, 32]  total_splits=0
[ 430000/500000]  ep= 430  reward(last50)= 354.98  n_per_axis=[32, 32, 32, 32, 32, 32]  total_splits=0
[ 440000/500000]  eval(5)= 279.34 +/- 75.69   n_per_axis=[32, 32, 32, 32, 32, 32]
[ 440000/500000]  ep= 440  reward(last50)= 356.10  n_per_axis=[32, 32, 32, 32, 32, 32]  total_splits=0
[ 450000/500000]  ep= 450  reward(last50)= 359.43  n_per_axis=[32, 32, 32, 32, 32, 32]  total_splits=0
[ 460000/500000]  eval(5)= 495.37 +/- 60.74   n_per_axis=[32, 32, 32, 32, 32, 32]
[ 460000/500000]  ep= 460  reward(last50)= 369.70  n_per_axis=[32, 32, 32, 32, 32, 32]  total_splits=0
[ 470000/500000]  ep= 470  reward(last50)= 374.61  n_per_axis=[32, 32, 32, 32, 32, 32]  total_splits=0
[ 480000/500000]  eval(5)= 267.50 +/- 114.24  n_per_axis=[32, 32, 32, 32, 32, 32]
[ 480000/500000]  ep= 480  reward(last50)= 370.73  n_per_axis=[32, 32, 32, 32, 32, 32]  total_splits=0
[ 490000/500000]  ep= 490  reward(last50)= 370.82  n_per_axis=[32, 32, 32, 32, 32, 32]  total_splits=0
[ 500000/500000]  eval(5)= 484.23 +/- 40.35   n_per_axis=[32, 32, 32, 32, 32, 32]
[ 500000/500000]  ep= 500  reward(last50)= 385.69  n_per_axis=[32, 32, 32, 32, 32, 32]  total_splits=0
Saved BranchingDQN checkpoint to checkpoints/dmcs/cheetah-run/efficiency/uniform_n32_seed44.pt

Evaluating (deterministic)...
Eval(10): mean=472.92  std=99.82
Final n_per_axis: [32, 32, 32, 32, 32, 32]  total_cells: 192  (uniform; no splits)
