/home/bruinml/anaconda3/envs/highway/lib/python3.11/site-packages/glfw/__init__.py:917: GLFWError: (65550) b'X11: The DISPLAY environment variable is missing'
  warnings.warn(message, GLFWError)
/home/bruinml/anaconda3/envs/highway/lib/python3.11/site-packages/pygame/pkgdata.py:25: UserWarning: pkg_resources is deprecated as an API. See https://setuptools.pypa.io/en/latest/pkg_resources.html. The pkg_resources package is slated for removal as early as 2025-11-30. Refrain from using this package or pin to Setuptools<81.
  from pkg_resources import resource_stream, resource_exists
/home/bruinml/anaconda3/envs/highway/lib/python3.11/site-packages/torch/cuda/__init__.py:180: UserWarning: CUDA initialization: The NVIDIA driver on your system is too old (found version 12080). Please update your GPU driver by downloading and installing a new version from the URL: http://www.nvidia.com/Download/index.aspx Alternatively, go to: https://pytorch.org to install a PyTorch version that has been compiled with your version of the CUDA driver. (Triggered internally at /pytorch/c10/cuda/CUDAFunctions.cpp:119.)
  return torch._C._cuda_getDeviceCount() > 0
Uniform DQN on dm_control/cheetah-run  da=6  n=128 (per axis -> 768 total cells)  seed=42  steps=500000
[  10000/500000]  ep=  10  reward(last50)=  10.76  n_per_axis=[128, 128, 128, 128, 128, 128]  total_splits=0
[  20000/500000]  eval(5)=  52.54 +/- 14.27   n_per_axis=[128, 128, 128, 128, 128, 128]
[  20000/500000]  ep=  20  reward(last50)=  16.49  n_per_axis=[128, 128, 128, 128, 128, 128]  total_splits=0
[  30000/500000]  ep=  30  reward(last50)=  31.63  n_per_axis=[128, 128, 128, 128, 128, 128]  total_splits=0
[  40000/500000]  eval(5)=  66.16 +/- 27.43   n_per_axis=[128, 128, 128, 128, 128, 128]
[  40000/500000]  ep=  40  reward(last50)=  39.00  n_per_axis=[128, 128, 128, 128, 128, 128]  total_splits=0
[  50000/500000]  ep=  50  reward(last50)=  47.10  n_per_axis=[128, 128, 128, 128, 128, 128]  total_splits=0
[  60000/500000]  eval(5)=  95.07 +/- 27.45   n_per_axis=[128, 128, 128, 128, 128, 128]
[  60000/500000]  ep=  60  reward(last50)=  62.63  n_per_axis=[128, 128, 128, 128, 128, 128]  total_splits=0
[  70000/500000]  ep=  70  reward(last50)=  78.88  n_per_axis=[128, 128, 128, 128, 128, 128]  total_splits=0
[  80000/500000]  eval(5)= 104.28 +/- 30.16   n_per_axis=[128, 128, 128, 128, 128, 128]
[  80000/500000]  ep=  80  reward(last50)=  87.12  n_per_axis=[128, 128, 128, 128, 128, 128]  total_splits=0
[  90000/500000]  ep=  90  reward(last50)=  97.08  n_per_axis=[128, 128, 128, 128, 128, 128]  total_splits=0
[ 100000/500000]  eval(5)= 139.36 +/- 27.47   n_per_axis=[128, 128, 128, 128, 128, 128]
[ 100000/500000]  ep= 100  reward(last50)= 107.96  n_per_axis=[128, 128, 128, 128, 128, 128]  total_splits=0
[ 110000/500000]  ep= 110  reward(last50)= 121.16  n_per_axis=[128, 128, 128, 128, 128, 128]  total_splits=0
[ 120000/500000]  eval(5)= 150.32 +/- 71.20   n_per_axis=[128, 128, 128, 128, 128, 128]
[ 120000/500000]  ep= 120  reward(last50)= 129.56  n_per_axis=[128, 128, 128, 128, 128, 128]  total_splits=0
[ 130000/500000]  ep= 130  reward(last50)= 143.33  n_per_axis=[128, 128, 128, 128, 128, 128]  total_splits=0
[ 140000/500000]  eval(5)= 164.12 +/- 51.84   n_per_axis=[128, 128, 128, 128, 128, 128]
[ 140000/500000]  ep= 140  reward(last50)= 151.44  n_per_axis=[128, 128, 128, 128, 128, 128]  total_splits=0
[ 150000/500000]  ep= 150  reward(last50)= 160.73  n_per_axis=[128, 128, 128, 128, 128, 128]  total_splits=0
[ 160000/500000]  eval(5)= 161.66 +/- 43.64   n_per_axis=[128, 128, 128, 128, 128, 128]
[ 160000/500000]  ep= 160  reward(last50)= 168.73  n_per_axis=[128, 128, 128, 128, 128, 128]  total_splits=0
[ 170000/500000]  ep= 170  reward(last50)= 175.03  n_per_axis=[128, 128, 128, 128, 128, 128]  total_splits=0
[ 180000/500000]  eval(5)= 173.09 +/- 14.84   n_per_axis=[128, 128, 128, 128, 128, 128]
[ 180000/500000]  ep= 180  reward(last50)= 174.42  n_per_axis=[128, 128, 128, 128, 128, 128]  total_splits=0
[ 190000/500000]  ep= 190  reward(last50)= 185.78  n_per_axis=[128, 128, 128, 128, 128, 128]  total_splits=0
[ 200000/500000]  eval(5)= 221.11 +/- 73.97   n_per_axis=[128, 128, 128, 128, 128, 128]
[ 200000/500000]  ep= 200  reward(last50)= 187.41  n_per_axis=[128, 128, 128, 128, 128, 128]  total_splits=0
[ 210000/500000]  ep= 210  reward(last50)= 195.16  n_per_axis=[128, 128, 128, 128, 128, 128]  total_splits=0
[ 220000/500000]  eval(5)= 281.31 +/- 39.69   n_per_axis=[128, 128, 128, 128, 128, 128]
[ 220000/500000]  ep= 220  reward(last50)= 206.81  n_per_axis=[128, 128, 128, 128, 128, 128]  total_splits=0
[ 230000/500000]  ep= 230  reward(last50)= 220.67  n_per_axis=[128, 128, 128, 128, 128, 128]  total_splits=0
[ 240000/500000]  eval(5)= 284.40 +/- 46.13   n_per_axis=[128, 128, 128, 128, 128, 128]
[ 240000/500000]  ep= 240  reward(last50)= 229.99  n_per_axis=[128, 128, 128, 128, 128, 128]  total_splits=0
[ 250000/500000]  ep= 250  reward(last50)= 249.14  n_per_axis=[128, 128, 128, 128, 128, 128]  total_splits=0
[ 260000/500000]  eval(5)= 286.19 +/- 29.53   n_per_axis=[128, 128, 128, 128, 128, 128]
[ 260000/500000]  ep= 260  reward(last50)= 256.06  n_per_axis=[128, 128, 128, 128, 128, 128]  total_splits=0
[ 270000/500000]  ep= 270  reward(last50)= 262.97  n_per_axis=[128, 128, 128, 128, 128, 128]  total_splits=0
[ 280000/500000]  eval(5)= 176.59 +/- 90.07   n_per_axis=[128, 128, 128, 128, 128, 128]
[ 280000/500000]  ep= 280  reward(last50)= 271.48  n_per_axis=[128, 128, 128, 128, 128, 128]  total_splits=0
[ 290000/500000]  ep= 290  reward(last50)= 271.72  n_per_axis=[128, 128, 128, 128, 128, 128]  total_splits=0
[ 300000/500000]  eval(5)= 305.95 +/- 46.35   n_per_axis=[128, 128, 128, 128, 128, 128]
[ 300000/500000]  ep= 300  reward(last50)= 271.43  n_per_axis=[128, 128, 128, 128, 128, 128]  total_splits=0
[ 310000/500000]  ep= 310  reward(last50)= 277.56  n_per_axis=[128, 128, 128, 128, 128, 128]  total_splits=0
[ 320000/500000]  eval(5)= 302.70 +/- 18.78   n_per_axis=[128, 128, 128, 128, 128, 128]
[ 320000/500000]  ep= 320  reward(last50)= 281.01  n_per_axis=[128, 128, 128, 128, 128, 128]  total_splits=0
[ 330000/500000]  ep= 330  reward(last50)= 280.32  n_per_axis=[128, 128, 128, 128, 128, 128]  total_splits=0
[ 340000/500000]  eval(5)= 249.28 +/- 78.61   n_per_axis=[128, 128, 128, 128, 128, 128]
[ 340000/500000]  ep= 340  reward(last50)= 280.92  n_per_axis=[128, 128, 128, 128, 128, 128]  total_splits=0
[ 350000/500000]  ep= 350  reward(last50)= 248.78  n_per_axis=[128, 128, 128, 128, 128, 128]  total_splits=0
[ 360000/500000]  eval(5)=  43.96 +/- 10.99   n_per_axis=[128, 128, 128, 128, 128, 128]
[ 360000/500000]  ep= 360  reward(last50)= 204.26  n_per_axis=[128, 128, 128, 128, 128, 128]  total_splits=0
[ 370000/500000]  ep= 370  reward(last50)= 155.26  n_per_axis=[128, 128, 128, 128, 128, 128]  total_splits=0
[ 380000/500000]  eval(5)=  26.77 +/- 20.27   n_per_axis=[128, 128, 128, 128, 128, 128]
[ 380000/500000]  ep= 380  reward(last50)= 106.73  n_per_axis=[128, 128, 128, 128, 128, 128]  total_splits=0
[ 390000/500000]  ep= 390  reward(last50)=  60.72  n_per_axis=[128, 128, 128, 128, 128, 128]  total_splits=0
[ 400000/500000]  eval(5)=  18.18 +/- 13.22   n_per_axis=[128, 128, 128, 128, 128, 128]
[ 400000/500000]  ep= 400  reward(last50)=  41.45  n_per_axis=[128, 128, 128, 128, 128, 128]  total_splits=0
[ 410000/500000]  ep= 410  reward(last50)=  32.86  n_per_axis=[128, 128, 128, 128, 128, 128]  total_splits=0
[ 420000/500000]  eval(5)=  28.62 +/- 16.95   n_per_axis=[128, 128, 128, 128, 128, 128]
[ 420000/500000]  ep= 420  reward(last50)=  30.85  n_per_axis=[128, 128, 128, 128, 128, 128]  total_splits=0
[ 430000/500000]  ep= 430  reward(last50)=  29.81  n_per_axis=[128, 128, 128, 128, 128, 128]  total_splits=0
[ 440000/500000]  eval(5)=  34.61 +/- 10.90   n_per_axis=[128, 128, 128, 128, 128, 128]
[ 440000/500000]  ep= 440  reward(last50)=  29.43  n_per_axis=[128, 128, 128, 128, 128, 128]  total_splits=0
[ 450000/500000]  ep= 450  reward(last50)=  29.39  n_per_axis=[128, 128, 128, 128, 128, 128]  total_splits=0
[ 460000/500000]  eval(5)=  49.09 +/- 14.21   n_per_axis=[128, 128, 128, 128, 128, 128]
[ 460000/500000]  ep= 460  reward(last50)=  27.51  n_per_axis=[128, 128, 128, 128, 128, 128]  total_splits=0
[ 470000/500000]  ep= 470  reward(last50)=  27.72  n_per_axis=[128, 128, 128, 128, 128, 128]  total_splits=0
[ 480000/500000]  eval(5)=  31.98 +/- 2.18    n_per_axis=[128, 128, 128, 128, 128, 128]
[ 480000/500000]  ep= 480  reward(last50)=  28.56  n_per_axis=[128, 128, 128, 128, 128, 128]  total_splits=0
[ 490000/500000]  ep= 490  reward(last50)=  27.47  n_per_axis=[128, 128, 128, 128, 128, 128]  total_splits=0
[ 500000/500000]  eval(5)=  24.65 +/- 4.04    n_per_axis=[128, 128, 128, 128, 128, 128]
[ 500000/500000]  ep= 500  reward(last50)=  28.86  n_per_axis=[128, 128, 128, 128, 128, 128]  total_splits=0
Saved BranchingDQN checkpoint to checkpoints/dmcs/cheetah-run/efficiency/uniform_n128_seed42.pt

Evaluating (deterministic)...
Eval(10): mean=31.38  std=11.10
Final n_per_axis: [128, 128, 128, 128, 128, 128]  total_cells: 768  (uniform; no splits)
