/home/bruinml/anaconda3/envs/highway/lib/python3.11/site-packages/glfw/__init__.py:917: GLFWError: (65550) b'X11: The DISPLAY environment variable is missing'
  warnings.warn(message, GLFWError)
/home/bruinml/anaconda3/envs/highway/lib/python3.11/site-packages/pygame/pkgdata.py:25: UserWarning: pkg_resources is deprecated as an API. See https://setuptools.pypa.io/en/latest/pkg_resources.html. The pkg_resources package is slated for removal as early as 2025-11-30. Refrain from using this package or pin to Setuptools<81.
  from pkg_resources import resource_stream, resource_exists
/home/bruinml/anaconda3/envs/highway/lib/python3.11/site-packages/torch/cuda/__init__.py:180: UserWarning: CUDA initialization: The NVIDIA driver on your system is too old (found version 12080). Please update your GPU driver by downloading and installing a new version from the URL: http://www.nvidia.com/Download/index.aspx Alternatively, go to: https://pytorch.org to install a PyTorch version that has been compiled with your version of the CUDA driver. (Triggered internally at /pytorch/c10/cuda/CUDAFunctions.cpp:119.)
  return torch._C._cuda_getDeviceCount() > 0
Uniform DQN on dm_control/cheetah-run  da=6  n=64 (per axis -> 384 total cells)  seed=42  steps=500000
[  10000/500000]  ep=  10  reward(last50)=   8.01  n_per_axis=[64, 64, 64, 64, 64, 64]  total_splits=0
[  20000/500000]  eval(5)=  42.04 +/- 4.28    n_per_axis=[64, 64, 64, 64, 64, 64]
[  20000/500000]  ep=  20  reward(last50)=  12.14  n_per_axis=[64, 64, 64, 64, 64, 64]  total_splits=0
[  30000/500000]  ep=  30  reward(last50)=  29.89  n_per_axis=[64, 64, 64, 64, 64, 64]  total_splits=0
[  40000/500000]  eval(5)= 102.41 +/- 40.03   n_per_axis=[64, 64, 64, 64, 64, 64]
[  40000/500000]  ep=  40  reward(last50)=  42.47  n_per_axis=[64, 64, 64, 64, 64, 64]  total_splits=0
[  50000/500000]  ep=  50  reward(last50)=  55.27  n_per_axis=[64, 64, 64, 64, 64, 64]  total_splits=0
[  60000/500000]  eval(5)=  84.22 +/- 43.17   n_per_axis=[64, 64, 64, 64, 64, 64]
[  60000/500000]  ep=  60  reward(last50)=  77.37  n_per_axis=[64, 64, 64, 64, 64, 64]  total_splits=0
[  70000/500000]  ep=  70  reward(last50)=  95.84  n_per_axis=[64, 64, 64, 64, 64, 64]  total_splits=0
[  80000/500000]  eval(5)=  92.69 +/- 57.47   n_per_axis=[64, 64, 64, 64, 64, 64]
[  80000/500000]  ep=  80  reward(last50)= 114.29  n_per_axis=[64, 64, 64, 64, 64, 64]  total_splits=0
[  90000/500000]  ep=  90  reward(last50)= 128.65  n_per_axis=[64, 64, 64, 64, 64, 64]  total_splits=0
[ 100000/500000]  eval(5)= 136.78 +/- 55.66   n_per_axis=[64, 64, 64, 64, 64, 64]
[ 100000/500000]  ep= 100  reward(last50)= 129.82  n_per_axis=[64, 64, 64, 64, 64, 64]  total_splits=0
[ 110000/500000]  ep= 110  reward(last50)= 141.22  n_per_axis=[64, 64, 64, 64, 64, 64]  total_splits=0
[ 120000/500000]  eval(5)= 221.45 +/- 33.20   n_per_axis=[64, 64, 64, 64, 64, 64]
[ 120000/500000]  ep= 120  reward(last50)= 165.63  n_per_axis=[64, 64, 64, 64, 64, 64]  total_splits=0
[ 130000/500000]  ep= 130  reward(last50)= 183.86  n_per_axis=[64, 64, 64, 64, 64, 64]  total_splits=0
[ 140000/500000]  eval(5)= 299.15 +/- 48.26   n_per_axis=[64, 64, 64, 64, 64, 64]
[ 140000/500000]  ep= 140  reward(last50)= 195.24  n_per_axis=[64, 64, 64, 64, 64, 64]  total_splits=0
[ 150000/500000]  ep= 150  reward(last50)= 225.76  n_per_axis=[64, 64, 64, 64, 64, 64]  total_splits=0
[ 160000/500000]  eval(5)= 243.95 +/- 58.67   n_per_axis=[64, 64, 64, 64, 64, 64]
[ 160000/500000]  ep= 160  reward(last50)= 245.55  n_per_axis=[64, 64, 64, 64, 64, 64]  total_splits=0
[ 170000/500000]  ep= 170  reward(last50)= 263.05  n_per_axis=[64, 64, 64, 64, 64, 64]  total_splits=0
[ 180000/500000]  eval(5)= 334.09 +/- 40.40   n_per_axis=[64, 64, 64, 64, 64, 64]
[ 180000/500000]  ep= 180  reward(last50)= 273.56  n_per_axis=[64, 64, 64, 64, 64, 64]  total_splits=0
[ 190000/500000]  ep= 190  reward(last50)= 297.90  n_per_axis=[64, 64, 64, 64, 64, 64]  total_splits=0
[ 200000/500000]  eval(5)= 365.85 +/- 35.18   n_per_axis=[64, 64, 64, 64, 64, 64]
[ 200000/500000]  ep= 200  reward(last50)= 315.61  n_per_axis=[64, 64, 64, 64, 64, 64]  total_splits=0
[ 210000/500000]  ep= 210  reward(last50)= 324.15  n_per_axis=[64, 64, 64, 64, 64, 64]  total_splits=0
[ 220000/500000]  eval(5)= 283.86 +/- 72.41   n_per_axis=[64, 64, 64, 64, 64, 64]
[ 220000/500000]  ep= 220  reward(last50)= 322.57  n_per_axis=[64, 64, 64, 64, 64, 64]  total_splits=0
[ 230000/500000]  ep= 230  reward(last50)= 325.36  n_per_axis=[64, 64, 64, 64, 64, 64]  total_splits=0
[ 240000/500000]  eval(5)= 203.68 +/- 93.94   n_per_axis=[64, 64, 64, 64, 64, 64]
[ 240000/500000]  ep= 240  reward(last50)= 337.37  n_per_axis=[64, 64, 64, 64, 64, 64]  total_splits=0
[ 250000/500000]  ep= 250  reward(last50)= 319.40  n_per_axis=[64, 64, 64, 64, 64, 64]  total_splits=0
[ 260000/500000]  eval(5)= 341.85 +/- 107.47  n_per_axis=[64, 64, 64, 64, 64, 64]
[ 260000/500000]  ep= 260  reward(last50)= 327.60  n_per_axis=[64, 64, 64, 64, 64, 64]  total_splits=0
[ 270000/500000]  ep= 270  reward(last50)= 337.25  n_per_axis=[64, 64, 64, 64, 64, 64]  total_splits=0
[ 280000/500000]  eval(5)= 445.46 +/- 35.57   n_per_axis=[64, 64, 64, 64, 64, 64]
[ 280000/500000]  ep= 280  reward(last50)= 355.89  n_per_axis=[64, 64, 64, 64, 64, 64]  total_splits=0
[ 290000/500000]  ep= 290  reward(last50)= 356.97  n_per_axis=[64, 64, 64, 64, 64, 64]  total_splits=0
[ 300000/500000]  eval(5)= 451.91 +/- 57.62   n_per_axis=[64, 64, 64, 64, 64, 64]
[ 300000/500000]  ep= 300  reward(last50)= 384.26  n_per_axis=[64, 64, 64, 64, 64, 64]  total_splits=0
[ 310000/500000]  ep= 310  reward(last50)= 385.40  n_per_axis=[64, 64, 64, 64, 64, 64]  total_splits=0
[ 320000/500000]  eval(5)= 394.14 +/- 77.78   n_per_axis=[64, 64, 64, 64, 64, 64]
[ 320000/500000]  ep= 320  reward(last50)= 392.93  n_per_axis=[64, 64, 64, 64, 64, 64]  total_splits=0
[ 330000/500000]  ep= 330  reward(last50)= 393.70  n_per_axis=[64, 64, 64, 64, 64, 64]  total_splits=0
[ 340000/500000]  eval(5)= 474.63 +/- 23.74   n_per_axis=[64, 64, 64, 64, 64, 64]
[ 340000/500000]  ep= 340  reward(last50)= 388.65  n_per_axis=[64, 64, 64, 64, 64, 64]  total_splits=0
[ 350000/500000]  ep= 350  reward(last50)= 386.04  n_per_axis=[64, 64, 64, 64, 64, 64]  total_splits=0
[ 360000/500000]  eval(5)= 425.82 +/- 37.02   n_per_axis=[64, 64, 64, 64, 64, 64]
[ 360000/500000]  ep= 360  reward(last50)= 393.71  n_per_axis=[64, 64, 64, 64, 64, 64]  total_splits=0
[ 370000/500000]  ep= 370  reward(last50)= 385.07  n_per_axis=[64, 64, 64, 64, 64, 64]  total_splits=0
[ 380000/500000]  eval(5)= 462.83 +/- 25.42   n_per_axis=[64, 64, 64, 64, 64, 64]
[ 380000/500000]  ep= 380  reward(last50)= 376.45  n_per_axis=[64, 64, 64, 64, 64, 64]  total_splits=0
[ 390000/500000]  ep= 390  reward(last50)= 378.72  n_per_axis=[64, 64, 64, 64, 64, 64]  total_splits=0
[ 400000/500000]  eval(5)= 399.14 +/- 105.71  n_per_axis=[64, 64, 64, 64, 64, 64]
[ 400000/500000]  ep= 400  reward(last50)= 379.14  n_per_axis=[64, 64, 64, 64, 64, 64]  total_splits=0
[ 410000/500000]  ep= 410  reward(last50)= 376.89  n_per_axis=[64, 64, 64, 64, 64, 64]  total_splits=0
[ 420000/500000]  eval(5)= 478.73 +/- 31.71   n_per_axis=[64, 64, 64, 64, 64, 64]
[ 420000/500000]  ep= 420  reward(last50)= 389.75  n_per_axis=[64, 64, 64, 64, 64, 64]  total_splits=0
[ 430000/500000]  ep= 430  reward(last50)= 404.98  n_per_axis=[64, 64, 64, 64, 64, 64]  total_splits=0
[ 440000/500000]  eval(5)= 363.17 +/- 113.53  n_per_axis=[64, 64, 64, 64, 64, 64]
[ 440000/500000]  ep= 440  reward(last50)= 387.50  n_per_axis=[64, 64, 64, 64, 64, 64]  total_splits=0
[ 450000/500000]  ep= 450  reward(last50)= 376.90  n_per_axis=[64, 64, 64, 64, 64, 64]  total_splits=0
[ 460000/500000]  eval(5)= 289.85 +/- 117.45  n_per_axis=[64, 64, 64, 64, 64, 64]
[ 460000/500000]  ep= 460  reward(last50)= 363.80  n_per_axis=[64, 64, 64, 64, 64, 64]  total_splits=0
[ 470000/500000]  ep= 470  reward(last50)= 350.31  n_per_axis=[64, 64, 64, 64, 64, 64]  total_splits=0
[ 480000/500000]  eval(5)= 476.74 +/- 46.16   n_per_axis=[64, 64, 64, 64, 64, 64]
[ 480000/500000]  ep= 480  reward(last50)= 324.39  n_per_axis=[64, 64, 64, 64, 64, 64]  total_splits=0
[ 490000/500000]  ep= 490  reward(last50)= 338.74  n_per_axis=[64, 64, 64, 64, 64, 64]  total_splits=0
[ 500000/500000]  eval(5)= 298.56 +/- 128.90  n_per_axis=[64, 64, 64, 64, 64, 64]
[ 500000/500000]  ep= 500  reward(last50)= 354.15  n_per_axis=[64, 64, 64, 64, 64, 64]  total_splits=0
Saved BranchingDQN checkpoint to checkpoints/dmcs/cheetah-run/efficiency/uniform_n64_seed42.pt

Evaluating (deterministic)...
Eval(10): mean=218.59  std=95.38
Final n_per_axis: [64, 64, 64, 64, 64, 64]  total_cells: 384  (uniform; no splits)
