/home/bruinml/anaconda3/envs/highway/lib/python3.11/site-packages/glfw/__init__.py:917: GLFWError: (65550) b'X11: The DISPLAY environment variable is missing'
  warnings.warn(message, GLFWError)
/home/bruinml/anaconda3/envs/highway/lib/python3.11/site-packages/pygame/pkgdata.py:25: UserWarning: pkg_resources is deprecated as an API. See https://setuptools.pypa.io/en/latest/pkg_resources.html. The pkg_resources package is slated for removal as early as 2025-11-30. Refrain from using this package or pin to Setuptools<81.
  from pkg_resources import resource_stream, resource_exists
/home/bruinml/anaconda3/envs/highway/lib/python3.11/site-packages/torch/cuda/__init__.py:180: UserWarning: CUDA initialization: The NVIDIA driver on your system is too old (found version 12080). Please update your GPU driver by downloading and installing a new version from the URL: http://www.nvidia.com/Download/index.aspx Alternatively, go to: https://pytorch.org to install a PyTorch version that has been compiled with your version of the CUDA driver. (Triggered internally at /pytorch/c10/cuda/CUDAFunctions.cpp:119.)
  return torch._C._cuda_getDeviceCount() > 0
Uniform DQN on dm_control/cheetah-run  da=6  n=32 (per axis -> 192 total cells)  seed=43  steps=500000
[  10000/500000]  ep=  10  reward(last50)=   3.52  n_per_axis=[32, 32, 32, 32, 32, 32]  total_splits=0
[  20000/500000]  eval(5)=  72.67 +/- 9.44    n_per_axis=[32, 32, 32, 32, 32, 32]
[  20000/500000]  ep=  20  reward(last50)=  14.26  n_per_axis=[32, 32, 32, 32, 32, 32]  total_splits=0
[  30000/500000]  ep=  30  reward(last50)=  36.18  n_per_axis=[32, 32, 32, 32, 32, 32]  total_splits=0
[  40000/500000]  eval(5)= 108.62 +/- 30.77   n_per_axis=[32, 32, 32, 32, 32, 32]
[  40000/500000]  ep=  40  reward(last50)=  50.28  n_per_axis=[32, 32, 32, 32, 32, 32]  total_splits=0
[  50000/500000]  ep=  50  reward(last50)=  65.34  n_per_axis=[32, 32, 32, 32, 32, 32]  total_splits=0
[  60000/500000]  eval(5)= 111.43 +/- 29.39   n_per_axis=[32, 32, 32, 32, 32, 32]
[  60000/500000]  ep=  60  reward(last50)=  85.82  n_per_axis=[32, 32, 32, 32, 32, 32]  total_splits=0
[  70000/500000]  ep=  70  reward(last50)= 100.70  n_per_axis=[32, 32, 32, 32, 32, 32]  total_splits=0
[  80000/500000]  eval(5)= 153.70 +/- 40.18   n_per_axis=[32, 32, 32, 32, 32, 32]
[  80000/500000]  ep=  80  reward(last50)= 116.74  n_per_axis=[32, 32, 32, 32, 32, 32]  total_splits=0
[  90000/500000]  ep=  90  reward(last50)= 137.48  n_per_axis=[32, 32, 32, 32, 32, 32]  total_splits=0
[ 100000/500000]  eval(5)= 209.66 +/- 46.24   n_per_axis=[32, 32, 32, 32, 32, 32]
[ 100000/500000]  ep= 100  reward(last50)= 152.99  n_per_axis=[32, 32, 32, 32, 32, 32]  total_splits=0
[ 110000/500000]  ep= 110  reward(last50)= 168.49  n_per_axis=[32, 32, 32, 32, 32, 32]  total_splits=0
[ 120000/500000]  eval(5)= 190.06 +/- 74.26   n_per_axis=[32, 32, 32, 32, 32, 32]
[ 120000/500000]  ep= 120  reward(last50)= 189.85  n_per_axis=[32, 32, 32, 32, 32, 32]  total_splits=0
[ 130000/500000]  ep= 130  reward(last50)= 212.54  n_per_axis=[32, 32, 32, 32, 32, 32]  total_splits=0
[ 140000/500000]  eval(5)= 311.71 +/- 67.08   n_per_axis=[32, 32, 32, 32, 32, 32]
[ 140000/500000]  ep= 140  reward(last50)= 228.72  n_per_axis=[32, 32, 32, 32, 32, 32]  total_splits=0
[ 150000/500000]  ep= 150  reward(last50)= 247.67  n_per_axis=[32, 32, 32, 32, 32, 32]  total_splits=0
[ 160000/500000]  eval(5)= 340.84 +/- 32.80   n_per_axis=[32, 32, 32, 32, 32, 32]
[ 160000/500000]  ep= 160  reward(last50)= 258.78  n_per_axis=[32, 32, 32, 32, 32, 32]  total_splits=0
[ 170000/500000]  ep= 170  reward(last50)= 280.00  n_per_axis=[32, 32, 32, 32, 32, 32]  total_splits=0
[ 180000/500000]  eval(5)= 361.66 +/- 47.93   n_per_axis=[32, 32, 32, 32, 32, 32]
[ 180000/500000]  ep= 180  reward(last50)= 298.55  n_per_axis=[32, 32, 32, 32, 32, 32]  total_splits=0
[ 190000/500000]  ep= 190  reward(last50)= 318.22  n_per_axis=[32, 32, 32, 32, 32, 32]  total_splits=0
[ 200000/500000]  eval(5)= 419.68 +/- 13.86   n_per_axis=[32, 32, 32, 32, 32, 32]
[ 200000/500000]  ep= 200  reward(last50)= 335.51  n_per_axis=[32, 32, 32, 32, 32, 32]  total_splits=0
[ 210000/500000]  ep= 210  reward(last50)= 353.03  n_per_axis=[32, 32, 32, 32, 32, 32]  total_splits=0
[ 220000/500000]  eval(5)= 409.57 +/- 85.66   n_per_axis=[32, 32, 32, 32, 32, 32]
[ 220000/500000]  ep= 220  reward(last50)= 373.61  n_per_axis=[32, 32, 32, 32, 32, 32]  total_splits=0
[ 230000/500000]  ep= 230  reward(last50)= 381.26  n_per_axis=[32, 32, 32, 32, 32, 32]  total_splits=0
[ 240000/500000]  eval(5)= 320.14 +/- 106.29  n_per_axis=[32, 32, 32, 32, 32, 32]
[ 240000/500000]  ep= 240  reward(last50)= 392.17  n_per_axis=[32, 32, 32, 32, 32, 32]  total_splits=0
[ 250000/500000]  ep= 250  reward(last50)= 393.53  n_per_axis=[32, 32, 32, 32, 32, 32]  total_splits=0
[ 260000/500000]  eval(5)= 387.36 +/- 89.33   n_per_axis=[32, 32, 32, 32, 32, 32]
[ 260000/500000]  ep= 260  reward(last50)= 405.79  n_per_axis=[32, 32, 32, 32, 32, 32]  total_splits=0
[ 270000/500000]  ep= 270  reward(last50)= 403.43  n_per_axis=[32, 32, 32, 32, 32, 32]  total_splits=0
[ 280000/500000]  eval(5)= 451.38 +/- 20.32   n_per_axis=[32, 32, 32, 32, 32, 32]
[ 280000/500000]  ep= 280  reward(last50)= 397.94  n_per_axis=[32, 32, 32, 32, 32, 32]  total_splits=0
[ 290000/500000]  ep= 290  reward(last50)= 394.29  n_per_axis=[32, 32, 32, 32, 32, 32]  total_splits=0
[ 300000/500000]  eval(5)= 265.46 +/- 100.43  n_per_axis=[32, 32, 32, 32, 32, 32]
[ 300000/500000]  ep= 300  reward(last50)= 395.21  n_per_axis=[32, 32, 32, 32, 32, 32]  total_splits=0
[ 310000/500000]  ep= 310  reward(last50)= 393.64  n_per_axis=[32, 32, 32, 32, 32, 32]  total_splits=0
[ 320000/500000]  eval(5)= 470.49 +/- 7.86    n_per_axis=[32, 32, 32, 32, 32, 32]
[ 320000/500000]  ep= 320  reward(last50)= 397.29  n_per_axis=[32, 32, 32, 32, 32, 32]  total_splits=0
[ 330000/500000]  ep= 330  reward(last50)= 402.33  n_per_axis=[32, 32, 32, 32, 32, 32]  total_splits=0
[ 340000/500000]  eval(5)= 526.24 +/- 26.57   n_per_axis=[32, 32, 32, 32, 32, 32]
[ 340000/500000]  ep= 340  reward(last50)= 402.64  n_per_axis=[32, 32, 32, 32, 32, 32]  total_splits=0
[ 350000/500000]  ep= 350  reward(last50)= 412.28  n_per_axis=[32, 32, 32, 32, 32, 32]  total_splits=0
[ 360000/500000]  eval(5)= 503.56 +/- 26.98   n_per_axis=[32, 32, 32, 32, 32, 32]
[ 360000/500000]  ep= 360  reward(last50)= 422.82  n_per_axis=[32, 32, 32, 32, 32, 32]  total_splits=0
[ 370000/500000]  ep= 370  reward(last50)= 424.47  n_per_axis=[32, 32, 32, 32, 32, 32]  total_splits=0
[ 380000/500000]  eval(5)= 427.48 +/- 59.77   n_per_axis=[32, 32, 32, 32, 32, 32]
[ 380000/500000]  ep= 380  reward(last50)= 427.72  n_per_axis=[32, 32, 32, 32, 32, 32]  total_splits=0
[ 390000/500000]  ep= 390  reward(last50)= 437.50  n_per_axis=[32, 32, 32, 32, 32, 32]  total_splits=0
[ 400000/500000]  eval(5)= 402.88 +/- 113.39  n_per_axis=[32, 32, 32, 32, 32, 32]
[ 400000/500000]  ep= 400  reward(last50)= 427.28  n_per_axis=[32, 32, 32, 32, 32, 32]  total_splits=0
[ 410000/500000]  ep= 410  reward(last50)= 434.91  n_per_axis=[32, 32, 32, 32, 32, 32]  total_splits=0
[ 420000/500000]  eval(5)= 465.97 +/- 31.34   n_per_axis=[32, 32, 32, 32, 32, 32]
[ 420000/500000]  ep= 420  reward(last50)= 440.35  n_per_axis=[32, 32, 32, 32, 32, 32]  total_splits=0
[ 430000/500000]  ep= 430  reward(last50)= 445.48  n_per_axis=[32, 32, 32, 32, 32, 32]  total_splits=0
[ 440000/500000]  eval(5)= 381.62 +/- 44.01   n_per_axis=[32, 32, 32, 32, 32, 32]
[ 440000/500000]  ep= 440  reward(last50)= 447.95  n_per_axis=[32, 32, 32, 32, 32, 32]  total_splits=0
[ 450000/500000]  ep= 450  reward(last50)= 455.63  n_per_axis=[32, 32, 32, 32, 32, 32]  total_splits=0
[ 460000/500000]  eval(5)= 351.52 +/- 155.47  n_per_axis=[32, 32, 32, 32, 32, 32]
[ 460000/500000]  ep= 460  reward(last50)= 449.59  n_per_axis=[32, 32, 32, 32, 32, 32]  total_splits=0
[ 470000/500000]  ep= 470  reward(last50)= 453.47  n_per_axis=[32, 32, 32, 32, 32, 32]  total_splits=0
[ 480000/500000]  eval(5)= 550.97 +/- 27.13   n_per_axis=[32, 32, 32, 32, 32, 32]
[ 480000/500000]  ep= 480  reward(last50)= 462.74  n_per_axis=[32, 32, 32, 32, 32, 32]  total_splits=0
[ 490000/500000]  ep= 490  reward(last50)= 453.67  n_per_axis=[32, 32, 32, 32, 32, 32]  total_splits=0
[ 500000/500000]  eval(5)= 295.79 +/- 229.35  n_per_axis=[32, 32, 32, 32, 32, 32]
[ 500000/500000]  ep= 500  reward(last50)= 452.23  n_per_axis=[32, 32, 32, 32, 32, 32]  total_splits=0
Saved BranchingDQN checkpoint to checkpoints/dmcs/cheetah-run/efficiency/uniform_n32_seed43.pt

Evaluating (deterministic)...
Eval(10): mean=489.65  std=157.20
Final n_per_axis: [32, 32, 32, 32, 32, 32]  total_cells: 192  (uniform; no splits)
