/home/bruinml/anaconda3/envs/highway/lib/python3.11/site-packages/glfw/__init__.py:917: GLFWError: (65550) b'X11: The DISPLAY environment variable is missing'
  warnings.warn(message, GLFWError)
/home/bruinml/anaconda3/envs/highway/lib/python3.11/site-packages/pygame/pkgdata.py:25: UserWarning: pkg_resources is deprecated as an API. See https://setuptools.pypa.io/en/latest/pkg_resources.html. The pkg_resources package is slated for removal as early as 2025-11-30. Refrain from using this package or pin to Setuptools<81.
  from pkg_resources import resource_stream, resource_exists
/home/bruinml/anaconda3/envs/highway/lib/python3.11/site-packages/torch/cuda/__init__.py:180: UserWarning: CUDA initialization: The NVIDIA driver on your system is too old (found version 12080). Please update your GPU driver by downloading and installing a new version from the URL: http://www.nvidia.com/Download/index.aspx Alternatively, go to: https://pytorch.org to install a PyTorch version that has been compiled with your version of the CUDA driver. (Triggered internally at /pytorch/c10/cuda/CUDAFunctions.cpp:119.)
  return torch._C._cuda_getDeviceCount() > 0
Uniform DQN on dm_control/cheetah-run  da=6  n=32 (per axis -> 192 total cells)  seed=42  steps=500000
[  10000/500000]  ep=  10  reward(last50)=   5.03  n_per_axis=[32, 32, 32, 32, 32, 32]  total_splits=0
[  20000/500000]  eval(5)=  61.06 +/- 6.06    n_per_axis=[32, 32, 32, 32, 32, 32]
[  20000/500000]  ep=  20  reward(last50)=  14.02  n_per_axis=[32, 32, 32, 32, 32, 32]  total_splits=0
[  30000/500000]  ep=  30  reward(last50)=  36.08  n_per_axis=[32, 32, 32, 32, 32, 32]  total_splits=0
[  40000/500000]  eval(5)= 115.51 +/- 54.43   n_per_axis=[32, 32, 32, 32, 32, 32]
[  40000/500000]  ep=  40  reward(last50)=  53.58  n_per_axis=[32, 32, 32, 32, 32, 32]  total_splits=0
[  50000/500000]  ep=  50  reward(last50)=  68.31  n_per_axis=[32, 32, 32, 32, 32, 32]  total_splits=0
[  60000/500000]  eval(5)= 151.30 +/- 52.24   n_per_axis=[32, 32, 32, 32, 32, 32]
[  60000/500000]  ep=  60  reward(last50)= 104.60  n_per_axis=[32, 32, 32, 32, 32, 32]  total_splits=0
[  70000/500000]  ep=  70  reward(last50)= 130.80  n_per_axis=[32, 32, 32, 32, 32, 32]  total_splits=0
[  80000/500000]  eval(5)= 214.92 +/- 47.65   n_per_axis=[32, 32, 32, 32, 32, 32]
[  80000/500000]  ep=  80  reward(last50)= 153.28  n_per_axis=[32, 32, 32, 32, 32, 32]  total_splits=0
[  90000/500000]  ep=  90  reward(last50)= 176.29  n_per_axis=[32, 32, 32, 32, 32, 32]  total_splits=0
[ 100000/500000]  eval(5)= 283.74 +/- 26.73   n_per_axis=[32, 32, 32, 32, 32, 32]
[ 100000/500000]  ep= 100  reward(last50)= 190.07  n_per_axis=[32, 32, 32, 32, 32, 32]  total_splits=0
[ 110000/500000]  ep= 110  reward(last50)= 197.56  n_per_axis=[32, 32, 32, 32, 32, 32]  total_splits=0
[ 120000/500000]  eval(5)= 242.95 +/- 53.51   n_per_axis=[32, 32, 32, 32, 32, 32]
[ 120000/500000]  ep= 120  reward(last50)= 217.71  n_per_axis=[32, 32, 32, 32, 32, 32]  total_splits=0
[ 130000/500000]  ep= 130  reward(last50)= 230.77  n_per_axis=[32, 32, 32, 32, 32, 32]  total_splits=0
[ 140000/500000]  eval(5)= 221.70 +/- 84.00   n_per_axis=[32, 32, 32, 32, 32, 32]
[ 140000/500000]  ep= 140  reward(last50)= 243.01  n_per_axis=[32, 32, 32, 32, 32, 32]  total_splits=0
[ 150000/500000]  ep= 150  reward(last50)= 262.09  n_per_axis=[32, 32, 32, 32, 32, 32]  total_splits=0
[ 160000/500000]  eval(5)= 303.92 +/- 21.69   n_per_axis=[32, 32, 32, 32, 32, 32]
[ 160000/500000]  ep= 160  reward(last50)= 278.12  n_per_axis=[32, 32, 32, 32, 32, 32]  total_splits=0
[ 170000/500000]  ep= 170  reward(last50)= 293.23  n_per_axis=[32, 32, 32, 32, 32, 32]  total_splits=0
[ 180000/500000]  eval(5)= 375.60 +/- 23.19   n_per_axis=[32, 32, 32, 32, 32, 32]
[ 180000/500000]  ep= 180  reward(last50)= 305.29  n_per_axis=[32, 32, 32, 32, 32, 32]  total_splits=0
[ 190000/500000]  ep= 190  reward(last50)= 308.83  n_per_axis=[32, 32, 32, 32, 32, 32]  total_splits=0
[ 200000/500000]  eval(5)= 340.63 +/- 85.56   n_per_axis=[32, 32, 32, 32, 32, 32]
[ 200000/500000]  ep= 200  reward(last50)= 309.58  n_per_axis=[32, 32, 32, 32, 32, 32]  total_splits=0
[ 210000/500000]  ep= 210  reward(last50)= 317.31  n_per_axis=[32, 32, 32, 32, 32, 32]  total_splits=0
[ 220000/500000]  eval(5)= 340.68 +/- 136.89  n_per_axis=[32, 32, 32, 32, 32, 32]
[ 220000/500000]  ep= 220  reward(last50)= 327.20  n_per_axis=[32, 32, 32, 32, 32, 32]  total_splits=0
[ 230000/500000]  ep= 230  reward(last50)= 329.93  n_per_axis=[32, 32, 32, 32, 32, 32]  total_splits=0
[ 240000/500000]  eval(5)= 364.65 +/- 61.82   n_per_axis=[32, 32, 32, 32, 32, 32]
[ 240000/500000]  ep= 240  reward(last50)= 339.25  n_per_axis=[32, 32, 32, 32, 32, 32]  total_splits=0
[ 250000/500000]  ep= 250  reward(last50)= 349.12  n_per_axis=[32, 32, 32, 32, 32, 32]  total_splits=0
[ 260000/500000]  eval(5)= 163.67 +/- 42.09   n_per_axis=[32, 32, 32, 32, 32, 32]
[ 260000/500000]  ep= 260  reward(last50)= 343.44  n_per_axis=[32, 32, 32, 32, 32, 32]  total_splits=0
[ 270000/500000]  ep= 270  reward(last50)= 319.73  n_per_axis=[32, 32, 32, 32, 32, 32]  total_splits=0
[ 280000/500000]  eval(5)= 351.65 +/- 110.56  n_per_axis=[32, 32, 32, 32, 32, 32]
[ 280000/500000]  ep= 280  reward(last50)= 318.27  n_per_axis=[32, 32, 32, 32, 32, 32]  total_splits=0
[ 290000/500000]  ep= 290  reward(last50)= 331.28  n_per_axis=[32, 32, 32, 32, 32, 32]  total_splits=0
[ 300000/500000]  eval(5)= 418.34 +/- 80.18   n_per_axis=[32, 32, 32, 32, 32, 32]
[ 300000/500000]  ep= 300  reward(last50)= 329.11  n_per_axis=[32, 32, 32, 32, 32, 32]  total_splits=0
[ 310000/500000]  ep= 310  reward(last50)= 346.19  n_per_axis=[32, 32, 32, 32, 32, 32]  total_splits=0
[ 320000/500000]  eval(5)= 349.46 +/- 50.78   n_per_axis=[32, 32, 32, 32, 32, 32]
[ 320000/500000]  ep= 320  reward(last50)= 363.79  n_per_axis=[32, 32, 32, 32, 32, 32]  total_splits=0
[ 330000/500000]  ep= 330  reward(last50)= 360.36  n_per_axis=[32, 32, 32, 32, 32, 32]  total_splits=0
[ 340000/500000]  eval(5)= 427.36 +/- 18.14   n_per_axis=[32, 32, 32, 32, 32, 32]
[ 340000/500000]  ep= 340  reward(last50)= 363.60  n_per_axis=[32, 32, 32, 32, 32, 32]  total_splits=0
[ 350000/500000]  ep= 350  reward(last50)= 377.74  n_per_axis=[32, 32, 32, 32, 32, 32]  total_splits=0
[ 360000/500000]  eval(5)= 302.97 +/- 88.31   n_per_axis=[32, 32, 32, 32, 32, 32]
[ 360000/500000]  ep= 360  reward(last50)= 365.04  n_per_axis=[32, 32, 32, 32, 32, 32]  total_splits=0
[ 370000/500000]  ep= 370  reward(last50)= 376.22  n_per_axis=[32, 32, 32, 32, 32, 32]  total_splits=0
[ 380000/500000]  eval(5)= 446.61 +/- 17.70   n_per_axis=[32, 32, 32, 32, 32, 32]
[ 380000/500000]  ep= 380  reward(last50)= 387.98  n_per_axis=[32, 32, 32, 32, 32, 32]  total_splits=0
[ 390000/500000]  ep= 390  reward(last50)= 380.00  n_per_axis=[32, 32, 32, 32, 32, 32]  total_splits=0
[ 400000/500000]  eval(5)= 500.23 +/- 25.23   n_per_axis=[32, 32, 32, 32, 32, 32]
[ 400000/500000]  ep= 400  reward(last50)= 379.94  n_per_axis=[32, 32, 32, 32, 32, 32]  total_splits=0
[ 410000/500000]  ep= 410  reward(last50)= 383.48  n_per_axis=[32, 32, 32, 32, 32, 32]  total_splits=0
[ 420000/500000]  eval(5)= 484.17 +/- 38.04   n_per_axis=[32, 32, 32, 32, 32, 32]
[ 420000/500000]  ep= 420  reward(last50)= 387.62  n_per_axis=[32, 32, 32, 32, 32, 32]  total_splits=0
[ 430000/500000]  ep= 430  reward(last50)= 398.88  n_per_axis=[32, 32, 32, 32, 32, 32]  total_splits=0
[ 440000/500000]  eval(5)= 492.65 +/- 24.53   n_per_axis=[32, 32, 32, 32, 32, 32]
[ 440000/500000]  ep= 440  reward(last50)= 394.52  n_per_axis=[32, 32, 32, 32, 32, 32]  total_splits=0
[ 450000/500000]  ep= 450  reward(last50)= 403.58  n_per_axis=[32, 32, 32, 32, 32, 32]  total_splits=0
[ 460000/500000]  eval(5)= 491.14 +/- 10.87   n_per_axis=[32, 32, 32, 32, 32, 32]
[ 460000/500000]  ep= 460  reward(last50)= 422.48  n_per_axis=[32, 32, 32, 32, 32, 32]  total_splits=0
[ 470000/500000]  ep= 470  reward(last50)= 424.33  n_per_axis=[32, 32, 32, 32, 32, 32]  total_splits=0
[ 480000/500000]  eval(5)= 480.80 +/- 17.90   n_per_axis=[32, 32, 32, 32, 32, 32]
[ 480000/500000]  ep= 480  reward(last50)= 431.22  n_per_axis=[32, 32, 32, 32, 32, 32]  total_splits=0
[ 490000/500000]  ep= 490  reward(last50)= 447.51  n_per_axis=[32, 32, 32, 32, 32, 32]  total_splits=0
[ 500000/500000]  eval(5)= 413.47 +/- 176.76  n_per_axis=[32, 32, 32, 32, 32, 32]
[ 500000/500000]  ep= 500  reward(last50)= 443.93  n_per_axis=[32, 32, 32, 32, 32, 32]  total_splits=0
Saved BranchingDQN checkpoint to checkpoints/dmcs/cheetah-run/efficiency/uniform_n32_seed42.pt

Evaluating (deterministic)...
Eval(10): mean=498.88  std=18.53
Final n_per_axis: [32, 32, 32, 32, 32, 32]  total_cells: 192  (uniform; no splits)
