/home/bruinml/anaconda3/envs/highway/lib/python3.11/site-packages/glfw/__init__.py:917: GLFWError: (65550) b'X11: The DISPLAY environment variable is missing'
  warnings.warn(message, GLFWError)
/home/bruinml/anaconda3/envs/highway/lib/python3.11/site-packages/pygame/pkgdata.py:25: UserWarning: pkg_resources is deprecated as an API. See https://setuptools.pypa.io/en/latest/pkg_resources.html. The pkg_resources package is slated for removal as early as 2025-11-30. Refrain from using this package or pin to Setuptools<81.
  from pkg_resources import resource_stream, resource_exists
/home/bruinml/anaconda3/envs/highway/lib/python3.11/site-packages/torch/cuda/__init__.py:180: UserWarning: CUDA initialization: The NVIDIA driver on your system is too old (found version 12080). Please update your GPU driver by downloading and installing a new version from the URL: http://www.nvidia.com/Download/index.aspx Alternatively, go to: https://pytorch.org to install a PyTorch version that has been compiled with your version of the CUDA driver. (Triggered internally at /pytorch/c10/cuda/CUDAFunctions.cpp:119.)
  return torch._C._cuda_getDeviceCount() > 0
Uniform DQN on dm_control/cheetah-run  da=6  n=128 (per axis -> 768 total cells)  seed=43  steps=500000
[  10000/500000]  ep=  10  reward(last50)=   5.85  n_per_axis=[128, 128, 128, 128, 128, 128]  total_splits=0
[  20000/500000]  eval(5)=  13.88 +/- 4.04    n_per_axis=[128, 128, 128, 128, 128, 128]
[  20000/500000]  ep=  20  reward(last50)=   8.64  n_per_axis=[128, 128, 128, 128, 128, 128]  total_splits=0
[  30000/500000]  ep=  30  reward(last50)=  17.19  n_per_axis=[128, 128, 128, 128, 128, 128]  total_splits=0
[  40000/500000]  eval(5)=  88.42 +/- 27.84   n_per_axis=[128, 128, 128, 128, 128, 128]
[  40000/500000]  ep=  40  reward(last50)=  32.44  n_per_axis=[128, 128, 128, 128, 128, 128]  total_splits=0
[  50000/500000]  ep=  50  reward(last50)=  41.07  n_per_axis=[128, 128, 128, 128, 128, 128]  total_splits=0
[  60000/500000]  eval(5)= 112.49 +/- 34.30   n_per_axis=[128, 128, 128, 128, 128, 128]
[  60000/500000]  ep=  60  reward(last50)=  56.07  n_per_axis=[128, 128, 128, 128, 128, 128]  total_splits=0
[  70000/500000]  ep=  70  reward(last50)=  73.12  n_per_axis=[128, 128, 128, 128, 128, 128]  total_splits=0
[  80000/500000]  eval(5)= 114.93 +/- 18.12   n_per_axis=[128, 128, 128, 128, 128, 128]
[  80000/500000]  ep=  80  reward(last50)=  86.44  n_per_axis=[128, 128, 128, 128, 128, 128]  total_splits=0
[  90000/500000]  ep=  90  reward(last50)=  96.51  n_per_axis=[128, 128, 128, 128, 128, 128]  total_splits=0
[ 100000/500000]  eval(5)= 113.98 +/- 38.41   n_per_axis=[128, 128, 128, 128, 128, 128]
[ 100000/500000]  ep= 100  reward(last50)= 104.09  n_per_axis=[128, 128, 128, 128, 128, 128]  total_splits=0
[ 110000/500000]  ep= 110  reward(last50)= 112.53  n_per_axis=[128, 128, 128, 128, 128, 128]  total_splits=0
[ 120000/500000]  eval(5)= 106.64 +/- 44.78   n_per_axis=[128, 128, 128, 128, 128, 128]
[ 120000/500000]  ep= 120  reward(last50)= 125.67  n_per_axis=[128, 128, 128, 128, 128, 128]  total_splits=0
[ 130000/500000]  ep= 130  reward(last50)= 138.34  n_per_axis=[128, 128, 128, 128, 128, 128]  total_splits=0
[ 140000/500000]  eval(5)= 166.47 +/- 78.12   n_per_axis=[128, 128, 128, 128, 128, 128]
[ 140000/500000]  ep= 140  reward(last50)= 146.97  n_per_axis=[128, 128, 128, 128, 128, 128]  total_splits=0
[ 150000/500000]  ep= 150  reward(last50)= 160.75  n_per_axis=[128, 128, 128, 128, 128, 128]  total_splits=0
[ 160000/500000]  eval(5)= 219.48 +/- 25.78   n_per_axis=[128, 128, 128, 128, 128, 128]
[ 160000/500000]  ep= 160  reward(last50)= 170.24  n_per_axis=[128, 128, 128, 128, 128, 128]  total_splits=0
[ 170000/500000]  ep= 170  reward(last50)= 184.02  n_per_axis=[128, 128, 128, 128, 128, 128]  total_splits=0
[ 180000/500000]  eval(5)= 258.17 +/- 29.36   n_per_axis=[128, 128, 128, 128, 128, 128]
[ 180000/500000]  ep= 180  reward(last50)= 194.52  n_per_axis=[128, 128, 128, 128, 128, 128]  total_splits=0
[ 190000/500000]  ep= 190  reward(last50)= 211.24  n_per_axis=[128, 128, 128, 128, 128, 128]  total_splits=0
[ 200000/500000]  eval(5)= 186.86 +/- 62.88   n_per_axis=[128, 128, 128, 128, 128, 128]
[ 200000/500000]  ep= 200  reward(last50)= 214.26  n_per_axis=[128, 128, 128, 128, 128, 128]  total_splits=0
[ 210000/500000]  ep= 210  reward(last50)= 213.23  n_per_axis=[128, 128, 128, 128, 128, 128]  total_splits=0
[ 220000/500000]  eval(5)= 181.14 +/- 86.93   n_per_axis=[128, 128, 128, 128, 128, 128]
[ 220000/500000]  ep= 220  reward(last50)= 208.15  n_per_axis=[128, 128, 128, 128, 128, 128]  total_splits=0
[ 230000/500000]  ep= 230  reward(last50)= 218.13  n_per_axis=[128, 128, 128, 128, 128, 128]  total_splits=0
[ 240000/500000]  eval(5)= 234.53 +/- 82.76   n_per_axis=[128, 128, 128, 128, 128, 128]
[ 240000/500000]  ep= 240  reward(last50)= 209.03  n_per_axis=[128, 128, 128, 128, 128, 128]  total_splits=0
[ 250000/500000]  ep= 250  reward(last50)= 219.25  n_per_axis=[128, 128, 128, 128, 128, 128]  total_splits=0
[ 260000/500000]  eval(5)= 207.62 +/- 101.98  n_per_axis=[128, 128, 128, 128, 128, 128]
[ 260000/500000]  ep= 260  reward(last50)= 213.99  n_per_axis=[128, 128, 128, 128, 128, 128]  total_splits=0
[ 270000/500000]  ep= 270  reward(last50)= 197.15  n_per_axis=[128, 128, 128, 128, 128, 128]  total_splits=0
[ 280000/500000]  eval(5)=  97.76 +/- 53.13   n_per_axis=[128, 128, 128, 128, 128, 128]
[ 280000/500000]  ep= 280  reward(last50)= 157.76  n_per_axis=[128, 128, 128, 128, 128, 128]  total_splits=0
[ 290000/500000]  ep= 290  reward(last50)= 126.10  n_per_axis=[128, 128, 128, 128, 128, 128]  total_splits=0
[ 300000/500000]  eval(5)=  52.11 +/- 6.21    n_per_axis=[128, 128, 128, 128, 128, 128]
[ 300000/500000]  ep= 300  reward(last50)=  86.84  n_per_axis=[128, 128, 128, 128, 128, 128]  total_splits=0
[ 310000/500000]  ep= 310  reward(last50)=  68.55  n_per_axis=[128, 128, 128, 128, 128, 128]  total_splits=0
[ 320000/500000]  eval(5)=  47.26 +/- 7.20    n_per_axis=[128, 128, 128, 128, 128, 128]
[ 320000/500000]  ep= 320  reward(last50)=  54.54  n_per_axis=[128, 128, 128, 128, 128, 128]  total_splits=0
[ 330000/500000]  ep= 330  reward(last50)=  50.81  n_per_axis=[128, 128, 128, 128, 128, 128]  total_splits=0
[ 340000/500000]  eval(5)=  36.55 +/- 1.26    n_per_axis=[128, 128, 128, 128, 128, 128]
[ 340000/500000]  ep= 340  reward(last50)=  53.74  n_per_axis=[128, 128, 128, 128, 128, 128]  total_splits=0
[ 350000/500000]  ep= 350  reward(last50)=  52.29  n_per_axis=[128, 128, 128, 128, 128, 128]  total_splits=0
[ 360000/500000]  eval(5)=  48.59 +/- 3.14    n_per_axis=[128, 128, 128, 128, 128, 128]
[ 360000/500000]  ep= 360  reward(last50)=  52.91  n_per_axis=[128, 128, 128, 128, 128, 128]  total_splits=0
[ 370000/500000]  ep= 370  reward(last50)=  53.30  n_per_axis=[128, 128, 128, 128, 128, 128]  total_splits=0
[ 380000/500000]  eval(5)=  41.61 +/- 3.87    n_per_axis=[128, 128, 128, 128, 128, 128]
[ 380000/500000]  ep= 380  reward(last50)=  51.98  n_per_axis=[128, 128, 128, 128, 128, 128]  total_splits=0
[ 390000/500000]  ep= 390  reward(last50)=  50.25  n_per_axis=[128, 128, 128, 128, 128, 128]  total_splits=0
[ 400000/500000]  eval(5)=  51.72 +/- 9.04    n_per_axis=[128, 128, 128, 128, 128, 128]
[ 400000/500000]  ep= 400  reward(last50)=  50.83  n_per_axis=[128, 128, 128, 128, 128, 128]  total_splits=0
[ 410000/500000]  ep= 410  reward(last50)=  51.00  n_per_axis=[128, 128, 128, 128, 128, 128]  total_splits=0
[ 420000/500000]  eval(5)=  48.63 +/- 2.95    n_per_axis=[128, 128, 128, 128, 128, 128]
[ 420000/500000]  ep= 420  reward(last50)=  50.62  n_per_axis=[128, 128, 128, 128, 128, 128]  total_splits=0
[ 430000/500000]  ep= 430  reward(last50)=  52.41  n_per_axis=[128, 128, 128, 128, 128, 128]  total_splits=0
[ 440000/500000]  eval(5)=  62.12 +/- 26.57   n_per_axis=[128, 128, 128, 128, 128, 128]
[ 440000/500000]  ep= 440  reward(last50)=  52.10  n_per_axis=[128, 128, 128, 128, 128, 128]  total_splits=0
[ 450000/500000]  ep= 450  reward(last50)=  54.84  n_per_axis=[128, 128, 128, 128, 128, 128]  total_splits=0
[ 460000/500000]  eval(5)=  44.16 +/- 7.34    n_per_axis=[128, 128, 128, 128, 128, 128]
[ 460000/500000]  ep= 460  reward(last50)=  54.27  n_per_axis=[128, 128, 128, 128, 128, 128]  total_splits=0
[ 470000/500000]  ep= 470  reward(last50)=  53.59  n_per_axis=[128, 128, 128, 128, 128, 128]  total_splits=0
[ 480000/500000]  eval(5)=  79.22 +/- 21.24   n_per_axis=[128, 128, 128, 128, 128, 128]
[ 480000/500000]  ep= 480  reward(last50)=  56.91  n_per_axis=[128, 128, 128, 128, 128, 128]  total_splits=0
[ 490000/500000]  ep= 490  reward(last50)=  59.51  n_per_axis=[128, 128, 128, 128, 128, 128]  total_splits=0
[ 500000/500000]  eval(5)=  84.52 +/- 32.99   n_per_axis=[128, 128, 128, 128, 128, 128]
[ 500000/500000]  ep= 500  reward(last50)=  62.36  n_per_axis=[128, 128, 128, 128, 128, 128]  total_splits=0
Saved BranchingDQN checkpoint to checkpoints/dmcs/cheetah-run/efficiency/uniform_n128_seed43.pt

Evaluating (deterministic)...
Eval(10): mean=60.01  std=20.61
Final n_per_axis: [128, 128, 128, 128, 128, 128]  total_cells: 768  (uniform; no splits)
