/home/bruinml/anaconda3/envs/highway/lib/python3.11/site-packages/glfw/__init__.py:917: GLFWError: (65550) b'X11: The DISPLAY environment variable is missing'
  warnings.warn(message, GLFWError)
/home/bruinml/anaconda3/envs/highway/lib/python3.11/site-packages/pygame/pkgdata.py:25: UserWarning: pkg_resources is deprecated as an API. See https://setuptools.pypa.io/en/latest/pkg_resources.html. The pkg_resources package is slated for removal as early as 2025-11-30. Refrain from using this package or pin to Setuptools<81.
  from pkg_resources import resource_stream, resource_exists
/home/bruinml/anaconda3/envs/highway/lib/python3.11/site-packages/torch/cuda/__init__.py:180: UserWarning: CUDA initialization: The NVIDIA driver on your system is too old (found version 12080). Please update your GPU driver by downloading and installing a new version from the URL: http://www.nvidia.com/Download/index.aspx Alternatively, go to: https://pytorch.org to install a PyTorch version that has been compiled with your version of the CUDA driver. (Triggered internally at /pytorch/c10/cuda/CUDAFunctions.cpp:119.)
  return torch._C._cuda_getDeviceCount() > 0
Uniform DQN on dm_control/cheetah-run  da=6  n=128 (per axis -> 768 total cells)  seed=44  steps=500000
[  10000/500000]  ep=  10  reward(last50)=   7.06  n_per_axis=[128, 128, 128, 128, 128, 128]  total_splits=0
[  20000/500000]  eval(5)=  31.63 +/- 5.06    n_per_axis=[128, 128, 128, 128, 128, 128]
[  20000/500000]  ep=  20  reward(last50)=  14.10  n_per_axis=[128, 128, 128, 128, 128, 128]  total_splits=0
[  30000/500000]  ep=  30  reward(last50)=  25.38  n_per_axis=[128, 128, 128, 128, 128, 128]  total_splits=0
[  40000/500000]  eval(5)=  89.45 +/- 10.36   n_per_axis=[128, 128, 128, 128, 128, 128]
[  40000/500000]  ep=  40  reward(last50)=  37.24  n_per_axis=[128, 128, 128, 128, 128, 128]  total_splits=0
[  50000/500000]  ep=  50  reward(last50)=  45.05  n_per_axis=[128, 128, 128, 128, 128, 128]  total_splits=0
[  60000/500000]  eval(5)= 101.55 +/- 15.29   n_per_axis=[128, 128, 128, 128, 128, 128]
[  60000/500000]  ep=  60  reward(last50)=  63.56  n_per_axis=[128, 128, 128, 128, 128, 128]  total_splits=0
[  70000/500000]  ep=  70  reward(last50)=  83.52  n_per_axis=[128, 128, 128, 128, 128, 128]  total_splits=0
[  80000/500000]  eval(5)= 111.61 +/- 49.46   n_per_axis=[128, 128, 128, 128, 128, 128]
[  80000/500000]  ep=  80  reward(last50)= 102.57  n_per_axis=[128, 128, 128, 128, 128, 128]  total_splits=0
[  90000/500000]  ep=  90  reward(last50)= 108.74  n_per_axis=[128, 128, 128, 128, 128, 128]  total_splits=0
[ 100000/500000]  eval(5)= 125.50 +/- 55.20   n_per_axis=[128, 128, 128, 128, 128, 128]
[ 100000/500000]  ep= 100  reward(last50)= 125.47  n_per_axis=[128, 128, 128, 128, 128, 128]  total_splits=0
[ 110000/500000]  ep= 110  reward(last50)= 133.72  n_per_axis=[128, 128, 128, 128, 128, 128]  total_splits=0
[ 120000/500000]  eval(5)= 186.64 +/- 77.45   n_per_axis=[128, 128, 128, 128, 128, 128]
[ 120000/500000]  ep= 120  reward(last50)= 142.38  n_per_axis=[128, 128, 128, 128, 128, 128]  total_splits=0
[ 130000/500000]  ep= 130  reward(last50)= 154.73  n_per_axis=[128, 128, 128, 128, 128, 128]  total_splits=0
[ 140000/500000]  eval(5)= 132.56 +/- 82.18   n_per_axis=[128, 128, 128, 128, 128, 128]
[ 140000/500000]  ep= 140  reward(last50)= 173.18  n_per_axis=[128, 128, 128, 128, 128, 128]  total_splits=0
[ 150000/500000]  ep= 150  reward(last50)= 175.53  n_per_axis=[128, 128, 128, 128, 128, 128]  total_splits=0
[ 160000/500000]  eval(5)= 257.81 +/- 8.89    n_per_axis=[128, 128, 128, 128, 128, 128]
[ 160000/500000]  ep= 160  reward(last50)= 182.28  n_per_axis=[128, 128, 128, 128, 128, 128]  total_splits=0
[ 170000/500000]  ep= 170  reward(last50)= 191.67  n_per_axis=[128, 128, 128, 128, 128, 128]  total_splits=0
[ 180000/500000]  eval(5)= 253.00 +/- 73.05   n_per_axis=[128, 128, 128, 128, 128, 128]
[ 180000/500000]  ep= 180  reward(last50)= 187.76  n_per_axis=[128, 128, 128, 128, 128, 128]  total_splits=0
[ 190000/500000]  ep= 190  reward(last50)= 193.14  n_per_axis=[128, 128, 128, 128, 128, 128]  total_splits=0
[ 200000/500000]  eval(5)= 221.58 +/- 88.53   n_per_axis=[128, 128, 128, 128, 128, 128]
[ 200000/500000]  ep= 200  reward(last50)= 201.28  n_per_axis=[128, 128, 128, 128, 128, 128]  total_splits=0
[ 210000/500000]  ep= 210  reward(last50)= 216.02  n_per_axis=[128, 128, 128, 128, 128, 128]  total_splits=0
[ 220000/500000]  eval(5)= 235.97 +/- 61.53   n_per_axis=[128, 128, 128, 128, 128, 128]
[ 220000/500000]  ep= 220  reward(last50)= 224.44  n_per_axis=[128, 128, 128, 128, 128, 128]  total_splits=0
[ 230000/500000]  ep= 230  reward(last50)= 228.67  n_per_axis=[128, 128, 128, 128, 128, 128]  total_splits=0
[ 240000/500000]  eval(5)= 171.93 +/- 45.20   n_per_axis=[128, 128, 128, 128, 128, 128]
[ 240000/500000]  ep= 240  reward(last50)= 226.97  n_per_axis=[128, 128, 128, 128, 128, 128]  total_splits=0
[ 250000/500000]  ep= 250  reward(last50)= 224.57  n_per_axis=[128, 128, 128, 128, 128, 128]  total_splits=0
[ 260000/500000]  eval(5)= 260.43 +/- 52.75   n_per_axis=[128, 128, 128, 128, 128, 128]
[ 260000/500000]  ep= 260  reward(last50)= 224.28  n_per_axis=[128, 128, 128, 128, 128, 128]  total_splits=0
[ 270000/500000]  ep= 270  reward(last50)= 223.29  n_per_axis=[128, 128, 128, 128, 128, 128]  total_splits=0
[ 280000/500000]  eval(5)= 252.82 +/- 52.87   n_per_axis=[128, 128, 128, 128, 128, 128]
[ 280000/500000]  ep= 280  reward(last50)= 236.57  n_per_axis=[128, 128, 128, 128, 128, 128]  total_splits=0
[ 290000/500000]  ep= 290  reward(last50)= 246.64  n_per_axis=[128, 128, 128, 128, 128, 128]  total_splits=0
[ 300000/500000]  eval(5)= 237.02 +/- 41.35   n_per_axis=[128, 128, 128, 128, 128, 128]
[ 300000/500000]  ep= 300  reward(last50)= 262.47  n_per_axis=[128, 128, 128, 128, 128, 128]  total_splits=0
[ 310000/500000]  ep= 310  reward(last50)= 263.92  n_per_axis=[128, 128, 128, 128, 128, 128]  total_splits=0
[ 320000/500000]  eval(5)= 288.37 +/- 99.28   n_per_axis=[128, 128, 128, 128, 128, 128]
[ 320000/500000]  ep= 320  reward(last50)= 272.46  n_per_axis=[128, 128, 128, 128, 128, 128]  total_splits=0
[ 330000/500000]  ep= 330  reward(last50)= 268.36  n_per_axis=[128, 128, 128, 128, 128, 128]  total_splits=0
[ 340000/500000]  eval(5)= 326.33 +/- 41.68   n_per_axis=[128, 128, 128, 128, 128, 128]
[ 340000/500000]  ep= 340  reward(last50)= 258.92  n_per_axis=[128, 128, 128, 128, 128, 128]  total_splits=0
[ 350000/500000]  ep= 350  reward(last50)= 262.47  n_per_axis=[128, 128, 128, 128, 128, 128]  total_splits=0
[ 360000/500000]  eval(5)= 266.24 +/- 118.40  n_per_axis=[128, 128, 128, 128, 128, 128]
[ 360000/500000]  ep= 360  reward(last50)= 260.76  n_per_axis=[128, 128, 128, 128, 128, 128]  total_splits=0
[ 370000/500000]  ep= 370  reward(last50)= 263.06  n_per_axis=[128, 128, 128, 128, 128, 128]  total_splits=0
[ 380000/500000]  eval(5)= 322.45 +/- 56.64   n_per_axis=[128, 128, 128, 128, 128, 128]
[ 380000/500000]  ep= 380  reward(last50)= 279.06  n_per_axis=[128, 128, 128, 128, 128, 128]  total_splits=0
[ 390000/500000]  ep= 390  reward(last50)= 290.18  n_per_axis=[128, 128, 128, 128, 128, 128]  total_splits=0
[ 400000/500000]  eval(5)= 285.13 +/- 42.46   n_per_axis=[128, 128, 128, 128, 128, 128]
[ 400000/500000]  ep= 400  reward(last50)= 276.89  n_per_axis=[128, 128, 128, 128, 128, 128]  total_splits=0
[ 410000/500000]  ep= 410  reward(last50)= 282.11  n_per_axis=[128, 128, 128, 128, 128, 128]  total_splits=0
[ 420000/500000]  eval(5)= 273.97 +/- 92.52   n_per_axis=[128, 128, 128, 128, 128, 128]
[ 420000/500000]  ep= 420  reward(last50)= 277.87  n_per_axis=[128, 128, 128, 128, 128, 128]  total_splits=0
[ 430000/500000]  ep= 430  reward(last50)= 262.16  n_per_axis=[128, 128, 128, 128, 128, 128]  total_splits=0
[ 440000/500000]  eval(5)= 271.42 +/- 83.08   n_per_axis=[128, 128, 128, 128, 128, 128]
[ 440000/500000]  ep= 440  reward(last50)= 255.21  n_per_axis=[128, 128, 128, 128, 128, 128]  total_splits=0
[ 450000/500000]  ep= 450  reward(last50)= 266.99  n_per_axis=[128, 128, 128, 128, 128, 128]  total_splits=0
[ 460000/500000]  eval(5)= 246.98 +/- 66.06   n_per_axis=[128, 128, 128, 128, 128, 128]
[ 460000/500000]  ep= 460  reward(last50)= 267.26  n_per_axis=[128, 128, 128, 128, 128, 128]  total_splits=0
[ 470000/500000]  ep= 470  reward(last50)= 266.88  n_per_axis=[128, 128, 128, 128, 128, 128]  total_splits=0
[ 480000/500000]  eval(5)= 379.10 +/- 36.62   n_per_axis=[128, 128, 128, 128, 128, 128]
[ 480000/500000]  ep= 480  reward(last50)= 275.89  n_per_axis=[128, 128, 128, 128, 128, 128]  total_splits=0
[ 490000/500000]  ep= 490  reward(last50)= 284.78  n_per_axis=[128, 128, 128, 128, 128, 128]  total_splits=0
[ 500000/500000]  eval(5)= 363.43 +/- 20.67   n_per_axis=[128, 128, 128, 128, 128, 128]
[ 500000/500000]  ep= 500  reward(last50)= 272.94  n_per_axis=[128, 128, 128, 128, 128, 128]  total_splits=0
Saved BranchingDQN checkpoint to checkpoints/dmcs/cheetah-run/efficiency/uniform_n128_seed44.pt

Evaluating (deterministic)...
Eval(10): mean=378.11  std=22.00
Final n_per_axis: [128, 128, 128, 128, 128, 128]  total_cells: 768  (uniform; no splits)
