/home/bruinml/anaconda3/envs/highway/lib/python3.11/site-packages/glfw/__init__.py:917: GLFWError: (65550) b'X11: The DISPLAY environment variable is missing'
  warnings.warn(message, GLFWError)
/home/bruinml/anaconda3/envs/highway/lib/python3.11/site-packages/pygame/pkgdata.py:25: UserWarning: pkg_resources is deprecated as an API. See https://setuptools.pypa.io/en/latest/pkg_resources.html. The pkg_resources package is slated for removal as early as 2025-11-30. Refrain from using this package or pin to Setuptools<81.
  from pkg_resources import resource_stream, resource_exists
/home/bruinml/anaconda3/envs/highway/lib/python3.11/site-packages/torch/cuda/__init__.py:180: UserWarning: CUDA initialization: The NVIDIA driver on your system is too old (found version 12080). Please update your GPU driver by downloading and installing a new version from the URL: http://www.nvidia.com/Download/index.aspx Alternatively, go to: https://pytorch.org to install a PyTorch version that has been compiled with your version of the CUDA driver. (Triggered internally at /pytorch/c10/cuda/CUDAFunctions.cpp:119.)
  return torch._C._cuda_getDeviceCount() > 0
Zooming DQN on dm_control/cheetah-run  da=6  init_depth=1 (start=12 cells)  n=32 -> total_budget=192  seed=44  steps=500000
[  10000/500000]  ep=  10  reward(last50)=   0.35  n_per_axis=[6, 6, 6, 6, 6, 6]  total_splits=12
[  20000/500000]  eval(5)=  50.58 +/- 11.76   n_per_axis=[24, 24, 24, 24, 24, 24]
[  20000/500000]  ep=  20  reward(last50)=  12.95  n_per_axis=[24, 24, 24, 24, 24, 24]  total_splits=84
[  30000/500000]  ep=  30  reward(last50)=  28.61  n_per_axis=[27, 26, 23, 23, 26, 24]  total_splits=90
[  40000/500000]  eval(5)=  51.39 +/- 5.11    n_per_axis=[32, 28, 29, 34, 35, 33]
[  40000/500000]  ep=  40  reward(last50)=  36.73  n_per_axis=[32, 28, 29, 34, 35, 33]  total_splits=121
[  50000/500000]  ep=  50  reward(last50)=  48.62  n_per_axis=[32, 30, 26, 33, 38, 32]  total_splits=128
[  60000/500000]  eval(5)= 125.82 +/- 42.45   n_per_axis=[35, 28, 26, 32, 37, 34]
[  60000/500000]  ep=  60  reward(last50)=  70.30  n_per_axis=[35, 28, 26, 32, 37, 34]  total_splits=131
[  70000/500000]  ep=  70  reward(last50)=  88.15  n_per_axis=[34, 28, 26, 32, 37, 34]  total_splits=131
[  80000/500000]  eval(5)= 199.14 +/- 52.76   n_per_axis=[34, 30, 26, 32, 36, 34]
[  80000/500000]  ep=  80  reward(last50)= 105.07  n_per_axis=[34, 30, 26, 32, 36, 34]  total_splits=132
[  90000/500000]  ep=  90  reward(last50)= 126.95  n_per_axis=[34, 30, 26, 32, 36, 34]  total_splits=132
[ 100000/500000]  eval(5)= 197.58 +/- 38.73   n_per_axis=[34, 30, 26, 32, 36, 34]
[ 100000/500000]  ep= 100  reward(last50)= 144.36  n_per_axis=[34, 30, 26, 32, 36, 34]  total_splits=132
[ 110000/500000]  ep= 110  reward(last50)= 164.32  n_per_axis=[33, 30, 28, 32, 35, 34]  total_splits=133
[ 120000/500000]  eval(5)= 150.41 +/- 89.13   n_per_axis=[31, 30, 27, 32, 35, 36]
[ 120000/500000]  ep= 120  reward(last50)= 192.08  n_per_axis=[31, 30, 27, 32, 35, 36]  total_splits=134
[ 130000/500000]  ep= 130  reward(last50)= 222.72  n_per_axis=[31, 29, 29, 32, 35, 36]  total_splits=135
[ 140000/500000]  eval(5)= 305.13 +/- 78.66   n_per_axis=[30, 29, 29, 33, 34, 36]
[ 140000/500000]  ep= 140  reward(last50)= 248.77  n_per_axis=[30, 29, 29, 33, 34, 36]  total_splits=136
[ 150000/500000]  ep= 150  reward(last50)= 272.26  n_per_axis=[30, 30, 30, 33, 33, 36]  total_splits=140
[ 160000/500000]  eval(5)= 350.63 +/- 60.66   n_per_axis=[30, 31, 32, 32, 32, 35]
[ 160000/500000]  ep= 160  reward(last50)= 281.90  n_per_axis=[30, 31, 32, 32, 32, 35]  total_splits=142
[ 170000/500000]  ep= 170  reward(last50)= 287.30  n_per_axis=[29, 30, 32, 32, 32, 37]  total_splits=143
[ 180000/500000]  eval(5)= 340.26 +/- 74.13   n_per_axis=[29, 32, 32, 32, 31, 36]
[ 180000/500000]  ep= 180  reward(last50)= 292.29  n_per_axis=[29, 32, 32, 32, 31, 36]  total_splits=144
[ 190000/500000]  ep= 190  reward(last50)= 290.47  n_per_axis=[31, 31, 32, 31, 31, 36]  total_splits=145
[ 200000/500000]  eval(5)= 279.96 +/- 76.98   n_per_axis=[35, 31, 29, 31, 32, 34]
[ 200000/500000]  ep= 200  reward(last50)= 293.15  n_per_axis=[35, 31, 29, 31, 32, 34]  total_splits=148
[ 210000/500000]  ep= 210  reward(last50)= 300.57  n_per_axis=[35, 31, 29, 31, 31, 34]  total_splits=148
[ 220000/500000]  eval(5)= 296.69 +/- 80.44   n_per_axis=[34, 31, 29, 31, 31, 35]
[ 220000/500000]  ep= 220  reward(last50)= 298.65  n_per_axis=[34, 31, 29, 31, 31, 35]  total_splits=150
[ 230000/500000]  ep= 230  reward(last50)= 287.94  n_per_axis=[36, 31, 30, 31, 29, 34]  total_splits=152
[ 240000/500000]  eval(5)= 380.04 +/- 117.71  n_per_axis=[36, 31, 30, 31, 29, 34]
[ 240000/500000]  ep= 240  reward(last50)= 284.22  n_per_axis=[36, 31, 30, 31, 29, 34]  total_splits=152
[ 250000/500000]  ep= 250  reward(last50)= 300.09  n_per_axis=[36, 31, 30, 31, 30, 34]  total_splits=153
[ 260000/500000]  eval(5)= 303.03 +/- 118.20  n_per_axis=[36, 31, 29, 31, 30, 34]
[ 260000/500000]  ep= 260  reward(last50)= 306.90  n_per_axis=[36, 31, 29, 31, 30, 34]  total_splits=153
[ 270000/500000]  ep= 270  reward(last50)= 320.72  n_per_axis=[38, 30, 29, 31, 30, 34]  total_splits=154
[ 280000/500000]  eval(5)= 242.77 +/- 88.30   n_per_axis=[37, 29, 29, 32, 30, 34]
[ 280000/500000]  ep= 280  reward(last50)= 324.37  n_per_axis=[37, 29, 29, 32, 30, 34]  total_splits=155
[ 290000/500000]  ep= 290  reward(last50)= 329.33  n_per_axis=[36, 29, 29, 34, 30, 33]  total_splits=156
[ 300000/500000]  eval(5)= 248.07 +/- 130.40  n_per_axis=[36, 29, 29, 34, 30, 33]
[ 300000/500000]  ep= 300  reward(last50)= 333.21  n_per_axis=[36, 29, 29, 34, 30, 33]  total_splits=156
[ 310000/500000]  ep= 310  reward(last50)= 333.57  n_per_axis=[36, 30, 29, 34, 30, 32]  total_splits=157
[ 320000/500000]  eval(5)= 514.58 +/- 34.73   n_per_axis=[36, 30, 29, 34, 30, 32]
[ 320000/500000]  ep= 320  reward(last50)= 341.20  n_per_axis=[36, 30, 29, 34, 30, 32]  total_splits=157
[ 330000/500000]  ep= 330  reward(last50)= 359.66  n_per_axis=[36, 31, 29, 34, 30, 32]  total_splits=158
[ 340000/500000]  eval(5)= 273.93 +/- 101.69  n_per_axis=[36, 31, 29, 34, 30, 32]
[ 340000/500000]  ep= 340  reward(last50)= 379.46  n_per_axis=[36, 31, 29, 34, 30, 32]  total_splits=158
[ 350000/500000]  ep= 350  reward(last50)= 386.96  n_per_axis=[36, 31, 29, 34, 30, 32]  total_splits=158
[ 360000/500000]  eval(5)= 155.41 +/- 37.01   n_per_axis=[36, 31, 28, 34, 30, 32]
[ 360000/500000]  ep= 360  reward(last50)= 393.15  n_per_axis=[36, 31, 28, 34, 30, 32]  total_splits=158
[ 370000/500000]  ep= 370  reward(last50)= 389.91  n_per_axis=[36, 31, 30, 33, 30, 32]  total_splits=159
[ 380000/500000]  eval(5)= 335.44 +/- 112.42  n_per_axis=[36, 30, 30, 33, 30, 32]
[ 380000/500000]  ep= 380  reward(last50)= 381.74  n_per_axis=[36, 30, 30, 33, 30, 32]  total_splits=159
[ 390000/500000]  ep= 390  reward(last50)= 379.26  n_per_axis=[36, 30, 29, 35, 30, 32]  total_splits=160
[ 400000/500000]  eval(5)= 374.63 +/- 74.23   n_per_axis=[36, 30, 29, 35, 30, 32]
[ 400000/500000]  ep= 400  reward(last50)= 355.34  n_per_axis=[36, 30, 29, 35, 30, 32]  total_splits=160
[ 410000/500000]  ep= 410  reward(last50)= 371.79  n_per_axis=[36, 30, 29, 35, 30, 32]  total_splits=160
[ 420000/500000]  eval(5)= 328.81 +/- 71.02   n_per_axis=[36, 30, 29, 35, 30, 32]
[ 420000/500000]  ep= 420  reward(last50)= 376.47  n_per_axis=[36, 30, 29, 35, 30, 32]  total_splits=160
[ 430000/500000]  ep= 430  reward(last50)= 384.37  n_per_axis=[35, 30, 29, 35, 32, 31]  total_splits=161
[ 440000/500000]  eval(5)= 439.48 +/- 31.99   n_per_axis=[35, 30, 29, 34, 32, 31]
[ 440000/500000]  ep= 440  reward(last50)= 382.69  n_per_axis=[35, 30, 29, 34, 32, 31]  total_splits=161
[ 450000/500000]  ep= 450  reward(last50)= 398.09  n_per_axis=[35, 30, 29, 34, 32, 31]  total_splits=161
[ 460000/500000]  eval(5)= 462.16 +/- 24.19   n_per_axis=[35, 30, 29, 34, 32, 32]
[ 460000/500000]  ep= 460  reward(last50)= 387.54  n_per_axis=[35, 30, 29, 34, 32, 32]  total_splits=162
[ 470000/500000]  ep= 470  reward(last50)= 392.67  n_per_axis=[34, 30, 29, 34, 32, 32]  total_splits=162
[ 480000/500000]  eval(5)= 304.62 +/- 150.82  n_per_axis=[34, 30, 29, 34, 32, 32]
[ 480000/500000]  ep= 480  reward(last50)= 382.23  n_per_axis=[34, 30, 29, 34, 32, 32]  total_splits=162
[ 490000/500000]  ep= 490  reward(last50)= 390.37  n_per_axis=[34, 30, 29, 34, 32, 32]  total_splits=162
[ 500000/500000]  eval(5)= 454.25 +/- 27.95   n_per_axis=[34, 30, 29, 33, 34, 32]
[ 500000/500000]  ep= 500  reward(last50)= 373.26  n_per_axis=[34, 30, 29, 33, 34, 32]  total_splits=163
Saved BranchingDQN checkpoint to checkpoints/dmcs/cheetah-run/efficiency/zooming_n32_seed44.pt

Evaluating (deterministic)...
Eval(10): mean=385.79  std=144.20
Final n_per_axis: [34, 30, 29, 33, 34, 32]  total_cells: 192/192  total_splits: 163
Split history: 84 events, steps 10000 to 492000
