/home/bruinml/anaconda3/envs/highway/lib/python3.11/site-packages/glfw/__init__.py:917: GLFWError: (65550) b'X11: The DISPLAY environment variable is missing'
  warnings.warn(message, GLFWError)
/home/bruinml/anaconda3/envs/highway/lib/python3.11/site-packages/pygame/pkgdata.py:25: UserWarning: pkg_resources is deprecated as an API. See https://setuptools.pypa.io/en/latest/pkg_resources.html. The pkg_resources package is slated for removal as early as 2025-11-30. Refrain from using this package or pin to Setuptools<81.
  from pkg_resources import resource_stream, resource_exists
/home/bruinml/anaconda3/envs/highway/lib/python3.11/site-packages/torch/cuda/__init__.py:180: UserWarning: CUDA initialization: The NVIDIA driver on your system is too old (found version 12080). Please update your GPU driver by downloading and installing a new version from the URL: http://www.nvidia.com/Download/index.aspx Alternatively, go to: https://pytorch.org to install a PyTorch version that has been compiled with your version of the CUDA driver. (Triggered internally at /pytorch/c10/cuda/CUDAFunctions.cpp:119.)
  return torch._C._cuda_getDeviceCount() > 0
Zooming DQN on dm_control/cheetah-run  da=6  init_depth=1 (start=12 cells)  n=64 -> total_budget=384  seed=42  steps=500000
[  10000/500000]  ep=  10  reward(last50)=   2.47  n_per_axis=[6, 6, 6, 6, 6, 6]  total_splits=12
[  20000/500000]  eval(5)=  78.30 +/- 8.23    n_per_axis=[24, 24, 24, 24, 24, 24]
[  20000/500000]  ep=  20  reward(last50)=  14.57  n_per_axis=[24, 24, 24, 24, 24, 24]  total_splits=84
[  30000/500000]  ep=  30  reward(last50)=  36.19  n_per_axis=[27, 27, 27, 23, 23, 23]  total_splits=90
[  40000/500000]  eval(5)= 124.91 +/- 13.74   n_per_axis=[29, 33, 35, 42, 37, 32]
[  40000/500000]  ep=  40  reward(last50)=  52.95  n_per_axis=[29, 33, 35, 42, 37, 32]  total_splits=130
[  50000/500000]  ep=  50  reward(last50)=  66.00  n_per_axis=[39, 48, 39, 42, 42, 48]  total_splits=160
[  60000/500000]  eval(5)= 128.13 +/- 62.37   n_per_axis=[45, 48, 39, 45, 45, 48]
[  60000/500000]  ep=  60  reward(last50)=  98.04  n_per_axis=[45, 48, 39, 45, 45, 48]  total_splits=169
[  70000/500000]  ep=  70  reward(last50)= 123.83  n_per_axis=[45, 48, 48, 48, 48, 48]  total_splits=178
[  80000/500000]  eval(5)= 173.24 +/- 44.13   n_per_axis=[45, 48, 48, 48, 48, 48]
[  80000/500000]  ep=  80  reward(last50)= 149.66  n_per_axis=[45, 48, 48, 48, 48, 48]  total_splits=178
[  90000/500000]  ep=  90  reward(last50)= 176.33  n_per_axis=[48, 48, 48, 48, 48, 48]  total_splits=180
[ 100000/500000]  eval(5)= 192.88 +/- 80.80   n_per_axis=[50, 48, 48, 48, 48, 48]
[ 100000/500000]  ep= 100  reward(last50)= 203.80  n_per_axis=[50, 48, 48, 48, 48, 48]  total_splits=182
[ 110000/500000]  ep= 110  reward(last50)= 221.53  n_per_axis=[53, 48, 51, 48, 48, 48]  total_splits=186
[ 120000/500000]  eval(5)= 291.23 +/- 37.49   n_per_axis=[57, 49, 51, 48, 48, 51]
[ 120000/500000]  ep= 120  reward(last50)= 232.25  n_per_axis=[57, 49, 51, 48, 48, 51]  total_splits=191
[ 130000/500000]  ep= 130  reward(last50)= 232.45  n_per_axis=[57, 51, 50, 48, 51, 51]  total_splits=194
[ 140000/500000]  eval(5)= 225.19 +/- 32.81   n_per_axis=[57, 54, 53, 48, 50, 51]
[ 140000/500000]  ep= 140  reward(last50)= 242.81  n_per_axis=[57, 54, 53, 48, 50, 51]  total_splits=198
[ 150000/500000]  ep= 150  reward(last50)= 245.88  n_per_axis=[57, 54, 56, 46, 53, 51]  total_splits=202
[ 160000/500000]  eval(5)= 278.82 +/- 123.08  n_per_axis=[57, 53, 60, 53, 57, 53]
[ 160000/500000]  ep= 160  reward(last50)= 254.66  n_per_axis=[57, 53, 60, 53, 57, 53]  total_splits=212
[ 170000/500000]  ep= 170  reward(last50)= 269.31  n_per_axis=[60, 56, 60, 54, 60, 59]  total_splits=224
[ 180000/500000]  eval(5)= 286.96 +/- 118.80  n_per_axis=[60, 58, 60, 60, 60, 63]
[ 180000/500000]  ep= 180  reward(last50)= 272.14  n_per_axis=[60, 58, 60, 60, 60, 63]  total_splits=232
[ 190000/500000]  ep= 190  reward(last50)= 283.25  n_per_axis=[60, 63, 58, 73, 59, 62]  total_splits=242
[ 200000/500000]  eval(5)= 196.17 +/- 63.96   n_per_axis=[59, 67, 61, 75, 60, 61]
[ 200000/500000]  ep= 200  reward(last50)= 272.44  n_per_axis=[59, 67, 61, 75, 60, 61]  total_splits=249
[ 210000/500000]  ep= 210  reward(last50)= 263.59  n_per_axis=[61, 67, 63, 73, 59, 61]  total_splits=251
[ 220000/500000]  eval(5)= 322.14 +/- 81.60   n_per_axis=[61, 67, 62, 73, 59, 61]
[ 220000/500000]  ep= 220  reward(last50)= 260.71  n_per_axis=[61, 67, 62, 73, 59, 61]  total_splits=251
[ 230000/500000]  ep= 230  reward(last50)= 273.70  n_per_axis=[63, 66, 63, 72, 57, 63]  total_splits=254
[ 240000/500000]  eval(5)= 287.56 +/- 48.40   n_per_axis=[63, 63, 63, 72, 56, 66]
[ 240000/500000]  ep= 240  reward(last50)= 252.77  n_per_axis=[63, 63, 63, 72, 56, 66]  total_splits=256
[ 250000/500000]  ep= 250  reward(last50)= 237.33  n_per_axis=[63, 63, 64, 72, 56, 66]  total_splits=258
[ 260000/500000]  eval(5)=  38.02 +/- 5.74    n_per_axis=[62, 64, 66, 70, 55, 66]
[ 260000/500000]  ep= 260  reward(last50)= 195.98  n_per_axis=[62, 64, 66, 70, 55, 66]  total_splits=261
[ 270000/500000]  ep= 270  reward(last50)= 151.31  n_per_axis=[61, 63, 66, 72, 54, 67]  total_splits=263
[ 280000/500000]  eval(5)=  30.10 +/- 11.82   n_per_axis=[61, 63, 66, 72, 53, 69]
[ 280000/500000]  ep= 280  reward(last50)= 102.01  n_per_axis=[61, 63, 66, 72, 53, 69]  total_splits=264
[ 290000/500000]  ep= 290  reward(last50)=  63.77  n_per_axis=[60, 62, 65, 73, 55, 68]  total_splits=266
[ 300000/500000]  eval(5)=  23.97 +/- 15.45   n_per_axis=[59, 62, 66, 74, 55, 68]
[ 300000/500000]  ep= 300  reward(last50)=  42.92  n_per_axis=[59, 62, 66, 74, 55, 68]  total_splits=268
[ 310000/500000]  ep= 310  reward(last50)=  41.96  n_per_axis=[59, 61, 66, 74, 55, 68]  total_splits=268
[ 320000/500000]  eval(5)=  57.39 +/- 13.78   n_per_axis=[59, 61, 66, 74, 55, 68]
[ 320000/500000]  ep= 320  reward(last50)=  44.18  n_per_axis=[59, 61, 66, 74, 55, 68]  total_splits=268
[ 330000/500000]  ep= 330  reward(last50)=  46.36  n_per_axis=[59, 61, 66, 74, 55, 68]  total_splits=268
[ 340000/500000]  eval(5)=  46.18 +/- 7.26    n_per_axis=[59, 63, 64, 74, 55, 68]
[ 340000/500000]  ep= 340  reward(last50)=  46.89  n_per_axis=[59, 63, 64, 74, 55, 68]  total_splits=269
[ 350000/500000]  ep= 350  reward(last50)=  49.58  n_per_axis=[58, 65, 64, 74, 55, 68]  total_splits=270
[ 360000/500000]  eval(5)=  45.87 +/- 6.83    n_per_axis=[58, 65, 64, 74, 55, 68]
[ 360000/500000]  ep= 360  reward(last50)=  51.82  n_per_axis=[58, 65, 64, 74, 55, 68]  total_splits=270
[ 370000/500000]  ep= 370  reward(last50)=  49.19  n_per_axis=[57, 65, 64, 74, 55, 68]  total_splits=270
[ 380000/500000]  eval(5)=  29.95 +/- 5.92    n_per_axis=[57, 65, 64, 74, 57, 67]
[ 380000/500000]  ep= 380  reward(last50)=  46.38  n_per_axis=[57, 65, 64, 74, 57, 67]  total_splits=271
[ 390000/500000]  ep= 390  reward(last50)=  43.35  n_per_axis=[57, 65, 64, 74, 57, 67]  total_splits=271
[ 400000/500000]  eval(5)=  46.87 +/- 3.86    n_per_axis=[57, 65, 65, 74, 56, 67]
[ 400000/500000]  ep= 400  reward(last50)=  41.01  n_per_axis=[57, 65, 65, 74, 56, 67]  total_splits=272
[ 410000/500000]  ep= 410  reward(last50)=  37.52  n_per_axis=[57, 65, 65, 74, 56, 66]  total_splits=272
[ 420000/500000]  eval(5)=  35.99 +/- 4.62    n_per_axis=[57, 65, 65, 74, 56, 66]
[ 420000/500000]  ep= 420  reward(last50)=  35.29  n_per_axis=[57, 65, 65, 74, 56, 66]  total_splits=272
[ 430000/500000]  ep= 430  reward(last50)=  33.36  n_per_axis=[56, 65, 65, 74, 58, 66]  total_splits=273
[ 440000/500000]  eval(5)=  36.04 +/- 4.99    n_per_axis=[55, 65, 65, 74, 58, 66]
[ 440000/500000]  ep= 440  reward(last50)=  32.60  n_per_axis=[55, 65, 65, 74, 58, 66]  total_splits=273
[ 450000/500000]  ep= 450  reward(last50)=  32.73  n_per_axis=[56, 65, 65, 74, 58, 66]  total_splits=274
[ 460000/500000]  eval(5)=  51.03 +/- 19.96   n_per_axis=[56, 65, 65, 74, 58, 66]
[ 460000/500000]  ep= 460  reward(last50)=  35.49  n_per_axis=[56, 65, 65, 74, 58, 66]  total_splits=274
[ 470000/500000]  ep= 470  reward(last50)=  39.01  n_per_axis=[56, 65, 65, 74, 58, 66]  total_splits=274
[ 480000/500000]  eval(5)=  46.78 +/- 26.35   n_per_axis=[56, 65, 65, 74, 58, 66]
[ 480000/500000]  ep= 480  reward(last50)=  45.45  n_per_axis=[56, 65, 65, 74, 58, 66]  total_splits=274
[ 490000/500000]  ep= 490  reward(last50)=  49.38  n_per_axis=[56, 65, 65, 74, 58, 66]  total_splits=274
[ 500000/500000]  eval(5)=  56.57 +/- 21.89   n_per_axis=[56, 65, 64, 74, 58, 66]
[ 500000/500000]  ep= 500  reward(last50)=  55.95  n_per_axis=[56, 65, 64, 74, 58, 66]  total_splits=274
Saved BranchingDQN checkpoint to checkpoints/dmcs/cheetah-run/efficiency/zooming_n64_seed42.pt

Evaluating (deterministic)...
Eval(10): mean=56.46  std=19.13
Final n_per_axis: [56, 65, 64, 74, 58, 66]  total_cells: 383/384  total_splits: 274
Split history: 155 events, steps 10000 to 448000
