/home/bruinml/anaconda3/envs/highway/lib/python3.11/site-packages/glfw/__init__.py:917: GLFWError: (65550) b'X11: The DISPLAY environment variable is missing'
  warnings.warn(message, GLFWError)
/home/bruinml/anaconda3/envs/highway/lib/python3.11/site-packages/pygame/pkgdata.py:25: UserWarning: pkg_resources is deprecated as an API. See https://setuptools.pypa.io/en/latest/pkg_resources.html. The pkg_resources package is slated for removal as early as 2025-11-30. Refrain from using this package or pin to Setuptools<81.
  from pkg_resources import resource_stream, resource_exists
/home/bruinml/anaconda3/envs/highway/lib/python3.11/site-packages/torch/cuda/__init__.py:180: UserWarning: CUDA initialization: The NVIDIA driver on your system is too old (found version 12080). Please update your GPU driver by downloading and installing a new version from the URL: http://www.nvidia.com/Download/index.aspx Alternatively, go to: https://pytorch.org to install a PyTorch version that has been compiled with your version of the CUDA driver. (Triggered internally at /pytorch/c10/cuda/CUDAFunctions.cpp:119.)
  return torch._C._cuda_getDeviceCount() > 0
Zooming DQN on dm_control/cheetah-run  da=6  init_depth=1 (start=12 cells)  n=64 -> total_budget=384  seed=44  steps=500000
[  10000/500000]  ep=  10  reward(last50)=   0.77  n_per_axis=[6, 6, 6, 6, 6, 6]  total_splits=12
[  20000/500000]  eval(5)=  85.41 +/- 7.04    n_per_axis=[24, 24, 24, 24, 24, 24]
[  20000/500000]  ep=  20  reward(last50)=  10.79  n_per_axis=[24, 24, 24, 24, 24, 24]  total_splits=84
[  30000/500000]  ep=  30  reward(last50)=  37.13  n_per_axis=[27, 24, 24, 27, 22, 23]  total_splits=89
[  40000/500000]  eval(5)=  84.34 +/- 26.35   n_per_axis=[32, 35, 33, 36, 33, 39]
[  40000/500000]  ep=  40  reward(last50)=  44.27  n_per_axis=[32, 35, 33, 36, 33, 39]  total_splits=128
[  50000/500000]  ep=  50  reward(last50)=  54.41  n_per_axis=[42, 45, 38, 39, 42, 45]  total_splits=156
[  60000/500000]  eval(5)= 131.47 +/- 7.98    n_per_axis=[45, 48, 46, 44, 41, 48]
[  60000/500000]  ep=  60  reward(last50)=  77.09  n_per_axis=[45, 48, 46, 44, 41, 48]  total_splits=171
[  70000/500000]  ep=  70  reward(last50)=  96.79  n_per_axis=[45, 48, 48, 48, 48, 48]  total_splits=178
[  80000/500000]  eval(5)= 159.23 +/- 67.51   n_per_axis=[45, 48, 48, 48, 48, 48]
[  80000/500000]  ep=  80  reward(last50)= 106.30  n_per_axis=[45, 48, 48, 48, 48, 48]  total_splits=178
[  90000/500000]  ep=  90  reward(last50)= 122.57  n_per_axis=[48, 48, 48, 48, 48, 48]  total_splits=180
[ 100000/500000]  eval(5)= 122.02 +/- 31.11   n_per_axis=[48, 48, 48, 48, 48, 48]
[ 100000/500000]  ep= 100  reward(last50)= 135.29  n_per_axis=[48, 48, 48, 48, 48, 48]  total_splits=180
[ 110000/500000]  ep= 110  reward(last50)= 147.01  n_per_axis=[52, 48, 48, 51, 47, 48]  total_splits=185
[ 120000/500000]  eval(5)= 162.13 +/- 43.18   n_per_axis=[57, 48, 47, 51, 54, 48]
[ 120000/500000]  ep= 120  reward(last50)= 149.58  n_per_axis=[57, 48, 47, 51, 54, 48]  total_splits=192
[ 130000/500000]  ep= 130  reward(last50)= 154.14  n_per_axis=[57, 51, 54, 54, 57, 48]  total_splits=202
[ 140000/500000]  eval(5)= 181.52 +/- 70.10   n_per_axis=[57, 51, 57, 54, 57, 48]
[ 140000/500000]  ep= 140  reward(last50)= 172.70  n_per_axis=[57, 51, 57, 54, 57, 48]  total_splits=204
[ 150000/500000]  ep= 150  reward(last50)= 191.54  n_per_axis=[57, 52, 56, 54, 57, 47]  total_splits=205
[ 160000/500000]  eval(5)= 273.99 +/- 28.73   n_per_axis=[57, 54, 60, 54, 57, 49]
[ 160000/500000]  ep= 160  reward(last50)= 214.86  n_per_axis=[57, 54, 60, 54, 57, 49]  total_splits=210
[ 170000/500000]  ep= 170  reward(last50)= 230.71  n_per_axis=[57, 58, 60, 54, 60, 57]  total_splits=219
[ 180000/500000]  eval(5)= 169.87 +/- 17.98   n_per_axis=[55, 60, 62, 52, 60, 61]
[ 180000/500000]  ep= 180  reward(last50)= 252.29  n_per_axis=[55, 60, 62, 52, 60, 61]  total_splits=225
[ 190000/500000]  ep= 190  reward(last50)= 241.26  n_per_axis=[63, 61, 66, 61, 59, 69]  total_splits=242
[ 200000/500000]  eval(5)= 293.80 +/- 37.20   n_per_axis=[64, 61, 66, 63, 61, 69]
[ 200000/500000]  ep= 200  reward(last50)= 234.22  n_per_axis=[64, 61, 66, 63, 61, 69]  total_splits=246
[ 210000/500000]  ep= 210  reward(last50)= 235.78  n_per_axis=[66, 61, 66, 63, 63, 65]  total_splits=248
[ 220000/500000]  eval(5)= 270.84 +/- 19.27   n_per_axis=[66, 65, 66, 59, 62, 66]
[ 220000/500000]  ep= 220  reward(last50)= 251.60  n_per_axis=[66, 65, 66, 59, 62, 66]  total_splits=251
[ 230000/500000]  ep= 230  reward(last50)= 246.57  n_per_axis=[66, 69, 65, 57, 62, 64]  total_splits=253
[ 240000/500000]  eval(5)= 177.57 +/- 82.71   n_per_axis=[66, 68, 64, 55, 64, 66]
[ 240000/500000]  ep= 240  reward(last50)= 260.22  n_per_axis=[66, 68, 64, 55, 64, 66]  total_splits=255
[ 250000/500000]  ep= 250  reward(last50)= 273.40  n_per_axis=[66, 66, 64, 57, 63, 68]  total_splits=258
[ 260000/500000]  eval(5)= 315.50 +/- 69.50   n_per_axis=[66, 64, 66, 56, 63, 68]
[ 260000/500000]  ep= 260  reward(last50)= 271.95  n_per_axis=[66, 64, 66, 56, 63, 68]  total_splits=259
[ 270000/500000]  ep= 270  reward(last50)= 274.42  n_per_axis=[65, 63, 67, 56, 62, 70]  total_splits=262
[ 280000/500000]  eval(5)= 171.51 +/- 20.69   n_per_axis=[64, 63, 65, 58, 62, 72]
[ 280000/500000]  ep= 280  reward(last50)= 276.77  n_per_axis=[64, 63, 65, 58, 62, 72]  total_splits=264
[ 290000/500000]  ep= 290  reward(last50)= 280.79  n_per_axis=[64, 62, 64, 60, 62, 72]  total_splits=265
[ 300000/500000]  eval(5)= 266.18 +/- 10.50   n_per_axis=[64, 62, 64, 60, 61, 72]
[ 300000/500000]  ep= 300  reward(last50)= 280.69  n_per_axis=[64, 62, 64, 60, 61, 72]  total_splits=265
[ 310000/500000]  ep= 310  reward(last50)= 271.12  n_per_axis=[64, 61, 63, 62, 61, 72]  total_splits=267
[ 320000/500000]  eval(5)= 362.96 +/- 30.93   n_per_axis=[64, 61, 63, 62, 61, 72]
[ 320000/500000]  ep= 320  reward(last50)= 257.13  n_per_axis=[64, 61, 63, 62, 61, 72]  total_splits=267
[ 330000/500000]  ep= 330  reward(last50)= 253.87  n_per_axis=[64, 61, 62, 64, 61, 72]  total_splits=268
[ 340000/500000]  eval(5)= 208.24 +/- 77.19   n_per_axis=[63, 61, 61, 66, 60, 72]
[ 340000/500000]  ep= 340  reward(last50)= 234.38  n_per_axis=[63, 61, 61, 66, 60, 72]  total_splits=269
[ 350000/500000]  ep= 350  reward(last50)= 214.53  n_per_axis=[62, 61, 61, 68, 60, 72]  total_splits=270
[ 360000/500000]  eval(5)=  80.22 +/- 35.66   n_per_axis=[61, 60, 61, 67, 61, 74]
[ 360000/500000]  ep= 360  reward(last50)= 178.91  n_per_axis=[61, 60, 61, 67, 61, 74]  total_splits=272
[ 370000/500000]  ep= 370  reward(last50)= 141.14  n_per_axis=[61, 60, 61, 66, 61, 74]  total_splits=272
[ 380000/500000]  eval(5)=  20.63 +/- 13.17   n_per_axis=[60, 60, 61, 66, 61, 76]
[ 380000/500000]  ep= 380  reward(last50)=  97.62  n_per_axis=[60, 60, 61, 66, 61, 76]  total_splits=273
[ 390000/500000]  ep= 390  reward(last50)=  67.26  n_per_axis=[59, 60, 61, 66, 61, 76]  total_splits=273
[ 400000/500000]  eval(5)=   6.80 +/- 4.49    n_per_axis=[59, 60, 61, 66, 61, 76]
[ 400000/500000]  ep= 400  reward(last50)=  35.13  n_per_axis=[59, 60, 61, 66, 61, 76]  total_splits=273
[ 410000/500000]  ep= 410  reward(last50)=  26.77  n_per_axis=[59, 60, 61, 66, 61, 76]  total_splits=273
[ 420000/500000]  eval(5)=  32.56 +/- 3.84    n_per_axis=[58, 60, 61, 66, 60, 78]
[ 420000/500000]  ep= 420  reward(last50)=  22.58  n_per_axis=[58, 60, 61, 66, 60, 78]  total_splits=274
[ 430000/500000]  ep= 430  reward(last50)=  22.61  n_per_axis=[57, 62, 61, 66, 60, 78]  total_splits=275
[ 440000/500000]  eval(5)=  14.98 +/- 4.78    n_per_axis=[57, 62, 61, 66, 60, 78]
[ 440000/500000]  ep= 440  reward(last50)=  22.11  n_per_axis=[57, 62, 61, 66, 60, 78]  total_splits=275
[ 450000/500000]  ep= 450  reward(last50)=  20.92  n_per_axis=[57, 62, 61, 66, 60, 78]  total_splits=275
[ 460000/500000]  eval(5)=  21.97 +/- 6.81    n_per_axis=[56, 62, 61, 66, 60, 78]
[ 460000/500000]  ep= 460  reward(last50)=  20.65  n_per_axis=[56, 62, 61, 66, 60, 78]  total_splits=275
[ 470000/500000]  ep= 470  reward(last50)=  20.62  n_per_axis=[56, 62, 61, 66, 60, 78]  total_splits=275
[ 480000/500000]  eval(5)=  18.24 +/- 3.46    n_per_axis=[56, 62, 61, 66, 60, 78]
[ 480000/500000]  ep= 480  reward(last50)=  20.89  n_per_axis=[56, 62, 61, 66, 60, 78]  total_splits=275
[ 490000/500000]  ep= 490  reward(last50)=  20.72  n_per_axis=[56, 62, 60, 68, 60, 78]  total_splits=276
[ 500000/500000]  eval(5)=  20.58 +/- 4.18    n_per_axis=[56, 62, 60, 68, 60, 78]
[ 500000/500000]  ep= 500  reward(last50)=  20.18  n_per_axis=[56, 62, 60, 68, 60, 78]  total_splits=276
Saved BranchingDQN checkpoint to checkpoints/dmcs/cheetah-run/efficiency/zooming_n64_seed44.pt

Evaluating (deterministic)...
Eval(10): mean=17.20  std=7.20
Final n_per_axis: [56, 62, 60, 68, 60, 78]  total_cells: 384/384  total_splits: 276
Split history: 152 events, steps 10000 to 486000
