/home/bruinml/anaconda3/envs/highway/lib/python3.11/site-packages/glfw/__init__.py:917: GLFWError: (65550) b'X11: The DISPLAY environment variable is missing'
  warnings.warn(message, GLFWError)
/home/bruinml/anaconda3/envs/highway/lib/python3.11/site-packages/pygame/pkgdata.py:25: UserWarning: pkg_resources is deprecated as an API. See https://setuptools.pypa.io/en/latest/pkg_resources.html. The pkg_resources package is slated for removal as early as 2025-11-30. Refrain from using this package or pin to Setuptools<81.
  from pkg_resources import resource_stream, resource_exists
/home/bruinml/anaconda3/envs/highway/lib/python3.11/site-packages/torch/cuda/__init__.py:180: UserWarning: CUDA initialization: The NVIDIA driver on your system is too old (found version 12080). Please update your GPU driver by downloading and installing a new version from the URL: http://www.nvidia.com/Download/index.aspx Alternatively, go to: https://pytorch.org to install a PyTorch version that has been compiled with your version of the CUDA driver. (Triggered internally at /pytorch/c10/cuda/CUDAFunctions.cpp:119.)
  return torch._C._cuda_getDeviceCount() > 0
Zooming DQN on dm_control/cheetah-run  da=6  init_depth=1 (start=12 cells)  n=64 -> total_budget=384  seed=43  steps=500000
[  10000/500000]  ep=  10  reward(last50)=   1.66  n_per_axis=[6, 6, 6, 6, 6, 6]  total_splits=12
[  20000/500000]  eval(5)=  43.03 +/- 8.07    n_per_axis=[24, 24, 24, 24, 24, 24]
[  20000/500000]  ep=  20  reward(last50)=  12.72  n_per_axis=[24, 24, 24, 24, 24, 24]  total_splits=84
[  30000/500000]  ep=  30  reward(last50)=  32.72  n_per_axis=[23, 23, 22, 23, 23, 23]  total_splits=84
[  40000/500000]  eval(5)= 144.72 +/- 6.85    n_per_axis=[36, 33, 39, 33, 32, 34]
[  40000/500000]  ep=  40  reward(last50)=  49.58  n_per_axis=[36, 33, 39, 33, 32, 34]  total_splits=128
[  50000/500000]  ep=  50  reward(last50)=  58.98  n_per_axis=[37, 35, 39, 38, 40, 42]  total_splits=144
[  60000/500000]  eval(5)=  84.09 +/- 53.62   n_per_axis=[42, 46, 41, 42, 44, 42]
[  60000/500000]  ep=  60  reward(last50)=  83.87  n_per_axis=[42, 46, 41, 42, 44, 42]  total_splits=161
[  70000/500000]  ep=  70  reward(last50)= 107.17  n_per_axis=[45, 48, 45, 45, 48, 48]  total_splits=174
[  80000/500000]  eval(5)= 144.60 +/- 58.50   n_per_axis=[45, 48, 45, 48, 48, 48]
[  80000/500000]  ep=  80  reward(last50)= 116.69  n_per_axis=[45, 48, 45, 48, 48, 48]  total_splits=176
[  90000/500000]  ep=  90  reward(last50)= 135.72  n_per_axis=[48, 48, 45, 48, 48, 48]  total_splits=178
[ 100000/500000]  eval(5)= 269.59 +/- 22.11   n_per_axis=[48, 48, 45, 48, 48, 48]
[ 100000/500000]  ep= 100  reward(last50)= 154.13  n_per_axis=[48, 48, 45, 48, 48, 48]  total_splits=178
[ 110000/500000]  ep= 110  reward(last50)= 173.72  n_per_axis=[51, 47, 50, 51, 48, 48]  total_splits=186
[ 120000/500000]  eval(5)= 239.86 +/- 67.79   n_per_axis=[54, 52, 54, 54, 48, 48]
[ 120000/500000]  ep= 120  reward(last50)= 190.14  n_per_axis=[54, 52, 54, 54, 48, 48]  total_splits=195
[ 130000/500000]  ep= 130  reward(last50)= 212.63  n_per_axis=[53, 58, 57, 54, 48, 48]  total_splits=201
[ 140000/500000]  eval(5)= 231.72 +/- 78.00   n_per_axis=[56, 60, 57, 54, 45, 47]
[ 140000/500000]  ep= 140  reward(last50)= 217.92  n_per_axis=[56, 60, 57, 54, 45, 47]  total_splits=204
[ 150000/500000]  ep= 150  reward(last50)= 216.30  n_per_axis=[60, 60, 57, 54, 57, 49]  total_splits=215
[ 160000/500000]  eval(5)= 367.38 +/- 62.22   n_per_axis=[60, 60, 57, 60, 60, 57]
[ 160000/500000]  ep= 160  reward(last50)= 238.82  n_per_axis=[60, 60, 57, 60, 60, 57]  total_splits=224
[ 170000/500000]  ep= 170  reward(last50)= 251.86  n_per_axis=[59, 60, 57, 60, 61, 56]  total_splits=225
[ 180000/500000]  eval(5)= 327.57 +/- 79.90   n_per_axis=[63, 60, 60, 60, 63, 57]
[ 180000/500000]  ep= 180  reward(last50)= 277.41  n_per_axis=[63, 60, 60, 60, 63, 57]  total_splits=232
[ 190000/500000]  ep= 190  reward(last50)= 284.05  n_per_axis=[63, 60, 61, 63, 64, 70]  total_splits=243
[ 200000/500000]  eval(5)= 230.70 +/- 77.92   n_per_axis=[62, 61, 60, 63, 65, 72]
[ 200000/500000]  ep= 200  reward(last50)= 311.84  n_per_axis=[62, 61, 60, 63, 65, 72]  total_splits=246
[ 210000/500000]  ep= 210  reward(last50)= 294.50  n_per_axis=[62, 61, 60, 63, 65, 72]  total_splits=246
[ 220000/500000]  eval(5)= 272.77 +/- 99.46   n_per_axis=[62, 61, 62, 61, 66, 71]
[ 220000/500000]  ep= 220  reward(last50)= 297.06  n_per_axis=[62, 61, 62, 61, 66, 71]  total_splits=249
[ 230000/500000]  ep= 230  reward(last50)= 283.00  n_per_axis=[62, 62, 62, 61, 66, 70]  total_splits=250
[ 240000/500000]  eval(5)= 293.69 +/- 44.87   n_per_axis=[66, 62, 62, 59, 66, 69]
[ 240000/500000]  ep= 240  reward(last50)= 294.36  n_per_axis=[66, 62, 62, 59, 66, 69]  total_splits=252
[ 250000/500000]  ep= 250  reward(last50)= 288.67  n_per_axis=[66, 61, 61, 59, 69, 68]  total_splits=254
[ 260000/500000]  eval(5)= 260.96 +/- 40.46   n_per_axis=[65, 59, 64, 59, 70, 67]
[ 260000/500000]  ep= 260  reward(last50)= 301.31  n_per_axis=[65, 59, 64, 59, 70, 67]  total_splits=257
[ 270000/500000]  ep= 270  reward(last50)= 307.67  n_per_axis=[65, 58, 64, 59, 69, 69]  total_splits=258
[ 280000/500000]  eval(5)= 347.04 +/- 26.41   n_per_axis=[65, 58, 66, 59, 66, 69]
[ 280000/500000]  ep= 280  reward(last50)= 309.60  n_per_axis=[65, 58, 66, 59, 66, 69]  total_splits=262
[ 290000/500000]  ep= 290  reward(last50)= 315.07  n_per_axis=[65, 58, 66, 58, 66, 70]  total_splits=263
[ 300000/500000]  eval(5)= 261.11 +/- 114.87  n_per_axis=[65, 57, 66, 60, 66, 70]
[ 300000/500000]  ep= 300  reward(last50)= 315.92  n_per_axis=[65, 57, 66, 60, 66, 70]  total_splits=265
[ 310000/500000]  ep= 310  reward(last50)= 304.60  n_per_axis=[65, 59, 66, 59, 65, 70]  total_splits=266
[ 320000/500000]  eval(5)= 384.63 +/- 76.35   n_per_axis=[65, 58, 66, 59, 65, 70]
[ 320000/500000]  ep= 320  reward(last50)= 303.06  n_per_axis=[65, 58, 66, 59, 65, 70]  total_splits=266
[ 330000/500000]  ep= 330  reward(last50)= 295.58  n_per_axis=[63, 58, 65, 61, 65, 72]  total_splits=268
[ 340000/500000]  eval(5)= 309.42 +/- 30.89   n_per_axis=[62, 59, 65, 61, 65, 72]
[ 340000/500000]  ep= 340  reward(last50)= 294.77  n_per_axis=[62, 59, 65, 61, 65, 72]  total_splits=269
[ 350000/500000]  ep= 350  reward(last50)= 295.70  n_per_axis=[62, 58, 64, 61, 65, 74]  total_splits=270
[ 360000/500000]  eval(5)= 260.40 +/- 103.92  n_per_axis=[62, 58, 64, 61, 65, 74]
[ 360000/500000]  ep= 360  reward(last50)= 303.22  n_per_axis=[62, 58, 64, 61, 65, 74]  total_splits=270
[ 370000/500000]  ep= 370  reward(last50)= 278.31  n_per_axis=[62, 58, 63, 61, 66, 74]  total_splits=271
[ 380000/500000]  eval(5)= 266.38 +/- 115.93  n_per_axis=[62, 57, 63, 61, 66, 74]
[ 380000/500000]  ep= 380  reward(last50)= 250.86  n_per_axis=[62, 57, 63, 61, 66, 74]  total_splits=271
[ 390000/500000]  ep= 390  reward(last50)= 224.69  n_per_axis=[62, 57, 63, 61, 66, 74]  total_splits=271
[ 400000/500000]  eval(5)=  42.70 +/- 2.00    n_per_axis=[60, 57, 63, 61, 66, 76]
[ 400000/500000]  ep= 400  reward(last50)= 198.41  n_per_axis=[60, 57, 63, 61, 66, 76]  total_splits=272
[ 410000/500000]  ep= 410  reward(last50)= 160.42  n_per_axis=[60, 57, 63, 61, 66, 76]  total_splits=272
[ 420000/500000]  eval(5)=  24.16 +/- 1.55    n_per_axis=[60, 57, 63, 61, 66, 76]
[ 420000/500000]  ep= 420  reward(last50)= 133.92  n_per_axis=[60, 57, 63, 61, 66, 76]  total_splits=272
[ 430000/500000]  ep= 430  reward(last50)= 118.72  n_per_axis=[59, 59, 63, 61, 66, 76]  total_splits=273
[ 440000/500000]  eval(5)=  26.64 +/- 8.48    n_per_axis=[59, 59, 63, 61, 66, 76]
[ 440000/500000]  ep= 440  reward(last50)=  84.88  n_per_axis=[59, 59, 63, 61, 66, 76]  total_splits=273
[ 450000/500000]  ep= 450  reward(last50)=  55.30  n_per_axis=[58, 59, 63, 62, 66, 76]  total_splits=274
[ 460000/500000]  eval(5)=  35.38 +/- 7.83    n_per_axis=[56, 59, 63, 64, 66, 76]
[ 460000/500000]  ep= 460  reward(last50)=  40.35  n_per_axis=[56, 59, 63, 64, 66, 76]  total_splits=275
[ 470000/500000]  ep= 470  reward(last50)=  33.10  n_per_axis=[56, 59, 63, 64, 66, 76]  total_splits=275
[ 480000/500000]  eval(5)=  32.18 +/- 7.22    n_per_axis=[56, 59, 62, 64, 66, 76]
[ 480000/500000]  ep= 480  reward(last50)=  29.51  n_per_axis=[56, 59, 62, 64, 66, 76]  total_splits=275
[ 490000/500000]  ep= 490  reward(last50)=  30.12  n_per_axis=[56, 59, 62, 64, 66, 76]  total_splits=275
[ 500000/500000]  eval(5)=  35.54 +/- 11.32   n_per_axis=[56, 59, 62, 64, 66, 76]
[ 500000/500000]  ep= 500  reward(last50)=  33.44  n_per_axis=[56, 59, 62, 64, 66, 76]  total_splits=275
Saved BranchingDQN checkpoint to checkpoints/dmcs/cheetah-run/efficiency/zooming_n64_seed43.pt

Evaluating (deterministic)...
Eval(10): mean=37.22  std=2.47
Final n_per_axis: [56, 59, 62, 64, 66, 76]  total_cells: 383/384  total_splits: 275
Split history: 161 events, steps 10000 to 460000
