/home/bruinml/anaconda3/envs/highway/lib/python3.11/site-packages/glfw/__init__.py:917: GLFWError: (65550) b'X11: The DISPLAY environment variable is missing'
  warnings.warn(message, GLFWError)
/home/bruinml/anaconda3/envs/highway/lib/python3.11/site-packages/pygame/pkgdata.py:25: UserWarning: pkg_resources is deprecated as an API. See https://setuptools.pypa.io/en/latest/pkg_resources.html. The pkg_resources package is slated for removal as early as 2025-11-30. Refrain from using this package or pin to Setuptools<81.
  from pkg_resources import resource_stream, resource_exists
/home/bruinml/anaconda3/envs/highway/lib/python3.11/site-packages/torch/cuda/__init__.py:180: UserWarning: CUDA initialization: The NVIDIA driver on your system is too old (found version 12080). Please update your GPU driver by downloading and installing a new version from the URL: http://www.nvidia.com/Download/index.aspx Alternatively, go to: https://pytorch.org to install a PyTorch version that has been compiled with your version of the CUDA driver. (Triggered internally at /pytorch/c10/cuda/CUDAFunctions.cpp:119.)
  return torch._C._cuda_getDeviceCount() > 0
Zooming DQN on dm_control/cheetah-run  da=6  init_depth=1 (start=12 cells)  n=16 -> total_budget=96  seed=44  steps=500000
[  10000/500000]  ep=  10  reward(last50)=   0.52  n_per_axis=[6, 6, 6, 6, 6, 6]  total_splits=12
[  20000/500000]  eval(5)=  41.68 +/- 4.96    n_per_axis=[16, 16, 16, 14, 18, 16]
[  20000/500000]  ep=  20  reward(last50)=  10.10  n_per_axis=[16, 16, 16, 14, 18, 16]  total_splits=60
[  30000/500000]  ep=  30  reward(last50)=  26.15  n_per_axis=[16, 16, 18, 13, 17, 16]  total_splits=61
[  40000/500000]  eval(5)= 107.44 +/- 14.41   n_per_axis=[17, 18, 17, 12, 16, 15]
[  40000/500000]  ep=  40  reward(last50)=  37.92  n_per_axis=[17, 18, 17, 12, 16, 15]  total_splits=67
[  50000/500000]  ep=  50  reward(last50)=  49.74  n_per_axis=[16, 15, 15, 18, 18, 13]  total_splits=72
[  60000/500000]  eval(5)= 120.83 +/- 52.56   n_per_axis=[15, 15, 15, 21, 17, 13]
[  60000/500000]  ep=  60  reward(last50)=  78.60  n_per_axis=[15, 15, 15, 21, 17, 13]  total_splits=74
[  70000/500000]  ep=  70  reward(last50)= 108.45  n_per_axis=[16, 14, 14, 23, 16, 13]  total_splits=76
[  80000/500000]  eval(5)= 151.61 +/- 44.91   n_per_axis=[16, 14, 14, 20, 18, 13]
[  80000/500000]  ep=  80  reward(last50)= 128.13  n_per_axis=[16, 14, 14, 20, 18, 13]  total_splits=77
[  90000/500000]  ep=  90  reward(last50)= 150.02  n_per_axis=[16, 14, 14, 20, 18, 13]  total_splits=77
[ 100000/500000]  eval(5)= 237.97 +/- 65.04   n_per_axis=[16, 14, 14, 20, 18, 13]
[ 100000/500000]  ep= 100  reward(last50)= 171.34  n_per_axis=[16, 14, 14, 20, 18, 13]  total_splits=77
[ 110000/500000]  ep= 110  reward(last50)= 192.16  n_per_axis=[16, 16, 14, 19, 18, 13]  total_splits=78
[ 120000/500000]  eval(5)= 307.12 +/- 51.54   n_per_axis=[16, 16, 14, 19, 18, 13]
[ 120000/500000]  ep= 120  reward(last50)= 203.94  n_per_axis=[16, 16, 14, 19, 18, 13]  total_splits=78
[ 130000/500000]  ep= 130  reward(last50)= 236.47  n_per_axis=[16, 16, 14, 18, 18, 13]  total_splits=78
[ 140000/500000]  eval(5)= 298.97 +/- 48.43   n_per_axis=[16, 16, 14, 18, 18, 13]
[ 140000/500000]  ep= 140  reward(last50)= 259.64  n_per_axis=[16, 16, 14, 18, 18, 13]  total_splits=78
[ 150000/500000]  ep= 150  reward(last50)= 273.76  n_per_axis=[18, 16, 14, 18, 17, 13]  total_splits=79
[ 160000/500000]  eval(5)= 135.44 +/- 79.63   n_per_axis=[19, 15, 14, 18, 16, 13]
[ 160000/500000]  ep= 160  reward(last50)= 273.35  n_per_axis=[19, 15, 14, 18, 16, 13]  total_splits=80
[ 170000/500000]  ep= 170  reward(last50)= 278.85  n_per_axis=[19, 15, 16, 17, 16, 13]  total_splits=81
[ 180000/500000]  eval(5)= 355.22 +/- 18.33   n_per_axis=[19, 15, 16, 17, 16, 13]
[ 180000/500000]  ep= 180  reward(last50)= 275.07  n_per_axis=[19, 15, 16, 17, 16, 13]  total_splits=81
[ 190000/500000]  ep= 190  reward(last50)= 282.95  n_per_axis=[18, 15, 16, 17, 16, 13]  total_splits=81
[ 200000/500000]  eval(5)= 406.46 +/- 11.21   n_per_axis=[18, 15, 16, 17, 16, 13]
[ 200000/500000]  ep= 200  reward(last50)= 303.56  n_per_axis=[18, 15, 16, 17, 16, 13]  total_splits=81
[ 210000/500000]  ep= 210  reward(last50)= 329.05  n_per_axis=[18, 15, 16, 17, 16, 13]  total_splits=81
[ 220000/500000]  eval(5)= 403.01 +/- 67.76   n_per_axis=[18, 15, 16, 17, 16, 13]
[ 220000/500000]  ep= 220  reward(last50)= 354.58  n_per_axis=[18, 15, 16, 17, 16, 13]  total_splits=81
[ 230000/500000]  ep= 230  reward(last50)= 373.02  n_per_axis=[18, 15, 16, 17, 16, 13]  total_splits=81
[ 240000/500000]  eval(5)= 451.04 +/- 11.54   n_per_axis=[18, 15, 15, 17, 16, 15]
[ 240000/500000]  ep= 240  reward(last50)= 383.61  n_per_axis=[18, 15, 15, 17, 16, 15]  total_splits=82
[ 250000/500000]  ep= 250  reward(last50)= 383.13  n_per_axis=[17, 15, 15, 17, 16, 15]  total_splits=82
[ 260000/500000]  eval(5)= 386.94 +/- 30.47   n_per_axis=[17, 15, 15, 17, 16, 15]
[ 260000/500000]  ep= 260  reward(last50)= 375.82  n_per_axis=[17, 15, 15, 17, 16, 15]  total_splits=82
[ 270000/500000]  ep= 270  reward(last50)= 380.73  n_per_axis=[17, 15, 15, 17, 16, 15]  total_splits=82
[ 280000/500000]  eval(5)= 381.69 +/- 92.41   n_per_axis=[17, 15, 15, 17, 16, 15]
[ 280000/500000]  ep= 280  reward(last50)= 386.46  n_per_axis=[17, 15, 15, 17, 16, 15]  total_splits=82
[ 290000/500000]  ep= 290  reward(last50)= 394.57  n_per_axis=[17, 15, 15, 17, 16, 15]  total_splits=82
[ 300000/500000]  eval(5)= 373.96 +/- 93.91   n_per_axis=[17, 15, 15, 17, 16, 15]
[ 300000/500000]  ep= 300  reward(last50)= 396.48  n_per_axis=[17, 15, 15, 17, 16, 15]  total_splits=82
[ 310000/500000]  ep= 310  reward(last50)= 401.06  n_per_axis=[17, 15, 15, 17, 16, 15]  total_splits=82
[ 320000/500000]  eval(5)= 353.95 +/- 60.91   n_per_axis=[17, 15, 15, 17, 16, 15]
[ 320000/500000]  ep= 320  reward(last50)= 394.91  n_per_axis=[17, 15, 15, 17, 16, 15]  total_splits=82
[ 330000/500000]  ep= 330  reward(last50)= 391.41  n_per_axis=[17, 15, 15, 17, 16, 15]  total_splits=82
[ 340000/500000]  eval(5)= 294.35 +/- 89.63   n_per_axis=[17, 17, 15, 17, 16, 14]
[ 340000/500000]  ep= 340  reward(last50)= 374.53  n_per_axis=[17, 17, 15, 17, 16, 14]  total_splits=83
[ 350000/500000]  ep= 350  reward(last50)= 364.01  n_per_axis=[17, 17, 15, 17, 16, 14]  total_splits=83
[ 360000/500000]  eval(5)= 432.39 +/- 14.73   n_per_axis=[17, 17, 15, 17, 16, 14]
[ 360000/500000]  ep= 360  reward(last50)= 367.92  n_per_axis=[17, 17, 15, 17, 16, 14]  total_splits=83
[ 370000/500000]  ep= 370  reward(last50)= 376.02  n_per_axis=[17, 17, 15, 17, 16, 14]  total_splits=83
[ 380000/500000]  eval(5)= 336.21 +/- 22.11   n_per_axis=[17, 17, 15, 17, 16, 14]
[ 380000/500000]  ep= 380  reward(last50)= 386.34  n_per_axis=[17, 17, 15, 17, 16, 14]  total_splits=83
[ 390000/500000]  ep= 390  reward(last50)= 412.31  n_per_axis=[17, 16, 15, 17, 16, 14]  total_splits=83
[ 400000/500000]  eval(5)= 425.21 +/- 38.53   n_per_axis=[17, 16, 15, 17, 16, 14]
[ 400000/500000]  ep= 400  reward(last50)= 408.92  n_per_axis=[17, 16, 15, 17, 16, 14]  total_splits=83
[ 410000/500000]  ep= 410  reward(last50)= 401.84  n_per_axis=[17, 16, 15, 17, 16, 14]  total_splits=83
[ 420000/500000]  eval(5)= 486.63 +/- 130.44  n_per_axis=[17, 16, 15, 17, 16, 14]
[ 420000/500000]  ep= 420  reward(last50)= 385.62  n_per_axis=[17, 16, 15, 17, 16, 14]  total_splits=83
[ 430000/500000]  ep= 430  reward(last50)= 374.62  n_per_axis=[17, 16, 15, 17, 16, 14]  total_splits=83
[ 440000/500000]  eval(5)= 605.92 +/- 16.14   n_per_axis=[17, 16, 15, 17, 16, 14]
[ 440000/500000]  ep= 440  reward(last50)= 355.15  n_per_axis=[17, 16, 15, 17, 16, 14]  total_splits=83
[ 450000/500000]  ep= 450  reward(last50)= 377.71  n_per_axis=[17, 16, 15, 17, 16, 14]  total_splits=83
[ 460000/500000]  eval(5)= 435.33 +/- 86.63   n_per_axis=[17, 16, 15, 17, 16, 14]
[ 460000/500000]  ep= 460  reward(last50)= 381.51  n_per_axis=[17, 16, 15, 17, 16, 14]  total_splits=83
[ 470000/500000]  ep= 470  reward(last50)= 403.98  n_per_axis=[17, 16, 15, 17, 16, 14]  total_splits=83
[ 480000/500000]  eval(5)= 402.74 +/- 94.42   n_per_axis=[17, 16, 15, 17, 16, 14]
[ 480000/500000]  ep= 480  reward(last50)= 412.02  n_per_axis=[17, 16, 15, 17, 16, 14]  total_splits=83
[ 490000/500000]  ep= 490  reward(last50)= 415.91  n_per_axis=[17, 16, 15, 17, 16, 14]  total_splits=83
[ 500000/500000]  eval(5)= 337.17 +/- 82.36   n_per_axis=[17, 16, 15, 17, 16, 14]
[ 500000/500000]  ep= 500  reward(last50)= 409.24  n_per_axis=[17, 16, 15, 17, 16, 14]  total_splits=83
Saved BranchingDQN checkpoint to checkpoints/dmcs/cheetah-run/efficiency/zooming_n16_seed44.pt

Evaluating (deterministic)...
Eval(10): mean=341.38  std=101.66
Final n_per_axis: [17, 16, 15, 17, 16, 14]  total_cells: 95/96  total_splits: 83
Split history: 41 events, steps 10000 to 332000
