/home/bruinml/anaconda3/envs/highway/lib/python3.11/site-packages/glfw/__init__.py:917: GLFWError: (65550) b'X11: The DISPLAY environment variable is missing'
  warnings.warn(message, GLFWError)
/home/bruinml/anaconda3/envs/highway/lib/python3.11/site-packages/pygame/pkgdata.py:25: UserWarning: pkg_resources is deprecated as an API. See https://setuptools.pypa.io/en/latest/pkg_resources.html. The pkg_resources package is slated for removal as early as 2025-11-30. Refrain from using this package or pin to Setuptools<81.
  from pkg_resources import resource_stream, resource_exists
/home/bruinml/anaconda3/envs/highway/lib/python3.11/site-packages/torch/cuda/__init__.py:180: UserWarning: CUDA initialization: The NVIDIA driver on your system is too old (found version 12080). Please update your GPU driver by downloading and installing a new version from the URL: http://www.nvidia.com/Download/index.aspx Alternatively, go to: https://pytorch.org to install a PyTorch version that has been compiled with your version of the CUDA driver. (Triggered internally at /pytorch/c10/cuda/CUDAFunctions.cpp:119.)
  return torch._C._cuda_getDeviceCount() > 0
Zooming DQN on dm_control/cheetah-run  da=6  init_depth=1 (start=12 cells)  n=32 -> total_budget=192  seed=43  steps=500000
[  10000/500000]  ep=  10  reward(last50)=   1.34  n_per_axis=[6, 6, 6, 6, 6, 6]  total_splits=12
[  20000/500000]  eval(5)=  53.26 +/- 3.01    n_per_axis=[24, 24, 24, 24, 24, 24]
[  20000/500000]  ep=  20  reward(last50)=  10.72  n_per_axis=[24, 24, 24, 24, 24, 24]  total_splits=84
[  30000/500000]  ep=  30  reward(last50)=  36.38  n_per_axis=[26, 24, 23, 23, 26, 27]  total_splits=90
[  40000/500000]  eval(5)=  95.03 +/- 44.40   n_per_axis=[35, 35, 34, 26, 30, 32]
[  40000/500000]  ep=  40  reward(last50)=  52.77  n_per_axis=[35, 35, 34, 26, 30, 32]  total_splits=121
[  50000/500000]  ep=  50  reward(last50)=  60.60  n_per_axis=[36, 32, 34, 28, 26, 35]  total_splits=128
[  60000/500000]  eval(5)= 126.62 +/- 24.57   n_per_axis=[36, 32, 33, 30, 25, 35]
[  60000/500000]  ep=  60  reward(last50)=  85.39  n_per_axis=[36, 32, 33, 30, 25, 35]  total_splits=129
[  70000/500000]  ep=  70  reward(last50)= 108.43  n_per_axis=[38, 32, 33, 30, 25, 34]  total_splits=130
[  80000/500000]  eval(5)= 136.17 +/- 80.93   n_per_axis=[37, 32, 32, 32, 24, 34]
[  80000/500000]  ep=  80  reward(last50)= 136.02  n_per_axis=[37, 32, 32, 32, 24, 34]  total_splits=131
[  90000/500000]  ep=  90  reward(last50)= 156.64  n_per_axis=[35, 34, 32, 34, 23, 34]  total_splits=133
[ 100000/500000]  eval(5)= 242.62 +/- 75.58   n_per_axis=[35, 34, 32, 34, 23, 34]
[ 100000/500000]  ep= 100  reward(last50)= 184.76  n_per_axis=[35, 34, 32, 34, 23, 34]  total_splits=133
[ 110000/500000]  ep= 110  reward(last50)= 213.85  n_per_axis=[35, 33, 32, 36, 22, 34]  total_splits=134
[ 120000/500000]  eval(5)= 305.92 +/- 47.06   n_per_axis=[34, 33, 31, 35, 22, 36]
[ 120000/500000]  ep= 120  reward(last50)= 237.82  n_per_axis=[34, 33, 31, 35, 22, 36]  total_splits=135
[ 130000/500000]  ep= 130  reward(last50)= 251.63  n_per_axis=[34, 32, 31, 35, 22, 38]  total_splits=136
[ 140000/500000]  eval(5)= 272.76 +/- 97.12   n_per_axis=[35, 32, 31, 34, 21, 38]
[ 140000/500000]  ep= 140  reward(last50)= 263.54  n_per_axis=[35, 32, 31, 34, 21, 38]  total_splits=137
[ 150000/500000]  ep= 150  reward(last50)= 276.81  n_per_axis=[37, 32, 30, 34, 21, 38]  total_splits=138
[ 160000/500000]  eval(5)= 337.83 +/- 26.00   n_per_axis=[36, 31, 28, 33, 24, 40]
[ 160000/500000]  ep= 160  reward(last50)= 281.11  n_per_axis=[36, 31, 28, 33, 24, 40]  total_splits=142
[ 170000/500000]  ep= 170  reward(last50)= 301.46  n_per_axis=[36, 30, 27, 37, 24, 38]  total_splits=144
[ 180000/500000]  eval(5)= 306.78 +/- 37.02   n_per_axis=[37, 28, 26, 37, 24, 39]
[ 180000/500000]  ep= 180  reward(last50)= 301.63  n_per_axis=[37, 28, 26, 37, 24, 39]  total_splits=146
[ 190000/500000]  ep= 190  reward(last50)= 305.88  n_per_axis=[37, 28, 26, 38, 26, 37]  total_splits=148
[ 200000/500000]  eval(5)= 365.21 +/- 59.98   n_per_axis=[39, 27, 25, 38, 26, 37]
[ 200000/500000]  ep= 200  reward(last50)= 322.79  n_per_axis=[39, 27, 25, 38, 26, 37]  total_splits=149
[ 210000/500000]  ep= 210  reward(last50)= 326.21  n_per_axis=[39, 27, 25, 37, 26, 37]  total_splits=149
[ 220000/500000]  eval(5)= 399.23 +/- 90.90   n_per_axis=[38, 29, 25, 37, 26, 37]
[ 220000/500000]  ep= 220  reward(last50)= 302.76  n_per_axis=[38, 29, 25, 37, 26, 37]  total_splits=150
[ 230000/500000]  ep= 230  reward(last50)= 322.44  n_per_axis=[38, 29, 25, 37, 26, 37]  total_splits=150
[ 240000/500000]  eval(5)= 332.64 +/- 28.00   n_per_axis=[38, 28, 24, 41, 26, 35]
[ 240000/500000]  ep= 240  reward(last50)= 340.37  n_per_axis=[38, 28, 24, 41, 26, 35]  total_splits=152
[ 250000/500000]  ep= 250  reward(last50)= 329.96  n_per_axis=[37, 28, 24, 41, 26, 35]  total_splits=152
[ 260000/500000]  eval(5)= 435.55 +/- 47.24   n_per_axis=[37, 28, 24, 41, 26, 35]
[ 260000/500000]  ep= 260  reward(last50)= 340.46  n_per_axis=[37, 28, 24, 41, 26, 35]  total_splits=152
[ 270000/500000]  ep= 270  reward(last50)= 359.32  n_per_axis=[37, 30, 24, 39, 26, 35]  total_splits=153
[ 280000/500000]  eval(5)= 482.92 +/- 27.83   n_per_axis=[37, 30, 24, 39, 26, 35]
[ 280000/500000]  ep= 280  reward(last50)= 349.02  n_per_axis=[37, 30, 24, 39, 26, 35]  total_splits=153
[ 290000/500000]  ep= 290  reward(last50)= 345.43  n_per_axis=[36, 30, 26, 37, 28, 35]  total_splits=155
[ 300000/500000]  eval(5)= 360.82 +/- 15.74   n_per_axis=[36, 30, 26, 37, 28, 35]
[ 300000/500000]  ep= 300  reward(last50)= 348.19  n_per_axis=[36, 30, 26, 37, 28, 35]  total_splits=155
[ 310000/500000]  ep= 310  reward(last50)= 364.94  n_per_axis=[36, 30, 26, 37, 28, 35]  total_splits=155
[ 320000/500000]  eval(5)= 449.60 +/- 45.12   n_per_axis=[36, 31, 26, 36, 28, 35]
[ 320000/500000]  ep= 320  reward(last50)= 379.06  n_per_axis=[36, 31, 26, 36, 28, 35]  total_splits=156
[ 330000/500000]  ep= 330  reward(last50)= 387.94  n_per_axis=[36, 31, 26, 36, 28, 35]  total_splits=156
[ 340000/500000]  eval(5)= 538.46 +/- 37.64   n_per_axis=[36, 31, 26, 36, 28, 34]
[ 340000/500000]  ep= 340  reward(last50)= 400.18  n_per_axis=[36, 31, 26, 36, 28, 34]  total_splits=156
[ 350000/500000]  ep= 350  reward(last50)= 419.64  n_per_axis=[36, 31, 26, 36, 28, 34]  total_splits=156
[ 360000/500000]  eval(5)= 518.37 +/- 32.40   n_per_axis=[36, 31, 26, 36, 28, 34]
[ 360000/500000]  ep= 360  reward(last50)= 419.73  n_per_axis=[36, 31, 26, 36, 28, 34]  total_splits=156
[ 370000/500000]  ep= 370  reward(last50)= 418.21  n_per_axis=[36, 31, 26, 35, 30, 33]  total_splits=157
[ 380000/500000]  eval(5)= 379.60 +/- 37.02   n_per_axis=[36, 31, 26, 35, 30, 33]
[ 380000/500000]  ep= 380  reward(last50)= 398.78  n_per_axis=[36, 31, 26, 35, 30, 33]  total_splits=157
[ 390000/500000]  ep= 390  reward(last50)= 396.55  n_per_axis=[36, 31, 26, 35, 30, 33]  total_splits=157
[ 400000/500000]  eval(5)= 487.63 +/- 15.69   n_per_axis=[36, 31, 26, 35, 30, 33]
[ 400000/500000]  ep= 400  reward(last50)= 397.49  n_per_axis=[36, 31, 26, 35, 30, 33]  total_splits=157
[ 410000/500000]  ep= 410  reward(last50)= 404.36  n_per_axis=[36, 31, 26, 34, 32, 32]  total_splits=158
[ 420000/500000]  eval(5)= 357.74 +/- 56.64   n_per_axis=[36, 31, 26, 34, 32, 32]
[ 420000/500000]  ep= 420  reward(last50)= 394.87  n_per_axis=[36, 31, 26, 34, 32, 32]  total_splits=158
[ 430000/500000]  ep= 430  reward(last50)= 426.60  n_per_axis=[36, 31, 26, 33, 34, 32]  total_splits=159
[ 440000/500000]  eval(5)= 194.57 +/- 115.47  n_per_axis=[34, 33, 26, 33, 34, 32]
[ 440000/500000]  ep= 440  reward(last50)= 428.43  n_per_axis=[34, 33, 26, 33, 34, 32]  total_splits=160
[ 450000/500000]  ep= 450  reward(last50)= 394.40  n_per_axis=[36, 33, 26, 32, 34, 31]  total_splits=161
[ 460000/500000]  eval(5)= 418.41 +/- 10.15   n_per_axis=[36, 33, 26, 32, 34, 31]
[ 460000/500000]  ep= 460  reward(last50)= 360.56  n_per_axis=[36, 33, 26, 32, 34, 31]  total_splits=161
[ 470000/500000]  ep= 470  reward(last50)= 373.21  n_per_axis=[36, 33, 26, 32, 34, 30]  total_splits=161
[ 480000/500000]  eval(5)= 412.10 +/- 13.97   n_per_axis=[35, 33, 28, 32, 34, 30]
[ 480000/500000]  ep= 480  reward(last50)= 367.70  n_per_axis=[35, 33, 28, 32, 34, 30]  total_splits=162
[ 490000/500000]  ep= 490  reward(last50)= 372.14  n_per_axis=[35, 33, 28, 32, 34, 30]  total_splits=162
[ 500000/500000]  eval(5)= 503.62 +/- 25.79   n_per_axis=[35, 33, 28, 32, 34, 30]
[ 500000/500000]  ep= 500  reward(last50)= 407.91  n_per_axis=[35, 33, 28, 32, 34, 30]  total_splits=162
Saved BranchingDQN checkpoint to checkpoints/dmcs/cheetah-run/efficiency/zooming_n32_seed43.pt

Evaluating (deterministic)...
Eval(10): mean=538.65  std=16.89
Final n_per_axis: [35, 33, 28, 32, 34, 30]  total_cells: 192/192  total_splits: 162
Split history: 85 events, steps 10000 to 478000
