/home/bruinml/anaconda3/envs/highway/lib/python3.11/site-packages/glfw/__init__.py:917: GLFWError: (65550) b'X11: The DISPLAY environment variable is missing'
  warnings.warn(message, GLFWError)
/home/bruinml/anaconda3/envs/highway/lib/python3.11/site-packages/pygame/pkgdata.py:25: UserWarning: pkg_resources is deprecated as an API. See https://setuptools.pypa.io/en/latest/pkg_resources.html. The pkg_resources package is slated for removal as early as 2025-11-30. Refrain from using this package or pin to Setuptools<81.
  from pkg_resources import resource_stream, resource_exists
/home/bruinml/anaconda3/envs/highway/lib/python3.11/site-packages/torch/cuda/__init__.py:180: UserWarning: CUDA initialization: The NVIDIA driver on your system is too old (found version 12080). Please update your GPU driver by downloading and installing a new version from the URL: http://www.nvidia.com/Download/index.aspx Alternatively, go to: https://pytorch.org to install a PyTorch version that has been compiled with your version of the CUDA driver. (Triggered internally at /pytorch/c10/cuda/CUDAFunctions.cpp:119.)
  return torch._C._cuda_getDeviceCount() > 0
Zooming DQN on dm_control/cheetah-run  da=6  init_depth=1 (start=12 cells)  n=128 -> total_budget=768  seed=44  steps=500000
[  10000/500000]  ep=  10  reward(last50)=   0.72  n_per_axis=[6, 6, 6, 6, 6, 6]  total_splits=12
[  20000/500000]  eval(5)=  66.23 +/- 20.57   n_per_axis=[24, 24, 24, 24, 24, 24]
[  20000/500000]  ep=  20  reward(last50)=  13.84  n_per_axis=[24, 24, 24, 24, 24, 24]  total_splits=84
[  30000/500000]  ep=  30  reward(last50)=  42.05  n_per_axis=[23, 24, 23, 26, 23, 24]  total_splits=86
[  40000/500000]  eval(5)= 116.93 +/- 40.78   n_per_axis=[36, 39, 39, 36, 33, 39]
[  40000/500000]  ep=  40  reward(last50)=  55.27  n_per_axis=[36, 39, 39, 36, 33, 39]  total_splits=136
[  50000/500000]  ep=  50  reward(last50)=  65.97  n_per_axis=[42, 45, 42, 42, 38, 45]  total_splits=158
[  60000/500000]  eval(5)= 103.41 +/- 40.01   n_per_axis=[42, 48, 42, 42, 48, 48]
[  60000/500000]  ep=  60  reward(last50)=  93.00  n_per_axis=[42, 48, 42, 42, 48, 48]  total_splits=168
[  70000/500000]  ep=  70  reward(last50)= 110.05  n_per_axis=[45, 48, 44, 45, 48, 48]  total_splits=174
[  80000/500000]  eval(5)= 149.71 +/- 69.08   n_per_axis=[48, 48, 48, 48, 48, 48]
[  80000/500000]  ep=  80  reward(last50)= 115.43  n_per_axis=[48, 48, 48, 48, 48, 48]  total_splits=180
[  90000/500000]  ep=  90  reward(last50)= 120.70  n_per_axis=[48, 48, 48, 48, 48, 48]  total_splits=180
[ 100000/500000]  eval(5)= 115.85 +/- 76.96   n_per_axis=[50, 48, 48, 48, 48, 48]
[ 100000/500000]  ep= 100  reward(last50)= 140.05  n_per_axis=[50, 48, 48, 48, 48, 48]  total_splits=182
[ 110000/500000]  ep= 110  reward(last50)= 153.07  n_per_axis=[54, 48, 47, 48, 48, 48]  total_splits=184
[ 120000/500000]  eval(5)= 274.88 +/- 40.21   n_per_axis=[54, 51, 51, 49, 49, 47]
[ 120000/500000]  ep= 120  reward(last50)= 160.19  n_per_axis=[54, 51, 51, 49, 49, 47]  total_splits=190
[ 130000/500000]  ep= 130  reward(last50)= 171.19  n_per_axis=[53, 50, 50, 51, 51, 51]  total_splits=194
[ 140000/500000]  eval(5)= 159.47 +/- 88.15   n_per_axis=[57, 54, 54, 52, 54, 51]
[ 140000/500000]  ep= 140  reward(last50)= 189.22  n_per_axis=[57, 54, 54, 52, 54, 51]  total_splits=203
[ 150000/500000]  ep= 150  reward(last50)= 185.29  n_per_axis=[57, 54, 53, 54, 53, 51]  total_splits=204
[ 160000/500000]  eval(5)= 263.09 +/- 22.15   n_per_axis=[57, 58, 58, 57, 56, 56]
[ 160000/500000]  ep= 160  reward(last50)= 186.39  n_per_axis=[57, 58, 58, 57, 56, 56]  total_splits=218
[ 170000/500000]  ep= 170  reward(last50)= 207.44  n_per_axis=[57, 60, 59, 60, 60, 60]  total_splits=226
[ 180000/500000]  eval(5)= 205.93 +/- 67.77   n_per_axis=[57, 60, 63, 62, 59, 59]
[ 180000/500000]  ep= 180  reward(last50)= 224.35  n_per_axis=[57, 60, 63, 62, 59, 59]  total_splits=230
[ 190000/500000]  ep= 190  reward(last50)= 221.31  n_per_axis=[56, 63, 69, 66, 63, 61]  total_splits=242
[ 200000/500000]  eval(5)= 127.60 +/- 17.93   n_per_axis=[58, 63, 68, 69, 62, 69]
[ 200000/500000]  ep= 200  reward(last50)= 234.36  n_per_axis=[58, 63, 68, 69, 62, 69]  total_splits=250
[ 210000/500000]  ep= 210  reward(last50)= 241.60  n_per_axis=[66, 63, 72, 69, 69, 72]  total_splits=262
[ 220000/500000]  eval(5)= 206.83 +/- 92.32   n_per_axis=[66, 61, 72, 67, 69, 72]
[ 220000/500000]  ep= 220  reward(last50)= 240.86  n_per_axis=[66, 61, 72, 67, 69, 72]  total_splits=262
[ 230000/500000]  ep= 230  reward(last50)= 244.30  n_per_axis=[66, 67, 73, 75, 67, 73]  total_splits=272
[ 240000/500000]  eval(5)= 208.63 +/- 76.69   n_per_axis=[66, 75, 75, 77, 74, 74]
[ 240000/500000]  ep= 240  reward(last50)= 253.22  n_per_axis=[66, 75, 75, 77, 74, 74]  total_splits=284
[ 250000/500000]  ep= 250  reward(last50)= 250.92  n_per_axis=[66, 76, 75, 81, 78, 81]  total_splits=293
[ 260000/500000]  eval(5)= 300.89 +/- 13.53   n_per_axis=[65, 78, 78, 82, 78, 81]
[ 260000/500000]  ep= 260  reward(last50)= 256.10  n_per_axis=[65, 78, 78, 82, 78, 81]  total_splits=297
[ 270000/500000]  ep= 270  reward(last50)= 252.46  n_per_axis=[69, 81, 78, 84, 79, 84]  total_splits=305
[ 280000/500000]  eval(5)= 239.52 +/- 92.12   n_per_axis=[69, 81, 77, 84, 84, 83]
[ 280000/500000]  ep= 280  reward(last50)= 252.66  n_per_axis=[69, 81, 77, 84, 84, 83]  total_splits=308
[ 290000/500000]  ep= 290  reward(last50)= 255.05  n_per_axis=[69, 81, 81, 87, 87, 87]  total_splits=316
[ 300000/500000]  eval(5)= 308.69 +/- 17.97   n_per_axis=[68, 80, 80, 86, 88, 87]
[ 300000/500000]  ep= 300  reward(last50)= 265.48  n_per_axis=[68, 80, 80, 86, 88, 87]  total_splits=317
[ 310000/500000]  ep= 310  reward(last50)= 264.46  n_per_axis=[72, 84, 84, 90, 90, 87]  total_splits=327
[ 320000/500000]  eval(5)= 286.19 +/- 21.46   n_per_axis=[73, 83, 90, 89, 90, 86]
[ 320000/500000]  ep= 320  reward(last50)= 265.34  n_per_axis=[73, 83, 90, 89, 90, 86]  total_splits=331
[ 330000/500000]  ep= 330  reward(last50)= 269.75  n_per_axis=[75, 87, 90, 93, 90, 89]  total_splits=338
[ 340000/500000]  eval(5)= 271.29 +/- 41.27   n_per_axis=[75, 86, 89, 93, 91, 93]
[ 340000/500000]  ep= 340  reward(last50)= 282.68  n_per_axis=[75, 86, 89, 93, 91, 93]  total_splits=341
[ 350000/500000]  ep= 350  reward(last50)= 278.70  n_per_axis=[74, 91, 93, 93, 92, 93]  total_splits=347
[ 360000/500000]  eval(5)= 353.84 +/- 25.56   n_per_axis=[74, 93, 93, 93, 96, 93]
[ 360000/500000]  ep= 360  reward(last50)= 296.96  n_per_axis=[74, 93, 93, 93, 96, 93]  total_splits=350
[ 370000/500000]  ep= 370  reward(last50)= 306.73  n_per_axis=[75, 93, 93, 93, 96, 93]  total_splits=351
[ 380000/500000]  eval(5)= 370.03 +/- 105.16  n_per_axis=[80, 93, 93, 93, 96, 92]
[ 380000/500000]  ep= 380  reward(last50)= 307.15  n_per_axis=[80, 93, 93, 93, 96, 92]  total_splits=354
[ 390000/500000]  ep= 390  reward(last50)= 311.88  n_per_axis=[84, 93, 93, 93, 96, 96]  total_splits=358
[ 400000/500000]  eval(5)= 235.36 +/- 35.03   n_per_axis=[84, 93, 92, 93, 96, 96]
[ 400000/500000]  ep= 400  reward(last50)= 318.46  n_per_axis=[84, 93, 92, 93, 96, 96]  total_splits=358
[ 410000/500000]  ep= 410  reward(last50)= 311.39  n_per_axis=[84, 92, 96, 93, 96, 96]  total_splits=360
[ 420000/500000]  eval(5)= 410.77 +/- 10.35   n_per_axis=[84, 96, 96, 93, 96, 96]
[ 420000/500000]  ep= 420  reward(last50)= 314.01  n_per_axis=[84, 96, 96, 93, 96, 96]  total_splits=362
[ 430000/500000]  ep= 430  reward(last50)= 323.72  n_per_axis=[84, 96, 96, 93, 96, 96]  total_splits=362
[ 440000/500000]  eval(5)= 313.06 +/- 57.91   n_per_axis=[83, 96, 96, 93, 96, 96]
[ 440000/500000]  ep= 440  reward(last50)= 324.17  n_per_axis=[83, 96, 96, 93, 96, 96]  total_splits=362
[ 450000/500000]  ep= 450  reward(last50)= 329.12  n_per_axis=[87, 96, 96, 96, 96, 96]  total_splits=366
[ 460000/500000]  eval(5)= 258.43 +/- 136.19  n_per_axis=[87, 96, 96, 96, 96, 96]
[ 460000/500000]  ep= 460  reward(last50)= 341.45  n_per_axis=[87, 96, 96, 96, 96, 96]  total_splits=366
[ 470000/500000]  ep= 470  reward(last50)= 355.43  n_per_axis=[86, 96, 96, 96, 96, 96]  total_splits=366
[ 480000/500000]  eval(5)= 333.85 +/- 49.93   n_per_axis=[90, 96, 96, 96, 96, 96]
[ 480000/500000]  ep= 480  reward(last50)= 356.86  n_per_axis=[90, 96, 96, 96, 96, 96]  total_splits=368
[ 490000/500000]  ep= 490  reward(last50)= 356.17  n_per_axis=[90, 96, 96, 96, 96, 96]  total_splits=368
[ 500000/500000]  eval(5)= 433.83 +/- 19.40   n_per_axis=[90, 96, 96, 96, 96, 96]
[ 500000/500000]  ep= 500  reward(last50)= 349.88  n_per_axis=[90, 96, 96, 96, 96, 96]  total_splits=368
Saved BranchingDQN checkpoint to checkpoints/dmcs/cheetah-run/efficiency/zooming_n128_seed44.pt

Evaluating (deterministic)...
Eval(10): mean=362.98  std=80.56
Final n_per_axis: [90, 96, 96, 96, 96, 96]  total_cells: 570/768  total_splits: 368
Split history: 240 events, steps 10000 to 476000
