/home/bruinml/anaconda3/envs/highway/lib/python3.11/site-packages/glfw/__init__.py:917: GLFWError: (65550) b'X11: The DISPLAY environment variable is missing'
  warnings.warn(message, GLFWError)
/home/bruinml/anaconda3/envs/highway/lib/python3.11/site-packages/pygame/pkgdata.py:25: UserWarning: pkg_resources is deprecated as an API. See https://setuptools.pypa.io/en/latest/pkg_resources.html. The pkg_resources package is slated for removal as early as 2025-11-30. Refrain from using this package or pin to Setuptools<81.
  from pkg_resources import resource_stream, resource_exists
/home/bruinml/anaconda3/envs/highway/lib/python3.11/site-packages/torch/cuda/__init__.py:180: UserWarning: CUDA initialization: The NVIDIA driver on your system is too old (found version 12080). Please update your GPU driver by downloading and installing a new version from the URL: http://www.nvidia.com/Download/index.aspx Alternatively, go to: https://pytorch.org to install a PyTorch version that has been compiled with your version of the CUDA driver. (Triggered internally at /pytorch/c10/cuda/CUDAFunctions.cpp:119.)
  return torch._C._cuda_getDeviceCount() > 0
Zooming DQN on dm_control/cheetah-run  da=6  init_depth=1 (start=12 cells)  n=16 -> total_budget=96  seed=43  steps=500000
[  10000/500000]  ep=  10  reward(last50)=   1.56  n_per_axis=[6, 6, 6, 6, 6, 6]  total_splits=12
[  20000/500000]  eval(5)=  59.53 +/- 11.11   n_per_axis=[18, 18, 16, 16, 12, 16]
[  20000/500000]  ep=  20  reward(last50)=   8.88  n_per_axis=[18, 18, 16, 16, 12, 16]  total_splits=60
[  30000/500000]  ep=  30  reward(last50)=  39.97  n_per_axis=[16, 16, 18, 17, 13, 16]  total_splits=64
[  40000/500000]  eval(5)= 101.69 +/- 44.20   n_per_axis=[17, 15, 17, 18, 13, 15]
[  40000/500000]  ep=  40  reward(last50)=  62.44  n_per_axis=[17, 15, 17, 18, 13, 15]  total_splits=67
[  50000/500000]  ep=  50  reward(last50)=  74.09  n_per_axis=[18, 15, 15, 17, 17, 13]  total_splits=71
[  60000/500000]  eval(5)= 111.85 +/- 47.14   n_per_axis=[17, 15, 15, 15, 19, 15]
[  60000/500000]  ep=  60  reward(last50)=  94.01  n_per_axis=[17, 15, 15, 15, 19, 15]  total_splits=74
[  70000/500000]  ep=  70  reward(last50)= 118.02  n_per_axis=[18, 15, 14, 15, 19, 15]  total_splits=75
[  80000/500000]  eval(5)= 146.73 +/- 43.85   n_per_axis=[18, 17, 14, 15, 17, 14]
[  80000/500000]  ep=  80  reward(last50)= 125.39  n_per_axis=[18, 17, 14, 15, 17, 14]  total_splits=76
[  90000/500000]  ep=  90  reward(last50)= 137.55  n_per_axis=[18, 19, 14, 14, 17, 14]  total_splits=77
[ 100000/500000]  eval(5)= 263.00 +/- 20.24   n_per_axis=[18, 18, 14, 14, 17, 14]
[ 100000/500000]  ep= 100  reward(last50)= 152.52  n_per_axis=[18, 18, 14, 14, 17, 14]  total_splits=77
[ 110000/500000]  ep= 110  reward(last50)= 172.12  n_per_axis=[18, 18, 14, 14, 17, 14]  total_splits=77
[ 120000/500000]  eval(5)= 208.16 +/- 103.61  n_per_axis=[17, 19, 14, 14, 17, 14]
[ 120000/500000]  ep= 120  reward(last50)= 187.78  n_per_axis=[17, 19, 14, 14, 17, 14]  total_splits=78
[ 130000/500000]  ep= 130  reward(last50)= 209.28  n_per_axis=[17, 19, 14, 14, 18, 14]  total_splits=79
[ 140000/500000]  eval(5)= 248.76 +/- 84.04   n_per_axis=[17, 19, 14, 14, 18, 14]
[ 140000/500000]  ep= 140  reward(last50)= 231.64  n_per_axis=[17, 19, 14, 14, 18, 14]  total_splits=79
[ 150000/500000]  ep= 150  reward(last50)= 256.67  n_per_axis=[17, 19, 14, 14, 18, 14]  total_splits=79
[ 160000/500000]  eval(5)= 216.60 +/- 74.79   n_per_axis=[16, 19, 14, 14, 18, 14]
[ 160000/500000]  ep= 160  reward(last50)= 267.89  n_per_axis=[16, 19, 14, 14, 18, 14]  total_splits=79
[ 170000/500000]  ep= 170  reward(last50)= 283.23  n_per_axis=[16, 19, 14, 14, 18, 14]  total_splits=79
[ 180000/500000]  eval(5)= 303.92 +/- 37.39   n_per_axis=[18, 18, 14, 14, 18, 14]
[ 180000/500000]  ep= 180  reward(last50)= 301.35  n_per_axis=[18, 18, 14, 14, 18, 14]  total_splits=80
[ 190000/500000]  ep= 190  reward(last50)= 312.30  n_per_axis=[18, 18, 14, 14, 17, 14]  total_splits=80
[ 200000/500000]  eval(5)= 318.55 +/- 85.91   n_per_axis=[18, 18, 14, 14, 17, 14]
[ 200000/500000]  ep= 200  reward(last50)= 311.47  n_per_axis=[18, 18, 14, 14, 17, 14]  total_splits=80
[ 210000/500000]  ep= 210  reward(last50)= 342.84  n_per_axis=[18, 18, 14, 14, 17, 14]  total_splits=80
[ 220000/500000]  eval(5)= 250.52 +/- 117.35  n_per_axis=[17, 18, 14, 14, 18, 14]
[ 220000/500000]  ep= 220  reward(last50)= 359.36  n_per_axis=[17, 18, 14, 14, 18, 14]  total_splits=81
[ 230000/500000]  ep= 230  reward(last50)= 360.14  n_per_axis=[17, 17, 16, 14, 18, 14]  total_splits=82
[ 240000/500000]  eval(5)= 424.69 +/- 21.43   n_per_axis=[17, 17, 16, 14, 18, 14]
[ 240000/500000]  ep= 240  reward(last50)= 342.86  n_per_axis=[17, 17, 16, 14, 18, 14]  total_splits=82
[ 250000/500000]  ep= 250  reward(last50)= 354.19  n_per_axis=[17, 17, 16, 14, 18, 14]  total_splits=82
[ 260000/500000]  eval(5)= 479.17 +/- 11.12   n_per_axis=[17, 17, 16, 14, 18, 14]
[ 260000/500000]  ep= 260  reward(last50)= 347.63  n_per_axis=[17, 17, 16, 14, 18, 14]  total_splits=82
[ 270000/500000]  ep= 270  reward(last50)= 359.97  n_per_axis=[17, 17, 16, 14, 18, 14]  total_splits=82
[ 280000/500000]  eval(5)= 535.14 +/- 12.69   n_per_axis=[17, 17, 16, 14, 18, 14]
[ 280000/500000]  ep= 280  reward(last50)= 385.09  n_per_axis=[17, 17, 16, 14, 18, 14]  total_splits=82
[ 290000/500000]  ep= 290  reward(last50)= 422.72  n_per_axis=[17, 17, 16, 14, 17, 14]  total_splits=82
[ 300000/500000]  eval(5)= 332.91 +/- 113.45  n_per_axis=[17, 17, 16, 14, 17, 14]
[ 300000/500000]  ep= 300  reward(last50)= 412.13  n_per_axis=[17, 17, 16, 14, 17, 14]  total_splits=82
[ 310000/500000]  ep= 310  reward(last50)= 420.87  n_per_axis=[17, 17, 16, 14, 17, 14]  total_splits=82
[ 320000/500000]  eval(5)= 468.77 +/- 25.65   n_per_axis=[17, 17, 16, 14, 17, 14]
[ 320000/500000]  ep= 320  reward(last50)= 427.41  n_per_axis=[17, 17, 16, 14, 17, 14]  total_splits=82
[ 330000/500000]  ep= 330  reward(last50)= 423.03  n_per_axis=[17, 17, 17, 14, 17, 14]  total_splits=83
[ 340000/500000]  eval(5)= 512.22 +/- 16.35   n_per_axis=[17, 17, 17, 14, 17, 14]
[ 340000/500000]  ep= 340  reward(last50)= 427.40  n_per_axis=[17, 17, 17, 14, 17, 14]  total_splits=83
[ 350000/500000]  ep= 350  reward(last50)= 451.52  n_per_axis=[17, 17, 17, 14, 17, 14]  total_splits=83
[ 360000/500000]  eval(5)= 558.41 +/- 26.92   n_per_axis=[17, 17, 17, 14, 17, 14]
[ 360000/500000]  ep= 360  reward(last50)= 461.59  n_per_axis=[17, 17, 17, 14, 17, 14]  total_splits=83
[ 370000/500000]  ep= 370  reward(last50)= 464.90  n_per_axis=[17, 17, 17, 14, 17, 14]  total_splits=83
[ 380000/500000]  eval(5)= 538.78 +/- 26.45   n_per_axis=[17, 17, 17, 14, 17, 14]
[ 380000/500000]  ep= 380  reward(last50)= 467.19  n_per_axis=[17, 17, 17, 14, 17, 14]  total_splits=83
[ 390000/500000]  ep= 390  reward(last50)= 472.65  n_per_axis=[17, 17, 17, 14, 17, 14]  total_splits=83
[ 400000/500000]  eval(5)= 555.60 +/- 102.95  n_per_axis=[17, 17, 17, 14, 17, 14]
[ 400000/500000]  ep= 400  reward(last50)= 488.69  n_per_axis=[17, 17, 17, 14, 17, 14]  total_splits=83
[ 410000/500000]  ep= 410  reward(last50)= 500.38  n_per_axis=[17, 17, 17, 14, 17, 14]  total_splits=83
[ 420000/500000]  eval(5)= 641.12 +/- 21.31   n_per_axis=[17, 17, 17, 14, 17, 14]
[ 420000/500000]  ep= 420  reward(last50)= 517.08  n_per_axis=[17, 17, 17, 14, 17, 14]  total_splits=83
[ 430000/500000]  ep= 430  reward(last50)= 541.01  n_per_axis=[17, 17, 17, 14, 17, 14]  total_splits=83
[ 440000/500000]  eval(5)= 611.28 +/- 5.38    n_per_axis=[17, 17, 17, 14, 17, 14]
[ 440000/500000]  ep= 440  reward(last50)= 536.32  n_per_axis=[17, 17, 17, 14, 17, 14]  total_splits=83
[ 450000/500000]  ep= 450  reward(last50)= 516.37  n_per_axis=[17, 17, 16, 14, 17, 14]  total_splits=83
[ 460000/500000]  eval(5)= 448.32 +/- 131.28  n_per_axis=[17, 17, 16, 14, 17, 14]
[ 460000/500000]  ep= 460  reward(last50)= 473.02  n_per_axis=[17, 17, 16, 14, 17, 14]  total_splits=83
[ 470000/500000]  ep= 470  reward(last50)= 447.33  n_per_axis=[17, 17, 16, 14, 17, 14]  total_splits=83
[ 480000/500000]  eval(5)= 280.24 +/- 97.35   n_per_axis=[17, 17, 16, 14, 17, 14]
[ 480000/500000]  ep= 480  reward(last50)= 438.61  n_per_axis=[17, 17, 16, 14, 17, 14]  total_splits=83
[ 490000/500000]  ep= 490  reward(last50)= 440.44  n_per_axis=[17, 17, 16, 14, 17, 14]  total_splits=83
[ 500000/500000]  eval(5)= 671.92 +/- 17.48   n_per_axis=[17, 17, 16, 14, 17, 14]
[ 500000/500000]  ep= 500  reward(last50)= 453.43  n_per_axis=[17, 17, 16, 14, 17, 14]  total_splits=83
Saved BranchingDQN checkpoint to checkpoints/dmcs/cheetah-run/efficiency/zooming_n16_seed43.pt

Evaluating (deterministic)...
Eval(10): mean=625.78  std=106.49
Final n_per_axis: [17, 17, 16, 14, 17, 14]  total_cells: 95/96  total_splits: 83
Split history: 42 events, steps 10000 to 326000
