/home/bruinml/anaconda3/envs/highway/lib/python3.11/site-packages/glfw/__init__.py:917: GLFWError: (65550) b'X11: The DISPLAY environment variable is missing'
  warnings.warn(message, GLFWError)
/home/bruinml/anaconda3/envs/highway/lib/python3.11/site-packages/pygame/pkgdata.py:25: UserWarning: pkg_resources is deprecated as an API. See https://setuptools.pypa.io/en/latest/pkg_resources.html. The pkg_resources package is slated for removal as early as 2025-11-30. Refrain from using this package or pin to Setuptools<81.
  from pkg_resources import resource_stream, resource_exists
/home/bruinml/anaconda3/envs/highway/lib/python3.11/site-packages/torch/cuda/__init__.py:180: UserWarning: CUDA initialization: The NVIDIA driver on your system is too old (found version 12080). Please update your GPU driver by downloading and installing a new version from the URL: http://www.nvidia.com/Download/index.aspx Alternatively, go to: https://pytorch.org to install a PyTorch version that has been compiled with your version of the CUDA driver. (Triggered internally at /pytorch/c10/cuda/CUDAFunctions.cpp:119.)
  return torch._C._cuda_getDeviceCount() > 0
Zooming DQN on dm_control/cheetah-run  da=6  init_depth=1 (start=12 cells)  n=128 -> total_budget=768  seed=43  steps=500000
[  10000/500000]  ep=  10  reward(last50)=   1.51  n_per_axis=[6, 6, 6, 6, 6, 6]  total_splits=12
[  20000/500000]  eval(5)=  50.20 +/- 6.57    n_per_axis=[24, 24, 24, 24, 24, 24]
[  20000/500000]  ep=  20  reward(last50)=   8.40  n_per_axis=[24, 24, 24, 24, 24, 24]  total_splits=84
[  30000/500000]  ep=  30  reward(last50)=  27.40  n_per_axis=[26, 27, 23, 27, 23, 27]  total_splits=92
[  40000/500000]  eval(5)=  60.25 +/- 23.21   n_per_axis=[33, 36, 31, 37, 36, 26]
[  40000/500000]  ep=  40  reward(last50)=  34.56  n_per_axis=[33, 36, 31, 37, 36, 26]  total_splits=125
[  50000/500000]  ep=  50  reward(last50)=  45.13  n_per_axis=[39, 38, 41, 45, 38, 42]  total_splits=152
[  60000/500000]  eval(5)=  60.23 +/- 12.05   n_per_axis=[45, 45, 48, 45, 42, 48]
[  60000/500000]  ep=  60  reward(last50)=  65.88  n_per_axis=[45, 45, 48, 45, 42, 48]  total_splits=170
[  70000/500000]  ep=  70  reward(last50)=  88.04  n_per_axis=[45, 45, 48, 45, 45, 48]  total_splits=172
[  80000/500000]  eval(5)= 131.65 +/- 40.51   n_per_axis=[48, 48, 48, 48, 48, 48]
[  80000/500000]  ep=  80  reward(last50)=  99.08  n_per_axis=[48, 48, 48, 48, 48, 48]  total_splits=180
[  90000/500000]  ep=  90  reward(last50)= 117.56  n_per_axis=[48, 48, 48, 48, 48, 48]  total_splits=180
[ 100000/500000]  eval(5)= 198.89 +/- 17.67   n_per_axis=[48, 48, 48, 48, 48, 48]
[ 100000/500000]  ep= 100  reward(last50)= 133.70  n_per_axis=[48, 48, 48, 48, 48, 48]  total_splits=180
[ 110000/500000]  ep= 110  reward(last50)= 146.95  n_per_axis=[50, 48, 48, 48, 51, 48]  total_splits=184
[ 120000/500000]  eval(5)= 199.46 +/- 35.90   n_per_axis=[54, 48, 47, 51, 54, 48]
[ 120000/500000]  ep= 120  reward(last50)= 156.16  n_per_axis=[54, 48, 47, 51, 54, 48]  total_splits=190
[ 130000/500000]  ep= 130  reward(last50)= 169.47  n_per_axis=[54, 47, 51, 51, 53, 48]  total_splits=192
[ 140000/500000]  eval(5)= 209.15 +/- 76.80   n_per_axis=[54, 51, 54, 51, 57, 48]
[ 140000/500000]  ep= 140  reward(last50)= 183.89  n_per_axis=[54, 51, 54, 51, 57, 48]  total_splits=198
[ 150000/500000]  ep= 150  reward(last50)= 200.69  n_per_axis=[57, 54, 54, 51, 57, 47]  total_splits=202
[ 160000/500000]  eval(5)= 231.37 +/- 57.49   n_per_axis=[60, 55, 60, 50, 57, 50]
[ 160000/500000]  ep= 160  reward(last50)= 209.57  n_per_axis=[60, 55, 60, 50, 57, 50]  total_splits=211
[ 170000/500000]  ep= 170  reward(last50)= 222.13  n_per_axis=[60, 56, 60, 54, 57, 54]  total_splits=217
[ 180000/500000]  eval(5)= 133.53 +/- 22.53   n_per_axis=[60, 61, 60, 52, 56, 59]
[ 180000/500000]  ep= 180  reward(last50)= 212.34  n_per_axis=[60, 61, 60, 52, 56, 59]  total_splits=225
[ 190000/500000]  ep= 190  reward(last50)= 205.24  n_per_axis=[63, 69, 60, 62, 61, 73]  total_splits=248
[ 200000/500000]  eval(5)= 268.94 +/- 36.76   n_per_axis=[63, 68, 63, 66, 63, 75]
[ 200000/500000]  ep= 200  reward(last50)= 191.95  n_per_axis=[63, 68, 63, 66, 63, 75]  total_splits=255
[ 210000/500000]  ep= 210  reward(last50)= 202.82  n_per_axis=[63, 72, 61, 71, 63, 74]  total_splits=260
[ 220000/500000]  eval(5)= 303.95 +/- 23.50   n_per_axis=[63, 72, 69, 74, 66, 80]
[ 220000/500000]  ep= 220  reward(last50)= 191.17  n_per_axis=[63, 72, 69, 74, 66, 80]  total_splits=272
[ 230000/500000]  ep= 230  reward(last50)= 210.90  n_per_axis=[64, 73, 69, 78, 65, 83]  total_splits=278
[ 240000/500000]  eval(5)= 278.47 +/- 35.35   n_per_axis=[66, 75, 69, 78, 69, 87]
[ 240000/500000]  ep= 240  reward(last50)= 229.90  n_per_axis=[66, 75, 69, 78, 69, 87]  total_splits=284
[ 250000/500000]  ep= 250  reward(last50)= 241.46  n_per_axis=[66, 77, 68, 78, 69, 87]  total_splits=287
[ 260000/500000]  eval(5)= 176.51 +/- 33.12   n_per_axis=[66, 81, 70, 84, 70, 87]
[ 260000/500000]  ep= 260  reward(last50)= 234.80  n_per_axis=[66, 81, 70, 84, 70, 87]  total_splits=297
[ 270000/500000]  ep= 270  reward(last50)= 251.19  n_per_axis=[67, 80, 78, 90, 78, 87]  total_splits=310
[ 280000/500000]  eval(5)= 266.31 +/- 38.56   n_per_axis=[69, 84, 77, 90, 78, 93]
[ 280000/500000]  ep= 280  reward(last50)= 263.42  n_per_axis=[69, 84, 77, 90, 78, 93]  total_splits=316
[ 290000/500000]  ep= 290  reward(last50)= 259.73  n_per_axis=[70, 85, 79, 93, 78, 93]  total_splits=322
[ 300000/500000]  eval(5)= 269.77 +/- 94.15   n_per_axis=[71, 87, 87, 94, 78, 93]
[ 300000/500000]  ep= 300  reward(last50)= 271.08  n_per_axis=[71, 87, 87, 94, 78, 93]  total_splits=329
[ 310000/500000]  ep= 310  reward(last50)= 271.17  n_per_axis=[73, 87, 87, 96, 78, 93]  total_splits=332
[ 320000/500000]  eval(5)= 184.03 +/- 74.01   n_per_axis=[75, 87, 90, 96, 84, 93]
[ 320000/500000]  ep= 320  reward(last50)= 280.18  n_per_axis=[75, 87, 90, 96, 84, 93]  total_splits=338
[ 330000/500000]  ep= 330  reward(last50)= 270.48  n_per_axis=[76, 86, 90, 96, 83, 93]  total_splits=339
[ 340000/500000]  eval(5)= 338.22 +/- 44.37   n_per_axis=[78, 90, 90, 96, 87, 93]
[ 340000/500000]  ep= 340  reward(last50)= 268.30  n_per_axis=[78, 90, 90, 96, 87, 93]  total_splits=344
[ 350000/500000]  ep= 350  reward(last50)= 268.87  n_per_axis=[78, 90, 90, 96, 87, 93]  total_splits=344
[ 360000/500000]  eval(5)= 350.21 +/- 62.14   n_per_axis=[78, 90, 90, 96, 87, 92]
[ 360000/500000]  ep= 360  reward(last50)= 285.60  n_per_axis=[78, 90, 90, 96, 87, 92]  total_splits=344
[ 370000/500000]  ep= 370  reward(last50)= 283.39  n_per_axis=[76, 92, 90, 96, 87, 96]  total_splits=348
[ 380000/500000]  eval(5)= 298.54 +/- 62.85   n_per_axis=[82, 96, 90, 96, 87, 96]
[ 380000/500000]  ep= 380  reward(last50)= 283.47  n_per_axis=[82, 96, 90, 96, 87, 96]  total_splits=353
[ 390000/500000]  ep= 390  reward(last50)= 273.26  n_per_axis=[83, 96, 90, 96, 86, 96]  total_splits=354
[ 400000/500000]  eval(5)= 191.23 +/- 80.01   n_per_axis=[82, 96, 90, 96, 88, 96]
[ 400000/500000]  ep= 400  reward(last50)= 251.53  n_per_axis=[82, 96, 90, 96, 88, 96]  total_splits=355
[ 410000/500000]  ep= 410  reward(last50)= 234.08  n_per_axis=[89, 96, 90, 96, 91, 96]  total_splits=361
[ 420000/500000]  eval(5)= 260.69 +/- 74.20   n_per_axis=[93, 96, 90, 96, 93, 96]
[ 420000/500000]  ep= 420  reward(last50)= 218.24  n_per_axis=[93, 96, 90, 96, 93, 96]  total_splits=364
[ 430000/500000]  ep= 430  reward(last50)= 213.37  n_per_axis=[93, 96, 90, 96, 93, 96]  total_splits=364
[ 440000/500000]  eval(5)= 368.83 +/- 29.76   n_per_axis=[93, 96, 90, 96, 93, 96]
[ 440000/500000]  ep= 440  reward(last50)= 211.47  n_per_axis=[93, 96, 90, 96, 93, 96]  total_splits=364
[ 450000/500000]  ep= 450  reward(last50)= 226.77  n_per_axis=[93, 96, 90, 96, 93, 96]  total_splits=365
[ 460000/500000]  eval(5)= 232.98 +/- 95.00   n_per_axis=[93, 96, 96, 96, 93, 96]
[ 460000/500000]  ep= 460  reward(last50)= 223.97  n_per_axis=[93, 96, 96, 96, 93, 96]  total_splits=368
[ 470000/500000]  ep= 470  reward(last50)= 245.75  n_per_axis=[92, 96, 96, 96, 93, 96]  total_splits=368
[ 480000/500000]  eval(5)= 341.23 +/- 132.02  n_per_axis=[96, 96, 96, 96, 93, 96]
[ 480000/500000]  ep= 480  reward(last50)= 253.58  n_per_axis=[96, 96, 96, 96, 93, 96]  total_splits=370
[ 490000/500000]  ep= 490  reward(last50)= 284.62  n_per_axis=[96, 96, 96, 96, 93, 96]  total_splits=370
[ 500000/500000]  eval(5)= 367.34 +/- 13.17   n_per_axis=[96, 96, 96, 96, 93, 96]
[ 500000/500000]  ep= 500  reward(last50)= 302.92  n_per_axis=[96, 96, 96, 96, 93, 96]  total_splits=370
Saved BranchingDQN checkpoint to checkpoints/dmcs/cheetah-run/efficiency/zooming_n128_seed43.pt

Evaluating (deterministic)...
Eval(10): mean=361.71  std=12.98
Final n_per_axis: [96, 96, 96, 96, 93, 96]  total_cells: 573/768  total_splits: 370
Split history: 227 events, steps 10000 to 474000
