/home/bruinml/anaconda3/envs/highway/lib/python3.11/site-packages/glfw/__init__.py:917: GLFWError: (65550) b'X11: The DISPLAY environment variable is missing'
  warnings.warn(message, GLFWError)
/home/bruinml/anaconda3/envs/highway/lib/python3.11/site-packages/pygame/pkgdata.py:25: UserWarning: pkg_resources is deprecated as an API. See https://setuptools.pypa.io/en/latest/pkg_resources.html. The pkg_resources package is slated for removal as early as 2025-11-30. Refrain from using this package or pin to Setuptools<81.
  from pkg_resources import resource_stream, resource_exists
/home/bruinml/anaconda3/envs/highway/lib/python3.11/site-packages/torch/cuda/__init__.py:180: UserWarning: CUDA initialization: The NVIDIA driver on your system is too old (found version 12080). Please update your GPU driver by downloading and installing a new version from the URL: http://www.nvidia.com/Download/index.aspx Alternatively, go to: https://pytorch.org to install a PyTorch version that has been compiled with your version of the CUDA driver. (Triggered internally at /pytorch/c10/cuda/CUDAFunctions.cpp:119.)
  return torch._C._cuda_getDeviceCount() > 0
Zooming DQN on dm_control/cheetah-run  da=6  init_depth=1 (start=12 cells)  n=128 -> total_budget=768  seed=42  steps=500000
[  10000/500000]  ep=  10  reward(last50)=   2.53  n_per_axis=[6, 6, 6, 6, 6, 6]  total_splits=12
[  20000/500000]  eval(5)=  80.44 +/- 9.11    n_per_axis=[24, 24, 24, 24, 24, 24]
[  20000/500000]  ep=  20  reward(last50)=  16.05  n_per_axis=[24, 24, 24, 24, 24, 24]  total_splits=84
[  30000/500000]  ep=  30  reward(last50)=  36.89  n_per_axis=[23, 23, 27, 26, 27, 23]  total_splits=90
[  40000/500000]  eval(5)= 100.58 +/- 29.21   n_per_axis=[36, 35, 35, 29, 39, 36]
[  40000/500000]  ep=  40  reward(last50)=  48.70  n_per_axis=[36, 35, 35, 29, 39, 36]  total_splits=130
[  50000/500000]  ep=  50  reward(last50)=  60.46  n_per_axis=[39, 38, 40, 36, 42, 38]  total_splits=147
[  60000/500000]  eval(5)= 151.29 +/- 44.36   n_per_axis=[42, 48, 48, 45, 45, 48]
[  60000/500000]  ep=  60  reward(last50)=  80.06  n_per_axis=[42, 48, 48, 45, 45, 48]  total_splits=172
[  70000/500000]  ep=  70  reward(last50)=  99.92  n_per_axis=[48, 48, 48, 48, 48, 48]  total_splits=180
[  80000/500000]  eval(5)= 153.51 +/- 67.67   n_per_axis=[48, 48, 48, 48, 48, 48]
[  80000/500000]  ep=  80  reward(last50)= 118.95  n_per_axis=[48, 48, 48, 48, 48, 48]  total_splits=180
[  90000/500000]  ep=  90  reward(last50)= 138.16  n_per_axis=[49, 48, 47, 48, 48, 48]  total_splits=181
[ 100000/500000]  eval(5)= 170.45 +/- 79.78   n_per_axis=[52, 48, 51, 48, 47, 48]
[ 100000/500000]  ep= 100  reward(last50)= 152.89  n_per_axis=[52, 48, 51, 48, 47, 48]  total_splits=185
[ 110000/500000]  ep= 110  reward(last50)= 169.05  n_per_axis=[54, 49, 51, 46, 51, 48]  total_splits=189
[ 120000/500000]  eval(5)= 308.86 +/- 14.52   n_per_axis=[54, 50, 51, 54, 51, 48]
[ 120000/500000]  ep= 120  reward(last50)= 200.55  n_per_axis=[54, 50, 51, 54, 51, 48]  total_splits=194
[ 130000/500000]  ep= 130  reward(last50)= 213.48  n_per_axis=[55, 54, 51, 57, 51, 49]  total_splits=200
[ 140000/500000]  eval(5)= 268.09 +/- 123.74  n_per_axis=[57, 54, 51, 57, 51, 51]
[ 140000/500000]  ep= 140  reward(last50)= 233.66  n_per_axis=[57, 54, 51, 57, 51, 51]  total_splits=202
[ 150000/500000]  ep= 150  reward(last50)= 252.17  n_per_axis=[56, 54, 50, 57, 51, 54]  total_splits=205
[ 160000/500000]  eval(5)= 293.69 +/- 86.92   n_per_axis=[60, 57, 57, 57, 57, 58]
[ 160000/500000]  ep= 160  reward(last50)= 263.48  n_per_axis=[60, 57, 57, 57, 57, 58]  total_splits=219
[ 170000/500000]  ep= 170  reward(last50)= 273.29  n_per_axis=[60, 57, 57, 57, 57, 63]  total_splits=222
[ 180000/500000]  eval(5)= 378.29 +/- 12.28   n_per_axis=[61, 57, 56, 58, 60, 63]
[ 180000/500000]  ep= 180  reward(last50)= 284.29  n_per_axis=[61, 57, 56, 58, 60, 63]  total_splits=226
[ 190000/500000]  ep= 190  reward(last50)= 294.22  n_per_axis=[63, 57, 59, 60, 59, 62]  total_splits=231
[ 200000/500000]  eval(5)= 367.04 +/- 41.37   n_per_axis=[63, 63, 63, 58, 64, 67]
[ 200000/500000]  ep= 200  reward(last50)= 304.30  n_per_axis=[63, 63, 63, 58, 64, 67]  total_splits=242
[ 210000/500000]  ep= 210  reward(last50)= 323.17  n_per_axis=[63, 62, 66, 65, 66, 68]  total_splits=250
[ 220000/500000]  eval(5)= 343.89 +/- 65.91   n_per_axis=[63, 65, 68, 69, 66, 71]
[ 220000/500000]  ep= 220  reward(last50)= 321.81  n_per_axis=[63, 65, 68, 69, 66, 71]  total_splits=258
[ 230000/500000]  ep= 230  reward(last50)= 331.65  n_per_axis=[63, 69, 72, 69, 64, 78]  total_splits=266
[ 240000/500000]  eval(5)= 363.31 +/- 114.89  n_per_axis=[63, 69, 71, 69, 72, 78]
[ 240000/500000]  ep= 240  reward(last50)= 327.81  n_per_axis=[63, 69, 71, 69, 72, 78]  total_splits=271
[ 250000/500000]  ep= 250  reward(last50)= 330.54  n_per_axis=[63, 68, 74, 69, 72, 84]  total_splits=276
[ 260000/500000]  eval(5)= 348.30 +/- 110.90  n_per_axis=[63, 72, 80, 68, 72, 83]
[ 260000/500000]  ep= 260  reward(last50)= 325.91  n_per_axis=[63, 72, 80, 68, 72, 83]  total_splits=283
[ 270000/500000]  ep= 270  reward(last50)= 312.47  n_per_axis=[64, 78, 84, 69, 72, 87]  total_splits=294
[ 280000/500000]  eval(5)= 146.90 +/- 94.55   n_per_axis=[66, 78, 87, 83, 78, 87]
[ 280000/500000]  ep= 280  reward(last50)= 281.14  n_per_axis=[66, 78, 87, 83, 78, 87]  total_splits=308
[ 290000/500000]  ep= 290  reward(last50)= 281.31  n_per_axis=[65, 77, 87, 87, 81, 87]  total_splits=312
[ 300000/500000]  eval(5)= 220.51 +/- 61.98   n_per_axis=[68, 81, 86, 87, 82, 87]
[ 300000/500000]  ep= 300  reward(last50)= 274.94  n_per_axis=[68, 81, 86, 87, 82, 87]  total_splits=317
[ 310000/500000]  ep= 310  reward(last50)= 271.47  n_per_axis=[72, 80, 90, 86, 84, 90]  total_splits=324
[ 320000/500000]  eval(5)= 333.22 +/- 60.35   n_per_axis=[72, 84, 90, 90, 83, 89]
[ 320000/500000]  ep= 320  reward(last50)= 283.66  n_per_axis=[72, 84, 90, 90, 83, 89]  total_splits=328
[ 330000/500000]  ep= 330  reward(last50)= 317.03  n_per_axis=[71, 83, 90, 90, 86, 93]  total_splits=332
[ 340000/500000]  eval(5)= 298.30 +/- 95.20   n_per_axis=[75, 87, 90, 90, 90, 93]
[ 340000/500000]  ep= 340  reward(last50)= 317.53  n_per_axis=[75, 87, 90, 90, 90, 93]  total_splits=338
[ 350000/500000]  ep= 350  reward(last50)= 337.23  n_per_axis=[75, 87, 90, 90, 90, 93]  total_splits=338
[ 360000/500000]  eval(5)= 327.41 +/- 119.89  n_per_axis=[74, 86, 90, 91, 90, 93]
[ 360000/500000]  ep= 360  reward(last50)= 336.59  n_per_axis=[74, 86, 90, 91, 90, 93]  total_splits=339
[ 370000/500000]  ep= 370  reward(last50)= 350.94  n_per_axis=[74, 90, 90, 93, 90, 93]  total_splits=342
[ 380000/500000]  eval(5)= 482.53 +/- 19.70   n_per_axis=[78, 89, 90, 93, 90, 93]
[ 380000/500000]  ep= 380  reward(last50)= 357.13  n_per_axis=[78, 89, 90, 93, 90, 93]  total_splits=344
[ 390000/500000]  ep= 390  reward(last50)= 365.06  n_per_axis=[78, 93, 90, 94, 90, 93]  total_splits=347
[ 400000/500000]  eval(5)= 334.57 +/- 150.72  n_per_axis=[79, 93, 90, 96, 90, 93]
[ 400000/500000]  ep= 400  reward(last50)= 345.61  n_per_axis=[79, 93, 90, 96, 90, 93]  total_splits=349
[ 410000/500000]  ep= 410  reward(last50)= 367.73  n_per_axis=[81, 93, 89, 96, 90, 93]  total_splits=350
[ 420000/500000]  eval(5)= 343.14 +/- 72.80   n_per_axis=[81, 93, 94, 96, 93, 93]
[ 420000/500000]  ep= 420  reward(last50)= 345.29  n_per_axis=[81, 93, 94, 96, 93, 93]  total_splits=355
[ 430000/500000]  ep= 430  reward(last50)= 337.98  n_per_axis=[81, 93, 96, 96, 93, 94]  total_splits=357
[ 440000/500000]  eval(5)= 405.76 +/- 67.16   n_per_axis=[80, 93, 96, 96, 93, 96]
[ 440000/500000]  ep= 440  reward(last50)= 333.72  n_per_axis=[80, 93, 96, 96, 93, 96]  total_splits=358
[ 450000/500000]  ep= 450  reward(last50)= 335.05  n_per_axis=[85, 93, 96, 96, 93, 96]  total_splits=361
[ 460000/500000]  eval(5)= 359.28 +/- 154.32  n_per_axis=[88, 93, 96, 96, 93, 96]
[ 460000/500000]  ep= 460  reward(last50)= 322.56  n_per_axis=[88, 93, 96, 96, 93, 96]  total_splits=363
[ 470000/500000]  ep= 470  reward(last50)= 347.77  n_per_axis=[90, 93, 96, 96, 96, 96]  total_splits=366
[ 480000/500000]  eval(5)= 277.83 +/- 128.15  n_per_axis=[89, 93, 96, 96, 96, 96]
[ 480000/500000]  ep= 480  reward(last50)= 342.33  n_per_axis=[89, 93, 96, 96, 96, 96]  total_splits=366
[ 490000/500000]  ep= 490  reward(last50)= 356.20  n_per_axis=[93, 93, 96, 96, 96, 96]  total_splits=368
[ 500000/500000]  eval(5)= 275.88 +/- 156.12  n_per_axis=[93, 93, 96, 96, 96, 96]
[ 500000/500000]  ep= 500  reward(last50)= 364.35  n_per_axis=[93, 93, 96, 96, 96, 96]  total_splits=368
Saved BranchingDQN checkpoint to checkpoints/dmcs/cheetah-run/efficiency/zooming_n128_seed42.pt

Evaluating (deterministic)...
Eval(10): mean=336.60  std=169.82
Final n_per_axis: [93, 93, 96, 96, 96, 96]  total_cells: 570/768  total_splits: 368
Split history: 228 events, steps 10000 to 490000
