/home/bruinml/anaconda3/envs/highway/lib/python3.11/site-packages/pygame/pkgdata.py:25: UserWarning: pkg_resources is deprecated as an API. See https://setuptools.pypa.io/en/latest/pkg_resources.html. The pkg_resources package is slated for removal as early as 2025-11-30. Refrain from using this package or pin to Setuptools<81.
  from pkg_resources import resource_stream, resource_exists
/home/bruinml/anaconda3/envs/highway/lib/python3.11/site-packages/torch/cuda/__init__.py:180: UserWarning: CUDA initialization: The NVIDIA driver on your system is too old (found version 12080). Please update your GPU driver by downloading and installing a new version from the URL: http://www.nvidia.com/Download/index.aspx Alternatively, go to: https://pytorch.org to install a PyTorch version that has been compiled with your version of the CUDA driver. (Triggered internally at /pytorch/c10/cuda/CUDAFunctions.cpp:119.)
  return torch._C._cuda_getDeviceCount() > 0
Zooming DQN on racetrack-v0  da=1  init_depth=3 (start=8 cells)  n=16 -> total_budget=16  seed=42  steps=150000
[   5000/150000]  ep= 284  reward(last50)=  35.88  n_per_axis=[8]  total_splits=0
[  10000/150000]  eval(10)= 783.02 +/- 595.38  n_per_axis=[8]
[  10000/150000]  ep= 291  reward(last50)= 115.66  n_per_axis=[8]  total_splits=0
[  15000/150000]  ep= 296  reward(last50)= 196.58  n_per_axis=[8]  total_splits=0
[  20000/150000]  eval(10)= 944.03 +/- 486.29  n_per_axis=[8]
[  20000/150000]  ep= 302  reward(last50)= 279.66  n_per_axis=[8]  total_splits=0
[  25000/150000]  ep= 307  reward(last50)= 361.34  n_per_axis=[8]  total_splits=0
[  30000/150000]  eval(10)= 597.93 +/- 582.44  n_per_axis=[16]
[  30000/150000]  ep= 312  reward(last50)= 467.45  n_per_axis=[16]  total_splits=4
[  35000/150000]  ep= 316  reward(last50)= 532.48  n_per_axis=[16]  total_splits=4
[  40000/150000]  eval(10)= 973.53 +/- 473.04  n_per_axis=[15]
[  40000/150000]  ep= 325  reward(last50)= 617.98  n_per_axis=[15]  total_splits=4
[  45000/150000]  ep= 330  reward(last50)= 706.44  n_per_axis=[15]  total_splits=4
[  50000/150000]  eval(10)=1037.11 +/- 432.61  n_per_axis=[16]
[  50000/150000]  ep= 335  reward(last50)= 734.82  n_per_axis=[16]  total_splits=5
[  55000/150000]  ep= 343  reward(last50)= 709.52  n_per_axis=[15]  total_splits=5
[  60000/150000]  eval(10)=1015.36 +/- 462.79  n_per_axis=[15]
[  60000/150000]  ep= 348  reward(last50)= 752.09  n_per_axis=[15]  total_splits=5
[  65000/150000]  ep= 355  reward(last50)= 728.82  n_per_axis=[15]  total_splits=5
[  70000/150000]  eval(10)=1316.62 +/- 8.63    n_per_axis=[15]
[  70000/150000]  ep= 358  reward(last50)= 754.12  n_per_axis=[15]  total_splits=5
[  75000/150000]  ep= 363  reward(last50)= 728.12  n_per_axis=[15]  total_splits=5
[  80000/150000]  eval(10)= 696.06 +/- 582.82  n_per_axis=[15]
[  80000/150000]  ep= 369  reward(last50)= 735.34  n_per_axis=[15]  total_splits=5
[  85000/150000]  ep= 374  reward(last50)= 797.27  n_per_axis=[15]  total_splits=5
[  90000/150000]  eval(10)= 849.71 +/- 567.53  n_per_axis=[15]
[  90000/150000]  ep= 379  reward(last50)= 812.79  n_per_axis=[15]  total_splits=5
[  95000/150000]  ep= 383  reward(last50)= 790.58  n_per_axis=[15]  total_splits=5
[ 100000/150000]  eval(10)=1069.53 +/- 504.36  n_per_axis=[15]
[ 100000/150000]  ep= 387  reward(last50)= 856.03  n_per_axis=[15]  total_splits=5
[ 105000/150000]  ep= 390  reward(last50)= 908.29  n_per_axis=[15]  total_splits=5
[ 110000/150000]  eval(10)=1199.59 +/- 372.03  n_per_axis=[15]
[ 110000/150000]  ep= 393  reward(last50)= 960.46  n_per_axis=[15]  total_splits=5
[ 115000/150000]  ep= 398  reward(last50)= 958.02  n_per_axis=[16]  total_splits=6
[ 120000/150000]  eval(10)=1192.91 +/- 382.01  n_per_axis=[16]
[ 120000/150000]  ep= 402  reward(last50)= 983.08  n_per_axis=[16]  total_splits=6
[ 125000/150000]  ep= 407  reward(last50)= 982.94  n_per_axis=[15]  total_splits=6
[ 130000/150000]  eval(10)= 732.99 +/- 592.63  n_per_axis=[15]
[ 130000/150000]  ep= 414  reward(last50)= 949.13  n_per_axis=[15]  total_splits=6
[ 135000/150000]  ep= 418  reward(last50)= 955.89  n_per_axis=[15]  total_splits=6
[ 140000/150000]  eval(10)= 779.06 +/- 602.03  n_per_axis=[15]
[ 140000/150000]  ep= 421  reward(last50)=1005.27  n_per_axis=[15]  total_splits=6
[ 145000/150000]  ep= 427  reward(last50)= 965.13  n_per_axis=[15]  total_splits=6
[ 150000/150000]  eval(10)=1105.41 +/- 525.03  n_per_axis=[15]
[ 150000/150000]  ep= 433  reward(last50)= 941.10  n_per_axis=[15]  total_splits=6
Saved BranchingDQN checkpoint to checkpoints/highway/robustness/zooming_bp32_seed42.pt

Evaluating (deterministic)...
Eval(20): mean=980.28  std=591.81
Final n_per_axis: [15]  total_cells: 15/16  total_splits: 6
