/home/bruinml/anaconda3/envs/highway/lib/python3.11/site-packages/pygame/pkgdata.py:25: UserWarning: pkg_resources is deprecated as an API. See https://setuptools.pypa.io/en/latest/pkg_resources.html. The pkg_resources package is slated for removal as early as 2025-11-30. Refrain from using this package or pin to Setuptools<81.
  from pkg_resources import resource_stream, resource_exists
/home/bruinml/anaconda3/envs/highway/lib/python3.11/site-packages/torch/cuda/__init__.py:180: UserWarning: CUDA initialization: The NVIDIA driver on your system is too old (found version 12080). Please update your GPU driver by downloading and installing a new version from the URL: http://www.nvidia.com/Download/index.aspx Alternatively, go to: https://pytorch.org to install a PyTorch version that has been compiled with your version of the CUDA driver. (Triggered internally at /pytorch/c10/cuda/CUDAFunctions.cpp:119.)
  return torch._C._cuda_getDeviceCount() > 0
Zooming DQN on racetrack-v0  da=1  init_depth=3 (start=8 cells)  n=16 -> total_budget=16  seed=44  steps=150000
[   5000/150000]  ep= 165  reward(last50)=  40.14  n_per_axis=[8]  total_splits=0
[  10000/150000]  eval(10)= 664.90 +/- 612.10  n_per_axis=[8]
[  10000/150000]  ep= 169  reward(last50)= 117.12  n_per_axis=[8]  total_splits=0
[  15000/150000]  ep= 176  reward(last50)= 221.72  n_per_axis=[8]  total_splits=0
[  20000/150000]  eval(10)= 679.30 +/- 609.06  n_per_axis=[8]
[  20000/150000]  ep= 185  reward(last50)= 280.15  n_per_axis=[8]  total_splits=0
[  25000/150000]  ep= 193  reward(last50)= 387.80  n_per_axis=[8]  total_splits=0
[  30000/150000]  eval(10)= 897.03 +/- 555.26  n_per_axis=[16]
[  30000/150000]  ep= 200  reward(last50)= 470.61  n_per_axis=[16]  total_splits=4
[  35000/150000]  ep= 218  reward(last50)= 439.21  n_per_axis=[15]  total_splits=4
[  40000/150000]  eval(10)= 430.56 +/- 555.02  n_per_axis=[15]
[  40000/150000]  ep= 223  reward(last50)= 440.07  n_per_axis=[15]  total_splits=4
[  45000/150000]  ep= 232  reward(last50)= 430.83  n_per_axis=[15]  total_splits=5
[  50000/150000]  eval(10)= 580.32 +/- 541.60  n_per_axis=[16]
[  50000/150000]  ep= 239  reward(last50)= 431.88  n_per_axis=[16]  total_splits=6
[  55000/150000]  ep= 247  reward(last50)= 427.81  n_per_axis=[16]  total_splits=6
[  60000/150000]  eval(10)= 842.80 +/- 539.15  n_per_axis=[16]
[  60000/150000]  ep= 255  reward(last50)= 447.73  n_per_axis=[16]  total_splits=6
[  65000/150000]  ep= 260  reward(last50)= 516.95  n_per_axis=[16]  total_splits=7
[  70000/150000]  eval(10)= 579.86 +/- 572.32  n_per_axis=[16]
[  70000/150000]  ep= 266  reward(last50)= 556.23  n_per_axis=[16]  total_splits=7
[  75000/150000]  ep= 271  reward(last50)= 575.50  n_per_axis=[16]  total_splits=7
[  80000/150000]  eval(10)= 548.03 +/- 603.72  n_per_axis=[16]
[  80000/150000]  ep= 279  reward(last50)= 561.68  n_per_axis=[16]  total_splits=7
[  85000/150000]  ep= 285  reward(last50)= 612.83  n_per_axis=[16]  total_splits=7
[  90000/150000]  eval(10)= 572.04 +/- 608.39  n_per_axis=[16]
[  90000/150000]  ep= 291  reward(last50)= 619.87  n_per_axis=[16]  total_splits=7
[  95000/150000]  ep= 297  reward(last50)= 646.83  n_per_axis=[15]  total_splits=7
[ 100000/150000]  eval(10)= 576.35 +/- 620.72  n_per_axis=[15]
[ 100000/150000]  ep= 306  reward(last50)= 635.33  n_per_axis=[15]  total_splits=7
[ 105000/150000]  ep= 311  reward(last50)= 646.18  n_per_axis=[15]  total_splits=7
[ 110000/150000]  eval(10)= 958.48 +/- 591.41  n_per_axis=[15]
[ 110000/150000]  ep= 321  reward(last50)= 615.64  n_per_axis=[15]  total_splits=7
[ 115000/150000]  ep= 325  reward(last50)= 630.67  n_per_axis=[15]  total_splits=7
[ 120000/150000]  eval(10)= 959.05 +/- 570.67  n_per_axis=[15]
[ 120000/150000]  ep= 328  reward(last50)= 703.10  n_per_axis=[15]  total_splits=7
[ 125000/150000]  ep= 331  reward(last50)= 720.52  n_per_axis=[15]  total_splits=7
[ 130000/150000]  eval(10)= 937.03 +/- 580.62  n_per_axis=[15]
[ 130000/150000]  ep= 339  reward(last50)= 736.11  n_per_axis=[15]  total_splits=7
[ 135000/150000]  ep= 344  reward(last50)= 719.38  n_per_axis=[15]  total_splits=7
[ 140000/150000]  eval(10)= 820.25 +/- 530.69  n_per_axis=[15]
[ 140000/150000]  ep= 347  reward(last50)= 796.23  n_per_axis=[15]  total_splits=7
[ 145000/150000]  ep= 351  reward(last50)= 799.90  n_per_axis=[15]  total_splits=7
[ 150000/150000]  eval(10)= 770.37 +/- 563.87  n_per_axis=[15]
[ 150000/150000]  ep= 357  reward(last50)= 865.42  n_per_axis=[15]  total_splits=7
Saved BranchingDQN checkpoint to checkpoints/highway/robustness/zooming_bp8_seed44.pt

Evaluating (deterministic)...
Eval(20): mean=604.84  std=583.40
Final n_per_axis: [15]  total_cells: 15/16  total_splits: 7
