/home/bruinml/anaconda3/envs/highway/lib/python3.11/site-packages/pygame/pkgdata.py:25: UserWarning: pkg_resources is deprecated as an API. See https://setuptools.pypa.io/en/latest/pkg_resources.html. The pkg_resources package is slated for removal as early as 2025-11-30. Refrain from using this package or pin to Setuptools<81.
  from pkg_resources import resource_stream, resource_exists
/home/bruinml/anaconda3/envs/highway/lib/python3.11/site-packages/torch/cuda/__init__.py:180: UserWarning: CUDA initialization: The NVIDIA driver on your system is too old (found version 12080). Please update your GPU driver by downloading and installing a new version from the URL: http://www.nvidia.com/Download/index.aspx Alternatively, go to: https://pytorch.org to install a PyTorch version that has been compiled with your version of the CUDA driver. (Triggered internally at /pytorch/c10/cuda/CUDAFunctions.cpp:119.)
  return torch._C._cuda_getDeviceCount() > 0
Zooming DQN on racetrack-v0  da=1  init_depth=3 (start=8 cells)  n=16 -> total_budget=16  seed=43  steps=150000
[   5000/150000]  ep= 141  reward(last50)=  52.03  n_per_axis=[8]  total_splits=0
[  10000/150000]  eval(10)= 626.93 +/- 483.47  n_per_axis=[8]
[  10000/150000]  ep= 144  reward(last50)= 115.18  n_per_axis=[8]  total_splits=0
[  15000/150000]  ep= 150  reward(last50)= 203.58  n_per_axis=[8]  total_splits=0
[  20000/150000]  eval(10)= 276.48 +/- 362.93  n_per_axis=[8]
[  20000/150000]  ep= 155  reward(last50)= 298.61  n_per_axis=[8]  total_splits=0
[  25000/150000]  ep= 163  reward(last50)= 371.23  n_per_axis=[8]  total_splits=0
[  30000/150000]  eval(10)= 565.15 +/- 620.43  n_per_axis=[16]
[  30000/150000]  ep= 168  reward(last50)= 448.68  n_per_axis=[16]  total_splits=4
[  35000/150000]  ep= 176  reward(last50)= 541.50  n_per_axis=[15]  total_splits=4
[  40000/150000]  eval(10)= 834.88 +/- 534.66  n_per_axis=[16]
[  40000/150000]  ep= 183  reward(last50)= 605.25  n_per_axis=[16]  total_splits=5
[  45000/150000]  ep= 190  reward(last50)= 667.71  n_per_axis=[16]  total_splits=6
[  50000/150000]  eval(10)= 848.64 +/- 563.38  n_per_axis=[16]
[  50000/150000]  ep= 196  reward(last50)= 667.30  n_per_axis=[16]  total_splits=6
[  55000/150000]  ep= 202  reward(last50)= 655.86  n_per_axis=[16]  total_splits=6
[  60000/150000]  eval(10)= 562.59 +/- 600.78  n_per_axis=[15]
[  60000/150000]  ep= 205  reward(last50)= 664.28  n_per_axis=[15]  total_splits=6
[  65000/150000]  ep= 217  reward(last50)= 600.01  n_per_axis=[16]  total_splits=7
[  70000/150000]  eval(10)= 918.90 +/- 466.53  n_per_axis=[16]
[  70000/150000]  ep= 226  reward(last50)= 582.83  n_per_axis=[16]  total_splits=7
[  75000/150000]  ep= 232  reward(last50)= 596.89  n_per_axis=[16]  total_splits=7
[  80000/150000]  eval(10)= 549.37 +/- 544.99  n_per_axis=[16]
[  80000/150000]  ep= 236  reward(last50)= 630.37  n_per_axis=[16]  total_splits=7
[  85000/150000]  ep= 240  reward(last50)= 675.35  n_per_axis=[16]  total_splits=7
[  90000/150000]  eval(10)= 887.57 +/- 597.59  n_per_axis=[16]
[  90000/150000]  ep= 246  reward(last50)= 664.55  n_per_axis=[16]  total_splits=7
[  95000/150000]  ep= 254  reward(last50)= 629.16  n_per_axis=[15]  total_splits=7
[ 100000/150000]  eval(10)= 685.04 +/- 593.23  n_per_axis=[15]
[ 100000/150000]  ep= 258  reward(last50)= 633.47  n_per_axis=[15]  total_splits=7
[ 105000/150000]  ep= 263  reward(last50)= 688.46  n_per_axis=[15]  total_splits=7
[ 110000/150000]  eval(10)= 698.09 +/- 662.06  n_per_axis=[15]
[ 110000/150000]  ep= 270  reward(last50)= 716.44  n_per_axis=[15]  total_splits=7
[ 115000/150000]  ep= 278  reward(last50)= 754.02  n_per_axis=[15]  total_splits=7
[ 120000/150000]  eval(10)= 696.98 +/- 638.73  n_per_axis=[15]
[ 120000/150000]  ep= 282  reward(last50)= 783.29  n_per_axis=[15]  total_splits=7
[ 125000/150000]  ep= 290  reward(last50)= 711.76  n_per_axis=[15]  total_splits=7
[ 130000/150000]  eval(10)=1050.52 +/- 529.26  n_per_axis=[15]
[ 130000/150000]  ep= 295  reward(last50)= 718.51  n_per_axis=[15]  total_splits=7
[ 135000/150000]  ep= 300  reward(last50)= 757.52  n_per_axis=[15]  total_splits=7
[ 140000/150000]  eval(10)= 840.29 +/- 595.62  n_per_axis=[15]
[ 140000/150000]  ep= 304  reward(last50)= 787.41  n_per_axis=[15]  total_splits=7
[ 145000/150000]  ep= 309  reward(last50)= 769.78  n_per_axis=[15]  total_splits=7
[ 150000/150000]  eval(10)= 951.34 +/- 588.58  n_per_axis=[15]
[ 150000/150000]  ep= 316  reward(last50)= 776.92  n_per_axis=[15]  total_splits=7
Saved BranchingDQN checkpoint to checkpoints/highway/robustness/zooming_bp8_seed43.pt

Evaluating (deterministic)...
Eval(20): mean=1120.57  std=470.87
Final n_per_axis: [15]  total_cells: 15/16  total_splits: 7
