/home/bruinml/anaconda3/envs/highway/lib/python3.11/site-packages/pygame/pkgdata.py:25: UserWarning: pkg_resources is deprecated as an API. See https://setuptools.pypa.io/en/latest/pkg_resources.html. The pkg_resources package is slated for removal as early as 2025-11-30. Refrain from using this package or pin to Setuptools<81.
  from pkg_resources import resource_stream, resource_exists
/home/bruinml/anaconda3/envs/highway/lib/python3.11/site-packages/torch/cuda/__init__.py:180: UserWarning: CUDA initialization: The NVIDIA driver on your system is too old (found version 12080). Please update your GPU driver by downloading and installing a new version from the URL: http://www.nvidia.com/Download/index.aspx Alternatively, go to: https://pytorch.org to install a PyTorch version that has been compiled with your version of the CUDA driver. (Triggered internally at /pytorch/c10/cuda/CUDAFunctions.cpp:119.)
  return torch._C._cuda_getDeviceCount() > 0
Zooming DQN on racetrack-v0  da=1  init_depth=2 (start=4 cells)  n=16 -> total_budget=16  seed=43  steps=150000
[   5000/150000]  ep= 349  reward(last50)=  35.69  n_per_axis=[4]  total_splits=0
[  10000/150000]  eval(10)= 666.73 +/- 558.33  n_per_axis=[4]
[  10000/150000]  ep= 353  reward(last50)= 109.15  n_per_axis=[4]  total_splits=0
[  15000/150000]  ep= 365  reward(last50)= 206.93  n_per_axis=[4]  total_splits=0
[  20000/150000]  eval(10)= 646.74 +/- 573.39  n_per_axis=[4]
[  20000/150000]  ep= 370  reward(last50)= 282.38  n_per_axis=[4]  total_splits=0
[  25000/150000]  ep= 376  reward(last50)= 348.19  n_per_axis=[4]  total_splits=0
[  30000/150000]  eval(10)= 417.91 +/- 533.95  n_per_axis=[12]
[  30000/150000]  ep= 382  reward(last50)= 436.77  n_per_axis=[12]  total_splits=4
[  35000/150000]  ep= 385  reward(last50)= 505.44  n_per_axis=[13]  total_splits=6
[  40000/150000]  eval(10)= 288.71 +/- 421.58  n_per_axis=[15]
[  40000/150000]  ep= 389  reward(last50)= 592.82  n_per_axis=[15]  total_splits=7
[  45000/150000]  ep= 396  reward(last50)= 661.00  n_per_axis=[15]  total_splits=8
[  50000/150000]  eval(10)= 804.08 +/- 521.69  n_per_axis=[16]
[  50000/150000]  ep= 402  reward(last50)= 649.70  n_per_axis=[16]  total_splits=9
[  55000/150000]  ep= 408  reward(last50)= 688.81  n_per_axis=[15]  total_splits=9
[  60000/150000]  eval(10)= 568.37 +/- 577.00  n_per_axis=[15]
[  60000/150000]  ep= 419  reward(last50)= 641.77  n_per_axis=[15]  total_splits=9
[  65000/150000]  ep= 426  reward(last50)= 643.09  n_per_axis=[15]  total_splits=9
[  70000/150000]  eval(10)= 403.59 +/- 412.56  n_per_axis=[16]
[  70000/150000]  ep= 433  reward(last50)= 622.13  n_per_axis=[16]  total_splits=10
[  75000/150000]  ep= 439  reward(last50)= 566.55  n_per_axis=[16]  total_splits=10
[  80000/150000]  eval(10)= 879.07 +/- 554.24  n_per_axis=[16]
[  80000/150000]  ep= 445  reward(last50)= 572.87  n_per_axis=[16]  total_splits=10
[  85000/150000]  ep= 448  reward(last50)= 604.77  n_per_axis=[16]  total_splits=10
[  90000/150000]  eval(10)= 855.73 +/- 516.53  n_per_axis=[16]
[  90000/150000]  ep= 454  reward(last50)= 623.31  n_per_axis=[16]  total_splits=10
[  95000/150000]  ep= 458  reward(last50)= 661.36  n_per_axis=[16]  total_splits=10
[ 100000/150000]  eval(10)= 136.03 +/- 199.17  n_per_axis=[15]
[ 100000/150000]  ep= 465  reward(last50)= 708.39  n_per_axis=[15]  total_splits=10
[ 105000/150000]  ep= 477  reward(last50)= 650.86  n_per_axis=[15]  total_splits=10
[ 110000/150000]  eval(10)= 788.26 +/- 524.32  n_per_axis=[15]
[ 110000/150000]  ep= 480  reward(last50)= 677.23  n_per_axis=[15]  total_splits=10
[ 115000/150000]  ep= 485  reward(last50)= 731.11  n_per_axis=[15]  total_splits=10
[ 120000/150000]  eval(10)= 640.67 +/- 592.01  n_per_axis=[15]
[ 120000/150000]  ep= 492  reward(last50)= 739.00  n_per_axis=[15]  total_splits=10
[ 125000/150000]  ep= 495  reward(last50)= 754.31  n_per_axis=[15]  total_splits=10
[ 130000/150000]  eval(10)= 455.36 +/- 584.70  n_per_axis=[16]
[ 130000/150000]  ep= 502  reward(last50)= 730.44  n_per_axis=[16]  total_splits=11
[ 135000/150000]  ep= 512  reward(last50)= 639.08  n_per_axis=[16]  total_splits=11
[ 140000/150000]  eval(10)=1045.07 +/- 460.53  n_per_axis=[16]
[ 140000/150000]  ep= 515  reward(last50)= 699.38  n_per_axis=[16]  total_splits=11
[ 145000/150000]  ep= 521  reward(last50)= 765.70  n_per_axis=[16]  total_splits=11
[ 150000/150000]  eval(10)= 321.64 +/- 499.39  n_per_axis=[16]
[ 150000/150000]  ep= 525  reward(last50)= 793.13  n_per_axis=[16]  total_splits=11
Saved BranchingDQN checkpoint to checkpoints/highway/robustness/zooming_id2_seed43.pt

Evaluating (deterministic)...
Eval(20): mean=699.12  std=626.19
Final n_per_axis: [16]  total_cells: 16/16  total_splits: 11
