/home/bruinml/anaconda3/envs/highway/lib/python3.11/site-packages/pygame/pkgdata.py:25: UserWarning: pkg_resources is deprecated as an API. See https://setuptools.pypa.io/en/latest/pkg_resources.html. The pkg_resources package is slated for removal as early as 2025-11-30. Refrain from using this package or pin to Setuptools<81.
  from pkg_resources import resource_stream, resource_exists
/home/bruinml/anaconda3/envs/highway/lib/python3.11/site-packages/torch/cuda/__init__.py:180: UserWarning: CUDA initialization: The NVIDIA driver on your system is too old (found version 12080). Please update your GPU driver by downloading and installing a new version from the URL: http://www.nvidia.com/Download/index.aspx Alternatively, go to: https://pytorch.org to install a PyTorch version that has been compiled with your version of the CUDA driver. (Triggered internally at /pytorch/c10/cuda/CUDAFunctions.cpp:119.)
  return torch._C._cuda_getDeviceCount() > 0
Zooming DQN on racetrack-v0  da=1  init_depth=3 (start=8 cells)  n=16 -> total_budget=16  seed=42  steps=150000
[   5000/150000]  ep= 283  reward(last50)=  39.24  n_per_axis=[8]  total_splits=0
[  10000/150000]  eval(10)= 799.04 +/- 607.60  n_per_axis=[8]
[  10000/150000]  ep= 291  reward(last50)= 123.49  n_per_axis=[8]  total_splits=0
[  15000/150000]  ep= 294  reward(last50)= 200.52  n_per_axis=[8]  total_splits=0
[  20000/150000]  eval(10)=1050.13 +/- 469.68  n_per_axis=[8]
[  20000/150000]  ep= 299  reward(last50)= 303.66  n_per_axis=[8]  total_splits=0
[  25000/150000]  ep= 304  reward(last50)= 387.83  n_per_axis=[8]  total_splits=0
[  30000/150000]  eval(10)=1056.92 +/- 495.62  n_per_axis=[16]
[  30000/150000]  ep= 308  reward(last50)= 470.18  n_per_axis=[16]  total_splits=4
[  35000/150000]  ep= 313  reward(last50)= 550.05  n_per_axis=[15]  total_splits=4
[  40000/150000]  eval(10)= 680.40 +/- 614.45  n_per_axis=[15]
[  40000/150000]  ep= 320  reward(last50)= 634.07  n_per_axis=[15]  total_splits=5
[  45000/150000]  ep= 331  reward(last50)= 695.87  n_per_axis=[15]  total_splits=5
[  50000/150000]  eval(10)= 491.39 +/- 557.60  n_per_axis=[16]
[  50000/150000]  ep= 340  reward(last50)= 717.39  n_per_axis=[16]  total_splits=6
[  55000/150000]  ep= 348  reward(last50)= 623.31  n_per_axis=[15]  total_splits=6
[  60000/150000]  eval(10)= 799.97 +/- 626.54  n_per_axis=[15]
[  60000/150000]  ep= 353  reward(last50)= 597.65  n_per_axis=[15]  total_splits=6
[  65000/150000]  ep= 360  reward(last50)= 573.80  n_per_axis=[15]  total_splits=6
[  70000/150000]  eval(10)= 583.87 +/- 627.59  n_per_axis=[15]
[  70000/150000]  ep= 363  reward(last50)= 600.56  n_per_axis=[15]  total_splits=6
[  75000/150000]  ep= 366  reward(last50)= 651.67  n_per_axis=[15]  total_splits=6
[  80000/150000]  eval(10)= 659.66 +/- 602.78  n_per_axis=[16]
[  80000/150000]  ep= 374  reward(last50)= 674.85  n_per_axis=[16]  total_splits=7
[  85000/150000]  ep= 377  reward(last50)= 705.77  n_per_axis=[16]  total_splits=7
[  90000/150000]  eval(10)= 690.56 +/- 615.89  n_per_axis=[16]
[  90000/150000]  ep= 381  reward(last50)= 792.01  n_per_axis=[16]  total_splits=7
[  95000/150000]  ep= 387  reward(last50)= 820.28  n_per_axis=[16]  total_splits=7
[ 100000/150000]  eval(10)= 686.79 +/- 630.91  n_per_axis=[16]
[ 100000/150000]  ep= 393  reward(last50)= 841.72  n_per_axis=[16]  total_splits=7
[ 105000/150000]  ep= 396  reward(last50)= 916.31  n_per_axis=[16]  total_splits=7
[ 110000/150000]  eval(10)= 951.35 +/- 598.30  n_per_axis=[16]
[ 110000/150000]  ep= 401  reward(last50)= 892.48  n_per_axis=[16]  total_splits=7
[ 115000/150000]  ep= 406  reward(last50)= 940.15  n_per_axis=[16]  total_splits=7
[ 120000/150000]  eval(10)= 995.61 +/- 605.13  n_per_axis=[15]
[ 120000/150000]  ep= 412  reward(last50)= 923.90  n_per_axis=[15]  total_splits=7
[ 125000/150000]  ep= 415  reward(last50)= 924.36  n_per_axis=[15]  total_splits=7
[ 130000/150000]  eval(10)=1262.69 +/- 392.87  n_per_axis=[15]
[ 130000/150000]  ep= 419  reward(last50)= 931.93  n_per_axis=[15]  total_splits=7
[ 135000/150000]  ep= 426  reward(last50)= 919.10  n_per_axis=[15]  total_splits=7
[ 140000/150000]  eval(10)= 606.61 +/- 449.09  n_per_axis=[15]
[ 140000/150000]  ep= 432  reward(last50)= 859.88  n_per_axis=[15]  total_splits=7
[ 145000/150000]  ep= 437  reward(last50)= 896.45  n_per_axis=[15]  total_splits=7
[ 150000/150000]  eval(10)= 949.97 +/- 596.83  n_per_axis=[15]
[ 150000/150000]  ep= 441  reward(last50)= 924.69  n_per_axis=[15]  total_splits=7
Saved BranchingDQN checkpoint to checkpoints/highway/robustness/zooming_bp8_seed42.pt

Evaluating (deterministic)...
Eval(20): mean=902.45  std=593.80
Final n_per_axis: [15]  total_cells: 15/16  total_splits: 7
