/home/bruinml/anaconda3/envs/highway/lib/python3.11/site-packages/pygame/pkgdata.py:25: UserWarning: pkg_resources is deprecated as an API. See https://setuptools.pypa.io/en/latest/pkg_resources.html. The pkg_resources package is slated for removal as early as 2025-11-30. Refrain from using this package or pin to Setuptools<81.
  from pkg_resources import resource_stream, resource_exists
/home/bruinml/anaconda3/envs/highway/lib/python3.11/site-packages/torch/cuda/__init__.py:180: UserWarning: CUDA initialization: The NVIDIA driver on your system is too old (found version 12080). Please update your GPU driver by downloading and installing a new version from the URL: http://www.nvidia.com/Download/index.aspx Alternatively, go to: https://pytorch.org to install a PyTorch version that has been compiled with your version of the CUDA driver. (Triggered internally at /pytorch/c10/cuda/CUDAFunctions.cpp:119.)
  return torch._C._cuda_getDeviceCount() > 0
SAC on racetrack-v0  seed=44  steps=600000
[   5000/600000]  ep= 448  reward(last50)=   6.69  alpha=0.1000
[  10000/600000]  eval(10)=  86.95 +/- 50.33   alpha=0.0839
[  10000/600000]  ep= 475  reward(last50)=  70.17  alpha=0.0839
[  15000/600000]  ep= 482  reward(last50)= 150.02  alpha=0.0711
[  20000/600000]  eval(10)= 971.55 +/- 601.30  alpha=0.0608
[  20000/600000]  ep= 486  reward(last50)= 230.75  alpha=0.0608
[  25000/600000]  ep= 491  reward(last50)= 328.71  alpha=0.0554
[  30000/600000]  eval(10)=1035.23 +/- 531.18  alpha=0.0565
[  30000/600000]  ep= 496  reward(last50)= 410.97  alpha=0.0565
[  35000/600000]  ep= 501  reward(last50)= 518.60  alpha=0.0624
[  40000/600000]  eval(10)=1285.48 +/- 268.54  alpha=0.0680
[  40000/600000]  ep= 506  reward(last50)= 600.93  alpha=0.0680
[  45000/600000]  ep= 511  reward(last50)= 677.03  alpha=0.0730
[  50000/600000]  eval(10)= 978.91 +/- 607.32  alpha=0.0746
[  50000/600000]  ep= 514  reward(last50)= 755.61  alpha=0.0746
[  55000/600000]  ep= 518  reward(last50)= 848.25  alpha=0.0779
[  60000/600000]  eval(10)=1071.80 +/- 434.72  alpha=0.0801
[  60000/600000]  ep= 521  reward(last50)= 914.94  alpha=0.0801
[  65000/600000]  ep= 524  reward(last50)= 966.20  alpha=0.0820
[  70000/600000]  eval(10)=1048.39 +/- 536.87  alpha=0.0834
[  70000/600000]  ep= 530  reward(last50)= 996.78  alpha=0.0834
[  75000/600000]  ep= 533  reward(last50)=1046.54  alpha=0.0850
[  80000/600000]  eval(10)= 980.80 +/- 616.15  alpha=0.0872
[  80000/600000]  ep= 536  reward(last50)=1072.42  alpha=0.0872
[  85000/600000]  ep= 540  reward(last50)=1107.79  alpha=0.0884
[  90000/600000]  eval(10)=1377.36 +/- 6.07    alpha=0.0875
[  90000/600000]  ep= 543  reward(last50)=1133.93  alpha=0.0875
[  95000/600000]  ep= 547  reward(last50)=1144.39  alpha=0.0873
[ 100000/600000]  eval(10)=1127.64 +/- 509.46  alpha=0.0900
[ 100000/600000]  ep= 550  reward(last50)=1170.89  alpha=0.0900
[ 105000/600000]  ep= 554  reward(last50)=1173.60  alpha=0.0907
[ 110000/600000]  eval(10)=1116.17 +/- 535.86  alpha=0.0912
[ 110000/600000]  ep= 558  reward(last50)=1199.33  alpha=0.0912
[ 115000/600000]  ep= 561  reward(last50)=1251.48  alpha=0.0902
[ 120000/600000]  eval(10)=1376.16 +/- 7.02    alpha=0.0912
[ 120000/600000]  ep= 565  reward(last50)=1229.23  alpha=0.0912
[ 125000/600000]  ep= 570  reward(last50)=1206.37  alpha=0.0919
[ 130000/600000]  eval(10)=1384.33 +/- 5.03    alpha=0.0916
[ 130000/600000]  ep= 573  reward(last50)=1207.89  alpha=0.0916
[ 135000/600000]  ep= 577  reward(last50)=1208.93  alpha=0.0929
[ 140000/600000]  eval(10)=1121.78 +/- 541.91  alpha=0.0932
[ 140000/600000]  ep= 581  reward(last50)=1211.45  alpha=0.0932
[ 145000/600000]  ep= 586  reward(last50)=1188.99  alpha=0.0923
[ 150000/600000]  eval(10)=1256.26 +/- 400.83  alpha=0.0930
[ 150000/600000]  ep= 589  reward(last50)=1189.83  alpha=0.0930
[ 155000/600000]  ep= 592  reward(last50)=1190.53  alpha=0.0913
[ 160000/600000]  eval(10)=1391.09 +/- 6.49    alpha=0.0899
[ 160000/600000]  ep= 597  reward(last50)=1160.52  alpha=0.0899
[ 165000/600000]  ep= 602  reward(last50)=1159.29  alpha=0.0919
[ 170000/600000]  eval(10)=1389.69 +/- 8.12    alpha=0.0930
[ 170000/600000]  ep= 607  reward(last50)=1106.93  alpha=0.0930
[ 175000/600000]  ep= 610  reward(last50)=1107.54  alpha=0.0942
[ 180000/600000]  eval(10)=1261.81 +/- 406.36  alpha=0.0949
[ 180000/600000]  ep= 614  reward(last50)=1108.38  alpha=0.0949
[ 185000/600000]  ep= 618  reward(last50)=1141.08  alpha=0.0945
[ 190000/600000]  eval(10)=1262.87 +/- 398.33  alpha=0.0961
[ 190000/600000]  ep= 622  reward(last50)=1115.18  alpha=0.0961
[ 195000/600000]  ep= 626  reward(last50)=1115.45  alpha=0.0953
[ 200000/600000]  eval(10)=1262.24 +/- 397.52  alpha=0.0936
[ 200000/600000]  ep= 629  reward(last50)=1140.57  alpha=0.0936
[ 205000/600000]  ep= 633  reward(last50)=1140.42  alpha=0.0946
[ 210000/600000]  eval(10)=1268.52 +/- 394.73  alpha=0.0941
[ 210000/600000]  ep= 636  reward(last50)=1164.59  alpha=0.0941
[ 215000/600000]  ep= 640  reward(last50)=1139.29  alpha=0.0942
[ 220000/600000]  eval(10)=1127.23 +/- 534.54  alpha=0.0929
[ 220000/600000]  ep= 644  reward(last50)=1139.70  alpha=0.0929
[ 225000/600000]  ep= 647  reward(last50)=1187.59  alpha=0.0914
[ 230000/600000]  eval(10)=1396.34 +/- 4.77    alpha=0.0933
[ 230000/600000]  ep= 650  reward(last50)=1187.49  alpha=0.0933
[ 235000/600000]  ep= 654  reward(last50)=1240.29  alpha=0.0930
[ 240000/600000]  eval(10)=1128.25 +/- 530.21  alpha=0.0940
[ 240000/600000]  ep= 657  reward(last50)=1267.23  alpha=0.0940
[ 245000/600000]  ep= 660  reward(last50)=1267.80  alpha=0.0912
[ 250000/600000]  eval(10)=1394.62 +/- 3.34    alpha=0.0903
[ 250000/600000]  ep= 664  reward(last50)=1267.61  alpha=0.0903
[ 255000/600000]  ep= 669  reward(last50)=1260.16  alpha=0.0898
[ 260000/600000]  eval(10)= 995.60 +/- 610.73  alpha=0.0911
[ 260000/600000]  ep= 672  reward(last50)=1260.78  alpha=0.0911
[ 265000/600000]  ep= 676  reward(last50)=1261.77  alpha=0.0908
[ 270000/600000]  eval(10)=1267.55 +/- 397.54  alpha=0.0910
[ 270000/600000]  ep= 680  reward(last50)=1262.38  alpha=0.0910
[ 275000/600000]  ep= 683  reward(last50)=1262.65  alpha=0.0897
[ 280000/600000]  eval(10)=1395.70 +/- 6.14    alpha=0.0893
[ 280000/600000]  ep= 686  reward(last50)=1263.12  alpha=0.0893
[ 285000/600000]  ep= 690  reward(last50)=1289.35  alpha=0.0898
[ 290000/600000]  eval(10)=1403.07 +/- 3.30    alpha=0.0887
[ 290000/600000]  ep= 693  reward(last50)=1289.94  alpha=0.0887
[ 295000/600000]  ep= 697  reward(last50)=1263.16  alpha=0.0888
[ 300000/600000]  eval(10)=1399.52 +/- 3.70    alpha=0.0899
[ 300000/600000]  ep= 701  reward(last50)=1263.90  alpha=0.0899
[ 305000/600000]  ep= 704  reward(last50)=1264.27  alpha=0.0872
[ 310000/600000]  eval(10)=1364.00 +/- 105.50  alpha=0.0867
[ 310000/600000]  ep= 707  reward(last50)=1264.73  alpha=0.0867
[ 315000/600000]  ep= 712  reward(last50)=1238.87  alpha=0.0864
[ 320000/600000]  eval(10)=1130.21 +/- 537.79  alpha=0.0839
[ 320000/600000]  ep= 715  reward(last50)=1239.05  alpha=0.0839
[ 325000/600000]  ep= 718  reward(last50)=1265.32  alpha=0.0852
[ 330000/600000]  eval(10)=1269.23 +/- 402.84  alpha=0.0858
[ 330000/600000]  ep= 722  reward(last50)=1289.48  alpha=0.0858
[ 335000/600000]  ep= 725  reward(last50)=1315.31  alpha=0.0865
[ 340000/600000]  eval(10)=1404.43 +/- 3.37    alpha=0.0875
[ 340000/600000]  ep= 729  reward(last50)=1289.67  alpha=0.0875
[ 345000/600000]  ep= 733  reward(last50)=1289.68  alpha=0.0900
[ 350000/600000]  eval(10)=1135.41 +/- 533.19  alpha=0.0900
[ 350000/600000]  ep= 737  reward(last50)=1263.57  alpha=0.0900
[ 355000/600000]  ep= 740  reward(last50)=1263.85  alpha=0.0912
[ 360000/600000]  eval(10)=1399.43 +/- 4.77    alpha=0.0915
[ 360000/600000]  ep= 746  reward(last50)=1213.37  alpha=0.0915
[ 365000/600000]  ep= 750  reward(last50)=1213.19  alpha=0.0916
[ 370000/600000]  eval(10)=1148.76 +/- 513.20  alpha=0.0940
[ 370000/600000]  ep= 753  reward(last50)=1213.10  alpha=0.0940
[ 375000/600000]  ep= 756  reward(last50)=1213.15  alpha=0.0943
[ 380000/600000]  eval(10)=1281.02 +/- 362.16  alpha=0.0933
[ 380000/600000]  ep= 760  reward(last50)=1239.41  alpha=0.0933
[ 385000/600000]  ep= 764  reward(last50)=1214.34  alpha=0.0942
[ 390000/600000]  eval(10)=1280.24 +/- 367.76  alpha=0.0909
[ 390000/600000]  ep= 768  reward(last50)=1188.34  alpha=0.0909
[ 395000/600000]  ep= 772  reward(last50)=1188.44  alpha=0.0919
[ 400000/600000]  eval(10)=1267.86 +/- 392.33  alpha=0.0927
[ 400000/600000]  ep= 777  reward(last50)=1164.17  alpha=0.0927
[ 405000/600000]  ep= 781  reward(last50)=1139.68  alpha=0.0946
[ 410000/600000]  eval(10)=1279.70 +/- 367.55  alpha=0.0942
[ 410000/600000]  ep= 784  reward(last50)=1139.73  alpha=0.0942
[ 415000/600000]  ep= 788  reward(last50)=1165.76  alpha=0.0945
[ 420000/600000]  eval(10)=1128.69 +/- 536.73  alpha=0.0955
[ 420000/600000]  ep= 792  reward(last50)=1141.61  alpha=0.0955
[ 425000/600000]  ep= 795  reward(last50)=1191.91  alpha=0.0961
[ 430000/600000]  eval(10)=1264.66 +/- 402.40  alpha=0.0958
[ 430000/600000]  ep= 798  reward(last50)=1218.26  alpha=0.0958
[ 435000/600000]  ep= 802  reward(last50)=1218.74  alpha=0.0970
[ 440000/600000]  eval(10)=1263.97 +/- 398.45  alpha=0.0988
[ 440000/600000]  ep= 805  reward(last50)=1218.48  alpha=0.0988
[ 445000/600000]  ep= 809  reward(last50)=1190.58  alpha=0.0999
[ 450000/600000]  eval(10)=1398.90 +/- 4.60    alpha=0.0998
[ 450000/600000]  ep= 814  reward(last50)=1189.46  alpha=0.0998
[ 455000/600000]  ep= 817  reward(last50)=1214.94  alpha=0.1011
[ 460000/600000]  eval(10)=1400.52 +/- 5.83    alpha=0.1009
[ 460000/600000]  ep= 820  reward(last50)=1214.79  alpha=0.1009
[ 465000/600000]  ep= 824  reward(last50)=1215.35  alpha=0.1006
[ 470000/600000]  eval(10)=1269.12 +/- 403.61  alpha=0.1010
[ 470000/600000]  ep= 828  reward(last50)=1239.67  alpha=0.1010
[ 475000/600000]  ep= 832  reward(last50)=1234.50  alpha=0.1005
[ 480000/600000]  eval(10)=1136.24 +/- 516.32  alpha=0.1020
[ 480000/600000]  ep= 836  reward(last50)=1234.73  alpha=0.1020
[ 485000/600000]  ep= 839  reward(last50)=1235.11  alpha=0.1026
[ 490000/600000]  eval(10)=1262.07 +/- 404.06  alpha=0.1031
[ 490000/600000]  ep= 842  reward(last50)=1259.12  alpha=0.1031
[ 495000/600000]  ep= 847  reward(last50)=1232.94  alpha=0.1036
[ 500000/600000]  eval(10)= 997.29 +/- 617.75  alpha=0.1044
[ 500000/600000]  ep= 850  reward(last50)=1232.79  alpha=0.1044
[ 505000/600000]  ep= 853  reward(last50)=1233.13  alpha=0.1057
[ 510000/600000]  eval(10)=1398.73 +/- 4.37    alpha=0.1040
[ 510000/600000]  ep= 857  reward(last50)=1233.03  alpha=0.1040
[ 515000/600000]  ep= 860  reward(last50)=1259.91  alpha=0.1052
[ 520000/600000]  eval(10)=1269.23 +/- 396.87  alpha=0.1069
[ 520000/600000]  ep= 863  reward(last50)=1286.07  alpha=0.1069
[ 525000/600000]  ep= 867  reward(last50)=1286.15  alpha=0.1052
[ 530000/600000]  eval(10)=1142.00 +/- 514.65  alpha=0.1046
[ 530000/600000]  ep= 870  reward(last50)=1286.02  alpha=0.1046
[ 535000/600000]  ep= 873  reward(last50)=1285.76  alpha=0.1065
[ 540000/600000]  eval(10)=1269.45 +/- 415.75  alpha=0.1063
[ 540000/600000]  ep= 877  reward(last50)=1310.99  alpha=0.1063
[ 545000/600000]  ep= 880  reward(last50)=1314.38  alpha=0.1044
[ 550000/600000]  eval(10)=1141.71 +/- 521.23  alpha=0.1057
[ 550000/600000]  ep= 884  reward(last50)=1314.47  alpha=0.1057
[ 555000/600000]  ep= 888  reward(last50)=1314.44  alpha=0.1081
[ 560000/600000]  eval(10)=1400.61 +/- 4.87    alpha=0.1058
[ 560000/600000]  ep= 891  reward(last50)=1314.47  alpha=0.1058
[ 565000/600000]  ep= 896  reward(last50)=1262.32  alpha=0.1056
[ 570000/600000]  eval(10)= 989.74 +/- 540.39  alpha=0.1060
[ 570000/600000]  ep= 899  reward(last50)=1288.44  alpha=0.1060
[ 575000/600000]  ep= 903  reward(last50)=1288.39  alpha=0.1061
[ 580000/600000]  eval(10)=1399.15 +/- 4.76    alpha=0.1035
[ 580000/600000]  ep= 906  reward(last50)=1288.95  alpha=0.1035
[ 585000/600000]  ep= 909  reward(last50)=1289.49  alpha=0.1024
[ 590000/600000]  eval(10)=1265.95 +/- 404.95  alpha=0.1031
[ 590000/600000]  ep= 914  reward(last50)=1268.91  alpha=0.1031
[ 595000/600000]  ep= 917  reward(last50)=1268.72  alpha=0.1032
[ 600000/600000]  eval(10)=1039.93 +/- 556.69  alpha=0.1043
[ 600000/600000]  ep= 921  reward(last50)=1244.87  alpha=0.1043
Saved SAC checkpoint to checkpoints/highway/sample_efficiency/sac_seed44.pt

Evaluating (deterministic)...
Eval(20): mean=1271.33  std=385.45
