/home/bruinml/anaconda3/envs/highway/lib/python3.11/site-packages/pygame/pkgdata.py:25: UserWarning: pkg_resources is deprecated as an API. See https://setuptools.pypa.io/en/latest/pkg_resources.html. The pkg_resources package is slated for removal as early as 2025-11-30. Refrain from using this package or pin to Setuptools<81.
  from pkg_resources import resource_stream, resource_exists
/home/bruinml/anaconda3/envs/highway/lib/python3.11/site-packages/torch/cuda/__init__.py:180: UserWarning: CUDA initialization: The NVIDIA driver on your system is too old (found version 12080). Please update your GPU driver by downloading and installing a new version from the URL: http://www.nvidia.com/Download/index.aspx Alternatively, go to: https://pytorch.org to install a PyTorch version that has been compiled with your version of the CUDA driver. (Triggered internally at /pytorch/c10/cuda/CUDAFunctions.cpp:119.)
  return torch._C._cuda_getDeviceCount() > 0
SAC on racetrack-v0  seed=43  steps=600000
[   5000/600000]  ep= 463  reward(last50)=   6.37  alpha=0.1000
[  10000/600000]  eval(10)=  56.80 +/- 32.23   alpha=0.0838
[  10000/600000]  ep= 488  reward(last50)=  81.51  alpha=0.0838
[  15000/600000]  ep= 496  reward(last50)= 147.86  alpha=0.0703
[  20000/600000]  eval(10)=1287.33 +/- 189.24  alpha=0.0601
[  20000/600000]  ep= 501  reward(last50)= 234.30  alpha=0.0601
[  25000/600000]  ep= 505  reward(last50)= 328.50  alpha=0.0557
[  30000/600000]  eval(10)= 967.68 +/- 593.23  alpha=0.0579
[  30000/600000]  ep= 513  reward(last50)= 422.55  alpha=0.0579
[  35000/600000]  ep= 517  reward(last50)= 502.34  alpha=0.0650
[  40000/600000]  eval(10)=1241.80 +/- 391.75  alpha=0.0689
[  40000/600000]  ep= 521  reward(last50)= 583.05  alpha=0.0689
[  45000/600000]  ep= 524  reward(last50)= 661.32  alpha=0.0731
[  50000/600000]  eval(10)= 972.91 +/- 601.70  alpha=0.0772
[  50000/600000]  ep= 528  reward(last50)= 759.76  alpha=0.0772
[  55000/600000]  ep= 531  reward(last50)= 817.71  alpha=0.0813
[  60000/600000]  eval(10)=1367.90 +/- 7.08    alpha=0.0839
[  60000/600000]  ep= 535  reward(last50)= 873.80  alpha=0.0839
[  65000/600000]  ep= 538  reward(last50)= 940.57  alpha=0.0847
[  70000/600000]  eval(10)=1239.72 +/- 390.37  alpha=0.0830
[  70000/600000]  ep= 542  reward(last50)= 986.97  alpha=0.0830
[  75000/600000]  ep= 546  reward(last50)=1061.05  alpha=0.0829
[  80000/600000]  eval(10)=1365.71 +/- 8.39    alpha=0.0832
[  80000/600000]  ep= 550  reward(last50)=1098.51  alpha=0.0832
[  85000/600000]  ep= 553  reward(last50)=1100.57  alpha=0.0853
[  90000/600000]  eval(10)=1112.09 +/- 530.44  alpha=0.0875
[  90000/600000]  ep= 556  reward(last50)=1113.14  alpha=0.0875
[  95000/600000]  ep= 561  reward(last50)=1155.02  alpha=0.0888
[ 100000/600000]  eval(10)=1113.13 +/- 531.90  alpha=0.0895
[ 100000/600000]  ep= 566  reward(last50)=1192.38  alpha=0.0895
[ 105000/600000]  ep= 569  reward(last50)=1218.52  alpha=0.0917
[ 110000/600000]  eval(10)=1238.63 +/- 270.29  alpha=0.0941
[ 110000/600000]  ep= 573  reward(last50)=1195.09  alpha=0.0941
[ 115000/600000]  ep= 576  reward(last50)=1195.58  alpha=0.0947
[ 120000/600000]  eval(10)= 971.53 +/- 606.35  alpha=0.0946
[ 120000/600000]  ep= 580  reward(last50)=1192.12  alpha=0.0946
[ 125000/600000]  ep= 584  reward(last50)=1192.81  alpha=0.0936
[ 130000/600000]  eval(10)=1385.76 +/- 6.38    alpha=0.0939
[ 130000/600000]  ep= 588  reward(last50)=1174.46  alpha=0.0939
[ 135000/600000]  ep= 592  reward(last50)=1150.85  alpha=0.0962
[ 140000/600000]  eval(10)=1246.70 +/- 400.98  alpha=0.0958
[ 140000/600000]  ep= 597  reward(last50)=1151.59  alpha=0.0958
[ 145000/600000]  ep= 600  reward(last50)=1160.80  alpha=0.0960
[ 150000/600000]  eval(10)= 990.22 +/- 593.12  alpha=0.0954
[ 150000/600000]  ep= 603  reward(last50)=1161.69  alpha=0.0954
[ 155000/600000]  ep= 607  reward(last50)=1162.31  alpha=0.0940
[ 160000/600000]  eval(10)=1241.03 +/- 388.12  alpha=0.0934
[ 160000/600000]  ep= 610  reward(last50)=1162.79  alpha=0.0934
[ 165000/600000]  ep= 613  reward(last50)=1188.59  alpha=0.0932
[ 170000/600000]  eval(10)=1251.21 +/- 391.85  alpha=0.0937
[ 170000/600000]  ep= 617  reward(last50)=1229.54  alpha=0.0937
[ 175000/600000]  ep= 620  reward(last50)=1229.86  alpha=0.0948
[ 180000/600000]  eval(10)=1149.80 +/- 481.67  alpha=0.0939
[ 180000/600000]  ep= 623  reward(last50)=1255.56  alpha=0.0939
[ 185000/600000]  ep= 627  reward(last50)=1242.67  alpha=0.0941
[ 190000/600000]  eval(10)=1248.58 +/- 401.22  alpha=0.0920
[ 190000/600000]  ep= 631  reward(last50)=1229.87  alpha=0.0920
[ 195000/600000]  ep= 636  reward(last50)=1218.09  alpha=0.0934
[ 200000/600000]  eval(10)=1390.98 +/- 3.34    alpha=0.0937
[ 200000/600000]  ep= 639  reward(last50)=1234.40  alpha=0.0937
[ 205000/600000]  ep= 643  reward(last50)=1234.12  alpha=0.0950
[ 210000/600000]  eval(10)= 644.47 +/- 618.41  alpha=0.0947
[ 210000/600000]  ep= 648  reward(last50)=1235.26  alpha=0.0947
[ 215000/600000]  ep= 651  reward(last50)=1235.69  alpha=0.0947
[ 220000/600000]  eval(10)=1249.16 +/- 411.82  alpha=0.0947
[ 220000/600000]  ep= 655  reward(last50)=1211.91  alpha=0.0947
[ 225000/600000]  ep= 659  reward(last50)=1188.85  alpha=0.0960
[ 230000/600000]  eval(10)=1256.93 +/- 401.15  alpha=0.0954
[ 230000/600000]  ep= 663  reward(last50)=1189.51  alpha=0.0954
[ 235000/600000]  ep= 666  reward(last50)=1190.22  alpha=0.0939
[ 240000/600000]  eval(10)= 724.25 +/- 665.88  alpha=0.0950
[ 240000/600000]  ep= 670  reward(last50)=1164.87  alpha=0.0950
[ 245000/600000]  ep= 674  reward(last50)=1165.20  alpha=0.0938
[ 250000/600000]  eval(10)=1267.90 +/- 362.30  alpha=0.0938
[ 250000/600000]  ep= 677  reward(last50)=1178.96  alpha=0.0938
[ 255000/600000]  ep= 680  reward(last50)=1205.18  alpha=0.0950
[ 260000/600000]  eval(10)=1389.15 +/- 5.63    alpha=0.0939
[ 260000/600000]  ep= 685  reward(last50)=1206.16  alpha=0.0939
[ 265000/600000]  ep= 688  reward(last50)=1206.19  alpha=0.0933
[ 270000/600000]  eval(10)=1392.56 +/- 3.68    alpha=0.0937
[ 270000/600000]  ep= 691  reward(last50)=1232.37  alpha=0.0937
[ 275000/600000]  ep= 694  reward(last50)=1232.28  alpha=0.0936
[ 280000/600000]  eval(10)=1258.62 +/- 402.04  alpha=0.0924
[ 280000/600000]  ep= 699  reward(last50)=1232.06  alpha=0.0924
[ 285000/600000]  ep= 702  reward(last50)=1232.63  alpha=0.0946
[ 290000/600000]  eval(10)=1257.43 +/- 398.58  alpha=0.0950
[ 290000/600000]  ep= 705  reward(last50)=1257.60  alpha=0.0950
[ 295000/600000]  ep= 709  reward(last50)=1281.49  alpha=0.0929
[ 300000/600000]  eval(10)=1256.36 +/- 401.96  alpha=0.0930
[ 300000/600000]  ep= 713  reward(last50)=1255.89  alpha=0.0930
[ 305000/600000]  ep= 716  reward(last50)=1256.33  alpha=0.0943
[ 310000/600000]  eval(10)= 860.32 +/- 659.11  alpha=0.0939
[ 310000/600000]  ep= 720  reward(last50)=1282.70  alpha=0.0939
[ 315000/600000]  ep= 723  reward(last50)=1282.78  alpha=0.0945
[ 320000/600000]  eval(10)=1395.79 +/- 4.07    alpha=0.0950
[ 320000/600000]  ep= 727  reward(last50)=1256.35  alpha=0.0950
[ 325000/600000]  ep= 731  reward(last50)=1256.83  alpha=0.0947
[ 330000/600000]  eval(10)= 858.03 +/- 658.70  alpha=0.0960
[ 330000/600000]  ep= 735  reward(last50)=1256.36  alpha=0.0960
[ 335000/600000]  ep= 739  reward(last50)=1230.07  alpha=0.0963
[ 340000/600000]  eval(10)=1254.15 +/- 409.30  alpha=0.0971
[ 340000/600000]  ep= 744  reward(last50)=1205.25  alpha=0.0971
[ 345000/600000]  ep= 749  reward(last50)=1182.18  alpha=0.0973
[ 350000/600000]  eval(10)=1256.84 +/- 402.46  alpha=0.0961
[ 350000/600000]  ep= 753  reward(last50)=1157.52  alpha=0.0961
[ 355000/600000]  ep= 756  reward(last50)=1157.62  alpha=0.0953
[ 360000/600000]  eval(10)=1262.85 +/- 401.84  alpha=0.0958
[ 360000/600000]  ep= 760  reward(last50)=1144.95  alpha=0.0958
[ 365000/600000]  ep= 763  reward(last50)=1171.24  alpha=0.1010
[ 370000/600000]  eval(10)=1122.60 +/- 535.63  alpha=0.0981
[ 370000/600000]  ep= 768  reward(last50)=1147.70  alpha=0.0981
[ 375000/600000]  ep= 771  reward(last50)=1147.83  alpha=0.0994
[ 380000/600000]  eval(10)=1270.02 +/- 364.77  alpha=0.0994
[ 380000/600000]  ep= 775  reward(last50)=1121.72  alpha=0.0994
[ 385000/600000]  ep= 779  reward(last50)=1148.69  alpha=0.0997
[ 390000/600000]  eval(10)=1275.76 +/- 366.20  alpha=0.1002
[ 390000/600000]  ep= 782  reward(last50)=1148.75  alpha=0.1002
[ 395000/600000]  ep= 785  reward(last50)=1175.39  alpha=0.0994
[ 400000/600000]  eval(10)=1129.09 +/- 526.88  alpha=0.1003
[ 400000/600000]  ep= 789  reward(last50)=1202.12  alpha=0.1003
[ 405000/600000]  ep= 793  reward(last50)=1201.12  alpha=0.1017
[ 410000/600000]  eval(10)=1129.93 +/- 536.57  alpha=0.1043
[ 410000/600000]  ep= 796  reward(last50)=1227.69  alpha=0.1043
[ 415000/600000]  ep= 800  reward(last50)=1224.92  alpha=0.1017
[ 420000/600000]  eval(10)=1137.15 +/- 520.44  alpha=0.0995
[ 420000/600000]  ep= 804  reward(last50)=1248.89  alpha=0.0995
[ 425000/600000]  ep= 808  reward(last50)=1223.23  alpha=0.1007
[ 430000/600000]  eval(10)=1262.29 +/- 401.19  alpha=0.1035
[ 430000/600000]  ep= 811  reward(last50)=1236.18  alpha=0.1035
[ 435000/600000]  ep= 816  reward(last50)=1210.21  alpha=0.1044
[ 440000/600000]  eval(10)=1256.77 +/- 405.18  alpha=0.1062
[ 440000/600000]  ep= 821  reward(last50)=1169.49  alpha=0.1062
[ 445000/600000]  ep= 826  reward(last50)=1170.02  alpha=0.1065
[ 450000/600000]  eval(10)= 724.38 +/- 666.64  alpha=0.1059
[ 450000/600000]  ep= 831  reward(last50)=1117.46  alpha=0.1059
[ 455000/600000]  ep= 835  reward(last50)=1091.25  alpha=0.1096
[ 460000/600000]  eval(10)=1265.83 +/- 400.54  alpha=0.1087
[ 460000/600000]  ep= 838  reward(last50)=1091.39  alpha=0.1087
[ 465000/600000]  ep= 843  reward(last50)=1091.89  alpha=0.1085
[ 470000/600000]  eval(10)=1398.59 +/- 4.16    alpha=0.1073
[ 470000/600000]  ep= 846  reward(last50)=1091.42  alpha=0.1073
[ 475000/600000]  ep= 849  reward(last50)=1091.55  alpha=0.1117
[ 480000/600000]  eval(10)=1268.97 +/- 361.46  alpha=0.1117
[ 480000/600000]  ep= 854  reward(last50)=1092.71  alpha=0.1117
[ 485000/600000]  ep= 858  reward(last50)=1092.67  alpha=0.1114
[ 490000/600000]  eval(10)=1261.73 +/- 403.15  alpha=0.1110
[ 490000/600000]  ep= 861  reward(last50)=1091.85  alpha=0.1110
[ 495000/600000]  ep= 865  reward(last50)=1117.42  alpha=0.1146
[ 500000/600000]  eval(10)=1062.72 +/- 536.70  alpha=0.1133
[ 500000/600000]  ep= 868  reward(last50)=1144.03  alpha=0.1133
[ 505000/600000]  ep= 874  reward(last50)=1134.94  alpha=0.1142
[ 510000/600000]  eval(10)= 863.76 +/- 653.45  alpha=0.1139
[ 510000/600000]  ep= 878  reward(last50)=1122.03  alpha=0.1139
[ 515000/600000]  ep= 882  reward(last50)=1148.68  alpha=0.1167
[ 520000/600000]  eval(10)=1129.46 +/- 531.79  alpha=0.1162
[ 520000/600000]  ep= 885  reward(last50)=1175.13  alpha=0.1162
[ 525000/600000]  ep= 890  reward(last50)=1162.26  alpha=0.1140
[ 530000/600000]  eval(10)=1397.28 +/- 5.78    alpha=0.1144
[ 530000/600000]  ep= 893  reward(last50)=1162.03  alpha=0.1144
[ 535000/600000]  ep= 897  reward(last50)=1162.43  alpha=0.1159
[ 540000/600000]  eval(10)=1259.32 +/- 414.39  alpha=0.1148
[ 540000/600000]  ep= 900  reward(last50)=1161.69  alpha=0.1148
[ 545000/600000]  ep= 904  reward(last50)=1161.09  alpha=0.1139
[ 550000/600000]  eval(10)=1264.34 +/- 397.83  alpha=0.1150
[ 550000/600000]  ep= 908  reward(last50)=1186.99  alpha=0.1150
[ 555000/600000]  ep= 911  reward(last50)=1187.57  alpha=0.1153
[ 560000/600000]  eval(10)= 994.21 +/- 617.44  alpha=0.1160
[ 560000/600000]  ep= 914  reward(last50)=1184.06  alpha=0.1160
[ 565000/600000]  ep= 918  reward(last50)=1184.15  alpha=0.1146
[ 570000/600000]  eval(10)=1397.48 +/- 4.73    alpha=0.1137
[ 570000/600000]  ep= 921  reward(last50)=1183.47  alpha=0.1137
[ 575000/600000]  ep= 924  reward(last50)=1256.87  alpha=0.1148
[ 580000/600000]  eval(10)=1266.64 +/- 394.65  alpha=0.1162
[ 580000/600000]  ep= 928  reward(last50)=1269.35  alpha=0.1162
[ 585000/600000]  ep= 931  reward(last50)=1295.29  alpha=0.1146
[ 590000/600000]  eval(10)=1399.57 +/- 4.08    alpha=0.1144
[ 590000/600000]  ep= 934  reward(last50)=1294.97  alpha=0.1144
[ 595000/600000]  ep= 938  reward(last50)=1334.03  alpha=0.1150
[ 600000/600000]  eval(10)=1404.35 +/- 6.65    alpha=0.1148
[ 600000/600000]  ep= 941  reward(last50)=1334.08  alpha=0.1148
Saved SAC checkpoint to checkpoints/highway/sample_efficiency/sac_seed43.pt

Evaluating (deterministic)...
Eval(20): mean=1342.33  std=268.01
