/home/bruinml/anaconda3/envs/highway/lib/python3.11/site-packages/pygame/pkgdata.py:25: UserWarning: pkg_resources is deprecated as an API. See https://setuptools.pypa.io/en/latest/pkg_resources.html. The pkg_resources package is slated for removal as early as 2025-11-30. Refrain from using this package or pin to Setuptools<81.
  from pkg_resources import resource_stream, resource_exists
/home/bruinml/anaconda3/envs/highway/lib/python3.11/site-packages/torch/cuda/__init__.py:180: UserWarning: CUDA initialization: The NVIDIA driver on your system is too old (found version 12080). Please update your GPU driver by downloading and installing a new version from the URL: http://www.nvidia.com/Download/index.aspx Alternatively, go to: https://pytorch.org to install a PyTorch version that has been compiled with your version of the CUDA driver. (Triggered internally at /pytorch/c10/cuda/CUDAFunctions.cpp:119.)
  return torch._C._cuda_getDeviceCount() > 0
Uniform DQN on racetrack-v0  da=1  n=32 (per axis -> 32 total cells)  seed=44  steps=600000
[   5000/600000]  ep= 147  reward(last50)=  44.51  n_per_axis=[32]  total_splits=0
[  10000/600000]  eval(10)= 364.76 +/- 437.05  n_per_axis=[32]
[  10000/600000]  ep= 151  reward(last50)= 116.90  n_per_axis=[32]  total_splits=0
[  15000/600000]  ep= 159  reward(last50)= 193.00  n_per_axis=[32]  total_splits=0
[  20000/600000]  eval(10)= 450.65 +/- 401.03  n_per_axis=[32]
[  20000/600000]  ep= 166  reward(last50)= 272.11  n_per_axis=[32]  total_splits=0
[  25000/600000]  ep= 172  reward(last50)= 353.69  n_per_axis=[32]  total_splits=0
[  30000/600000]  eval(10)= 598.20 +/- 484.06  n_per_axis=[32]
[  30000/600000]  ep= 178  reward(last50)= 436.60  n_per_axis=[32]  total_splits=0
[  35000/600000]  ep= 182  reward(last50)= 502.66  n_per_axis=[32]  total_splits=0
[  40000/600000]  eval(10)= 828.66 +/- 448.58  n_per_axis=[32]
[  40000/600000]  ep= 186  reward(last50)= 584.03  n_per_axis=[32]  total_splits=0
[  45000/600000]  ep= 191  reward(last50)= 647.87  n_per_axis=[32]  total_splits=0
[  50000/600000]  eval(10)= 934.17 +/- 451.20  n_per_axis=[32]
[  50000/600000]  ep= 201  reward(last50)= 643.48  n_per_axis=[32]  total_splits=0
[  55000/600000]  ep= 205  reward(last50)= 676.11  n_per_axis=[32]  total_splits=0
[  60000/600000]  eval(10)= 802.36 +/- 585.76  n_per_axis=[32]
[  60000/600000]  ep= 213  reward(last50)= 673.82  n_per_axis=[32]  total_splits=0
[  65000/600000]  ep= 217  reward(last50)= 703.32  n_per_axis=[32]  total_splits=0
[  70000/600000]  eval(10)= 507.16 +/- 471.38  n_per_axis=[32]
[  70000/600000]  ep= 222  reward(last50)= 724.34  n_per_axis=[32]  total_splits=0
[  75000/600000]  ep= 228  reward(last50)= 716.61  n_per_axis=[32]  total_splits=0
[  80000/600000]  eval(10)= 528.35 +/- 590.13  n_per_axis=[32]
[  80000/600000]  ep= 232  reward(last50)= 728.03  n_per_axis=[32]  total_splits=0
[  85000/600000]  ep= 240  reward(last50)= 653.50  n_per_axis=[32]  total_splits=0
[  90000/600000]  eval(10)= 700.21 +/- 512.80  n_per_axis=[32]
[  90000/600000]  ep= 249  reward(last50)= 693.22  n_per_axis=[32]  total_splits=0
[  95000/600000]  ep= 255  reward(last50)= 661.41  n_per_axis=[32]  total_splits=0
[ 100000/600000]  eval(10)= 690.54 +/- 554.76  n_per_axis=[32]
[ 100000/600000]  ep= 263  reward(last50)= 658.41  n_per_axis=[32]  total_splits=0
[ 105000/600000]  ep= 270  reward(last50)= 636.48  n_per_axis=[32]  total_splits=0
[ 110000/600000]  eval(10)= 517.09 +/- 576.48  n_per_axis=[32]
[ 110000/600000]  ep= 276  reward(last50)= 594.44  n_per_axis=[32]  total_splits=0
[ 115000/600000]  ep= 284  reward(last50)= 566.09  n_per_axis=[32]  total_splits=0
[ 120000/600000]  eval(10)= 892.81 +/- 562.46  n_per_axis=[32]
[ 120000/600000]  ep= 291  reward(last50)= 577.11  n_per_axis=[32]  total_splits=0
[ 125000/600000]  ep= 299  reward(last50)= 582.39  n_per_axis=[32]  total_splits=0
[ 130000/600000]  eval(10)= 651.63 +/- 581.14  n_per_axis=[32]
[ 130000/600000]  ep= 303  reward(last50)= 609.54  n_per_axis=[32]  total_splits=0
[ 135000/600000]  ep= 308  reward(last50)= 620.66  n_per_axis=[32]  total_splits=0
[ 140000/600000]  eval(10)= 853.02 +/- 540.94  n_per_axis=[32]
[ 140000/600000]  ep= 315  reward(last50)= 658.77  n_per_axis=[32]  total_splits=0
[ 145000/600000]  ep= 322  reward(last50)= 679.96  n_per_axis=[32]  total_splits=0
[ 150000/600000]  eval(10)= 403.44 +/- 443.57  n_per_axis=[32]
[ 150000/600000]  ep= 327  reward(last50)= 662.40  n_per_axis=[32]  total_splits=0
[ 155000/600000]  ep= 335  reward(last50)= 658.39  n_per_axis=[32]  total_splits=0
[ 160000/600000]  eval(10)= 839.04 +/- 577.53  n_per_axis=[32]
[ 160000/600000]  ep= 344  reward(last50)= 650.45  n_per_axis=[32]  total_splits=0
[ 165000/600000]  ep= 353  reward(last50)= 617.45  n_per_axis=[32]  total_splits=0
[ 170000/600000]  eval(10)=  43.72 +/- 26.57   n_per_axis=[32]
[ 170000/600000]  ep= 366  reward(last50)= 512.06  n_per_axis=[32]  total_splits=0
[ 175000/600000]  ep= 399  reward(last50)= 170.78  n_per_axis=[32]  total_splits=0
[ 180000/600000]  eval(10)= 813.00 +/- 628.28  n_per_axis=[32]
[ 180000/600000]  ep= 403  reward(last50)= 242.64  n_per_axis=[32]  total_splits=0
[ 185000/600000]  ep= 407  reward(last50)= 318.87  n_per_axis=[32]  total_splits=0
[ 190000/600000]  eval(10)= 625.91 +/- 593.55  n_per_axis=[32]
[ 190000/600000]  ep= 412  reward(last50)= 361.97  n_per_axis=[32]  total_splits=0
[ 195000/600000]  ep= 421  reward(last50)= 416.88  n_per_axis=[32]  total_splits=0
[ 200000/600000]  eval(10)= 844.67 +/- 532.45  n_per_axis=[32]
[ 200000/600000]  ep= 424  reward(last50)= 491.25  n_per_axis=[32]  total_splits=0
[ 205000/600000]  ep= 430  reward(last50)= 569.88  n_per_axis=[32]  total_splits=0
[ 210000/600000]  eval(10)= 848.44 +/- 568.72  n_per_axis=[32]
[ 210000/600000]  ep= 435  reward(last50)= 657.85  n_per_axis=[32]  total_splits=0
[ 215000/600000]  ep= 440  reward(last50)= 725.82  n_per_axis=[32]  total_splits=0
[ 220000/600000]  eval(10)= 892.92 +/- 577.66  n_per_axis=[32]
[ 220000/600000]  ep= 446  reward(last50)= 778.69  n_per_axis=[32]  total_splits=0
[ 225000/600000]  ep= 452  reward(last50)= 804.97  n_per_axis=[32]  total_splits=0
[ 230000/600000]  eval(10)= 734.51 +/- 484.39  n_per_axis=[32]
[ 230000/600000]  ep= 460  reward(last50)= 714.72  n_per_axis=[32]  total_splits=0
[ 235000/600000]  ep= 465  reward(last50)= 764.45  n_per_axis=[32]  total_splits=0
[ 240000/600000]  eval(10)= 981.94 +/- 597.86  n_per_axis=[32]
[ 240000/600000]  ep= 468  reward(last50)= 796.03  n_per_axis=[32]  total_splits=0
[ 245000/600000]  ep= 479  reward(last50)= 733.19  n_per_axis=[32]  total_splits=0
[ 250000/600000]  eval(10)= 463.32 +/- 566.24  n_per_axis=[32]
[ 250000/600000]  ep= 487  reward(last50)= 673.63  n_per_axis=[32]  total_splits=0
[ 255000/600000]  ep= 493  reward(last50)= 682.34  n_per_axis=[32]  total_splits=0
[ 260000/600000]  eval(10)= 470.07 +/- 587.69  n_per_axis=[32]
[ 260000/600000]  ep= 500  reward(last50)= 632.73  n_per_axis=[32]  total_splits=0
[ 265000/600000]  ep= 511  reward(last50)= 569.13  n_per_axis=[32]  total_splits=0
[ 270000/600000]  eval(10)= 533.10 +/- 590.75  n_per_axis=[32]
[ 270000/600000]  ep= 515  reward(last50)= 601.13  n_per_axis=[32]  total_splits=0
[ 275000/600000]  ep= 521  reward(last50)= 569.84  n_per_axis=[32]  total_splits=0
[ 280000/600000]  eval(10)= 364.72 +/- 487.82  n_per_axis=[32]
[ 280000/600000]  ep= 524  reward(last50)= 638.13  n_per_axis=[32]  total_splits=0
[ 285000/600000]  ep= 538  reward(last50)= 588.73  n_per_axis=[32]  total_splits=0
[ 290000/600000]  eval(10)= 482.76 +/- 584.37  n_per_axis=[32]
[ 290000/600000]  ep= 545  reward(last50)= 587.28  n_per_axis=[32]  total_splits=0
[ 295000/600000]  ep= 551  reward(last50)= 599.98  n_per_axis=[32]  total_splits=0
[ 300000/600000]  eval(10)= 494.83 +/- 514.45  n_per_axis=[32]
[ 300000/600000]  ep= 555  reward(last50)= 673.67  n_per_axis=[32]  total_splits=0
[ 305000/600000]  ep= 560  reward(last50)= 712.16  n_per_axis=[32]  total_splits=0
[ 310000/600000]  eval(10)= 212.93 +/- 386.65  n_per_axis=[32]
[ 310000/600000]  ep= 564  reward(last50)= 734.10  n_per_axis=[32]  total_splits=0
[ 315000/600000]  ep= 571  reward(last50)= 687.96  n_per_axis=[32]  total_splits=0
[ 320000/600000]  eval(10)= 280.63 +/- 406.46  n_per_axis=[32]
[ 320000/600000]  ep= 580  reward(last50)= 641.57  n_per_axis=[32]  total_splits=0
[ 325000/600000]  ep= 586  reward(last50)= 717.34  n_per_axis=[32]  total_splits=0
[ 330000/600000]  eval(10)= 806.06 +/- 593.38  n_per_axis=[32]
[ 330000/600000]  ep= 593  reward(last50)= 710.75  n_per_axis=[32]  total_splits=0
[ 335000/600000]  ep= 601  reward(last50)= 709.26  n_per_axis=[32]  total_splits=0
[ 340000/600000]  eval(10)= 593.23 +/- 611.74  n_per_axis=[32]
[ 340000/600000]  ep= 609  reward(last50)= 625.55  n_per_axis=[32]  total_splits=0
[ 345000/600000]  ep= 621  reward(last50)= 555.60  n_per_axis=[32]  total_splits=0
[ 350000/600000]  eval(10)= 376.55 +/- 520.66  n_per_axis=[32]
[ 350000/600000]  ep= 629  reward(last50)= 532.71  n_per_axis=[32]  total_splits=0
[ 355000/600000]  ep= 638  reward(last50)= 464.97  n_per_axis=[32]  total_splits=0
[ 360000/600000]  eval(10)= 903.78 +/- 550.14  n_per_axis=[32]
[ 360000/600000]  ep= 644  reward(last50)= 507.24  n_per_axis=[32]  total_splits=0
[ 365000/600000]  ep= 653  reward(last50)= 507.91  n_per_axis=[32]  total_splits=0
[ 370000/600000]  eval(10)= 603.99 +/- 552.71  n_per_axis=[32]
[ 370000/600000]  ep= 663  reward(last50)= 481.43  n_per_axis=[32]  total_splits=0
[ 375000/600000]  ep= 674  reward(last50)= 454.90  n_per_axis=[32]  total_splits=0
[ 380000/600000]  eval(10)= 394.74 +/- 415.38  n_per_axis=[32]
[ 380000/600000]  ep= 682  reward(last50)= 507.92  n_per_axis=[32]  total_splits=0
[ 385000/600000]  ep= 698  reward(last50)= 372.80  n_per_axis=[32]  total_splits=0
[ 390000/600000]  eval(10)= 230.77 +/- 292.64  n_per_axis=[32]
[ 390000/600000]  ep= 714  reward(last50)= 335.33  n_per_axis=[32]  total_splits=0
[ 395000/600000]  ep= 725  reward(last50)= 305.82  n_per_axis=[32]  total_splits=0
[ 400000/600000]  eval(10)= 208.71 +/- 116.87  n_per_axis=[32]
[ 400000/600000]  ep= 737  reward(last50)= 302.35  n_per_axis=[32]  total_splits=0
[ 405000/600000]  ep= 750  reward(last50)= 333.36  n_per_axis=[32]  total_splits=0
[ 410000/600000]  eval(10)= 155.86 +/- 199.67  n_per_axis=[32]
[ 410000/600000]  ep= 760  reward(last50)= 352.33  n_per_axis=[32]  total_splits=0
[ 415000/600000]  ep= 771  reward(last50)= 383.26  n_per_axis=[32]  total_splits=0
[ 420000/600000]  eval(10)= 449.45 +/- 449.50  n_per_axis=[32]
[ 420000/600000]  ep= 783  reward(last50)= 367.95  n_per_axis=[32]  total_splits=0
[ 425000/600000]  ep= 790  reward(last50)= 399.30  n_per_axis=[32]  total_splits=0
[ 430000/600000]  eval(10)= 347.11 +/- 335.60  n_per_axis=[32]
[ 430000/600000]  ep= 811  reward(last50)= 329.23  n_per_axis=[32]  total_splits=0
[ 435000/600000]  ep= 826  reward(last50)= 299.40  n_per_axis=[32]  total_splits=0
[ 440000/600000]  eval(10)= 166.18 +/- 168.79  n_per_axis=[32]
[ 440000/600000]  ep= 837  reward(last50)= 273.99  n_per_axis=[32]  total_splits=0
[ 445000/600000]  ep= 850  reward(last50)= 270.70  n_per_axis=[32]  total_splits=0
[ 450000/600000]  eval(10)= 338.96 +/- 483.05  n_per_axis=[32]
[ 450000/600000]  ep= 861  reward(last50)= 315.79  n_per_axis=[32]  total_splits=0
[ 455000/600000]  ep= 869  reward(last50)= 371.28  n_per_axis=[32]  total_splits=0
[ 460000/600000]  eval(10)=  90.85 +/- 81.35   n_per_axis=[32]
[ 460000/600000]  ep= 883  reward(last50)= 372.90  n_per_axis=[32]  total_splits=0
[ 465000/600000]  ep= 891  reward(last50)= 401.28  n_per_axis=[32]  total_splits=0
[ 470000/600000]  eval(10)= 380.18 +/- 360.73  n_per_axis=[32]
[ 470000/600000]  ep= 906  reward(last50)= 367.09  n_per_axis=[32]  total_splits=0
[ 475000/600000]  ep= 913  reward(last50)= 401.00  n_per_axis=[32]  total_splits=0
[ 480000/600000]  eval(10)= 166.72 +/- 217.91  n_per_axis=[32]
[ 480000/600000]  ep= 923  reward(last50)= 381.44  n_per_axis=[32]  total_splits=0
[ 485000/600000]  ep= 932  reward(last50)= 427.71  n_per_axis=[32]  total_splits=0
[ 490000/600000]  eval(10)= 320.03 +/- 411.11  n_per_axis=[32]
[ 490000/600000]  ep= 939  reward(last50)= 419.25  n_per_axis=[32]  total_splits=0
[ 495000/600000]  ep= 955  reward(last50)= 425.05  n_per_axis=[32]  total_splits=0
[ 500000/600000]  eval(10)= 308.50 +/- 284.55  n_per_axis=[32]
[ 500000/600000]  ep= 966  reward(last50)= 356.52  n_per_axis=[32]  total_splits=0
[ 505000/600000]  ep= 977  reward(last50)= 361.78  n_per_axis=[32]  total_splits=0
[ 510000/600000]  eval(10)=  94.16 +/- 68.22   n_per_axis=[32]
[ 510000/600000]  ep= 998  reward(last50)= 301.28  n_per_axis=[32]  total_splits=0
[ 515000/600000]  ep=1013  reward(last50)= 299.86  n_per_axis=[32]  total_splits=0
[ 520000/600000]  eval(10)= 285.79 +/- 371.73  n_per_axis=[32]
[ 520000/600000]  ep=1018  reward(last50)= 309.82  n_per_axis=[32]  total_splits=0
[ 525000/600000]  ep=1033  reward(last50)= 300.92  n_per_axis=[32]  total_splits=0
[ 530000/600000]  eval(10)= 282.30 +/- 368.62  n_per_axis=[32]
[ 530000/600000]  ep=1045  reward(last50)= 324.78  n_per_axis=[32]  total_splits=0
[ 535000/600000]  ep=1056  reward(last50)= 361.11  n_per_axis=[32]  total_splits=0
[ 540000/600000]  eval(10)= 457.63 +/- 454.55  n_per_axis=[32]
[ 540000/600000]  ep=1066  reward(last50)= 375.45  n_per_axis=[32]  total_splits=0
[ 545000/600000]  ep=1073  reward(last50)= 375.93  n_per_axis=[32]  total_splits=0
[ 550000/600000]  eval(10)= 295.81 +/- 300.53  n_per_axis=[32]
[ 550000/600000]  ep=1086  reward(last50)= 388.68  n_per_axis=[32]  total_splits=0
[ 555000/600000]  ep=1101  reward(last50)= 362.26  n_per_axis=[32]  total_splits=0
[ 560000/600000]  eval(10)= 169.83 +/- 274.18  n_per_axis=[32]
[ 560000/600000]  ep=1110  reward(last50)= 391.97  n_per_axis=[32]  total_splits=0
[ 565000/600000]  ep=1121  reward(last50)= 363.23  n_per_axis=[32]  total_splits=0
[ 570000/600000]  eval(10)= 167.02 +/- 220.03  n_per_axis=[32]
[ 570000/600000]  ep=1139  reward(last50)= 294.94  n_per_axis=[32]  total_splits=0
[ 575000/600000]  ep=1149  reward(last50)= 355.47  n_per_axis=[32]  total_splits=0
[ 580000/600000]  eval(10)= 299.91 +/- 462.98  n_per_axis=[32]
[ 580000/600000]  ep=1160  reward(last50)= 346.75  n_per_axis=[32]  total_splits=0
[ 585000/600000]  ep=1171  reward(last50)= 328.38  n_per_axis=[32]  total_splits=0
[ 590000/600000]  eval(10)=  69.48 +/- 36.90   n_per_axis=[32]
[ 590000/600000]  ep=1182  reward(last50)= 367.25  n_per_axis=[32]  total_splits=0
[ 595000/600000]  ep=1195  reward(last50)= 340.74  n_per_axis=[32]  total_splits=0
[ 600000/600000]  eval(10)= 252.70 +/- 300.71  n_per_axis=[32]
[ 600000/600000]  ep=1207  reward(last50)= 332.49  n_per_axis=[32]  total_splits=0
Saved BranchingDQN checkpoint to checkpoints/highway/sample_efficiency/uniform_n32_seed44.pt

Evaluating (deterministic)...
Eval(20): mean=400.72  std=375.91
