/home/bruinml/anaconda3/envs/highway/lib/python3.11/site-packages/pygame/pkgdata.py:25: UserWarning: pkg_resources is deprecated as an API. See https://setuptools.pypa.io/en/latest/pkg_resources.html. The pkg_resources package is slated for removal as early as 2025-11-30. Refrain from using this package or pin to Setuptools<81.
  from pkg_resources import resource_stream, resource_exists
/home/bruinml/anaconda3/envs/highway/lib/python3.11/site-packages/torch/cuda/__init__.py:180: UserWarning: CUDA initialization: The NVIDIA driver on your system is too old (found version 12080). Please update your GPU driver by downloading and installing a new version from the URL: http://www.nvidia.com/Download/index.aspx Alternatively, go to: https://pytorch.org to install a PyTorch version that has been compiled with your version of the CUDA driver. (Triggered internally at /pytorch/c10/cuda/CUDAFunctions.cpp:119.)
  return torch._C._cuda_getDeviceCount() > 0
Zooming DQN on racetrack-v0  da=1  init_depth=3 (start=8 cells)  n=32 -> total_budget=32  seed=43  steps=600000
[   5000/600000]  ep= 129  reward(last50)=  35.42  n_per_axis=[8]  total_splits=0
[  10000/600000]  eval(10)= 693.49 +/- 607.41  n_per_axis=[8]
[  10000/600000]  ep= 135  reward(last50)= 118.06  n_per_axis=[8]  total_splits=0
[  15000/600000]  ep= 143  reward(last50)= 212.08  n_per_axis=[8]  total_splits=0
[  20000/600000]  eval(10)= 614.50 +/- 494.74  n_per_axis=[8]
[  20000/600000]  ep= 147  reward(last50)= 304.14  n_per_axis=[8]  total_splits=0
[  25000/600000]  ep= 152  reward(last50)= 386.19  n_per_axis=[8]  total_splits=0
[  30000/600000]  eval(10)= 942.06 +/- 519.18  n_per_axis=[8]
[  30000/600000]  ep= 160  reward(last50)= 480.03  n_per_axis=[8]  total_splits=0
[  35000/600000]  ep= 163  reward(last50)= 556.88  n_per_axis=[8]  total_splits=0
[  40000/600000]  eval(10)=1021.87 +/- 451.25  n_per_axis=[8]
[  40000/600000]  ep= 166  reward(last50)= 633.02  n_per_axis=[8]  total_splits=0
[  45000/600000]  ep= 171  reward(last50)= 737.07  n_per_axis=[8]  total_splits=0
[  50000/600000]  eval(10)= 867.92 +/- 524.51  n_per_axis=[8]
[  50000/600000]  ep= 175  reward(last50)= 796.31  n_per_axis=[8]  total_splits=0
[  55000/600000]  ep= 180  reward(last50)= 862.77  n_per_axis=[8]  total_splits=0
[  60000/600000]  eval(10)= 967.05 +/- 594.19  n_per_axis=[8]
[  60000/600000]  ep= 183  reward(last50)= 891.30  n_per_axis=[8]  total_splits=0
[  65000/600000]  ep= 186  reward(last50)= 941.78  n_per_axis=[8]  total_splits=0
[  70000/600000]  eval(10)=1091.47 +/- 521.29  n_per_axis=[8]
[  70000/600000]  ep= 190  reward(last50)= 998.33  n_per_axis=[8]  total_splits=0
[  75000/600000]  ep= 194  reward(last50)=1052.23  n_per_axis=[8]  total_splits=0
[  80000/600000]  eval(10)=1237.39 +/- 385.67  n_per_axis=[8]
[  80000/600000]  ep= 199  reward(last50)=1014.85  n_per_axis=[8]  total_splits=0
[  85000/600000]  ep= 202  reward(last50)=1066.70  n_per_axis=[8]  total_splits=0
[  90000/600000]  eval(10)= 999.36 +/- 591.73  n_per_axis=[8]
[  90000/600000]  ep= 205  reward(last50)=1110.56  n_per_axis=[8]  total_splits=0
[  95000/600000]  ep= 210  reward(last50)=1163.65  n_per_axis=[8]  total_splits=0
[ 100000/600000]  eval(10)=1114.66 +/- 485.55  n_per_axis=[8]
[ 100000/600000]  ep= 214  reward(last50)=1143.20  n_per_axis=[8]  total_splits=0
[ 105000/600000]  ep= 218  reward(last50)=1146.85  n_per_axis=[8]  total_splits=0
[ 110000/600000]  eval(10)=1255.46 +/- 393.51  n_per_axis=[8]
[ 110000/600000]  ep= 222  reward(last50)=1149.41  n_per_axis=[8]  total_splits=0
[ 115000/600000]  ep= 226  reward(last50)=1170.85  n_per_axis=[8]  total_splits=0
[ 120000/600000]  eval(10)= 863.02 +/- 648.37  n_per_axis=[24]
[ 120000/600000]  ep= 229  reward(last50)=1198.64  n_per_axis=[24]  total_splits=8
[ 125000/600000]  ep= 233  reward(last50)=1175.73  n_per_axis=[24]  total_splits=8
[ 130000/600000]  eval(10)=1198.01 +/- 360.55  n_per_axis=[27]
[ 130000/600000]  ep= 238  reward(last50)=1164.61  n_per_axis=[27]  total_splits=10
[ 135000/600000]  ep= 241  reward(last50)=1162.62  n_per_axis=[31]  total_splits=13
[ 140000/600000]  eval(10)= 572.75 +/- 592.14  n_per_axis=[31]
[ 140000/600000]  ep= 249  reward(last50)=1091.86  n_per_axis=[31]  total_splits=13
[ 145000/600000]  ep= 253  reward(last50)=1064.72  n_per_axis=[31]  total_splits=13
[ 150000/600000]  eval(10)= 718.16 +/- 660.14  n_per_axis=[31]
[ 150000/600000]  ep= 256  reward(last50)=1063.89  n_per_axis=[31]  total_splits=13
[ 155000/600000]  ep= 261  reward(last50)=1063.54  n_per_axis=[31]  total_splits=13
[ 160000/600000]  eval(10)= 714.43 +/- 667.96  n_per_axis=[31]
[ 160000/600000]  ep= 265  reward(last50)=1049.60  n_per_axis=[31]  total_splits=13
[ 165000/600000]  ep= 271  reward(last50)=1021.71  n_per_axis=[31]  total_splits=13
[ 170000/600000]  eval(10)= 490.55 +/- 414.88  n_per_axis=[32]
[ 170000/600000]  ep= 276  reward(last50)= 993.85  n_per_axis=[32]  total_splits=14
[ 175000/600000]  ep= 281  reward(last50)= 976.41  n_per_axis=[32]  total_splits=15
[ 180000/600000]  eval(10)= 593.67 +/- 549.41  n_per_axis=[31]
[ 180000/600000]  ep= 285  reward(last50)= 931.43  n_per_axis=[31]  total_splits=15
[ 185000/600000]  ep= 294  reward(last50)= 879.18  n_per_axis=[31]  total_splits=15
[ 190000/600000]  eval(10)= 599.76 +/- 637.92  n_per_axis=[31]
[ 190000/600000]  ep= 302  reward(last50)= 848.78  n_per_axis=[31]  total_splits=15
[ 195000/600000]  ep= 307  reward(last50)= 798.87  n_per_axis=[31]  total_splits=15
[ 200000/600000]  eval(10)=1077.02 +/- 450.23  n_per_axis=[31]
[ 200000/600000]  ep= 314  reward(last50)= 725.07  n_per_axis=[31]  total_splits=15
[ 205000/600000]  ep= 319  reward(last50)= 768.34  n_per_axis=[31]  total_splits=16
[ 210000/600000]  eval(10)= 720.27 +/- 571.96  n_per_axis=[32]
[ 210000/600000]  ep= 323  reward(last50)= 764.62  n_per_axis=[32]  total_splits=17
[ 215000/600000]  ep= 330  reward(last50)= 723.38  n_per_axis=[32]  total_splits=17
[ 220000/600000]  eval(10)= 562.04 +/- 402.66  n_per_axis=[31]
[ 220000/600000]  ep= 334  reward(last50)= 735.66  n_per_axis=[31]  total_splits=17
[ 225000/600000]  ep= 337  reward(last50)= 777.84  n_per_axis=[31]  total_splits=17
[ 230000/600000]  eval(10)= 658.22 +/- 505.40  n_per_axis=[32]
[ 230000/600000]  ep= 346  reward(last50)= 777.37  n_per_axis=[32]  total_splits=18
[ 235000/600000]  ep= 356  reward(last50)= 719.60  n_per_axis=[32]  total_splits=18
[ 240000/600000]  eval(10)= 577.94 +/- 623.53  n_per_axis=[32]
[ 240000/600000]  ep= 364  reward(last50)= 689.24  n_per_axis=[32]  total_splits=18
[ 245000/600000]  ep= 372  reward(last50)= 622.87  n_per_axis=[32]  total_splits=18
[ 250000/600000]  eval(10)= 564.14 +/- 600.90  n_per_axis=[32]
[ 250000/600000]  ep= 378  reward(last50)= 629.19  n_per_axis=[32]  total_splits=18
[ 255000/600000]  ep= 384  reward(last50)= 582.61  n_per_axis=[31]  total_splits=18
[ 260000/600000]  eval(10)= 450.27 +/- 521.94  n_per_axis=[31]
[ 260000/600000]  ep= 389  reward(last50)= 574.33  n_per_axis=[31]  total_splits=18
[ 265000/600000]  ep= 395  reward(last50)= 598.94  n_per_axis=[31]  total_splits=18
[ 270000/600000]  eval(10)= 582.22 +/- 643.28  n_per_axis=[31]
[ 270000/600000]  ep= 404  reward(last50)= 630.38  n_per_axis=[31]  total_splits=18
[ 275000/600000]  ep= 408  reward(last50)= 666.13  n_per_axis=[31]  total_splits=18
[ 280000/600000]  eval(10)= 696.01 +/- 632.13  n_per_axis=[31]
[ 280000/600000]  ep= 415  reward(last50)= 689.85  n_per_axis=[31]  total_splits=18
[ 285000/600000]  ep= 419  reward(last50)= 732.85  n_per_axis=[31]  total_splits=18
[ 290000/600000]  eval(10)= 533.98 +/- 540.57  n_per_axis=[31]
[ 290000/600000]  ep= 423  reward(last50)= 781.26  n_per_axis=[31]  total_splits=18
[ 295000/600000]  ep= 426  reward(last50)= 824.09  n_per_axis=[31]  total_splits=18
[ 300000/600000]  eval(10)= 179.30 +/- 132.55  n_per_axis=[32]
[ 300000/600000]  ep= 444  reward(last50)= 641.80  n_per_axis=[32]  total_splits=19
[ 305000/600000]  ep= 452  reward(last50)= 663.49  n_per_axis=[32]  total_splits=19
[ 310000/600000]  eval(10)= 408.70 +/- 560.96  n_per_axis=[32]
[ 310000/600000]  ep= 456  reward(last50)= 655.84  n_per_axis=[32]  total_splits=19
[ 315000/600000]  ep= 462  reward(last50)= 612.40  n_per_axis=[32]  total_splits=19
[ 320000/600000]  eval(10)= 575.54 +/- 615.57  n_per_axis=[32]
[ 320000/600000]  ep= 468  reward(last50)= 631.84  n_per_axis=[32]  total_splits=19
[ 325000/600000]  ep= 474  reward(last50)= 581.42  n_per_axis=[32]  total_splits=19
[ 330000/600000]  eval(10)= 358.57 +/- 401.29  n_per_axis=[32]
[ 330000/600000]  ep= 487  reward(last50)= 535.26  n_per_axis=[32]  total_splits=19
[ 335000/600000]  ep= 493  reward(last50)= 615.10  n_per_axis=[32]  total_splits=19
[ 340000/600000]  eval(10)= 602.93 +/- 617.32  n_per_axis=[32]
[ 340000/600000]  ep= 507  reward(last50)= 498.71  n_per_axis=[32]  total_splits=19
[ 345000/600000]  ep= 521  reward(last50)= 386.46  n_per_axis=[32]  total_splits=19
[ 350000/600000]  eval(10)= 657.02 +/- 578.29  n_per_axis=[32]
[ 350000/600000]  ep= 526  reward(last50)= 413.66  n_per_axis=[32]  total_splits=19
[ 355000/600000]  ep= 533  reward(last50)= 459.40  n_per_axis=[31]  total_splits=19
[ 360000/600000]  eval(10)= 272.03 +/- 333.82  n_per_axis=[31]
[ 360000/600000]  ep= 564  reward(last50)= 266.90  n_per_axis=[31]  total_splits=19
[ 365000/600000]  ep= 572  reward(last50)= 317.99  n_per_axis=[31]  total_splits=19
[ 370000/600000]  eval(10)= 665.75 +/- 591.51  n_per_axis=[31]
[ 370000/600000]  ep= 579  reward(last50)= 319.82  n_per_axis=[31]  total_splits=19
[ 375000/600000]  ep= 588  reward(last50)= 331.14  n_per_axis=[31]  total_splits=19
[ 380000/600000]  eval(10)= 628.11 +/- 538.32  n_per_axis=[31]
[ 380000/600000]  ep= 594  reward(last50)= 406.93  n_per_axis=[31]  total_splits=19
[ 385000/600000]  ep= 599  reward(last50)= 466.56  n_per_axis=[31]  total_splits=19
[ 390000/600000]  eval(10)= 331.93 +/- 406.25  n_per_axis=[31]
[ 390000/600000]  ep= 614  reward(last50)= 518.91  n_per_axis=[31]  total_splits=19
[ 395000/600000]  ep= 624  reward(last50)= 492.09  n_per_axis=[31]  total_splits=19
[ 400000/600000]  eval(10)= 315.07 +/- 311.25  n_per_axis=[31]
[ 400000/600000]  ep= 632  reward(last50)= 485.81  n_per_axis=[31]  total_splits=19
[ 405000/600000]  ep= 648  reward(last50)= 333.89  n_per_axis=[31]  total_splits=19
[ 410000/600000]  eval(10)= 381.17 +/- 377.95  n_per_axis=[31]
[ 410000/600000]  ep= 657  reward(last50)= 350.79  n_per_axis=[31]  total_splits=19
[ 415000/600000]  ep= 679  reward(last50)= 276.12  n_per_axis=[31]  total_splits=19
[ 420000/600000]  eval(10)= 118.57 +/- 138.77  n_per_axis=[31]
[ 420000/600000]  ep= 698  reward(last50)= 229.29  n_per_axis=[31]  total_splits=19
[ 425000/600000]  ep= 714  reward(last50)= 214.09  n_per_axis=[31]  total_splits=19
[ 430000/600000]  eval(10)= 261.82 +/- 299.96  n_per_axis=[31]
[ 430000/600000]  ep= 729  reward(last50)= 210.23  n_per_axis=[31]  total_splits=19
[ 435000/600000]  ep= 742  reward(last50)= 246.60  n_per_axis=[31]  total_splits=19
[ 440000/600000]  eval(10)= 293.13 +/- 343.49  n_per_axis=[31]
[ 440000/600000]  ep= 752  reward(last50)= 296.26  n_per_axis=[31]  total_splits=19
[ 445000/600000]  ep= 760  reward(last50)= 321.73  n_per_axis=[31]  total_splits=19
[ 450000/600000]  eval(10)= 385.00 +/- 426.69  n_per_axis=[31]
[ 450000/600000]  ep= 773  reward(last50)= 362.06  n_per_axis=[31]  total_splits=19
[ 455000/600000]  ep= 787  reward(last50)= 343.89  n_per_axis=[31]  total_splits=19
[ 460000/600000]  eval(10)= 434.35 +/- 517.98  n_per_axis=[31]
[ 460000/600000]  ep= 799  reward(last50)= 343.12  n_per_axis=[31]  total_splits=19
[ 465000/600000]  ep= 818  reward(last50)= 269.30  n_per_axis=[31]  total_splits=19
[ 470000/600000]  eval(10)= 266.34 +/- 354.95  n_per_axis=[31]
[ 470000/600000]  ep= 831  reward(last50)= 273.97  n_per_axis=[31]  total_splits=19
[ 475000/600000]  ep= 846  reward(last50)= 235.82  n_per_axis=[31]  total_splits=19
[ 480000/600000]  eval(10)= 279.99 +/- 227.31  n_per_axis=[31]
[ 480000/600000]  ep= 862  reward(last50)= 254.41  n_per_axis=[31]  total_splits=19
[ 485000/600000]  ep= 873  reward(last50)= 283.85  n_per_axis=[31]  total_splits=19
[ 490000/600000]  eval(10)= 282.26 +/- 312.96  n_per_axis=[31]
[ 490000/600000]  ep= 886  reward(last50)= 283.49  n_per_axis=[31]  total_splits=19
[ 495000/600000]  ep= 895  reward(last50)= 328.32  n_per_axis=[31]  total_splits=19
[ 500000/600000]  eval(10)= 488.09 +/- 380.37  n_per_axis=[31]
[ 500000/600000]  ep= 905  reward(last50)= 342.30  n_per_axis=[31]  total_splits=19
[ 505000/600000]  ep= 912  reward(last50)= 393.05  n_per_axis=[31]  total_splits=19
[ 510000/600000]  eval(10)= 335.88 +/- 416.95  n_per_axis=[31]
[ 510000/600000]  ep= 924  reward(last50)= 376.14  n_per_axis=[31]  total_splits=19
[ 515000/600000]  ep= 937  reward(last50)= 375.98  n_per_axis=[31]  total_splits=19
[ 520000/600000]  eval(10)= 142.42 +/- 263.36  n_per_axis=[31]
[ 520000/600000]  ep= 947  reward(last50)= 349.07  n_per_axis=[31]  total_splits=19
[ 525000/600000]  ep= 955  reward(last50)= 383.07  n_per_axis=[31]  total_splits=19
[ 530000/600000]  eval(10)= 260.87 +/- 204.90  n_per_axis=[31]
[ 530000/600000]  ep= 968  reward(last50)= 325.34  n_per_axis=[31]  total_splits=19
[ 535000/600000]  ep= 981  reward(last50)= 333.91  n_per_axis=[31]  total_splits=19
[ 540000/600000]  eval(10)= 378.80 +/- 371.65  n_per_axis=[31]
[ 540000/600000]  ep= 989  reward(last50)= 381.22  n_per_axis=[31]  total_splits=19
[ 545000/600000]  ep=1004  reward(last50)= 317.95  n_per_axis=[31]  total_splits=19
[ 550000/600000]  eval(10)=  96.98 +/- 72.29   n_per_axis=[31]
[ 550000/600000]  ep=1019  reward(last50)= 292.17  n_per_axis=[31]  total_splits=19
[ 555000/600000]  ep=1029  reward(last50)= 322.00  n_per_axis=[31]  total_splits=19
[ 560000/600000]  eval(10)= 427.75 +/- 358.32  n_per_axis=[31]
[ 560000/600000]  ep=1041  reward(last50)= 290.36  n_per_axis=[31]  total_splits=19
[ 565000/600000]  ep=1047  reward(last50)= 337.29  n_per_axis=[31]  total_splits=19
[ 570000/600000]  eval(10)= 531.02 +/- 483.52  n_per_axis=[31]
[ 570000/600000]  ep=1066  reward(last50)= 326.44  n_per_axis=[31]  total_splits=19
[ 575000/600000]  ep=1076  reward(last50)= 334.58  n_per_axis=[31]  total_splits=19
[ 580000/600000]  eval(10)= 465.61 +/- 374.17  n_per_axis=[31]
[ 580000/600000]  ep=1086  reward(last50)= 342.05  n_per_axis=[31]  total_splits=19
[ 585000/600000]  ep=1094  reward(last50)= 345.43  n_per_axis=[31]  total_splits=19
[ 590000/600000]  eval(10)= 506.36 +/- 456.93  n_per_axis=[31]
[ 590000/600000]  ep=1113  reward(last50)= 334.91  n_per_axis=[31]  total_splits=19
[ 595000/600000]  ep=1122  reward(last50)= 319.58  n_per_axis=[31]  total_splits=19
[ 600000/600000]  eval(10)= 558.05 +/- 526.57  n_per_axis=[31]
[ 600000/600000]  ep=1127  reward(last50)= 371.11  n_per_axis=[31]  total_splits=19
Saved BranchingDQN checkpoint to checkpoints/highway/sample_efficiency/zooming_n32_seed43.pt

Evaluating (deterministic)...
Eval(20): mean=521.24  std=478.78
Final n_per_axis: [31]  total_cells: 31/32  total_splits: 19
