/home/bruinml/anaconda3/envs/highway/lib/python3.11/site-packages/pygame/pkgdata.py:25: UserWarning: pkg_resources is deprecated as an API. See https://setuptools.pypa.io/en/latest/pkg_resources.html. The pkg_resources package is slated for removal as early as 2025-11-30. Refrain from using this package or pin to Setuptools<81.
  from pkg_resources import resource_stream, resource_exists
/home/bruinml/anaconda3/envs/highway/lib/python3.11/site-packages/torch/cuda/__init__.py:180: UserWarning: CUDA initialization: The NVIDIA driver on your system is too old (found version 12080). Please update your GPU driver by downloading and installing a new version from the URL: http://www.nvidia.com/Download/index.aspx Alternatively, go to: https://pytorch.org to install a PyTorch version that has been compiled with your version of the CUDA driver. (Triggered internally at /pytorch/c10/cuda/CUDAFunctions.cpp:119.)
  return torch._C._cuda_getDeviceCount() > 0
Zooming DQN on racetrack-v0  da=1  init_depth=3 (start=8 cells)  n=32 -> total_budget=32  seed=42  steps=600000
[   5000/600000]  ep= 288  reward(last50)=  45.87  n_per_axis=[8]  total_splits=0
[  10000/600000]  eval(10)=1015.43 +/- 401.29  n_per_axis=[8]
[  10000/600000]  ep= 294  reward(last50)= 130.61  n_per_axis=[8]  total_splits=0
[  15000/600000]  ep= 299  reward(last50)= 207.34  n_per_axis=[8]  total_splits=0
[  20000/600000]  eval(10)=1134.24 +/- 372.40  n_per_axis=[8]
[  20000/600000]  ep= 302  reward(last50)= 284.72  n_per_axis=[8]  total_splits=0
[  25000/600000]  ep= 306  reward(last50)= 362.15  n_per_axis=[8]  total_splits=0
[  30000/600000]  eval(10)=1154.40 +/- 371.53  n_per_axis=[8]
[  30000/600000]  ep= 311  reward(last50)= 469.99  n_per_axis=[8]  total_splits=0
[  35000/600000]  ep= 317  reward(last50)= 558.37  n_per_axis=[8]  total_splits=0
[  40000/600000]  eval(10)= 928.10 +/- 582.02  n_per_axis=[8]
[  40000/600000]  ep= 321  reward(last50)= 637.43  n_per_axis=[8]  total_splits=0
[  45000/600000]  ep= 324  reward(last50)= 714.70  n_per_axis=[8]  total_splits=0
[  50000/600000]  eval(10)= 963.56 +/- 560.91  n_per_axis=[8]
[  50000/600000]  ep= 327  reward(last50)= 790.20  n_per_axis=[8]  total_splits=0
[  55000/600000]  ep= 332  reward(last50)= 891.24  n_per_axis=[8]  total_splits=0
[  60000/600000]  eval(10)=1219.34 +/- 388.53  n_per_axis=[8]
[  60000/600000]  ep= 336  reward(last50)= 946.57  n_per_axis=[8]  total_splits=0
[  65000/600000]  ep= 340  reward(last50)= 972.83  n_per_axis=[8]  total_splits=0
[  70000/600000]  eval(10)=1297.42 +/- 184.62  n_per_axis=[8]
[  70000/600000]  ep= 344  reward(last50)=1046.05  n_per_axis=[8]  total_splits=0
[  75000/600000]  ep= 347  reward(last50)=1077.01  n_per_axis=[8]  total_splits=0
[  80000/600000]  eval(10)=1104.43 +/- 524.15  n_per_axis=[8]
[  80000/600000]  ep= 350  reward(last50)=1104.39  n_per_axis=[8]  total_splits=0
[  85000/600000]  ep= 355  reward(last50)=1108.98  n_per_axis=[8]  total_splits=0
[  90000/600000]  eval(10)= 880.30 +/- 580.84  n_per_axis=[8]
[  90000/600000]  ep= 359  reward(last50)=1096.31  n_per_axis=[8]  total_splits=0
[  95000/600000]  ep= 364  reward(last50)=1085.78  n_per_axis=[8]  total_splits=0
[ 100000/600000]  eval(10)=1220.83 +/- 378.75  n_per_axis=[8]
[ 100000/600000]  ep= 367  reward(last50)=1138.77  n_per_axis=[8]  total_splits=0
[ 105000/600000]  ep= 371  reward(last50)=1167.86  n_per_axis=[8]  total_splits=0
[ 110000/600000]  eval(10)= 978.70 +/- 602.96  n_per_axis=[8]
[ 110000/600000]  ep= 376  reward(last50)=1118.84  n_per_axis=[8]  total_splits=0
[ 115000/600000]  ep= 379  reward(last50)=1121.49  n_per_axis=[8]  total_splits=0
[ 120000/600000]  eval(10)=1117.57 +/- 527.29  n_per_axis=[22]
[ 120000/600000]  ep= 385  reward(last50)=1125.43  n_per_axis=[22]  total_splits=7
[ 125000/600000]  ep= 389  reward(last50)=1127.21  n_per_axis=[22]  total_splits=7
[ 130000/600000]  eval(10)= 876.41 +/- 544.94  n_per_axis=[28]
[ 130000/600000]  ep= 393  reward(last50)=1097.16  n_per_axis=[28]  total_splits=11
[ 135000/600000]  ep= 399  reward(last50)=1028.90  n_per_axis=[31]  total_splits=13
[ 140000/600000]  eval(10)= 748.69 +/- 452.20  n_per_axis=[31]
[ 140000/600000]  ep= 402  reward(last50)=1026.40  n_per_axis=[31]  total_splits=13
[ 145000/600000]  ep= 405  reward(last50)=1050.54  n_per_axis=[30]  total_splits=13
[ 150000/600000]  eval(10)=1213.75 +/- 377.68  n_per_axis=[32]
[ 150000/600000]  ep= 412  reward(last50)=1012.72  n_per_axis=[32]  total_splits=14
[ 155000/600000]  ep= 416  reward(last50)=1005.98  n_per_axis=[32]  total_splits=14
[ 160000/600000]  eval(10)= 983.47 +/- 566.82  n_per_axis=[32]
[ 160000/600000]  ep= 420  reward(last50)= 995.20  n_per_axis=[32]  total_splits=14
[ 165000/600000]  ep= 426  reward(last50)= 975.76  n_per_axis=[32]  total_splits=14
[ 170000/600000]  eval(10)=1005.94 +/- 586.15  n_per_axis=[32]
[ 170000/600000]  ep= 431  reward(last50)= 927.58  n_per_axis=[32]  total_splits=14
[ 175000/600000]  ep= 438  reward(last50)= 909.05  n_per_axis=[32]  total_splits=14
[ 180000/600000]  eval(10)= 630.60 +/- 430.46  n_per_axis=[32]
[ 180000/600000]  ep= 446  reward(last50)= 844.96  n_per_axis=[32]  total_splits=15
[ 185000/600000]  ep= 450  reward(last50)= 838.94  n_per_axis=[32]  total_splits=15
[ 190000/600000]  eval(10)=1029.17 +/- 515.71  n_per_axis=[32]
[ 190000/600000]  ep= 454  reward(last50)= 820.81  n_per_axis=[32]  total_splits=16
[ 195000/600000]  ep= 460  reward(last50)= 807.47  n_per_axis=[32]  total_splits=16
[ 200000/600000]  eval(10)=1325.44 +/- 127.87  n_per_axis=[32]
[ 200000/600000]  ep= 467  reward(last50)= 772.28  n_per_axis=[32]  total_splits=16
[ 205000/600000]  ep= 471  reward(last50)= 755.88  n_per_axis=[32]  total_splits=16
[ 210000/600000]  eval(10)= 963.72 +/- 464.58  n_per_axis=[32]
[ 210000/600000]  ep= 474  reward(last50)= 798.27  n_per_axis=[32]  total_splits=16
[ 215000/600000]  ep= 482  reward(last50)= 749.27  n_per_axis=[31]  total_splits=17
[ 220000/600000]  eval(10)= 907.43 +/- 484.38  n_per_axis=[31]
[ 220000/600000]  ep= 488  reward(last50)= 780.66  n_per_axis=[31]  total_splits=17
[ 225000/600000]  ep= 491  reward(last50)= 831.59  n_per_axis=[31]  total_splits=17
[ 230000/600000]  eval(10)= 789.99 +/- 600.95  n_per_axis=[32]
[ 230000/600000]  ep= 497  reward(last50)= 847.27  n_per_axis=[32]  total_splits=18
[ 235000/600000]  ep= 503  reward(last50)= 821.84  n_per_axis=[32]  total_splits=18
[ 240000/600000]  eval(10)=1199.34 +/- 381.19  n_per_axis=[32]
[ 240000/600000]  ep= 510  reward(last50)= 806.02  n_per_axis=[32]  total_splits=18
[ 245000/600000]  ep= 515  reward(last50)= 819.03  n_per_axis=[32]  total_splits=18
[ 250000/600000]  eval(10)= 832.21 +/- 640.36  n_per_axis=[32]
[ 250000/600000]  ep= 524  reward(last50)= 716.54  n_per_axis=[32]  total_splits=18
[ 255000/600000]  ep= 532  reward(last50)= 703.26  n_per_axis=[32]  total_splits=18
[ 260000/600000]  eval(10)=1000.55 +/- 585.80  n_per_axis=[32]
[ 260000/600000]  ep= 537  reward(last50)= 721.00  n_per_axis=[32]  total_splits=18
[ 265000/600000]  ep= 542  reward(last50)= 681.15  n_per_axis=[32]  total_splits=18
[ 270000/600000]  eval(10)= 947.34 +/- 587.60  n_per_axis=[32]
[ 270000/600000]  ep= 548  reward(last50)= 702.27  n_per_axis=[32]  total_splits=18
[ 275000/600000]  ep= 553  reward(last50)= 725.59  n_per_axis=[32]  total_splits=18
[ 280000/600000]  eval(10)= 651.74 +/- 632.20  n_per_axis=[32]
[ 280000/600000]  ep= 556  reward(last50)= 742.35  n_per_axis=[32]  total_splits=18
[ 285000/600000]  ep= 560  reward(last50)= 797.04  n_per_axis=[32]  total_splits=18
[ 290000/600000]  eval(10)= 643.90 +/- 587.52  n_per_axis=[31]
[ 290000/600000]  ep= 571  reward(last50)= 719.47  n_per_axis=[31]  total_splits=18
[ 295000/600000]  ep= 578  reward(last50)= 767.80  n_per_axis=[31]  total_splits=18
[ 300000/600000]  eval(10)= 745.46 +/- 605.35  n_per_axis=[31]
[ 300000/600000]  ep= 584  reward(last50)= 773.49  n_per_axis=[31]  total_splits=18
[ 305000/600000]  ep= 590  reward(last50)= 755.47  n_per_axis=[31]  total_splits=18
[ 310000/600000]  eval(10)= 736.26 +/- 565.10  n_per_axis=[31]
[ 310000/600000]  ep= 595  reward(last50)= 736.21  n_per_axis=[31]  total_splits=18
[ 315000/600000]  ep= 599  reward(last50)= 768.52  n_per_axis=[31]  total_splits=18
[ 320000/600000]  eval(10)= 558.16 +/- 586.21  n_per_axis=[32]
[ 320000/600000]  ep= 617  reward(last50)= 591.97  n_per_axis=[32]  total_splits=19
[ 325000/600000]  ep= 621  reward(last50)= 635.54  n_per_axis=[32]  total_splits=19
[ 330000/600000]  eval(10)= 979.29 +/- 607.98  n_per_axis=[32]
[ 330000/600000]  ep= 627  reward(last50)= 635.26  n_per_axis=[32]  total_splits=19
[ 335000/600000]  ep= 630  reward(last50)= 678.96  n_per_axis=[32]  total_splits=19
[ 340000/600000]  eval(10)= 334.53 +/- 465.21  n_per_axis=[32]
[ 340000/600000]  ep= 635  reward(last50)= 706.51  n_per_axis=[32]  total_splits=19
[ 345000/600000]  ep= 642  reward(last50)= 698.26  n_per_axis=[32]  total_splits=19
[ 350000/600000]  eval(10)= 632.05 +/- 627.01  n_per_axis=[32]
[ 350000/600000]  ep= 651  reward(last50)= 602.26  n_per_axis=[32]  total_splits=19
[ 355000/600000]  ep= 655  reward(last50)= 671.82  n_per_axis=[32]  total_splits=19
[ 360000/600000]  eval(10)= 230.26 +/- 395.26  n_per_axis=[32]
[ 360000/600000]  ep= 663  reward(last50)= 740.30  n_per_axis=[32]  total_splits=19
[ 365000/600000]  ep= 673  reward(last50)= 670.62  n_per_axis=[32]  total_splits=19
[ 370000/600000]  eval(10)= 714.83 +/- 624.36  n_per_axis=[32]
[ 370000/600000]  ep= 677  reward(last50)= 708.26  n_per_axis=[32]  total_splits=19
[ 375000/600000]  ep= 689  reward(last50)= 543.50  n_per_axis=[32]  total_splits=19
[ 380000/600000]  eval(10)= 708.16 +/- 616.54  n_per_axis=[32]
[ 380000/600000]  ep= 695  reward(last50)= 588.38  n_per_axis=[32]  total_splits=19
[ 385000/600000]  ep= 705  reward(last50)= 541.59  n_per_axis=[32]  total_splits=19
[ 390000/600000]  eval(10)= 723.84 +/- 642.50  n_per_axis=[32]
[ 390000/600000]  ep= 710  reward(last50)= 579.49  n_per_axis=[32]  total_splits=19
[ 395000/600000]  ep= 714  reward(last50)= 614.89  n_per_axis=[32]  total_splits=19
[ 400000/600000]  eval(10)= 696.88 +/- 615.18  n_per_axis=[32]
[ 400000/600000]  ep= 725  reward(last50)= 575.68  n_per_axis=[32]  total_splits=19
[ 405000/600000]  ep= 730  reward(last50)= 577.93  n_per_axis=[32]  total_splits=19
[ 410000/600000]  eval(10)= 753.07 +/- 544.23  n_per_axis=[32]
[ 410000/600000]  ep= 738  reward(last50)= 636.13  n_per_axis=[32]  total_splits=19
[ 415000/600000]  ep= 745  reward(last50)= 617.67  n_per_axis=[32]  total_splits=19
[ 420000/600000]  eval(10)= 560.67 +/- 549.95  n_per_axis=[32]
[ 420000/600000]  ep= 749  reward(last50)= 688.28  n_per_axis=[32]  total_splits=19
[ 425000/600000]  ep= 757  reward(last50)= 704.46  n_per_axis=[32]  total_splits=19
[ 430000/600000]  eval(10)= 488.40 +/- 466.58  n_per_axis=[32]
[ 430000/600000]  ep= 761  reward(last50)= 692.01  n_per_axis=[32]  total_splits=19
[ 435000/600000]  ep= 769  reward(last50)= 665.06  n_per_axis=[32]  total_splits=19
[ 440000/600000]  eval(10)= 362.97 +/- 348.69  n_per_axis=[32]
[ 440000/600000]  ep= 776  reward(last50)= 706.93  n_per_axis=[32]  total_splits=19
[ 445000/600000]  ep= 780  reward(last50)= 720.90  n_per_axis=[32]  total_splits=19
[ 450000/600000]  eval(10)= 458.46 +/- 547.89  n_per_axis=[32]
[ 450000/600000]  ep= 790  reward(last50)= 677.83  n_per_axis=[32]  total_splits=19
[ 455000/600000]  ep= 798  reward(last50)= 653.09  n_per_axis=[32]  total_splits=19
[ 460000/600000]  eval(10)= 817.88 +/- 508.39  n_per_axis=[32]
[ 460000/600000]  ep= 811  reward(last50)= 555.30  n_per_axis=[32]  total_splits=19
[ 465000/600000]  ep= 817  reward(last50)= 578.63  n_per_axis=[32]  total_splits=19
[ 470000/600000]  eval(10)= 508.67 +/- 569.91  n_per_axis=[32]
[ 470000/600000]  ep= 821  reward(last50)= 596.06  n_per_axis=[32]  total_splits=19
[ 475000/600000]  ep= 831  reward(last50)= 524.99  n_per_axis=[32]  total_splits=19
[ 480000/600000]  eval(10)= 915.52 +/- 569.47  n_per_axis=[32]
[ 480000/600000]  ep= 836  reward(last50)= 577.36  n_per_axis=[32]  total_splits=19
[ 485000/600000]  ep= 841  reward(last50)= 614.12  n_per_axis=[32]  total_splits=19
[ 490000/600000]  eval(10)= 588.41 +/- 654.24  n_per_axis=[32]
[ 490000/600000]  ep= 853  reward(last50)= 558.19  n_per_axis=[32]  total_splits=19
[ 495000/600000]  ep= 862  reward(last50)= 596.66  n_per_axis=[32]  total_splits=19
[ 500000/600000]  eval(10)= 875.75 +/- 626.16  n_per_axis=[32]
[ 500000/600000]  ep= 877  reward(last50)= 479.56  n_per_axis=[32]  total_splits=19
[ 505000/600000]  ep= 890  reward(last50)= 365.99  n_per_axis=[32]  total_splits=19
[ 510000/600000]  eval(10)= 478.48 +/- 492.03  n_per_axis=[32]
[ 510000/600000]  ep= 921  reward(last50)= 212.46  n_per_axis=[32]  total_splits=19
[ 515000/600000]  ep= 930  reward(last50)= 199.15  n_per_axis=[32]  total_splits=19
[ 520000/600000]  eval(10)= 369.70 +/- 515.41  n_per_axis=[32]
[ 520000/600000]  ep= 937  reward(last50)= 259.52  n_per_axis=[32]  total_splits=19
[ 525000/600000]  ep= 951  reward(last50)= 321.23  n_per_axis=[32]  total_splits=19
[ 530000/600000]  eval(10)= 499.65 +/- 571.94  n_per_axis=[32]
[ 530000/600000]  ep= 963  reward(last50)= 400.42  n_per_axis=[32]  total_splits=19
[ 535000/600000]  ep= 969  reward(last50)= 452.99  n_per_axis=[32]  total_splits=19
[ 540000/600000]  eval(10)= 629.10 +/- 616.06  n_per_axis=[32]
[ 540000/600000]  ep= 979  reward(last50)= 440.96  n_per_axis=[32]  total_splits=19
[ 545000/600000]  ep= 992  reward(last50)= 383.03  n_per_axis=[32]  total_splits=19
[ 550000/600000]  eval(10)= 565.07 +/- 557.34  n_per_axis=[32]
[ 550000/600000]  ep=1002  reward(last50)= 411.99  n_per_axis=[32]  total_splits=19
[ 555000/600000]  ep=1011  reward(last50)= 439.80  n_per_axis=[32]  total_splits=19
[ 560000/600000]  eval(10)= 459.07 +/- 555.26  n_per_axis=[32]
[ 560000/600000]  ep=1023  reward(last50)= 391.56  n_per_axis=[32]  total_splits=19
[ 565000/600000]  ep=1030  reward(last50)= 433.53  n_per_axis=[32]  total_splits=19
[ 570000/600000]  eval(10)= 662.69 +/- 596.60  n_per_axis=[32]
[ 570000/600000]  ep=1036  reward(last50)= 465.53  n_per_axis=[32]  total_splits=19
[ 575000/600000]  ep=1047  reward(last50)= 459.83  n_per_axis=[32]  total_splits=19
[ 580000/600000]  eval(10)= 666.86 +/- 583.42  n_per_axis=[32]
[ 580000/600000]  ep=1055  reward(last50)= 474.59  n_per_axis=[32]  total_splits=19
[ 585000/600000]  ep=1066  reward(last50)= 500.05  n_per_axis=[32]  total_splits=19
[ 590000/600000]  eval(10)= 337.39 +/- 425.14  n_per_axis=[32]
[ 590000/600000]  ep=1085  reward(last50)= 383.61  n_per_axis=[32]  total_splits=19
[ 595000/600000]  ep=1094  reward(last50)= 389.71  n_per_axis=[32]  total_splits=19
[ 600000/600000]  eval(10)=  81.09 +/- 80.63   n_per_axis=[31]
[ 600000/600000]  ep=1103  reward(last50)= 360.14  n_per_axis=[31]  total_splits=19
Saved BranchingDQN checkpoint to checkpoints/highway/sample_efficiency/zooming_n32_seed42.pt

Evaluating (deterministic)...
Eval(20): mean=117.65  std=154.18
Final n_per_axis: [31]  total_cells: 31/32  total_splits: 19
