/home/bruinml/anaconda3/envs/highway/lib/python3.11/site-packages/pygame/pkgdata.py:25: UserWarning: pkg_resources is deprecated as an API. See https://setuptools.pypa.io/en/latest/pkg_resources.html. The pkg_resources package is slated for removal as early as 2025-11-30. Refrain from using this package or pin to Setuptools<81.
  from pkg_resources import resource_stream, resource_exists
/home/bruinml/anaconda3/envs/highway/lib/python3.11/site-packages/torch/cuda/__init__.py:180: UserWarning: CUDA initialization: The NVIDIA driver on your system is too old (found version 12080). Please update your GPU driver by downloading and installing a new version from the URL: http://www.nvidia.com/Download/index.aspx Alternatively, go to: https://pytorch.org to install a PyTorch version that has been compiled with your version of the CUDA driver. (Triggered internally at /pytorch/c10/cuda/CUDAFunctions.cpp:119.)
  return torch._C._cuda_getDeviceCount() > 0
Zooming DQN on racetrack-v0  da=1  init_depth=3 (start=8 cells)  n=32 -> total_budget=32  seed=44  steps=600000
[   5000/600000]  ep= 177  reward(last50)=  40.98  n_per_axis=[8]  total_splits=0
[  10000/600000]  eval(10)= 963.81 +/- 299.42  n_per_axis=[8]
[  10000/600000]  ep= 183  reward(last50)= 127.66  n_per_axis=[8]  total_splits=0
[  15000/600000]  ep= 186  reward(last50)= 200.03  n_per_axis=[8]  total_splits=0
[  20000/600000]  eval(10)= 774.41 +/- 479.19  n_per_axis=[8]
[  20000/600000]  ep= 190  reward(last50)= 275.90  n_per_axis=[8]  total_splits=0
[  25000/600000]  ep= 195  reward(last50)= 349.43  n_per_axis=[8]  total_splits=0
[  30000/600000]  eval(10)=1013.19 +/- 467.78  n_per_axis=[8]
[  30000/600000]  ep= 199  reward(last50)= 448.42  n_per_axis=[8]  total_splits=0
[  35000/600000]  ep= 205  reward(last50)= 530.93  n_per_axis=[8]  total_splits=0
[  40000/600000]  eval(10)=1016.10 +/- 482.85  n_per_axis=[8]
[  40000/600000]  ep= 208  reward(last50)= 598.28  n_per_axis=[8]  total_splits=0
[  45000/600000]  ep= 212  reward(last50)= 697.68  n_per_axis=[8]  total_splits=0
[  50000/600000]  eval(10)= 924.37 +/- 539.91  n_per_axis=[8]
[  50000/600000]  ep= 216  reward(last50)= 774.06  n_per_axis=[8]  total_splits=0
[  55000/600000]  ep= 221  reward(last50)= 827.83  n_per_axis=[8]  total_splits=0
[  60000/600000]  eval(10)=1170.46 +/- 372.80  n_per_axis=[8]
[  60000/600000]  ep= 231  reward(last50)= 850.25  n_per_axis=[8]  total_splits=0
[  65000/600000]  ep= 235  reward(last50)= 853.73  n_per_axis=[8]  total_splits=0
[  70000/600000]  eval(10)= 674.70 +/- 625.68  n_per_axis=[8]
[  70000/600000]  ep= 238  reward(last50)= 878.77  n_per_axis=[8]  total_splits=0
[  75000/600000]  ep= 242  reward(last50)= 860.86  n_per_axis=[8]  total_splits=0
[  80000/600000]  eval(10)= 807.61 +/- 609.82  n_per_axis=[8]
[  80000/600000]  ep= 247  reward(last50)= 890.78  n_per_axis=[8]  total_splits=0
[  85000/600000]  ep= 252  reward(last50)= 866.91  n_per_axis=[8]  total_splits=0
[  90000/600000]  eval(10)= 843.72 +/- 566.28  n_per_axis=[8]
[  90000/600000]  ep= 258  reward(last50)= 864.85  n_per_axis=[8]  total_splits=0
[  95000/600000]  ep= 261  reward(last50)= 867.93  n_per_axis=[8]  total_splits=0
[ 100000/600000]  eval(10)= 617.66 +/- 581.67  n_per_axis=[8]
[ 100000/600000]  ep= 265  reward(last50)= 884.50  n_per_axis=[8]  total_splits=0
[ 105000/600000]  ep= 269  reward(last50)= 862.03  n_per_axis=[8]  total_splits=0
[ 110000/600000]  eval(10)=1201.32 +/- 356.74  n_per_axis=[8]
[ 110000/600000]  ep= 272  reward(last50)= 910.38  n_per_axis=[8]  total_splits=0
[ 115000/600000]  ep= 279  reward(last50)= 955.09  n_per_axis=[8]  total_splits=0
[ 120000/600000]  eval(10)=1084.70 +/- 502.51  n_per_axis=[24]
[ 120000/600000]  ep= 284  reward(last50)= 983.05  n_per_axis=[24]  total_splits=8
[ 125000/600000]  ep= 289  reward(last50)= 937.46  n_per_axis=[24]  total_splits=8
[ 130000/600000]  eval(10)= 970.60 +/- 551.45  n_per_axis=[27]
[ 130000/600000]  ep= 296  reward(last50)= 894.76  n_per_axis=[27]  total_splits=10
[ 135000/600000]  ep= 302  reward(last50)= 874.03  n_per_axis=[29]  total_splits=12
[ 140000/600000]  eval(10)= 502.38 +/- 499.53  n_per_axis=[31]
[ 140000/600000]  ep= 311  reward(last50)= 766.57  n_per_axis=[31]  total_splits=13
[ 145000/600000]  ep= 319  reward(last50)= 672.82  n_per_axis=[31]  total_splits=13
[ 150000/600000]  eval(10)= 439.19 +/- 575.61  n_per_axis=[32]
[ 150000/600000]  ep= 326  reward(last50)= 629.95  n_per_axis=[32]  total_splits=14
[ 155000/600000]  ep= 339  reward(last50)= 487.99  n_per_axis=[32]  total_splits=14
[ 160000/600000]  eval(10)=1196.08 +/- 381.59  n_per_axis=[32]
[ 160000/600000]  ep= 346  reward(last50)= 505.21  n_per_axis=[32]  total_splits=14
[ 165000/600000]  ep= 349  reward(last50)= 530.73  n_per_axis=[32]  total_splits=14
[ 170000/600000]  eval(10)= 700.23 +/- 609.41  n_per_axis=[31]
[ 170000/600000]  ep= 355  reward(last50)= 549.71  n_per_axis=[31]  total_splits=14
[ 175000/600000]  ep= 364  reward(last50)= 577.14  n_per_axis=[32]  total_splits=15
[ 180000/600000]  eval(10)= 441.02 +/- 505.05  n_per_axis=[32]
[ 180000/600000]  ep= 369  reward(last50)= 609.60  n_per_axis=[32]  total_splits=15
[ 185000/600000]  ep= 372  reward(last50)= 600.99  n_per_axis=[31]  total_splits=15
[ 190000/600000]  eval(10)= 669.88 +/- 412.82  n_per_axis=[32]
[ 190000/600000]  ep= 382  reward(last50)= 658.69  n_per_axis=[32]  total_splits=16
[ 195000/600000]  ep= 390  reward(last50)= 678.06  n_per_axis=[32]  total_splits=16
[ 200000/600000]  eval(10)= 695.85 +/- 634.40  n_per_axis=[32]
[ 200000/600000]  ep= 395  reward(last50)= 678.83  n_per_axis=[32]  total_splits=16
[ 205000/600000]  ep= 403  reward(last50)= 640.38  n_per_axis=[32]  total_splits=16
[ 210000/600000]  eval(10)= 558.94 +/- 542.27  n_per_axis=[32]
[ 210000/600000]  ep= 407  reward(last50)= 666.74  n_per_axis=[32]  total_splits=16
[ 215000/600000]  ep= 415  reward(last50)= 680.96  n_per_axis=[32]  total_splits=16
[ 220000/600000]  eval(10)= 970.73 +/- 591.29  n_per_axis=[32]
[ 220000/600000]  ep= 418  reward(last50)= 709.47  n_per_axis=[32]  total_splits=16
[ 225000/600000]  ep= 440  reward(last50)= 526.66  n_per_axis=[32]  total_splits=17
[ 230000/600000]  eval(10)= 547.28 +/- 576.94  n_per_axis=[32]
[ 230000/600000]  ep= 445  reward(last50)= 515.81  n_per_axis=[32]  total_splits=17
[ 235000/600000]  ep= 462  reward(last50)= 391.40  n_per_axis=[31]  total_splits=17
[ 240000/600000]  eval(10)= 185.15 +/- 389.18  n_per_axis=[31]
[ 240000/600000]  ep= 470  reward(last50)= 295.61  n_per_axis=[31]  total_splits=17
[ 245000/600000]  ep= 479  reward(last50)= 344.78  n_per_axis=[31]  total_splits=17
[ 250000/600000]  eval(10)= 745.21 +/- 535.01  n_per_axis=[31]
[ 250000/600000]  ep= 490  reward(last50)= 409.83  n_per_axis=[31]  total_splits=17
[ 255000/600000]  ep= 500  reward(last50)= 383.13  n_per_axis=[31]  total_splits=17
[ 260000/600000]  eval(10)= 733.60 +/- 617.93  n_per_axis=[31]
[ 260000/600000]  ep= 505  reward(last50)= 444.96  n_per_axis=[31]  total_splits=17
[ 265000/600000]  ep= 515  reward(last50)= 498.99  n_per_axis=[31]  total_splits=17
[ 270000/600000]  eval(10)= 749.92 +/- 566.79  n_per_axis=[31]
[ 270000/600000]  ep= 521  reward(last50)= 510.85  n_per_axis=[31]  total_splits=17
[ 275000/600000]  ep= 525  reward(last50)= 574.57  n_per_axis=[31]  total_splits=17
[ 280000/600000]  eval(10)= 958.58 +/- 480.54  n_per_axis=[31]
[ 280000/600000]  ep= 531  reward(last50)= 586.53  n_per_axis=[31]  total_splits=17
[ 285000/600000]  ep= 536  reward(last50)= 645.03  n_per_axis=[31]  total_splits=17
[ 290000/600000]  eval(10)=  37.12 +/- 43.60   n_per_axis=[31]
[ 290000/600000]  ep= 543  reward(last50)= 689.14  n_per_axis=[31]  total_splits=18
[ 295000/600000]  ep= 559  reward(last50)= 594.00  n_per_axis=[32]  total_splits=19
[ 300000/600000]  eval(10)= 621.26 +/- 568.89  n_per_axis=[31]
[ 300000/600000]  ep= 571  reward(last50)= 508.57  n_per_axis=[31]  total_splits=19
[ 305000/600000]  ep= 580  reward(last50)= 475.51  n_per_axis=[31]  total_splits=19
[ 310000/600000]  eval(10)= 592.66 +/- 642.23  n_per_axis=[31]
[ 310000/600000]  ep= 597  reward(last50)= 291.40  n_per_axis=[31]  total_splits=19
[ 315000/600000]  ep= 608  reward(last50)= 342.24  n_per_axis=[31]  total_splits=19
[ 320000/600000]  eval(10)= 443.99 +/- 601.04  n_per_axis=[31]
[ 320000/600000]  ep= 614  reward(last50)= 392.53  n_per_axis=[31]  total_splits=19
[ 325000/600000]  ep= 618  reward(last50)= 466.19  n_per_axis=[31]  total_splits=19
[ 330000/600000]  eval(10)= 449.75 +/- 590.33  n_per_axis=[31]
[ 330000/600000]  ep= 625  reward(last50)= 488.71  n_per_axis=[31]  total_splits=19
[ 335000/600000]  ep= 647  reward(last50)= 443.89  n_per_axis=[31]  total_splits=19
[ 340000/600000]  eval(10)= 456.10 +/- 522.36  n_per_axis=[31]
[ 340000/600000]  ep= 652  reward(last50)= 471.12  n_per_axis=[31]  total_splits=19
[ 345000/600000]  ep= 663  reward(last50)= 452.22  n_per_axis=[31]  total_splits=19
[ 350000/600000]  eval(10)= 460.01 +/- 597.83  n_per_axis=[31]
[ 350000/600000]  ep= 673  reward(last50)= 337.18  n_per_axis=[31]  total_splits=19
[ 355000/600000]  ep= 679  reward(last50)= 386.80  n_per_axis=[31]  total_splits=19
[ 360000/600000]  eval(10)= 467.75 +/- 503.35  n_per_axis=[31]
[ 360000/600000]  ep= 687  reward(last50)= 486.08  n_per_axis=[31]  total_splits=19
[ 365000/600000]  ep= 694  reward(last50)= 546.75  n_per_axis=[32]  total_splits=20
[ 370000/600000]  eval(10)= 644.88 +/- 524.20  n_per_axis=[32]
[ 370000/600000]  ep= 709  reward(last50)= 477.44  n_per_axis=[32]  total_splits=20
[ 375000/600000]  ep= 720  reward(last50)= 448.23  n_per_axis=[32]  total_splits=20
[ 380000/600000]  eval(10)= 373.57 +/- 502.87  n_per_axis=[32]
[ 380000/600000]  ep= 723  reward(last50)= 521.95  n_per_axis=[32]  total_splits=20
[ 385000/600000]  ep= 730  reward(last50)= 522.21  n_per_axis=[32]  total_splits=20
[ 390000/600000]  eval(10)= 565.31 +/- 510.45  n_per_axis=[32]
[ 390000/600000]  ep= 735  reward(last50)= 572.22  n_per_axis=[32]  total_splits=20
[ 395000/600000]  ep= 743  reward(last50)= 525.74  n_per_axis=[32]  total_splits=20
[ 400000/600000]  eval(10)= 458.09 +/- 516.67  n_per_axis=[32]
[ 400000/600000]  ep= 752  reward(last50)= 579.14  n_per_axis=[32]  total_splits=20
[ 405000/600000]  ep= 767  reward(last50)= 560.68  n_per_axis=[32]  total_splits=20
[ 410000/600000]  eval(10)= 358.64 +/- 400.67  n_per_axis=[32]
[ 410000/600000]  ep= 779  reward(last50)= 422.78  n_per_axis=[32]  total_splits=20
[ 415000/600000]  ep= 793  reward(last50)= 338.48  n_per_axis=[32]  total_splits=20
[ 420000/600000]  eval(10)= 179.52 +/- 383.34  n_per_axis=[32]
[ 420000/600000]  ep= 806  reward(last50)= 309.62  n_per_axis=[32]  total_splits=20
[ 425000/600000]  ep= 815  reward(last50)= 343.91  n_per_axis=[32]  total_splits=20
[ 430000/600000]  eval(10)= 533.81 +/- 586.68  n_per_axis=[32]
[ 430000/600000]  ep= 824  reward(last50)= 384.68  n_per_axis=[32]  total_splits=20
[ 435000/600000]  ep= 831  reward(last50)= 404.58  n_per_axis=[32]  total_splits=20
[ 440000/600000]  eval(10)= 519.12 +/- 538.15  n_per_axis=[32]
[ 440000/600000]  ep= 836  reward(last50)= 464.90  n_per_axis=[32]  total_splits=20
[ 445000/600000]  ep= 844  reward(last50)= 498.26  n_per_axis=[32]  total_splits=20
[ 450000/600000]  eval(10)= 654.94 +/- 585.77  n_per_axis=[32]
[ 450000/600000]  ep= 853  reward(last50)= 524.80  n_per_axis=[32]  total_splits=20
[ 455000/600000]  ep= 865  reward(last50)= 523.13  n_per_axis=[32]  total_splits=20
[ 460000/600000]  eval(10)= 278.37 +/- 373.88  n_per_axis=[32]
[ 460000/600000]  ep= 878  reward(last50)= 494.87  n_per_axis=[32]  total_splits=20
[ 465000/600000]  ep= 886  reward(last50)= 433.01  n_per_axis=[32]  total_splits=20
[ 470000/600000]  eval(10)= 382.76 +/- 361.84  n_per_axis=[32]
[ 470000/600000]  ep= 893  reward(last50)= 452.21  n_per_axis=[32]  total_splits=20
[ 475000/600000]  ep= 900  reward(last50)= 461.15  n_per_axis=[32]  total_splits=20
[ 480000/600000]  eval(10)= 470.32 +/- 453.04  n_per_axis=[32]
[ 480000/600000]  ep= 907  reward(last50)= 511.87  n_per_axis=[32]  total_splits=20
[ 485000/600000]  ep= 916  reward(last50)= 493.70  n_per_axis=[32]  total_splits=20
[ 490000/600000]  eval(10)= 452.68 +/- 587.99  n_per_axis=[32]
[ 490000/600000]  ep= 925  reward(last50)= 515.76  n_per_axis=[32]  total_splits=20
[ 495000/600000]  ep= 936  reward(last50)= 514.27  n_per_axis=[32]  total_splits=20
[ 500000/600000]  eval(10)= 198.25 +/- 259.08  n_per_axis=[32]
[ 500000/600000]  ep= 942  reward(last50)= 512.19  n_per_axis=[32]  total_splits=20
[ 505000/600000]  ep= 956  reward(last50)= 446.42  n_per_axis=[32]  total_splits=20
[ 510000/600000]  eval(10)= 755.33 +/- 451.16  n_per_axis=[32]
[ 510000/600000]  ep= 974  reward(last50)= 371.54  n_per_axis=[32]  total_splits=20
[ 515000/600000]  ep= 986  reward(last50)= 347.29  n_per_axis=[32]  total_splits=20
[ 520000/600000]  eval(10)= 339.11 +/- 386.97  n_per_axis=[32]
[ 520000/600000]  ep= 996  reward(last50)= 315.85  n_per_axis=[32]  total_splits=20
[ 525000/600000]  ep=1003  reward(last50)= 352.22  n_per_axis=[32]  total_splits=20
[ 530000/600000]  eval(10)= 292.69 +/- 384.45  n_per_axis=[32]
[ 530000/600000]  ep=1009  reward(last50)= 406.97  n_per_axis=[32]  total_splits=20
[ 535000/600000]  ep=1015  reward(last50)= 455.19  n_per_axis=[32]  total_splits=20
[ 540000/600000]  eval(10)= 371.84 +/- 371.54  n_per_axis=[32]
[ 540000/600000]  ep=1036  reward(last50)= 433.07  n_per_axis=[32]  total_splits=20
[ 545000/600000]  ep=1053  reward(last50)= 357.93  n_per_axis=[32]  total_splits=20
[ 550000/600000]  eval(10)= 189.87 +/- 202.24  n_per_axis=[32]
[ 550000/600000]  ep=1063  reward(last50)= 256.87  n_per_axis=[32]  total_splits=20
[ 555000/600000]  ep=1074  reward(last50)= 252.53  n_per_axis=[32]  total_splits=20
[ 560000/600000]  eval(10)= 178.15 +/- 253.76  n_per_axis=[32]
[ 560000/600000]  ep=1083  reward(last50)= 339.47  n_per_axis=[32]  total_splits=20
[ 565000/600000]  ep=1094  reward(last50)= 355.98  n_per_axis=[32]  total_splits=20
[ 570000/600000]  eval(10)= 264.48 +/- 386.85  n_per_axis=[32]
[ 570000/600000]  ep=1103  reward(last50)= 418.83  n_per_axis=[32]  total_splits=20
[ 575000/600000]  ep=1118  reward(last50)= 378.57  n_per_axis=[32]  total_splits=20
[ 580000/600000]  eval(10)= 126.40 +/- 145.58  n_per_axis=[32]
[ 580000/600000]  ep=1132  reward(last50)= 325.39  n_per_axis=[32]  total_splits=20
[ 585000/600000]  ep=1143  reward(last50)= 338.96  n_per_axis=[32]  total_splits=20
[ 590000/600000]  eval(10)= 414.61 +/- 502.89  n_per_axis=[32]
[ 590000/600000]  ep=1153  reward(last50)= 342.11  n_per_axis=[32]  total_splits=20
[ 595000/600000]  ep=1171  reward(last50)= 302.23  n_per_axis=[32]  total_splits=20
[ 600000/600000]  eval(10)= 274.17 +/- 268.69  n_per_axis=[32]
[ 600000/600000]  ep=1178  reward(last50)= 358.77  n_per_axis=[32]  total_splits=20
Saved BranchingDQN checkpoint to checkpoints/highway/sample_efficiency/zooming_n32_seed44.pt

Evaluating (deterministic)...
Eval(20): mean=277.31  std=315.03
Final n_per_axis: [32]  total_cells: 32/32  total_splits: 20
