/home/bruinml/anaconda3/envs/highway/lib/python3.11/site-packages/glfw/__init__.py:917: GLFWError: (65550) b'X11: The DISPLAY environment variable is missing'
  warnings.warn(message, GLFWError)
/home/bruinml/anaconda3/envs/highway/lib/python3.11/site-packages/pygame/pkgdata.py:25: UserWarning: pkg_resources is deprecated as an API. See https://setuptools.pypa.io/en/latest/pkg_resources.html. The pkg_resources package is slated for removal as early as 2025-11-30. Refrain from using this package or pin to Setuptools<81.
  from pkg_resources import resource_stream, resource_exists
/home/bruinml/anaconda3/envs/highway/lib/python3.11/site-packages/torch/cuda/__init__.py:180: UserWarning: CUDA initialization: The NVIDIA driver on your system is too old (found version 12080). Please update your GPU driver by downloading and installing a new version from the URL: http://www.nvidia.com/Download/index.aspx Alternatively, go to: https://pytorch.org to install a PyTorch version that has been compiled with your version of the CUDA driver. (Triggered internally at /pytorch/c10/cuda/CUDAFunctions.cpp:119.)
  return torch._C._cuda_getDeviceCount() > 0
SAC on dm_control/walker-walk  seed=42  steps=1000000
[  10000/1000000]  ep=  10  reward(last50)=  31.84  alpha=0.1000
[  20000/1000000]  eval(5)=  26.18 +/- 5.76    alpha=0.0291
[  20000/1000000]  ep=  20  reward(last50)=  34.33  alpha=0.0291
[  30000/1000000]  ep=  30  reward(last50)=  44.22  alpha=0.0104
[  40000/1000000]  eval(5)= 179.31 +/- 154.20  alpha=0.0047
[  40000/1000000]  ep=  40  reward(last50)=  75.33  alpha=0.0047
[  50000/1000000]  ep=  50  reward(last50)= 112.30  alpha=0.0043
[  60000/1000000]  eval(5)= 137.70 +/- 99.93   alpha=0.0046
[  60000/1000000]  ep=  60  reward(last50)= 156.83  alpha=0.0046
[  70000/1000000]  ep=  70  reward(last50)= 201.10  alpha=0.0053
[  80000/1000000]  eval(5)= 500.64 +/- 208.17  alpha=0.0055
[  80000/1000000]  ep=  80  reward(last50)= 247.67  alpha=0.0055
[  90000/1000000]  ep=  90  reward(last50)= 293.83  alpha=0.0063
[ 100000/1000000]  eval(5)= 289.81 +/- 208.73  alpha=0.0070
[ 100000/1000000]  ep= 100  reward(last50)= 324.02  alpha=0.0070
[ 110000/1000000]  ep= 110  reward(last50)= 328.51  alpha=0.0069
[ 120000/1000000]  eval(5)= 434.46 +/- 226.83  alpha=0.0105
[ 120000/1000000]  ep= 120  reward(last50)= 346.98  alpha=0.0105
[ 130000/1000000]  ep= 130  reward(last50)= 388.05  alpha=0.0107
[ 140000/1000000]  eval(5)= 569.12 +/- 28.71   alpha=0.0123
[ 140000/1000000]  ep= 140  reward(last50)= 412.71  alpha=0.0123
[ 150000/1000000]  ep= 150  reward(last50)= 468.61  alpha=0.0146
[ 160000/1000000]  eval(5)= 845.74 +/- 43.65   alpha=0.0163
[ 160000/1000000]  ep= 160  reward(last50)= 570.10  alpha=0.0163
[ 170000/1000000]  ep= 170  reward(last50)= 665.18  alpha=0.0170
[ 180000/1000000]  eval(5)= 927.88 +/- 24.39   alpha=0.0163
[ 180000/1000000]  ep= 180  reward(last50)= 737.78  alpha=0.0163
[ 190000/1000000]  ep= 190  reward(last50)= 794.38  alpha=0.0167
[ 200000/1000000]  eval(5)= 921.76 +/- 31.89   alpha=0.0187
[ 200000/1000000]  ep= 200  reward(last50)= 833.88  alpha=0.0187
[ 210000/1000000]  ep= 210  reward(last50)= 859.81  alpha=0.0190
[ 220000/1000000]  eval(5)= 911.06 +/- 37.26   alpha=0.0205
[ 220000/1000000]  ep= 220  reward(last50)= 874.06  alpha=0.0205
[ 230000/1000000]  ep= 230  reward(last50)= 887.34  alpha=0.0196
[ 240000/1000000]  eval(5)= 942.78 +/- 36.44   alpha=0.0217
[ 240000/1000000]  ep= 240  reward(last50)= 910.34  alpha=0.0217
[ 250000/1000000]  ep= 250  reward(last50)= 916.93  alpha=0.0210
[ 260000/1000000]  eval(5)= 935.49 +/- 36.56   alpha=0.0211
[ 260000/1000000]  ep= 260  reward(last50)= 918.48  alpha=0.0211
[ 270000/1000000]  ep= 270  reward(last50)= 928.51  alpha=0.0224
[ 280000/1000000]  eval(5)= 941.88 +/- 20.91   alpha=0.0220
[ 280000/1000000]  ep= 280  reward(last50)= 930.14  alpha=0.0220
[ 290000/1000000]  ep= 290  reward(last50)= 933.76  alpha=0.0213
[ 300000/1000000]  eval(5)= 946.73 +/- 16.44   alpha=0.0217
[ 300000/1000000]  ep= 300  reward(last50)= 940.63  alpha=0.0217
[ 310000/1000000]  ep= 310  reward(last50)= 943.65  alpha=0.0219
[ 320000/1000000]  eval(5)= 947.18 +/- 10.30   alpha=0.0211
[ 320000/1000000]  ep= 320  reward(last50)= 943.85  alpha=0.0211
[ 330000/1000000]  ep= 330  reward(last50)= 944.23  alpha=0.0215
[ 340000/1000000]  eval(5)= 944.58 +/- 17.26   alpha=0.0210
[ 340000/1000000]  ep= 340  reward(last50)= 945.04  alpha=0.0210
[ 350000/1000000]  ep= 350  reward(last50)= 927.03  alpha=0.0221
[ 360000/1000000]  eval(5)= 762.89 +/- 374.39  alpha=0.0218
[ 360000/1000000]  ep= 360  reward(last50)= 927.16  alpha=0.0218
[ 370000/1000000]  ep= 370  reward(last50)= 928.57  alpha=0.0220
[ 380000/1000000]  eval(5)= 960.08 +/- 6.53    alpha=0.0225
[ 380000/1000000]  ep= 380  reward(last50)= 929.64  alpha=0.0225
[ 390000/1000000]  ep= 390  reward(last50)= 931.04  alpha=0.0226
[ 400000/1000000]  eval(5)= 940.58 +/- 5.03    alpha=0.0215
[ 400000/1000000]  ep= 400  reward(last50)= 947.67  alpha=0.0215
[ 410000/1000000]  ep= 410  reward(last50)= 947.54  alpha=0.0211
[ 420000/1000000]  eval(5)= 959.49 +/- 24.41   alpha=0.0221
[ 420000/1000000]  ep= 420  reward(last50)= 925.72  alpha=0.0221
[ 430000/1000000]  ep= 430  reward(last50)= 926.28  alpha=0.0209
[ 440000/1000000]  eval(5)= 959.07 +/- 14.64   alpha=0.0209
[ 440000/1000000]  ep= 440  reward(last50)= 924.75  alpha=0.0209
[ 450000/1000000]  ep= 450  reward(last50)= 922.04  alpha=0.0226
[ 460000/1000000]  eval(5)= 963.42 +/- 16.55   alpha=0.0217
[ 460000/1000000]  ep= 460  reward(last50)= 925.71  alpha=0.0217
[ 470000/1000000]  ep= 470  reward(last50)= 946.65  alpha=0.0217
[ 480000/1000000]  eval(5)= 952.27 +/- 20.12   alpha=0.0215
[ 480000/1000000]  ep= 480  reward(last50)= 950.24  alpha=0.0215
[ 490000/1000000]  ep= 490  reward(last50)= 951.61  alpha=0.0216
[ 500000/1000000]  eval(5)= 953.03 +/- 10.70   alpha=0.0222
[ 500000/1000000]  ep= 500  reward(last50)= 954.46  alpha=0.0222
[ 510000/1000000]  ep= 510  reward(last50)= 953.91  alpha=0.0215
[ 520000/1000000]  eval(5)= 958.42 +/- 15.37   alpha=0.0210
[ 520000/1000000]  ep= 520  reward(last50)= 955.49  alpha=0.0210
[ 530000/1000000]  ep= 530  reward(last50)= 952.14  alpha=0.0214
[ 540000/1000000]  eval(5)= 954.51 +/- 5.45    alpha=0.0209
[ 540000/1000000]  ep= 540  reward(last50)= 953.14  alpha=0.0209
[ 550000/1000000]  ep= 550  reward(last50)= 951.20  alpha=0.0204
[ 560000/1000000]  eval(5)= 955.32 +/- 14.03   alpha=0.0203
[ 560000/1000000]  ep= 560  reward(last50)= 951.34  alpha=0.0203
[ 570000/1000000]  ep= 570  reward(last50)= 950.38  alpha=0.0212
[ 580000/1000000]  eval(5)= 964.83 +/- 11.03   alpha=0.0195
[ 580000/1000000]  ep= 580  reward(last50)= 951.00  alpha=0.0195
[ 590000/1000000]  ep= 590  reward(last50)= 950.89  alpha=0.0213
[ 600000/1000000]  eval(5)= 806.62 +/- 317.99  alpha=0.0211
[ 600000/1000000]  ep= 600  reward(last50)= 954.40  alpha=0.0211
[ 610000/1000000]  ep= 610  reward(last50)= 952.95  alpha=0.0203
[ 620000/1000000]  eval(5)= 966.87 +/- 13.09   alpha=0.0208
[ 620000/1000000]  ep= 620  reward(last50)= 953.41  alpha=0.0208
[ 630000/1000000]  ep= 630  reward(last50)= 953.11  alpha=0.0198
[ 640000/1000000]  eval(5)= 959.21 +/- 12.16   alpha=0.0207
[ 640000/1000000]  ep= 640  reward(last50)= 953.75  alpha=0.0207
[ 650000/1000000]  ep= 650  reward(last50)= 951.63  alpha=0.0191
[ 660000/1000000]  eval(5)= 959.11 +/- 14.51   alpha=0.0196
[ 660000/1000000]  ep= 660  reward(last50)= 951.74  alpha=0.0196
[ 670000/1000000]  ep= 670  reward(last50)= 952.83  alpha=0.0200
[ 680000/1000000]  eval(5)= 966.75 +/- 9.73    alpha=0.0198
[ 680000/1000000]  ep= 680  reward(last50)= 951.86  alpha=0.0198
[ 690000/1000000]  ep= 690  reward(last50)= 951.78  alpha=0.0191
[ 700000/1000000]  eval(5)= 960.62 +/- 10.63   alpha=0.0193
[ 700000/1000000]  ep= 700  reward(last50)= 953.01  alpha=0.0193
[ 710000/1000000]  ep= 710  reward(last50)= 955.31  alpha=0.0191
[ 720000/1000000]  eval(5)= 956.41 +/- 4.34    alpha=0.0183
[ 720000/1000000]  ep= 720  reward(last50)= 953.54  alpha=0.0183
[ 730000/1000000]  ep= 730  reward(last50)= 953.05  alpha=0.0186
[ 740000/1000000]  eval(5)= 961.45 +/- 8.83    alpha=0.0193
[ 740000/1000000]  ep= 740  reward(last50)= 951.92  alpha=0.0193
[ 750000/1000000]  ep= 750  reward(last50)= 952.59  alpha=0.0193
[ 760000/1000000]  eval(5)= 962.29 +/- 10.34   alpha=0.0185
[ 760000/1000000]  ep= 760  reward(last50)= 951.54  alpha=0.0185
[ 770000/1000000]  ep= 770  reward(last50)= 947.40  alpha=0.0181
[ 780000/1000000]  eval(5)= 976.78 +/- 5.45    alpha=0.0188
[ 780000/1000000]  ep= 780  reward(last50)= 949.56  alpha=0.0188
[ 790000/1000000]  ep= 790  reward(last50)= 950.43  alpha=0.0189
[ 800000/1000000]  eval(5)= 957.78 +/- 17.01   alpha=0.0185
[ 800000/1000000]  ep= 800  reward(last50)= 950.55  alpha=0.0185
[ 810000/1000000]  ep= 810  reward(last50)= 952.07  alpha=0.0179
[ 820000/1000000]  eval(5)= 954.19 +/- 9.67    alpha=0.0192
[ 820000/1000000]  ep= 820  reward(last50)= 956.00  alpha=0.0192
[ 830000/1000000]  ep= 830  reward(last50)= 955.75  alpha=0.0189
[ 840000/1000000]  eval(5)= 958.14 +/- 14.69   alpha=0.0183
[ 840000/1000000]  ep= 840  reward(last50)= 956.48  alpha=0.0183
[ 850000/1000000]  ep= 850  reward(last50)= 954.82  alpha=0.0186
[ 860000/1000000]  eval(5)= 952.91 +/- 13.96   alpha=0.0186
[ 860000/1000000]  ep= 860  reward(last50)= 953.52  alpha=0.0186
[ 870000/1000000]  ep= 870  reward(last50)= 953.72  alpha=0.0171
[ 880000/1000000]  eval(5)= 954.76 +/- 10.24   alpha=0.0180
[ 880000/1000000]  ep= 880  reward(last50)= 954.48  alpha=0.0180
[ 890000/1000000]  ep= 890  reward(last50)= 953.24  alpha=0.0182
[ 900000/1000000]  eval(5)= 951.19 +/- 12.84   alpha=0.0179
[ 900000/1000000]  ep= 900  reward(last50)= 953.89  alpha=0.0179
[ 910000/1000000]  ep= 910  reward(last50)= 953.36  alpha=0.0173
[ 920000/1000000]  eval(5)= 961.11 +/- 5.49    alpha=0.0172
[ 920000/1000000]  ep= 920  reward(last50)= 953.94  alpha=0.0172
[ 930000/1000000]  ep= 930  reward(last50)= 953.77  alpha=0.0182
[ 940000/1000000]  eval(5)= 954.73 +/- 4.64    alpha=0.0175
[ 940000/1000000]  ep= 940  reward(last50)= 955.93  alpha=0.0175
[ 950000/1000000]  ep= 950  reward(last50)= 956.91  alpha=0.0180
[ 960000/1000000]  eval(5)= 957.89 +/- 5.85    alpha=0.0170
[ 960000/1000000]  ep= 960  reward(last50)= 959.16  alpha=0.0170
[ 970000/1000000]  ep= 970  reward(last50)= 959.64  alpha=0.0167
[ 980000/1000000]  eval(5)= 961.29 +/- 6.59    alpha=0.0174
[ 980000/1000000]  ep= 980  reward(last50)= 958.40  alpha=0.0174
[ 990000/1000000]  ep= 990  reward(last50)= 957.98  alpha=0.0181
[1000000/1000000]  eval(5)= 949.82 +/- 9.10    alpha=0.0165
[1000000/1000000]  ep=1000  reward(last50)= 958.37  alpha=0.0165
Saved SAC checkpoint to checkpoints/dmcs/walker-walk/sample_efficiency/sac_seed42.pt

Evaluating (deterministic)...
Eval(10): mean=955.48  std=17.39
