/home/bruinml/anaconda3/envs/highway/lib/python3.11/site-packages/glfw/__init__.py:917: GLFWError: (65550) b'X11: The DISPLAY environment variable is missing'
  warnings.warn(message, GLFWError)
/home/bruinml/anaconda3/envs/highway/lib/python3.11/site-packages/pygame/pkgdata.py:25: UserWarning: pkg_resources is deprecated as an API. See https://setuptools.pypa.io/en/latest/pkg_resources.html. The pkg_resources package is slated for removal as early as 2025-11-30. Refrain from using this package or pin to Setuptools<81.
  from pkg_resources import resource_stream, resource_exists
/home/bruinml/anaconda3/envs/highway/lib/python3.11/site-packages/torch/cuda/__init__.py:180: UserWarning: CUDA initialization: The NVIDIA driver on your system is too old (found version 12080). Please update your GPU driver by downloading and installing a new version from the URL: http://www.nvidia.com/Download/index.aspx Alternatively, go to: https://pytorch.org to install a PyTorch version that has been compiled with your version of the CUDA driver. (Triggered internally at /pytorch/c10/cuda/CUDAFunctions.cpp:119.)
  return torch._C._cuda_getDeviceCount() > 0
SAC on dm_control/walker-walk  seed=43  steps=1000000
[  10000/1000000]  ep=  10  reward(last50)=  33.51  alpha=0.1000
[  20000/1000000]  eval(5)= 103.75 +/- 38.72   alpha=0.0291
[  20000/1000000]  ep=  20  reward(last50)=  37.22  alpha=0.0291
[  30000/1000000]  ep=  30  reward(last50)=  50.64  alpha=0.0105
[  40000/1000000]  eval(5)= 168.07 +/- 45.85   alpha=0.0045
[  40000/1000000]  ep=  40  reward(last50)=  55.43  alpha=0.0045
[  50000/1000000]  ep=  50  reward(last50)=  77.51  alpha=0.0036
[  60000/1000000]  eval(5)= 157.54 +/- 108.11  alpha=0.0041
[  60000/1000000]  ep=  60  reward(last50)= 117.37  alpha=0.0041
[  70000/1000000]  ep=  70  reward(last50)= 177.49  alpha=0.0058
[  80000/1000000]  eval(5)= 269.38 +/- 171.90  alpha=0.0059
[  80000/1000000]  ep=  80  reward(last50)= 202.82  alpha=0.0059
[  90000/1000000]  ep=  90  reward(last50)= 265.58  alpha=0.0072
[ 100000/1000000]  eval(5)= 442.48 +/- 89.16   alpha=0.0079
[ 100000/1000000]  ep= 100  reward(last50)= 300.59  alpha=0.0079
[ 110000/1000000]  ep= 110  reward(last50)= 321.61  alpha=0.0092
[ 120000/1000000]  eval(5)= 543.03 +/- 27.30   alpha=0.0103
[ 120000/1000000]  ep= 120  reward(last50)= 359.75  alpha=0.0103
[ 130000/1000000]  ep= 130  reward(last50)= 430.43  alpha=0.0109
[ 140000/1000000]  eval(5)= 618.94 +/- 18.02   alpha=0.0115
[ 140000/1000000]  ep= 140  reward(last50)= 466.55  alpha=0.0115
[ 150000/1000000]  ep= 150  reward(last50)= 514.54  alpha=0.0114
[ 160000/1000000]  eval(5)= 548.59 +/- 61.63   alpha=0.0120
[ 160000/1000000]  ep= 160  reward(last50)= 552.77  alpha=0.0120
[ 170000/1000000]  ep= 170  reward(last50)= 567.39  alpha=0.0120
[ 180000/1000000]  eval(5)= 629.21 +/- 18.38   alpha=0.0125
[ 180000/1000000]  ep= 180  reward(last50)= 578.37  alpha=0.0125
[ 190000/1000000]  ep= 190  reward(last50)= 587.88  alpha=0.0128
[ 200000/1000000]  eval(5)= 662.69 +/- 18.98   alpha=0.0129
[ 200000/1000000]  ep= 200  reward(last50)= 584.08  alpha=0.0129
[ 210000/1000000]  ep= 210  reward(last50)= 604.89  alpha=0.0132
[ 220000/1000000]  eval(5)= 671.65 +/- 12.57   alpha=0.0136
[ 220000/1000000]  ep= 220  reward(last50)= 615.32  alpha=0.0136
[ 230000/1000000]  ep= 230  reward(last50)= 605.60  alpha=0.0138
[ 240000/1000000]  eval(5)= 687.07 +/- 17.69   alpha=0.0138
[ 240000/1000000]  ep= 240  reward(last50)= 612.00  alpha=0.0138
[ 250000/1000000]  ep= 250  reward(last50)= 629.09  alpha=0.0144
[ 260000/1000000]  eval(5)= 673.95 +/- 11.37   alpha=0.0147
[ 260000/1000000]  ep= 260  reward(last50)= 635.65  alpha=0.0147
[ 270000/1000000]  ep= 270  reward(last50)= 629.65  alpha=0.0150
[ 280000/1000000]  eval(5)= 653.12 +/- 10.53   alpha=0.0152
[ 280000/1000000]  ep= 280  reward(last50)= 645.26  alpha=0.0152
[ 290000/1000000]  ep= 290  reward(last50)= 647.68  alpha=0.0150
[ 300000/1000000]  eval(5)= 721.49 +/- 15.53   alpha=0.0153
[ 300000/1000000]  ep= 300  reward(last50)= 656.24  alpha=0.0153
[ 310000/1000000]  ep= 310  reward(last50)= 661.66  alpha=0.0153
[ 320000/1000000]  eval(5)= 708.07 +/- 24.23   alpha=0.0153
[ 320000/1000000]  ep= 320  reward(last50)= 675.41  alpha=0.0153
[ 330000/1000000]  ep= 330  reward(last50)= 685.04  alpha=0.0155
[ 340000/1000000]  eval(5)= 744.05 +/- 6.90    alpha=0.0151
[ 340000/1000000]  ep= 340  reward(last50)= 698.49  alpha=0.0151
[ 350000/1000000]  ep= 350  reward(last50)= 702.39  alpha=0.0159
[ 360000/1000000]  eval(5)= 693.67 +/- 89.50   alpha=0.0157
[ 360000/1000000]  ep= 360  reward(last50)= 710.22  alpha=0.0157
[ 370000/1000000]  ep= 370  reward(last50)= 718.96  alpha=0.0157
[ 380000/1000000]  eval(5)= 782.21 +/- 18.07   alpha=0.0160
[ 380000/1000000]  ep= 380  reward(last50)= 728.91  alpha=0.0160
[ 390000/1000000]  ep= 390  reward(last50)= 730.73  alpha=0.0163
[ 400000/1000000]  eval(5)= 764.49 +/- 13.93   alpha=0.0165
[ 400000/1000000]  ep= 400  reward(last50)= 750.80  alpha=0.0165
[ 410000/1000000]  ep= 410  reward(last50)= 755.23  alpha=0.0171
[ 420000/1000000]  eval(5)= 606.43 +/- 217.26  alpha=0.0176
[ 420000/1000000]  ep= 420  reward(last50)= 766.82  alpha=0.0176
[ 430000/1000000]  ep= 430  reward(last50)= 787.79  alpha=0.0180
[ 440000/1000000]  eval(5)= 885.33 +/- 31.08   alpha=0.0183
[ 440000/1000000]  ep= 440  reward(last50)= 818.41  alpha=0.0183
[ 450000/1000000]  ep= 450  reward(last50)= 839.27  alpha=0.0188
[ 460000/1000000]  eval(5)= 937.80 +/- 14.75   alpha=0.0193
[ 460000/1000000]  ep= 460  reward(last50)= 852.93  alpha=0.0193
[ 470000/1000000]  ep= 470  reward(last50)= 877.25  alpha=0.0196
[ 480000/1000000]  eval(5)= 950.13 +/- 2.63    alpha=0.0205
[ 480000/1000000]  ep= 480  reward(last50)= 888.54  alpha=0.0205
[ 490000/1000000]  ep= 490  reward(last50)= 898.91  alpha=0.0211
[ 500000/1000000]  eval(5)= 946.30 +/- 4.42    alpha=0.0212
[ 500000/1000000]  ep= 500  reward(last50)= 902.73  alpha=0.0212
[ 510000/1000000]  ep= 510  reward(last50)= 925.66  alpha=0.0214
[ 520000/1000000]  eval(5)= 758.18 +/- 332.40  alpha=0.0210
[ 520000/1000000]  ep= 520  reward(last50)= 929.61  alpha=0.0210
[ 530000/1000000]  ep= 530  reward(last50)= 936.63  alpha=0.0213
[ 540000/1000000]  eval(5)= 947.87 +/- 9.92    alpha=0.0209
[ 540000/1000000]  ep= 540  reward(last50)= 933.69  alpha=0.0209
[ 550000/1000000]  ep= 550  reward(last50)= 933.10  alpha=0.0213
[ 560000/1000000]  eval(5)= 941.32 +/- 4.16    alpha=0.0209
[ 560000/1000000]  ep= 560  reward(last50)= 931.66  alpha=0.0209
[ 570000/1000000]  ep= 570  reward(last50)= 930.32  alpha=0.0209
[ 580000/1000000]  eval(5)= 910.45 +/- 13.04   alpha=0.0221
[ 580000/1000000]  ep= 580  reward(last50)= 929.50  alpha=0.0221
[ 590000/1000000]  ep= 590  reward(last50)= 932.60  alpha=0.0210
[ 600000/1000000]  eval(5)= 922.71 +/- 20.00   alpha=0.0209
[ 600000/1000000]  ep= 600  reward(last50)= 932.58  alpha=0.0209
[ 610000/1000000]  ep= 610  reward(last50)= 935.37  alpha=0.0208
[ 620000/1000000]  eval(5)= 912.36 +/- 13.76   alpha=0.0214
[ 620000/1000000]  ep= 620  reward(last50)= 935.24  alpha=0.0214
[ 630000/1000000]  ep= 630  reward(last50)= 934.94  alpha=0.0216
[ 640000/1000000]  eval(5)= 935.27 +/- 10.99   alpha=0.0210
[ 640000/1000000]  ep= 640  reward(last50)= 934.95  alpha=0.0210
[ 650000/1000000]  ep= 650  reward(last50)= 935.30  alpha=0.0210
[ 660000/1000000]  eval(5)= 921.82 +/- 12.48   alpha=0.0204
[ 660000/1000000]  ep= 660  reward(last50)= 934.15  alpha=0.0204
[ 670000/1000000]  ep= 670  reward(last50)= 935.49  alpha=0.0205
[ 680000/1000000]  eval(5)= 928.78 +/- 35.10   alpha=0.0210
[ 680000/1000000]  ep= 680  reward(last50)= 936.03  alpha=0.0210
[ 690000/1000000]  ep= 690  reward(last50)= 933.36  alpha=0.0208
[ 700000/1000000]  eval(5)= 936.04 +/- 6.87    alpha=0.0204
[ 700000/1000000]  ep= 700  reward(last50)= 932.89  alpha=0.0204
[ 710000/1000000]  ep= 710  reward(last50)= 930.46  alpha=0.0208
[ 720000/1000000]  eval(5)= 946.72 +/- 8.57    alpha=0.0215
[ 720000/1000000]  ep= 720  reward(last50)= 930.47  alpha=0.0215
[ 730000/1000000]  ep= 730  reward(last50)= 930.17  alpha=0.0201
[ 740000/1000000]  eval(5)= 959.25 +/- 9.88    alpha=0.0208
[ 740000/1000000]  ep= 740  reward(last50)= 934.32  alpha=0.0208
[ 750000/1000000]  ep= 750  reward(last50)= 935.85  alpha=0.0207
[ 760000/1000000]  eval(5)= 948.22 +/- 2.18    alpha=0.0198
[ 760000/1000000]  ep= 760  reward(last50)= 938.25  alpha=0.0198
[ 770000/1000000]  ep= 770  reward(last50)= 936.60  alpha=0.0199
[ 780000/1000000]  eval(5)= 948.50 +/- 8.49    alpha=0.0201
[ 780000/1000000]  ep= 780  reward(last50)= 938.08  alpha=0.0201
[ 790000/1000000]  ep= 790  reward(last50)= 937.80  alpha=0.0201
[ 800000/1000000]  eval(5)= 940.29 +/- 12.37   alpha=0.0190
[ 800000/1000000]  ep= 800  reward(last50)= 939.97  alpha=0.0190
[ 810000/1000000]  ep= 810  reward(last50)= 939.97  alpha=0.0191
[ 820000/1000000]  eval(5)= 951.55 +/- 9.94    alpha=0.0203
[ 820000/1000000]  ep= 820  reward(last50)= 943.06  alpha=0.0203
[ 830000/1000000]  ep= 830  reward(last50)= 940.87  alpha=0.0200
[ 840000/1000000]  eval(5)= 954.94 +/- 4.60    alpha=0.0199
[ 840000/1000000]  ep= 840  reward(last50)= 941.68  alpha=0.0199
[ 850000/1000000]  ep= 850  reward(last50)= 943.76  alpha=0.0194
[ 860000/1000000]  eval(5)= 935.31 +/- 16.19   alpha=0.0195
[ 860000/1000000]  ep= 860  reward(last50)= 945.71  alpha=0.0195
[ 870000/1000000]  ep= 870  reward(last50)= 945.99  alpha=0.0194
[ 880000/1000000]  eval(5)= 944.11 +/- 5.36    alpha=0.0196
[ 880000/1000000]  ep= 880  reward(last50)= 949.65  alpha=0.0196
[ 890000/1000000]  ep= 890  reward(last50)= 946.94  alpha=0.0196
[ 900000/1000000]  eval(5)= 937.76 +/- 23.82   alpha=0.0191
[ 900000/1000000]  ep= 900  reward(last50)= 944.36  alpha=0.0191
[ 910000/1000000]  ep= 910  reward(last50)= 944.08  alpha=0.0186
[ 920000/1000000]  eval(5)= 949.70 +/- 21.42   alpha=0.0196
[ 920000/1000000]  ep= 920  reward(last50)= 945.23  alpha=0.0196
[ 930000/1000000]  ep= 930  reward(last50)= 946.37  alpha=0.0186
[ 940000/1000000]  eval(5)= 948.23 +/- 12.22   alpha=0.0183
[ 940000/1000000]  ep= 940  reward(last50)= 948.62  alpha=0.0183
[ 950000/1000000]  ep= 950  reward(last50)= 948.63  alpha=0.0183
[ 960000/1000000]  eval(5)= 936.05 +/- 29.47   alpha=0.0182
[ 960000/1000000]  ep= 960  reward(last50)= 948.48  alpha=0.0182
[ 970000/1000000]  ep= 970  reward(last50)= 947.04  alpha=0.0197
[ 980000/1000000]  eval(5)= 937.58 +/- 22.22   alpha=0.0185
[ 980000/1000000]  ep= 980  reward(last50)= 944.78  alpha=0.0185
[ 990000/1000000]  ep= 990  reward(last50)= 945.09  alpha=0.0194
[1000000/1000000]  eval(5)= 963.23 +/- 6.67    alpha=0.0184
[1000000/1000000]  ep=1000  reward(last50)= 944.96  alpha=0.0184
Saved SAC checkpoint to checkpoints/dmcs/walker-walk/sample_efficiency/sac_seed43.pt

Evaluating (deterministic)...
Eval(10): mean=955.46  std=18.56
