/home/bruinml/anaconda3/envs/highway/lib/python3.11/site-packages/glfw/__init__.py:917: GLFWError: (65550) b'X11: The DISPLAY environment variable is missing'
  warnings.warn(message, GLFWError)
/home/bruinml/anaconda3/envs/highway/lib/python3.11/site-packages/pygame/pkgdata.py:25: UserWarning: pkg_resources is deprecated as an API. See https://setuptools.pypa.io/en/latest/pkg_resources.html. The pkg_resources package is slated for removal as early as 2025-11-30. Refrain from using this package or pin to Setuptools<81.
  from pkg_resources import resource_stream, resource_exists
/home/bruinml/anaconda3/envs/highway/lib/python3.11/site-packages/torch/cuda/__init__.py:180: UserWarning: CUDA initialization: The NVIDIA driver on your system is too old (found version 12080). Please update your GPU driver by downloading and installing a new version from the URL: http://www.nvidia.com/Download/index.aspx Alternatively, go to: https://pytorch.org to install a PyTorch version that has been compiled with your version of the CUDA driver. (Triggered internally at /pytorch/c10/cuda/CUDAFunctions.cpp:119.)
  return torch._C._cuda_getDeviceCount() > 0
SAC on dm_control/walker-walk  seed=44  steps=1000000
[  10000/1000000]  ep=  10  reward(last50)=  34.14  alpha=0.1000
[  20000/1000000]  eval(5)=  59.38 +/- 18.42   alpha=0.0288
[  20000/1000000]  ep=  20  reward(last50)=  38.42  alpha=0.0288
[  30000/1000000]  ep=  30  reward(last50)=  43.89  alpha=0.0108
[  40000/1000000]  eval(5)= 128.49 +/- 41.15   alpha=0.0045
[  40000/1000000]  ep=  40  reward(last50)=  54.23  alpha=0.0045
[  50000/1000000]  ep=  50  reward(last50)=  77.33  alpha=0.0048
[  60000/1000000]  eval(5)=  89.90 +/- 87.08   alpha=0.0047
[  60000/1000000]  ep=  60  reward(last50)=  92.37  alpha=0.0047
[  70000/1000000]  ep=  70  reward(last50)= 116.18  alpha=0.0054
[  80000/1000000]  eval(5)= 452.28 +/- 26.92   alpha=0.0061
[  80000/1000000]  ep=  80  reward(last50)= 170.53  alpha=0.0061
[  90000/1000000]  ep=  90  reward(last50)= 240.19  alpha=0.0095
[ 100000/1000000]  eval(5)= 480.77 +/- 233.87  alpha=0.0092
[ 100000/1000000]  ep= 100  reward(last50)= 299.35  alpha=0.0092
[ 110000/1000000]  ep= 110  reward(last50)= 381.74  alpha=0.0092
[ 120000/1000000]  eval(5)= 664.42 +/- 16.93   alpha=0.0119
[ 120000/1000000]  ep= 120  reward(last50)= 468.86  alpha=0.0119
[ 130000/1000000]  ep= 130  reward(last50)= 519.24  alpha=0.0120
[ 140000/1000000]  eval(5)= 830.29 +/- 45.20   alpha=0.0132
[ 140000/1000000]  ep= 140  reward(last50)= 589.82  alpha=0.0132
[ 150000/1000000]  ep= 150  reward(last50)= 678.35  alpha=0.0159
[ 160000/1000000]  eval(5)= 940.21 +/- 20.17   alpha=0.0183
[ 160000/1000000]  ep= 160  reward(last50)= 753.82  alpha=0.0183
[ 170000/1000000]  ep= 170  reward(last50)= 812.03  alpha=0.0198
[ 180000/1000000]  eval(5)= 917.74 +/- 29.45   alpha=0.0206
[ 180000/1000000]  ep= 180  reward(last50)= 878.37  alpha=0.0206
[ 190000/1000000]  ep= 190  reward(last50)= 889.10  alpha=0.0214
[ 200000/1000000]  eval(5)= 928.55 +/- 11.53   alpha=0.0208
[ 200000/1000000]  ep= 200  reward(last50)= 892.26  alpha=0.0208
[ 210000/1000000]  ep= 210  reward(last50)= 898.57  alpha=0.0214
[ 220000/1000000]  eval(5)= 927.13 +/- 34.23   alpha=0.0213
[ 220000/1000000]  ep= 220  reward(last50)= 906.96  alpha=0.0213
[ 230000/1000000]  ep= 230  reward(last50)= 895.01  alpha=0.0216
[ 240000/1000000]  eval(5)= 928.67 +/- 24.71   alpha=0.0218
[ 240000/1000000]  ep= 240  reward(last50)= 913.68  alpha=0.0218
[ 250000/1000000]  ep= 250  reward(last50)= 914.72  alpha=0.0218
[ 260000/1000000]  eval(5)= 892.64 +/- 40.45   alpha=0.0214
[ 260000/1000000]  ep= 260  reward(last50)= 913.05  alpha=0.0214
[ 270000/1000000]  ep= 270  reward(last50)= 911.01  alpha=0.0212
[ 280000/1000000]  eval(5)= 921.28 +/- 17.52   alpha=0.0206
[ 280000/1000000]  ep= 280  reward(last50)= 927.45  alpha=0.0206
[ 290000/1000000]  ep= 290  reward(last50)= 925.13  alpha=0.0204
[ 300000/1000000]  eval(5)= 941.95 +/- 19.59   alpha=0.0206
[ 300000/1000000]  ep= 300  reward(last50)= 925.62  alpha=0.0206
[ 310000/1000000]  ep= 310  reward(last50)= 927.27  alpha=0.0193
[ 320000/1000000]  eval(5)= 948.79 +/- 17.33   alpha=0.0196
[ 320000/1000000]  ep= 320  reward(last50)= 926.61  alpha=0.0196
[ 330000/1000000]  ep= 330  reward(last50)= 929.28  alpha=0.0197
[ 340000/1000000]  eval(5)= 830.91 +/- 85.34   alpha=0.0200
[ 340000/1000000]  ep= 340  reward(last50)= 933.21  alpha=0.0200
[ 350000/1000000]  ep= 350  reward(last50)= 935.36  alpha=0.0189
[ 360000/1000000]  eval(5)= 961.70 +/- 2.09    alpha=0.0189
[ 360000/1000000]  ep= 360  reward(last50)= 936.95  alpha=0.0189
[ 370000/1000000]  ep= 370  reward(last50)= 940.26  alpha=0.0186
[ 380000/1000000]  eval(5)= 938.84 +/- 6.97    alpha=0.0186
[ 380000/1000000]  ep= 380  reward(last50)= 937.23  alpha=0.0186
[ 390000/1000000]  ep= 390  reward(last50)= 938.99  alpha=0.0196
[ 400000/1000000]  eval(5)= 751.79 +/- 354.10  alpha=0.0176
[ 400000/1000000]  ep= 400  reward(last50)= 938.28  alpha=0.0176
[ 410000/1000000]  ep= 410  reward(last50)= 939.15  alpha=0.0184
[ 420000/1000000]  eval(5)= 944.16 +/- 20.45   alpha=0.0179
[ 420000/1000000]  ep= 420  reward(last50)= 941.46  alpha=0.0179
[ 430000/1000000]  ep= 430  reward(last50)= 944.55  alpha=0.0190
[ 440000/1000000]  eval(5)= 934.26 +/- 28.83   alpha=0.0191
[ 440000/1000000]  ep= 440  reward(last50)= 944.10  alpha=0.0191
[ 450000/1000000]  ep= 450  reward(last50)= 945.74  alpha=0.0176
[ 460000/1000000]  eval(5)= 936.64 +/- 12.76   alpha=0.0179
[ 460000/1000000]  ep= 460  reward(last50)= 947.31  alpha=0.0179
[ 470000/1000000]  ep= 470  reward(last50)= 945.81  alpha=0.0174
[ 480000/1000000]  eval(5)= 936.35 +/- 24.81   alpha=0.0178
[ 480000/1000000]  ep= 480  reward(last50)= 943.80  alpha=0.0178
[ 490000/1000000]  ep= 490  reward(last50)= 944.27  alpha=0.0166
[ 500000/1000000]  eval(5)= 937.81 +/- 6.86    alpha=0.0176
[ 500000/1000000]  ep= 500  reward(last50)= 941.98  alpha=0.0176
[ 510000/1000000]  ep= 510  reward(last50)= 941.46  alpha=0.0168
[ 520000/1000000]  eval(5)= 930.69 +/- 14.67   alpha=0.0164
[ 520000/1000000]  ep= 520  reward(last50)= 943.24  alpha=0.0164
[ 530000/1000000]  ep= 530  reward(last50)= 943.03  alpha=0.0159
[ 540000/1000000]  eval(5)= 951.97 +/- 6.81    alpha=0.0163
[ 540000/1000000]  ep= 540  reward(last50)= 940.81  alpha=0.0163
[ 550000/1000000]  ep= 550  reward(last50)= 941.30  alpha=0.0173
[ 560000/1000000]  eval(5)= 955.85 +/- 9.50    alpha=0.0167
[ 560000/1000000]  ep= 560  reward(last50)= 942.82  alpha=0.0167
[ 570000/1000000]  ep= 570  reward(last50)= 943.14  alpha=0.0167
[ 580000/1000000]  eval(5)= 933.81 +/- 43.21   alpha=0.0174
[ 580000/1000000]  ep= 580  reward(last50)= 944.44  alpha=0.0174
[ 590000/1000000]  ep= 590  reward(last50)= 945.39  alpha=0.0161
[ 600000/1000000]  eval(5)= 938.60 +/- 13.04   alpha=0.0165
[ 600000/1000000]  ep= 600  reward(last50)= 944.74  alpha=0.0165
[ 610000/1000000]  ep= 610  reward(last50)= 941.03  alpha=0.0151
[ 620000/1000000]  eval(5)= 953.67 +/- 26.17   alpha=0.0155
[ 620000/1000000]  ep= 620  reward(last50)= 940.34  alpha=0.0155
[ 630000/1000000]  ep= 630  reward(last50)= 939.96  alpha=0.0166
[ 640000/1000000]  eval(5)= 960.55 +/- 15.11   alpha=0.0169
[ 640000/1000000]  ep= 640  reward(last50)= 937.85  alpha=0.0169
[ 650000/1000000]  ep= 650  reward(last50)= 939.19  alpha=0.0167
[ 660000/1000000]  eval(5)= 940.00 +/- 2.76    alpha=0.0160
[ 660000/1000000]  ep= 660  reward(last50)= 938.06  alpha=0.0160
[ 670000/1000000]  ep= 670  reward(last50)= 937.58  alpha=0.0155
[ 680000/1000000]  eval(5)= 952.11 +/- 10.57   alpha=0.0150
[ 680000/1000000]  ep= 680  reward(last50)= 938.51  alpha=0.0150
[ 690000/1000000]  ep= 690  reward(last50)= 940.41  alpha=0.0159
[ 700000/1000000]  eval(5)= 961.68 +/- 12.73   alpha=0.0160
[ 700000/1000000]  ep= 700  reward(last50)= 941.93  alpha=0.0160
[ 710000/1000000]  ep= 710  reward(last50)= 942.92  alpha=0.0158
[ 720000/1000000]  eval(5)= 965.07 +/- 11.57   alpha=0.0158
[ 720000/1000000]  ep= 720  reward(last50)= 943.78  alpha=0.0158
[ 730000/1000000]  ep= 730  reward(last50)= 946.09  alpha=0.0157
[ 740000/1000000]  eval(5)= 958.59 +/- 14.37   alpha=0.0146
[ 740000/1000000]  ep= 740  reward(last50)= 946.39  alpha=0.0146
[ 750000/1000000]  ep= 750  reward(last50)= 944.37  alpha=0.0157
[ 760000/1000000]  eval(5)= 935.06 +/- 19.26   alpha=0.0151
[ 760000/1000000]  ep= 760  reward(last50)= 945.34  alpha=0.0151
[ 770000/1000000]  ep= 770  reward(last50)= 945.26  alpha=0.0151
[ 780000/1000000]  eval(5)= 951.73 +/- 13.02   alpha=0.0151
[ 780000/1000000]  ep= 780  reward(last50)= 944.11  alpha=0.0151
[ 790000/1000000]  ep= 790  reward(last50)= 944.87  alpha=0.0149
[ 800000/1000000]  eval(5)= 942.24 +/- 8.82    alpha=0.0150
[ 800000/1000000]  ep= 800  reward(last50)= 945.49  alpha=0.0150
[ 810000/1000000]  ep= 810  reward(last50)= 943.68  alpha=0.0138
[ 820000/1000000]  eval(5)= 959.64 +/- 3.78    alpha=0.0153
[ 820000/1000000]  ep= 820  reward(last50)= 942.31  alpha=0.0153
[ 830000/1000000]  ep= 830  reward(last50)= 941.90  alpha=0.0152
[ 840000/1000000]  eval(5)= 962.94 +/- 5.65    alpha=0.0145
[ 840000/1000000]  ep= 840  reward(last50)= 940.59  alpha=0.0145
[ 850000/1000000]  ep= 850  reward(last50)= 943.17  alpha=0.0149
[ 860000/1000000]  eval(5)= 947.20 +/- 11.58   alpha=0.0149
[ 860000/1000000]  ep= 860  reward(last50)= 948.21  alpha=0.0149
[ 870000/1000000]  ep= 870  reward(last50)= 951.65  alpha=0.0144
[ 880000/1000000]  eval(5)= 954.39 +/- 9.16    alpha=0.0142
[ 880000/1000000]  ep= 880  reward(last50)= 953.06  alpha=0.0142
[ 890000/1000000]  ep= 890  reward(last50)= 955.81  alpha=0.0141
[ 900000/1000000]  eval(5)= 952.65 +/- 9.85    alpha=0.0144
[ 900000/1000000]  ep= 900  reward(last50)= 955.97  alpha=0.0144
[ 910000/1000000]  ep= 910  reward(last50)= 954.02  alpha=0.0134
[ 920000/1000000]  eval(5)= 951.13 +/- 8.16    alpha=0.0138
[ 920000/1000000]  ep= 920  reward(last50)= 951.65  alpha=0.0138
[ 930000/1000000]  ep= 930  reward(last50)= 953.06  alpha=0.0133
[ 940000/1000000]  eval(5)= 952.84 +/- 17.27   alpha=0.0140
[ 940000/1000000]  ep= 940  reward(last50)= 951.14  alpha=0.0140
[ 950000/1000000]  ep= 950  reward(last50)= 949.87  alpha=0.0132
[ 960000/1000000]  eval(5)= 952.31 +/- 4.12    alpha=0.0133
[ 960000/1000000]  ep= 960  reward(last50)= 950.16  alpha=0.0133
[ 970000/1000000]  ep= 970  reward(last50)= 948.82  alpha=0.0136
[ 980000/1000000]  eval(5)= 946.08 +/- 6.53    alpha=0.0138
[ 980000/1000000]  ep= 980  reward(last50)= 946.28  alpha=0.0138
[ 990000/1000000]  ep= 990  reward(last50)= 946.97  alpha=0.0136
[1000000/1000000]  eval(5)= 958.69 +/- 14.33   alpha=0.0133
[1000000/1000000]  ep=1000  reward(last50)= 947.09  alpha=0.0133
Saved SAC checkpoint to checkpoints/dmcs/walker-walk/sample_efficiency/sac_seed44.pt

Evaluating (deterministic)...
Eval(10): mean=945.64  std=22.95
