/home/bruinml/anaconda3/envs/highway/lib/python3.11/site-packages/glfw/__init__.py:917: GLFWError: (65550) b'X11: The DISPLAY environment variable is missing'
  warnings.warn(message, GLFWError)
/home/bruinml/anaconda3/envs/highway/lib/python3.11/site-packages/pygame/pkgdata.py:25: UserWarning: pkg_resources is deprecated as an API. See https://setuptools.pypa.io/en/latest/pkg_resources.html. The pkg_resources package is slated for removal as early as 2025-11-30. Refrain from using this package or pin to Setuptools<81.
  from pkg_resources import resource_stream, resource_exists
/home/bruinml/anaconda3/envs/highway/lib/python3.11/site-packages/torch/cuda/__init__.py:180: UserWarning: CUDA initialization: The NVIDIA driver on your system is too old (found version 12080). Please update your GPU driver by downloading and installing a new version from the URL: http://www.nvidia.com/Download/index.aspx Alternatively, go to: https://pytorch.org to install a PyTorch version that has been compiled with your version of the CUDA driver. (Triggered internally at /pytorch/c10/cuda/CUDAFunctions.cpp:119.)
  return torch._C._cuda_getDeviceCount() > 0
Uniform DQN on dm_control/walker-walk  da=6  n=32 (per axis -> 192 total cells)  seed=44  steps=1000000
[  10000/1000000]  ep=  10  reward(last50)=  31.99  n_per_axis=[32, 32, 32, 32, 32, 32]  total_splits=0
[  20000/1000000]  eval(5)=  67.66 +/- 38.63   n_per_axis=[32, 32, 32, 32, 32, 32]
[  20000/1000000]  ep=  20  reward(last50)=  43.98  n_per_axis=[32, 32, 32, 32, 32, 32]  total_splits=0
[  30000/1000000]  ep=  30  reward(last50)=  56.61  n_per_axis=[32, 32, 32, 32, 32, 32]  total_splits=0
[  40000/1000000]  eval(5)= 151.67 +/- 61.18   n_per_axis=[32, 32, 32, 32, 32, 32]
[  40000/1000000]  ep=  40  reward(last50)=  85.68  n_per_axis=[32, 32, 32, 32, 32, 32]  total_splits=0
[  50000/1000000]  ep=  50  reward(last50)= 115.50  n_per_axis=[32, 32, 32, 32, 32, 32]  total_splits=0
[  60000/1000000]  eval(5)= 369.24 +/- 58.32   n_per_axis=[32, 32, 32, 32, 32, 32]
[  60000/1000000]  ep=  60  reward(last50)= 180.60  n_per_axis=[32, 32, 32, 32, 32, 32]  total_splits=0
[  70000/1000000]  ep=  70  reward(last50)= 256.52  n_per_axis=[32, 32, 32, 32, 32, 32]  total_splits=0
[  80000/1000000]  eval(5)= 551.76 +/- 31.08   n_per_axis=[32, 32, 32, 32, 32, 32]
[  80000/1000000]  ep=  80  reward(last50)= 337.55  n_per_axis=[32, 32, 32, 32, 32, 32]  total_splits=0
[  90000/1000000]  ep=  90  reward(last50)= 422.19  n_per_axis=[32, 32, 32, 32, 32, 32]  total_splits=0
[ 100000/1000000]  eval(5)= 552.98 +/- 241.47  n_per_axis=[32, 32, 32, 32, 32, 32]
[ 100000/1000000]  ep= 100  reward(last50)= 504.27  n_per_axis=[32, 32, 32, 32, 32, 32]  total_splits=0
[ 110000/1000000]  ep= 110  reward(last50)= 560.98  n_per_axis=[32, 32, 32, 32, 32, 32]  total_splits=0
[ 120000/1000000]  eval(5)= 556.51 +/- 234.51  n_per_axis=[32, 32, 32, 32, 32, 32]
[ 120000/1000000]  ep= 120  reward(last50)= 601.50  n_per_axis=[32, 32, 32, 32, 32, 32]  total_splits=0
[ 130000/1000000]  ep= 130  reward(last50)= 635.39  n_per_axis=[32, 32, 32, 32, 32, 32]  total_splits=0
[ 140000/1000000]  eval(5)= 667.37 +/- 99.07   n_per_axis=[32, 32, 32, 32, 32, 32]
[ 140000/1000000]  ep= 140  reward(last50)= 651.85  n_per_axis=[32, 32, 32, 32, 32, 32]  total_splits=0
[ 150000/1000000]  ep= 150  reward(last50)= 660.77  n_per_axis=[32, 32, 32, 32, 32, 32]  total_splits=0
[ 160000/1000000]  eval(5)= 711.45 +/- 40.28   n_per_axis=[32, 32, 32, 32, 32, 32]
[ 160000/1000000]  ep= 160  reward(last50)= 677.83  n_per_axis=[32, 32, 32, 32, 32, 32]  total_splits=0
[ 170000/1000000]  ep= 170  reward(last50)= 692.87  n_per_axis=[32, 32, 32, 32, 32, 32]  total_splits=0
[ 180000/1000000]  eval(5)= 681.95 +/- 28.75   n_per_axis=[32, 32, 32, 32, 32, 32]
[ 180000/1000000]  ep= 180  reward(last50)= 695.23  n_per_axis=[32, 32, 32, 32, 32, 32]  total_splits=0
[ 190000/1000000]  ep= 190  reward(last50)= 703.23  n_per_axis=[32, 32, 32, 32, 32, 32]  total_splits=0
[ 200000/1000000]  eval(5)= 731.99 +/- 28.07   n_per_axis=[32, 32, 32, 32, 32, 32]
[ 200000/1000000]  ep= 200  reward(last50)= 708.05  n_per_axis=[32, 32, 32, 32, 32, 32]  total_splits=0
[ 210000/1000000]  ep= 210  reward(last50)= 708.99  n_per_axis=[32, 32, 32, 32, 32, 32]  total_splits=0
[ 220000/1000000]  eval(5)= 728.52 +/- 16.35   n_per_axis=[32, 32, 32, 32, 32, 32]
[ 220000/1000000]  ep= 220  reward(last50)= 711.72  n_per_axis=[32, 32, 32, 32, 32, 32]  total_splits=0
[ 230000/1000000]  ep= 230  reward(last50)= 728.68  n_per_axis=[32, 32, 32, 32, 32, 32]  total_splits=0
[ 240000/1000000]  eval(5)= 708.04 +/- 27.02   n_per_axis=[32, 32, 32, 32, 32, 32]
[ 240000/1000000]  ep= 240  reward(last50)= 730.61  n_per_axis=[32, 32, 32, 32, 32, 32]  total_splits=0
[ 250000/1000000]  ep= 250  reward(last50)= 737.83  n_per_axis=[32, 32, 32, 32, 32, 32]  total_splits=0
[ 260000/1000000]  eval(5)= 774.19 +/- 28.65   n_per_axis=[32, 32, 32, 32, 32, 32]
[ 260000/1000000]  ep= 260  reward(last50)= 734.97  n_per_axis=[32, 32, 32, 32, 32, 32]  total_splits=0
[ 270000/1000000]  ep= 270  reward(last50)= 735.66  n_per_axis=[32, 32, 32, 32, 32, 32]  total_splits=0
[ 280000/1000000]  eval(5)= 660.59 +/- 20.49   n_per_axis=[32, 32, 32, 32, 32, 32]
[ 280000/1000000]  ep= 280  reward(last50)= 736.41  n_per_axis=[32, 32, 32, 32, 32, 32]  total_splits=0
[ 290000/1000000]  ep= 290  reward(last50)= 742.19  n_per_axis=[32, 32, 32, 32, 32, 32]  total_splits=0
[ 300000/1000000]  eval(5)= 776.19 +/- 18.10   n_per_axis=[32, 32, 32, 32, 32, 32]
[ 300000/1000000]  ep= 300  reward(last50)= 743.15  n_per_axis=[32, 32, 32, 32, 32, 32]  total_splits=0
[ 310000/1000000]  ep= 310  reward(last50)= 752.62  n_per_axis=[32, 32, 32, 32, 32, 32]  total_splits=0
[ 320000/1000000]  eval(5)= 727.53 +/- 19.17   n_per_axis=[32, 32, 32, 32, 32, 32]
[ 320000/1000000]  ep= 320  reward(last50)= 749.18  n_per_axis=[32, 32, 32, 32, 32, 32]  total_splits=0
[ 330000/1000000]  ep= 330  reward(last50)= 748.96  n_per_axis=[32, 32, 32, 32, 32, 32]  total_splits=0
[ 340000/1000000]  eval(5)= 788.19 +/- 8.61    n_per_axis=[32, 32, 32, 32, 32, 32]
[ 340000/1000000]  ep= 340  reward(last50)= 749.80  n_per_axis=[32, 32, 32, 32, 32, 32]  total_splits=0
[ 350000/1000000]  ep= 350  reward(last50)= 753.89  n_per_axis=[32, 32, 32, 32, 32, 32]  total_splits=0
[ 360000/1000000]  eval(5)= 721.87 +/- 23.23   n_per_axis=[32, 32, 32, 32, 32, 32]
[ 360000/1000000]  ep= 360  reward(last50)= 755.58  n_per_axis=[32, 32, 32, 32, 32, 32]  total_splits=0
[ 370000/1000000]  ep= 370  reward(last50)= 768.92  n_per_axis=[32, 32, 32, 32, 32, 32]  total_splits=0
[ 380000/1000000]  eval(5)= 786.74 +/- 21.15   n_per_axis=[32, 32, 32, 32, 32, 32]
[ 380000/1000000]  ep= 380  reward(last50)= 772.70  n_per_axis=[32, 32, 32, 32, 32, 32]  total_splits=0
[ 390000/1000000]  ep= 390  reward(last50)= 771.49  n_per_axis=[32, 32, 32, 32, 32, 32]  total_splits=0
[ 400000/1000000]  eval(5)= 798.13 +/- 17.24   n_per_axis=[32, 32, 32, 32, 32, 32]
[ 400000/1000000]  ep= 400  reward(last50)= 774.07  n_per_axis=[32, 32, 32, 32, 32, 32]  total_splits=0
[ 410000/1000000]  ep= 410  reward(last50)= 775.21  n_per_axis=[32, 32, 32, 32, 32, 32]  total_splits=0
[ 420000/1000000]  eval(5)= 651.88 +/- 278.05  n_per_axis=[32, 32, 32, 32, 32, 32]
[ 420000/1000000]  ep= 420  reward(last50)= 772.85  n_per_axis=[32, 32, 32, 32, 32, 32]  total_splits=0
[ 430000/1000000]  ep= 430  reward(last50)= 771.88  n_per_axis=[32, 32, 32, 32, 32, 32]  total_splits=0
[ 440000/1000000]  eval(5)= 761.95 +/- 21.65   n_per_axis=[32, 32, 32, 32, 32, 32]
[ 440000/1000000]  ep= 440  reward(last50)= 771.21  n_per_axis=[32, 32, 32, 32, 32, 32]  total_splits=0
[ 450000/1000000]  ep= 450  reward(last50)= 770.60  n_per_axis=[32, 32, 32, 32, 32, 32]  total_splits=0
[ 460000/1000000]  eval(5)= 765.04 +/- 19.50   n_per_axis=[32, 32, 32, 32, 32, 32]
[ 460000/1000000]  ep= 460  reward(last50)= 769.67  n_per_axis=[32, 32, 32, 32, 32, 32]  total_splits=0
[ 470000/1000000]  ep= 470  reward(last50)= 772.27  n_per_axis=[32, 32, 32, 32, 32, 32]  total_splits=0
[ 480000/1000000]  eval(5)= 771.43 +/- 34.98   n_per_axis=[32, 32, 32, 32, 32, 32]
[ 480000/1000000]  ep= 480  reward(last50)= 773.91  n_per_axis=[32, 32, 32, 32, 32, 32]  total_splits=0
[ 490000/1000000]  ep= 490  reward(last50)= 781.89  n_per_axis=[32, 32, 32, 32, 32, 32]  total_splits=0
[ 500000/1000000]  eval(5)= 805.37 +/- 1.69    n_per_axis=[32, 32, 32, 32, 32, 32]
[ 500000/1000000]  ep= 500  reward(last50)= 780.70  n_per_axis=[32, 32, 32, 32, 32, 32]  total_splits=0
[ 510000/1000000]  ep= 510  reward(last50)= 781.86  n_per_axis=[32, 32, 32, 32, 32, 32]  total_splits=0
[ 520000/1000000]  eval(5)= 781.28 +/- 12.49   n_per_axis=[32, 32, 32, 32, 32, 32]
[ 520000/1000000]  ep= 520  reward(last50)= 783.47  n_per_axis=[32, 32, 32, 32, 32, 32]  total_splits=0
[ 530000/1000000]  ep= 530  reward(last50)= 783.98  n_per_axis=[32, 32, 32, 32, 32, 32]  total_splits=0
[ 540000/1000000]  eval(5)= 795.48 +/- 14.48   n_per_axis=[32, 32, 32, 32, 32, 32]
[ 540000/1000000]  ep= 540  reward(last50)= 783.83  n_per_axis=[32, 32, 32, 32, 32, 32]  total_splits=0
[ 550000/1000000]  ep= 550  reward(last50)= 783.01  n_per_axis=[32, 32, 32, 32, 32, 32]  total_splits=0
[ 560000/1000000]  eval(5)= 723.69 +/- 20.29   n_per_axis=[32, 32, 32, 32, 32, 32]
[ 560000/1000000]  ep= 560  reward(last50)= 783.11  n_per_axis=[32, 32, 32, 32, 32, 32]  total_splits=0
[ 570000/1000000]  ep= 570  reward(last50)= 784.72  n_per_axis=[32, 32, 32, 32, 32, 32]  total_splits=0
[ 580000/1000000]  eval(5)= 745.29 +/- 13.82   n_per_axis=[32, 32, 32, 32, 32, 32]
[ 580000/1000000]  ep= 580  reward(last50)= 785.92  n_per_axis=[32, 32, 32, 32, 32, 32]  total_splits=0
[ 590000/1000000]  ep= 590  reward(last50)= 784.35  n_per_axis=[32, 32, 32, 32, 32, 32]  total_splits=0
[ 600000/1000000]  eval(5)= 751.59 +/- 18.24   n_per_axis=[32, 32, 32, 32, 32, 32]
[ 600000/1000000]  ep= 600  reward(last50)= 785.36  n_per_axis=[32, 32, 32, 32, 32, 32]  total_splits=0
[ 610000/1000000]  ep= 610  reward(last50)= 788.40  n_per_axis=[32, 32, 32, 32, 32, 32]  total_splits=0
[ 620000/1000000]  eval(5)= 753.38 +/- 32.77   n_per_axis=[32, 32, 32, 32, 32, 32]
[ 620000/1000000]  ep= 620  reward(last50)= 783.08  n_per_axis=[32, 32, 32, 32, 32, 32]  total_splits=0
[ 630000/1000000]  ep= 630  reward(last50)= 780.22  n_per_axis=[32, 32, 32, 32, 32, 32]  total_splits=0
[ 640000/1000000]  eval(5)= 752.72 +/- 12.39   n_per_axis=[32, 32, 32, 32, 32, 32]
[ 640000/1000000]  ep= 640  reward(last50)= 776.43  n_per_axis=[32, 32, 32, 32, 32, 32]  total_splits=0
[ 650000/1000000]  ep= 650  reward(last50)= 774.00  n_per_axis=[32, 32, 32, 32, 32, 32]  total_splits=0
[ 660000/1000000]  eval(5)= 758.41 +/- 24.16   n_per_axis=[32, 32, 32, 32, 32, 32]
[ 660000/1000000]  ep= 660  reward(last50)= 770.14  n_per_axis=[32, 32, 32, 32, 32, 32]  total_splits=0
[ 670000/1000000]  ep= 670  reward(last50)= 774.85  n_per_axis=[32, 32, 32, 32, 32, 32]  total_splits=0
[ 680000/1000000]  eval(5)= 807.66 +/- 24.04   n_per_axis=[32, 32, 32, 32, 32, 32]
[ 680000/1000000]  ep= 680  reward(last50)= 775.55  n_per_axis=[32, 32, 32, 32, 32, 32]  total_splits=0
[ 690000/1000000]  ep= 690  reward(last50)= 781.67  n_per_axis=[32, 32, 32, 32, 32, 32]  total_splits=0
[ 700000/1000000]  eval(5)= 767.82 +/- 31.67   n_per_axis=[32, 32, 32, 32, 32, 32]
[ 700000/1000000]  ep= 700  reward(last50)= 785.75  n_per_axis=[32, 32, 32, 32, 32, 32]  total_splits=0
[ 710000/1000000]  ep= 710  reward(last50)= 785.65  n_per_axis=[32, 32, 32, 32, 32, 32]  total_splits=0
[ 720000/1000000]  eval(5)= 736.47 +/- 18.92   n_per_axis=[32, 32, 32, 32, 32, 32]
[ 720000/1000000]  ep= 720  reward(last50)= 785.63  n_per_axis=[32, 32, 32, 32, 32, 32]  total_splits=0
[ 730000/1000000]  ep= 730  reward(last50)= 787.27  n_per_axis=[32, 32, 32, 32, 32, 32]  total_splits=0
[ 740000/1000000]  eval(5)= 624.65 +/- 264.87  n_per_axis=[32, 32, 32, 32, 32, 32]
[ 740000/1000000]  ep= 740  reward(last50)= 783.70  n_per_axis=[32, 32, 32, 32, 32, 32]  total_splits=0
[ 750000/1000000]  ep= 750  reward(last50)= 780.62  n_per_axis=[32, 32, 32, 32, 32, 32]  total_splits=0
[ 760000/1000000]  eval(5)= 751.12 +/- 55.94   n_per_axis=[32, 32, 32, 32, 32, 32]
[ 760000/1000000]  ep= 760  reward(last50)= 781.90  n_per_axis=[32, 32, 32, 32, 32, 32]  total_splits=0
[ 770000/1000000]  ep= 770  reward(last50)= 781.36  n_per_axis=[32, 32, 32, 32, 32, 32]  total_splits=0
[ 780000/1000000]  eval(5)= 789.28 +/- 20.95   n_per_axis=[32, 32, 32, 32, 32, 32]
[ 780000/1000000]  ep= 780  reward(last50)= 781.25  n_per_axis=[32, 32, 32, 32, 32, 32]  total_splits=0
[ 790000/1000000]  ep= 790  reward(last50)= 786.05  n_per_axis=[32, 32, 32, 32, 32, 32]  total_splits=0
[ 800000/1000000]  eval(5)= 771.57 +/- 17.05   n_per_axis=[32, 32, 32, 32, 32, 32]
[ 800000/1000000]  ep= 800  reward(last50)= 784.72  n_per_axis=[32, 32, 32, 32, 32, 32]  total_splits=0
[ 810000/1000000]  ep= 810  reward(last50)= 784.41  n_per_axis=[32, 32, 32, 32, 32, 32]  total_splits=0
[ 820000/1000000]  eval(5)= 803.33 +/- 13.47   n_per_axis=[32, 32, 32, 32, 32, 32]
[ 820000/1000000]  ep= 820  reward(last50)= 782.22  n_per_axis=[32, 32, 32, 32, 32, 32]  total_splits=0
[ 830000/1000000]  ep= 830  reward(last50)= 782.43  n_per_axis=[32, 32, 32, 32, 32, 32]  total_splits=0
[ 840000/1000000]  eval(5)= 804.37 +/- 24.66   n_per_axis=[32, 32, 32, 32, 32, 32]
[ 840000/1000000]  ep= 840  reward(last50)= 781.88  n_per_axis=[32, 32, 32, 32, 32, 32]  total_splits=0
[ 850000/1000000]  ep= 850  reward(last50)= 785.21  n_per_axis=[32, 32, 32, 32, 32, 32]  total_splits=0
[ 860000/1000000]  eval(5)= 772.81 +/- 20.15   n_per_axis=[32, 32, 32, 32, 32, 32]
[ 860000/1000000]  ep= 860  reward(last50)= 786.90  n_per_axis=[32, 32, 32, 32, 32, 32]  total_splits=0
[ 870000/1000000]  ep= 870  reward(last50)= 789.12  n_per_axis=[32, 32, 32, 32, 32, 32]  total_splits=0
[ 880000/1000000]  eval(5)= 761.03 +/- 39.23   n_per_axis=[32, 32, 32, 32, 32, 32]
[ 880000/1000000]  ep= 880  reward(last50)= 789.43  n_per_axis=[32, 32, 32, 32, 32, 32]  total_splits=0
[ 890000/1000000]  ep= 890  reward(last50)= 790.69  n_per_axis=[32, 32, 32, 32, 32, 32]  total_splits=0
[ 900000/1000000]  eval(5)= 736.93 +/- 72.85   n_per_axis=[32, 32, 32, 32, 32, 32]
[ 900000/1000000]  ep= 900  reward(last50)= 788.53  n_per_axis=[32, 32, 32, 32, 32, 32]  total_splits=0
[ 910000/1000000]  ep= 910  reward(last50)= 793.10  n_per_axis=[32, 32, 32, 32, 32, 32]  total_splits=0
[ 920000/1000000]  eval(5)= 829.38 +/- 34.65   n_per_axis=[32, 32, 32, 32, 32, 32]
[ 920000/1000000]  ep= 920  reward(last50)= 791.15  n_per_axis=[32, 32, 32, 32, 32, 32]  total_splits=0
[ 930000/1000000]  ep= 930  reward(last50)= 794.75  n_per_axis=[32, 32, 32, 32, 32, 32]  total_splits=0
[ 940000/1000000]  eval(5)= 761.79 +/- 36.31   n_per_axis=[32, 32, 32, 32, 32, 32]
[ 940000/1000000]  ep= 940  reward(last50)= 796.98  n_per_axis=[32, 32, 32, 32, 32, 32]  total_splits=0
[ 950000/1000000]  ep= 950  reward(last50)= 808.17  n_per_axis=[32, 32, 32, 32, 32, 32]  total_splits=0
[ 960000/1000000]  eval(5)= 754.44 +/- 25.18   n_per_axis=[32, 32, 32, 32, 32, 32]
[ 960000/1000000]  ep= 960  reward(last50)= 812.19  n_per_axis=[32, 32, 32, 32, 32, 32]  total_splits=0
[ 970000/1000000]  ep= 970  reward(last50)= 821.46  n_per_axis=[32, 32, 32, 32, 32, 32]  total_splits=0
[ 980000/1000000]  eval(5)= 773.25 +/- 96.38   n_per_axis=[32, 32, 32, 32, 32, 32]
[ 980000/1000000]  ep= 980  reward(last50)= 828.70  n_per_axis=[32, 32, 32, 32, 32, 32]  total_splits=0
[ 990000/1000000]  ep= 990  reward(last50)= 835.24  n_per_axis=[32, 32, 32, 32, 32, 32]  total_splits=0
[1000000/1000000]  eval(5)= 868.92 +/- 17.87   n_per_axis=[32, 32, 32, 32, 32, 32]
[1000000/1000000]  ep=1000  reward(last50)= 837.87  n_per_axis=[32, 32, 32, 32, 32, 32]  total_splits=0
Saved BranchingDQN checkpoint to checkpoints/dmcs/walker-walk/sample_efficiency/uniform_n32_seed44.pt

Evaluating (deterministic)...
Eval(10): mean=875.81  std=18.49
Final n_per_axis: [32, 32, 32, 32, 32, 32]  total_cells: 192  (uniform; no splits)
