/home/bruinml/anaconda3/envs/highway/lib/python3.11/site-packages/glfw/__init__.py:917: GLFWError: (65550) b'X11: The DISPLAY environment variable is missing'
  warnings.warn(message, GLFWError)
/home/bruinml/anaconda3/envs/highway/lib/python3.11/site-packages/pygame/pkgdata.py:25: UserWarning: pkg_resources is deprecated as an API. See https://setuptools.pypa.io/en/latest/pkg_resources.html. The pkg_resources package is slated for removal as early as 2025-11-30. Refrain from using this package or pin to Setuptools<81.
  from pkg_resources import resource_stream, resource_exists
/home/bruinml/anaconda3/envs/highway/lib/python3.11/site-packages/torch/cuda/__init__.py:180: UserWarning: CUDA initialization: The NVIDIA driver on your system is too old (found version 12080). Please update your GPU driver by downloading and installing a new version from the URL: http://www.nvidia.com/Download/index.aspx Alternatively, go to: https://pytorch.org to install a PyTorch version that has been compiled with your version of the CUDA driver. (Triggered internally at /pytorch/c10/cuda/CUDAFunctions.cpp:119.)
  return torch._C._cuda_getDeviceCount() > 0
Uniform DQN on dm_control/walker-walk  da=6  n=32 (per axis -> 192 total cells)  seed=42  steps=1000000
[  10000/1000000]  ep=  10  reward(last50)=  34.02  n_per_axis=[32, 32, 32, 32, 32, 32]  total_splits=0
[  20000/1000000]  eval(5)=  83.79 +/- 8.05    n_per_axis=[32, 32, 32, 32, 32, 32]
[  20000/1000000]  ep=  20  reward(last50)=  47.43  n_per_axis=[32, 32, 32, 32, 32, 32]  total_splits=0
[  30000/1000000]  ep=  30  reward(last50)=  65.56  n_per_axis=[32, 32, 32, 32, 32, 32]  total_splits=0
[  40000/1000000]  eval(5)= 129.94 +/- 43.95   n_per_axis=[32, 32, 32, 32, 32, 32]
[  40000/1000000]  ep=  40  reward(last50)=  84.53  n_per_axis=[32, 32, 32, 32, 32, 32]  total_splits=0
[  50000/1000000]  ep=  50  reward(last50)=  95.49  n_per_axis=[32, 32, 32, 32, 32, 32]  total_splits=0
[  60000/1000000]  eval(5)= 181.67 +/- 67.93   n_per_axis=[32, 32, 32, 32, 32, 32]
[  60000/1000000]  ep=  60  reward(last50)= 124.57  n_per_axis=[32, 32, 32, 32, 32, 32]  total_splits=0
[  70000/1000000]  ep=  70  reward(last50)= 159.30  n_per_axis=[32, 32, 32, 32, 32, 32]  total_splits=0
[  80000/1000000]  eval(5)= 291.67 +/- 144.53  n_per_axis=[32, 32, 32, 32, 32, 32]
[  80000/1000000]  ep=  80  reward(last50)= 198.92  n_per_axis=[32, 32, 32, 32, 32, 32]  total_splits=0
[  90000/1000000]  ep=  90  reward(last50)= 233.26  n_per_axis=[32, 32, 32, 32, 32, 32]  total_splits=0
[ 100000/1000000]  eval(5)= 419.50 +/- 69.56   n_per_axis=[32, 32, 32, 32, 32, 32]
[ 100000/1000000]  ep= 100  reward(last50)= 289.57  n_per_axis=[32, 32, 32, 32, 32, 32]  total_splits=0
[ 110000/1000000]  ep= 110  reward(last50)= 337.47  n_per_axis=[32, 32, 32, 32, 32, 32]  total_splits=0
[ 120000/1000000]  eval(5)= 575.13 +/- 17.10   n_per_axis=[32, 32, 32, 32, 32, 32]
[ 120000/1000000]  ep= 120  reward(last50)= 389.25  n_per_axis=[32, 32, 32, 32, 32, 32]  total_splits=0
[ 130000/1000000]  ep= 130  reward(last50)= 419.90  n_per_axis=[32, 32, 32, 32, 32, 32]  total_splits=0
[ 140000/1000000]  eval(5)= 657.78 +/- 37.20   n_per_axis=[32, 32, 32, 32, 32, 32]
[ 140000/1000000]  ep= 140  reward(last50)= 480.37  n_per_axis=[32, 32, 32, 32, 32, 32]  total_splits=0
[ 150000/1000000]  ep= 150  reward(last50)= 524.73  n_per_axis=[32, 32, 32, 32, 32, 32]  total_splits=0
[ 160000/1000000]  eval(5)= 650.27 +/- 36.80   n_per_axis=[32, 32, 32, 32, 32, 32]
[ 160000/1000000]  ep= 160  reward(last50)= 577.56  n_per_axis=[32, 32, 32, 32, 32, 32]  total_splits=0
[ 170000/1000000]  ep= 170  reward(last50)= 612.51  n_per_axis=[32, 32, 32, 32, 32, 32]  total_splits=0
[ 180000/1000000]  eval(5)= 578.65 +/- 274.01  n_per_axis=[32, 32, 32, 32, 32, 32]
[ 180000/1000000]  ep= 180  reward(last50)= 662.32  n_per_axis=[32, 32, 32, 32, 32, 32]  total_splits=0
[ 190000/1000000]  ep= 190  reward(last50)= 677.24  n_per_axis=[32, 32, 32, 32, 32, 32]  total_splits=0
[ 200000/1000000]  eval(5)= 704.06 +/- 36.57   n_per_axis=[32, 32, 32, 32, 32, 32]
[ 200000/1000000]  ep= 200  reward(last50)= 690.49  n_per_axis=[32, 32, 32, 32, 32, 32]  total_splits=0
[ 210000/1000000]  ep= 210  reward(last50)= 689.03  n_per_axis=[32, 32, 32, 32, 32, 32]  total_splits=0
[ 220000/1000000]  eval(5)= 711.90 +/- 40.20   n_per_axis=[32, 32, 32, 32, 32, 32]
[ 220000/1000000]  ep= 220  reward(last50)= 695.72  n_per_axis=[32, 32, 32, 32, 32, 32]  total_splits=0
[ 230000/1000000]  ep= 230  reward(last50)= 694.50  n_per_axis=[32, 32, 32, 32, 32, 32]  total_splits=0
[ 240000/1000000]  eval(5)= 745.82 +/- 24.57   n_per_axis=[32, 32, 32, 32, 32, 32]
[ 240000/1000000]  ep= 240  reward(last50)= 704.61  n_per_axis=[32, 32, 32, 32, 32, 32]  total_splits=0
[ 250000/1000000]  ep= 250  reward(last50)= 710.61  n_per_axis=[32, 32, 32, 32, 32, 32]  total_splits=0
[ 260000/1000000]  eval(5)= 763.32 +/- 13.84   n_per_axis=[32, 32, 32, 32, 32, 32]
[ 260000/1000000]  ep= 260  reward(last50)= 715.84  n_per_axis=[32, 32, 32, 32, 32, 32]  total_splits=0
[ 270000/1000000]  ep= 270  reward(last50)= 728.66  n_per_axis=[32, 32, 32, 32, 32, 32]  total_splits=0
[ 280000/1000000]  eval(5)= 774.85 +/- 23.87   n_per_axis=[32, 32, 32, 32, 32, 32]
[ 280000/1000000]  ep= 280  reward(last50)= 744.11  n_per_axis=[32, 32, 32, 32, 32, 32]  total_splits=0
[ 290000/1000000]  ep= 290  reward(last50)= 744.76  n_per_axis=[32, 32, 32, 32, 32, 32]  total_splits=0
[ 300000/1000000]  eval(5)= 753.07 +/- 32.61   n_per_axis=[32, 32, 32, 32, 32, 32]
[ 300000/1000000]  ep= 300  reward(last50)= 746.58  n_per_axis=[32, 32, 32, 32, 32, 32]  total_splits=0
[ 310000/1000000]  ep= 310  reward(last50)= 763.10  n_per_axis=[32, 32, 32, 32, 32, 32]  total_splits=0
[ 320000/1000000]  eval(5)= 737.31 +/- 21.55   n_per_axis=[32, 32, 32, 32, 32, 32]
[ 320000/1000000]  ep= 320  reward(last50)= 761.33  n_per_axis=[32, 32, 32, 32, 32, 32]  total_splits=0
[ 330000/1000000]  ep= 330  reward(last50)= 759.17  n_per_axis=[32, 32, 32, 32, 32, 32]  total_splits=0
[ 340000/1000000]  eval(5)= 768.94 +/- 38.59   n_per_axis=[32, 32, 32, 32, 32, 32]
[ 340000/1000000]  ep= 340  reward(last50)= 762.92  n_per_axis=[32, 32, 32, 32, 32, 32]  total_splits=0
[ 350000/1000000]  ep= 350  reward(last50)= 761.48  n_per_axis=[32, 32, 32, 32, 32, 32]  total_splits=0
[ 360000/1000000]  eval(5)= 726.88 +/- 11.69   n_per_axis=[32, 32, 32, 32, 32, 32]
[ 360000/1000000]  ep= 360  reward(last50)= 755.76  n_per_axis=[32, 32, 32, 32, 32, 32]  total_splits=0
[ 370000/1000000]  ep= 370  reward(last50)= 758.43  n_per_axis=[32, 32, 32, 32, 32, 32]  total_splits=0
[ 380000/1000000]  eval(5)= 777.29 +/- 13.78   n_per_axis=[32, 32, 32, 32, 32, 32]
[ 380000/1000000]  ep= 380  reward(last50)= 761.18  n_per_axis=[32, 32, 32, 32, 32, 32]  total_splits=0
[ 390000/1000000]  ep= 390  reward(last50)= 763.03  n_per_axis=[32, 32, 32, 32, 32, 32]  total_splits=0
[ 400000/1000000]  eval(5)= 750.92 +/- 29.91   n_per_axis=[32, 32, 32, 32, 32, 32]
[ 400000/1000000]  ep= 400  reward(last50)= 766.69  n_per_axis=[32, 32, 32, 32, 32, 32]  total_splits=0
[ 410000/1000000]  ep= 410  reward(last50)= 771.49  n_per_axis=[32, 32, 32, 32, 32, 32]  total_splits=0
[ 420000/1000000]  eval(5)= 691.81 +/- 35.42   n_per_axis=[32, 32, 32, 32, 32, 32]
[ 420000/1000000]  ep= 420  reward(last50)= 771.75  n_per_axis=[32, 32, 32, 32, 32, 32]  total_splits=0
[ 430000/1000000]  ep= 430  reward(last50)= 772.84  n_per_axis=[32, 32, 32, 32, 32, 32]  total_splits=0
[ 440000/1000000]  eval(5)= 746.23 +/- 16.50   n_per_axis=[32, 32, 32, 32, 32, 32]
[ 440000/1000000]  ep= 440  reward(last50)= 773.71  n_per_axis=[32, 32, 32, 32, 32, 32]  total_splits=0
[ 450000/1000000]  ep= 450  reward(last50)= 778.03  n_per_axis=[32, 32, 32, 32, 32, 32]  total_splits=0
[ 460000/1000000]  eval(5)= 788.56 +/- 38.34   n_per_axis=[32, 32, 32, 32, 32, 32]
[ 460000/1000000]  ep= 460  reward(last50)= 778.53  n_per_axis=[32, 32, 32, 32, 32, 32]  total_splits=0
[ 470000/1000000]  ep= 470  reward(last50)= 780.91  n_per_axis=[32, 32, 32, 32, 32, 32]  total_splits=0
[ 480000/1000000]  eval(5)= 802.13 +/- 13.71   n_per_axis=[32, 32, 32, 32, 32, 32]
[ 480000/1000000]  ep= 480  reward(last50)= 784.24  n_per_axis=[32, 32, 32, 32, 32, 32]  total_splits=0
[ 490000/1000000]  ep= 490  reward(last50)= 790.33  n_per_axis=[32, 32, 32, 32, 32, 32]  total_splits=0
[ 500000/1000000]  eval(5)= 687.40 +/- 30.97   n_per_axis=[32, 32, 32, 32, 32, 32]
[ 500000/1000000]  ep= 500  reward(last50)= 798.03  n_per_axis=[32, 32, 32, 32, 32, 32]  total_splits=0
[ 510000/1000000]  ep= 510  reward(last50)= 795.49  n_per_axis=[32, 32, 32, 32, 32, 32]  total_splits=0
[ 520000/1000000]  eval(5)= 860.03 +/- 22.89   n_per_axis=[32, 32, 32, 32, 32, 32]
[ 520000/1000000]  ep= 520  reward(last50)= 801.88  n_per_axis=[32, 32, 32, 32, 32, 32]  total_splits=0
[ 530000/1000000]  ep= 530  reward(last50)= 810.41  n_per_axis=[32, 32, 32, 32, 32, 32]  total_splits=0
[ 540000/1000000]  eval(5)= 770.28 +/- 79.55   n_per_axis=[32, 32, 32, 32, 32, 32]
[ 540000/1000000]  ep= 540  reward(last50)= 818.64  n_per_axis=[32, 32, 32, 32, 32, 32]  total_splits=0
[ 550000/1000000]  ep= 550  reward(last50)= 817.32  n_per_axis=[32, 32, 32, 32, 32, 32]  total_splits=0
[ 560000/1000000]  eval(5)= 839.56 +/- 37.79   n_per_axis=[32, 32, 32, 32, 32, 32]
[ 560000/1000000]  ep= 560  reward(last50)= 833.72  n_per_axis=[32, 32, 32, 32, 32, 32]  total_splits=0
[ 570000/1000000]  ep= 570  reward(last50)= 840.09  n_per_axis=[32, 32, 32, 32, 32, 32]  total_splits=0
[ 580000/1000000]  eval(5)= 861.86 +/- 14.22   n_per_axis=[32, 32, 32, 32, 32, 32]
[ 580000/1000000]  ep= 580  reward(last50)= 842.59  n_per_axis=[32, 32, 32, 32, 32, 32]  total_splits=0
[ 590000/1000000]  ep= 590  reward(last50)= 844.57  n_per_axis=[32, 32, 32, 32, 32, 32]  total_splits=0
[ 600000/1000000]  eval(5)= 843.05 +/- 29.65   n_per_axis=[32, 32, 32, 32, 32, 32]
[ 600000/1000000]  ep= 600  reward(last50)= 855.75  n_per_axis=[32, 32, 32, 32, 32, 32]  total_splits=0
[ 610000/1000000]  ep= 610  reward(last50)= 857.46  n_per_axis=[32, 32, 32, 32, 32, 32]  total_splits=0
[ 620000/1000000]  eval(5)= 901.17 +/- 8.71    n_per_axis=[32, 32, 32, 32, 32, 32]
[ 620000/1000000]  ep= 620  reward(last50)= 860.77  n_per_axis=[32, 32, 32, 32, 32, 32]  total_splits=0
[ 630000/1000000]  ep= 630  reward(last50)= 860.57  n_per_axis=[32, 32, 32, 32, 32, 32]  total_splits=0
[ 640000/1000000]  eval(5)= 848.30 +/- 23.76   n_per_axis=[32, 32, 32, 32, 32, 32]
[ 640000/1000000]  ep= 640  reward(last50)= 864.53  n_per_axis=[32, 32, 32, 32, 32, 32]  total_splits=0
[ 650000/1000000]  ep= 650  reward(last50)= 864.64  n_per_axis=[32, 32, 32, 32, 32, 32]  total_splits=0
[ 660000/1000000]  eval(5)= 844.11 +/- 38.52   n_per_axis=[32, 32, 32, 32, 32, 32]
[ 660000/1000000]  ep= 660  reward(last50)= 868.37  n_per_axis=[32, 32, 32, 32, 32, 32]  total_splits=0
[ 670000/1000000]  ep= 670  reward(last50)= 868.77  n_per_axis=[32, 32, 32, 32, 32, 32]  total_splits=0
[ 680000/1000000]  eval(5)= 838.10 +/- 18.44   n_per_axis=[32, 32, 32, 32, 32, 32]
[ 680000/1000000]  ep= 680  reward(last50)= 870.93  n_per_axis=[32, 32, 32, 32, 32, 32]  total_splits=0
[ 690000/1000000]  ep= 690  reward(last50)= 872.18  n_per_axis=[32, 32, 32, 32, 32, 32]  total_splits=0
[ 700000/1000000]  eval(5)= 895.04 +/- 17.05   n_per_axis=[32, 32, 32, 32, 32, 32]
[ 700000/1000000]  ep= 700  reward(last50)= 873.62  n_per_axis=[32, 32, 32, 32, 32, 32]  total_splits=0
[ 710000/1000000]  ep= 710  reward(last50)= 874.82  n_per_axis=[32, 32, 32, 32, 32, 32]  total_splits=0
[ 720000/1000000]  eval(5)= 829.01 +/- 39.02   n_per_axis=[32, 32, 32, 32, 32, 32]
[ 720000/1000000]  ep= 720  reward(last50)= 877.62  n_per_axis=[32, 32, 32, 32, 32, 32]  total_splits=0
[ 730000/1000000]  ep= 730  reward(last50)= 880.23  n_per_axis=[32, 32, 32, 32, 32, 32]  total_splits=0
[ 740000/1000000]  eval(5)= 797.92 +/- 19.81   n_per_axis=[32, 32, 32, 32, 32, 32]
[ 740000/1000000]  ep= 740  reward(last50)= 882.67  n_per_axis=[32, 32, 32, 32, 32, 32]  total_splits=0
[ 750000/1000000]  ep= 750  reward(last50)= 882.38  n_per_axis=[32, 32, 32, 32, 32, 32]  total_splits=0
[ 760000/1000000]  eval(5)= 881.74 +/- 21.60   n_per_axis=[32, 32, 32, 32, 32, 32]
[ 760000/1000000]  ep= 760  reward(last50)= 880.10  n_per_axis=[32, 32, 32, 32, 32, 32]  total_splits=0
[ 770000/1000000]  ep= 770  reward(last50)= 883.64  n_per_axis=[32, 32, 32, 32, 32, 32]  total_splits=0
[ 780000/1000000]  eval(5)= 850.85 +/- 17.28   n_per_axis=[32, 32, 32, 32, 32, 32]
[ 780000/1000000]  ep= 780  reward(last50)= 882.02  n_per_axis=[32, 32, 32, 32, 32, 32]  total_splits=0
[ 790000/1000000]  ep= 790  reward(last50)= 883.20  n_per_axis=[32, 32, 32, 32, 32, 32]  total_splits=0
[ 800000/1000000]  eval(5)= 893.69 +/- 14.57   n_per_axis=[32, 32, 32, 32, 32, 32]
[ 800000/1000000]  ep= 800  reward(last50)= 884.53  n_per_axis=[32, 32, 32, 32, 32, 32]  total_splits=0
[ 810000/1000000]  ep= 810  reward(last50)= 886.51  n_per_axis=[32, 32, 32, 32, 32, 32]  total_splits=0
[ 820000/1000000]  eval(5)= 873.04 +/- 22.93   n_per_axis=[32, 32, 32, 32, 32, 32]
[ 820000/1000000]  ep= 820  reward(last50)= 884.57  n_per_axis=[32, 32, 32, 32, 32, 32]  total_splits=0
[ 830000/1000000]  ep= 830  reward(last50)= 888.41  n_per_axis=[32, 32, 32, 32, 32, 32]  total_splits=0
[ 840000/1000000]  eval(5)= 826.35 +/- 16.68   n_per_axis=[32, 32, 32, 32, 32, 32]
[ 840000/1000000]  ep= 840  reward(last50)= 883.20  n_per_axis=[32, 32, 32, 32, 32, 32]  total_splits=0
[ 850000/1000000]  ep= 850  reward(last50)= 881.24  n_per_axis=[32, 32, 32, 32, 32, 32]  total_splits=0
[ 860000/1000000]  eval(5)= 882.93 +/- 24.39   n_per_axis=[32, 32, 32, 32, 32, 32]
[ 860000/1000000]  ep= 860  reward(last50)= 883.89  n_per_axis=[32, 32, 32, 32, 32, 32]  total_splits=0
[ 870000/1000000]  ep= 870  reward(last50)= 878.90  n_per_axis=[32, 32, 32, 32, 32, 32]  total_splits=0
[ 880000/1000000]  eval(5)= 920.31 +/- 25.99   n_per_axis=[32, 32, 32, 32, 32, 32]
[ 880000/1000000]  ep= 880  reward(last50)= 872.74  n_per_axis=[32, 32, 32, 32, 32, 32]  total_splits=0
[ 890000/1000000]  ep= 890  reward(last50)= 873.48  n_per_axis=[32, 32, 32, 32, 32, 32]  total_splits=0
[ 900000/1000000]  eval(5)= 867.69 +/- 9.23    n_per_axis=[32, 32, 32, 32, 32, 32]
[ 900000/1000000]  ep= 900  reward(last50)= 879.36  n_per_axis=[32, 32, 32, 32, 32, 32]  total_splits=0
[ 910000/1000000]  ep= 910  reward(last50)= 874.15  n_per_axis=[32, 32, 32, 32, 32, 32]  total_splits=0
[ 920000/1000000]  eval(5)= 811.38 +/- 26.10   n_per_axis=[32, 32, 32, 32, 32, 32]
[ 920000/1000000]  ep= 920  reward(last50)= 881.78  n_per_axis=[32, 32, 32, 32, 32, 32]  total_splits=0
[ 930000/1000000]  ep= 930  reward(last50)= 886.92  n_per_axis=[32, 32, 32, 32, 32, 32]  total_splits=0
[ 940000/1000000]  eval(5)= 917.51 +/- 27.04   n_per_axis=[32, 32, 32, 32, 32, 32]
[ 940000/1000000]  ep= 940  reward(last50)= 890.29  n_per_axis=[32, 32, 32, 32, 32, 32]  total_splits=0
[ 950000/1000000]  ep= 950  reward(last50)= 887.99  n_per_axis=[32, 32, 32, 32, 32, 32]  total_splits=0
[ 960000/1000000]  eval(5)= 906.97 +/- 34.43   n_per_axis=[32, 32, 32, 32, 32, 32]
[ 960000/1000000]  ep= 960  reward(last50)= 890.22  n_per_axis=[32, 32, 32, 32, 32, 32]  total_splits=0
[ 970000/1000000]  ep= 970  reward(last50)= 887.14  n_per_axis=[32, 32, 32, 32, 32, 32]  total_splits=0
[ 980000/1000000]  eval(5)= 841.36 +/- 27.50   n_per_axis=[32, 32, 32, 32, 32, 32]
[ 980000/1000000]  ep= 980  reward(last50)= 888.82  n_per_axis=[32, 32, 32, 32, 32, 32]  total_splits=0
[ 990000/1000000]  ep= 990  reward(last50)= 884.61  n_per_axis=[32, 32, 32, 32, 32, 32]  total_splits=0
[1000000/1000000]  eval(5)= 894.22 +/- 24.38   n_per_axis=[32, 32, 32, 32, 32, 32]
[1000000/1000000]  ep=1000  reward(last50)= 882.61  n_per_axis=[32, 32, 32, 32, 32, 32]  total_splits=0
Saved BranchingDQN checkpoint to checkpoints/dmcs/walker-walk/sample_efficiency/uniform_n32_seed42.pt

Evaluating (deterministic)...
Eval(10): mean=903.63  std=29.61
Final n_per_axis: [32, 32, 32, 32, 32, 32]  total_cells: 192  (uniform; no splits)
