/home/bruinml/anaconda3/envs/highway/lib/python3.11/site-packages/glfw/__init__.py:917: GLFWError: (65550) b'X11: The DISPLAY environment variable is missing'
  warnings.warn(message, GLFWError)
/home/bruinml/anaconda3/envs/highway/lib/python3.11/site-packages/pygame/pkgdata.py:25: UserWarning: pkg_resources is deprecated as an API. See https://setuptools.pypa.io/en/latest/pkg_resources.html. The pkg_resources package is slated for removal as early as 2025-11-30. Refrain from using this package or pin to Setuptools<81.
  from pkg_resources import resource_stream, resource_exists
/home/bruinml/anaconda3/envs/highway/lib/python3.11/site-packages/torch/cuda/__init__.py:180: UserWarning: CUDA initialization: The NVIDIA driver on your system is too old (found version 12080). Please update your GPU driver by downloading and installing a new version from the URL: http://www.nvidia.com/Download/index.aspx Alternatively, go to: https://pytorch.org to install a PyTorch version that has been compiled with your version of the CUDA driver. (Triggered internally at /pytorch/c10/cuda/CUDAFunctions.cpp:119.)
  return torch._C._cuda_getDeviceCount() > 0
Zooming DQN on dm_control/walker-walk  da=6  init_depth=1 (start=12 cells)  n=32 -> total_budget=192  seed=44  steps=1000000
[  10000/1000000]  ep=  10  reward(last50)=  34.54  n_per_axis=[6, 6, 6, 6, 6, 6]  total_splits=12
[  20000/1000000]  eval(5)=  59.58 +/- 12.57   n_per_axis=[24, 24, 24, 24, 24, 24]
[  20000/1000000]  ep=  20  reward(last50)=  40.62  n_per_axis=[24, 24, 24, 24, 24, 24]  total_splits=84
[  30000/1000000]  ep=  30  reward(last50)=  55.50  n_per_axis=[30, 27, 27, 27, 27, 24]  total_splits=97
[  40000/1000000]  eval(5)=  92.14 +/- 22.62   n_per_axis=[30, 31, 31, 33, 32, 34]
[  40000/1000000]  ep=  40  reward(last50)=  67.81  n_per_axis=[30, 31, 31, 33, 32, 34]  total_splits=121
[  50000/1000000]  ep=  50  reward(last50)=  81.05  n_per_axis=[31, 29, 33, 36, 29, 33]  total_splits=128
[  60000/1000000]  eval(5)= 213.02 +/- 85.24   n_per_axis=[30, 32, 35, 34, 28, 33]
[  60000/1000000]  ep=  60  reward(last50)= 108.57  n_per_axis=[30, 32, 35, 34, 28, 33]  total_splits=131
[  70000/1000000]  ep=  70  reward(last50)= 144.27  n_per_axis=[32, 32, 34, 34, 28, 32]  total_splits=132
[  80000/1000000]  eval(5)= 433.05 +/- 32.10   n_per_axis=[32, 32, 34, 34, 28, 32]
[  80000/1000000]  ep=  80  reward(last50)= 184.86  n_per_axis=[32, 32, 34, 34, 28, 32]  total_splits=132
[  90000/1000000]  ep=  90  reward(last50)= 247.05  n_per_axis=[32, 32, 34, 34, 28, 32]  total_splits=132
[ 100000/1000000]  eval(5)= 534.79 +/- 15.65   n_per_axis=[32, 32, 34, 34, 28, 32]
[ 100000/1000000]  ep= 100  reward(last50)= 309.60  n_per_axis=[32, 32, 34, 34, 28, 32]  total_splits=132
[ 110000/1000000]  ep= 110  reward(last50)= 361.43  n_per_axis=[32, 32, 33, 33, 29, 32]  total_splits=133
[ 120000/1000000]  eval(5)= 422.07 +/- 204.64  n_per_axis=[32, 31, 32, 32, 29, 36]
[ 120000/1000000]  ep= 120  reward(last50)= 415.38  n_per_axis=[32, 31, 32, 32, 29, 36]  total_splits=135
[ 130000/1000000]  ep= 130  reward(last50)= 458.93  n_per_axis=[31, 31, 32, 32, 29, 37]  total_splits=136
[ 140000/1000000]  eval(5)= 521.71 +/- 29.58   n_per_axis=[30, 32, 32, 32, 29, 37]
[ 140000/1000000]  ep= 140  reward(last50)= 468.48  n_per_axis=[30, 32, 32, 32, 29, 37]  total_splits=137
[ 150000/1000000]  ep= 150  reward(last50)= 491.70  n_per_axis=[29, 32, 31, 32, 31, 37]  total_splits=138
[ 160000/1000000]  eval(5)= 338.98 +/- 16.06   n_per_axis=[28, 32, 31, 30, 33, 37]
[ 160000/1000000]  ep= 160  reward(last50)= 516.04  n_per_axis=[28, 32, 31, 30, 33, 37]  total_splits=139
[ 170000/1000000]  ep= 170  reward(last50)= 505.40  n_per_axis=[28, 31, 32, 30, 32, 38]  total_splits=142
[ 180000/1000000]  eval(5)= 469.63 +/- 43.84   n_per_axis=[27, 33, 31, 30, 32, 38]
[ 180000/1000000]  ep= 180  reward(last50)= 513.85  n_per_axis=[27, 33, 31, 30, 32, 38]  total_splits=144
[ 190000/1000000]  ep= 190  reward(last50)= 524.96  n_per_axis=[27, 35, 31, 28, 32, 39]  total_splits=146
[ 200000/1000000]  eval(5)= 442.83 +/- 99.55   n_per_axis=[27, 35, 31, 28, 32, 38]
[ 200000/1000000]  ep= 200  reward(last50)= 532.32  n_per_axis=[27, 35, 31, 28, 32, 38]  total_splits=146
[ 210000/1000000]  ep= 210  reward(last50)= 529.09  n_per_axis=[27, 35, 33, 28, 31, 38]  total_splits=148
[ 220000/1000000]  eval(5)= 540.81 +/- 54.16   n_per_axis=[27, 34, 33, 31, 31, 36]
[ 220000/1000000]  ep= 220  reward(last50)= 549.89  n_per_axis=[27, 34, 33, 31, 31, 36]  total_splits=150
[ 230000/1000000]  ep= 230  reward(last50)= 553.26  n_per_axis=[27, 34, 33, 31, 31, 36]  total_splits=150
[ 240000/1000000]  eval(5)= 642.19 +/- 27.01   n_per_axis=[27, 34, 33, 31, 31, 36]
[ 240000/1000000]  ep= 240  reward(last50)= 581.54  n_per_axis=[27, 34, 33, 31, 31, 36]  total_splits=150
[ 250000/1000000]  ep= 250  reward(last50)= 593.40  n_per_axis=[27, 34, 32, 31, 31, 36]  total_splits=150
[ 260000/1000000]  eval(5)= 271.05 +/- 116.24  n_per_axis=[26, 33, 34, 31, 33, 35]
[ 260000/1000000]  ep= 260  reward(last50)= 620.87  n_per_axis=[26, 33, 34, 31, 33, 35]  total_splits=152
[ 270000/1000000]  ep= 270  reward(last50)= 635.59  n_per_axis=[26, 33, 34, 31, 33, 35]  total_splits=152
[ 280000/1000000]  eval(5)= 681.07 +/- 42.06   n_per_axis=[26, 32, 34, 31, 33, 35]
[ 280000/1000000]  ep= 280  reward(last50)= 674.16  n_per_axis=[26, 32, 34, 31, 33, 35]  total_splits=152
[ 290000/1000000]  ep= 290  reward(last50)= 693.56  n_per_axis=[26, 32, 33, 31, 33, 37]  total_splits=153
[ 300000/1000000]  eval(5)= 745.63 +/- 220.74  n_per_axis=[26, 32, 33, 32, 32, 36]
[ 300000/1000000]  ep= 300  reward(last50)= 716.04  n_per_axis=[26, 32, 33, 32, 32, 36]  total_splits=154
[ 310000/1000000]  ep= 310  reward(last50)= 748.90  n_per_axis=[26, 32, 32, 34, 32, 36]  total_splits=155
[ 320000/1000000]  eval(5)= 449.69 +/- 88.97   n_per_axis=[26, 32, 32, 33, 32, 36]
[ 320000/1000000]  ep= 320  reward(last50)= 798.70  n_per_axis=[26, 32, 32, 33, 32, 36]  total_splits=155
[ 330000/1000000]  ep= 330  reward(last50)= 815.42  n_per_axis=[26, 32, 31, 33, 34, 36]  total_splits=156
[ 340000/1000000]  eval(5)= 897.29 +/- 18.99   n_per_axis=[26, 32, 31, 33, 33, 36]
[ 340000/1000000]  ep= 340  reward(last50)= 832.84  n_per_axis=[26, 32, 31, 33, 33, 36]  total_splits=156
[ 350000/1000000]  ep= 350  reward(last50)= 854.92  n_per_axis=[28, 32, 31, 33, 33, 35]  total_splits=157
[ 360000/1000000]  eval(5)= 648.75 +/- 25.82   n_per_axis=[30, 30, 30, 33, 35, 33]
[ 360000/1000000]  ep= 360  reward(last50)= 849.45  n_per_axis=[30, 30, 30, 33, 35, 33]  total_splits=159
[ 370000/1000000]  ep= 370  reward(last50)= 845.16  n_per_axis=[30, 30, 30, 33, 35, 33]  total_splits=159
[ 380000/1000000]  eval(5)= 941.79 +/- 14.26   n_per_axis=[30, 30, 30, 33, 35, 33]
[ 380000/1000000]  ep= 380  reward(last50)= 859.80  n_per_axis=[30, 30, 30, 33, 35, 33]  total_splits=159
[ 390000/1000000]  ep= 390  reward(last50)= 874.52  n_per_axis=[30, 30, 30, 33, 35, 33]  total_splits=159
[ 400000/1000000]  eval(5)= 937.50 +/- 8.26    n_per_axis=[30, 30, 30, 33, 35, 33]
[ 400000/1000000]  ep= 400  reward(last50)= 881.40  n_per_axis=[30, 30, 30, 33, 35, 33]  total_splits=159
[ 410000/1000000]  ep= 410  reward(last50)= 904.86  n_per_axis=[30, 30, 30, 33, 35, 33]  total_splits=159
[ 420000/1000000]  eval(5)= 898.29 +/- 29.68   n_per_axis=[30, 30, 30, 33, 35, 33]
[ 420000/1000000]  ep= 420  reward(last50)= 918.34  n_per_axis=[30, 30, 30, 33, 35, 33]  total_splits=159
[ 430000/1000000]  ep= 430  reward(last50)= 918.10  n_per_axis=[30, 30, 30, 33, 35, 33]  total_splits=159
[ 440000/1000000]  eval(5)= 916.18 +/- 44.22   n_per_axis=[30, 32, 30, 33, 34, 33]
[ 440000/1000000]  ep= 440  reward(last50)= 905.75  n_per_axis=[30, 32, 30, 33, 34, 33]  total_splits=160
[ 450000/1000000]  ep= 450  reward(last50)= 902.52  n_per_axis=[30, 32, 30, 33, 34, 33]  total_splits=160
[ 460000/1000000]  eval(5)= 913.90 +/- 24.47   n_per_axis=[30, 32, 30, 33, 34, 33]
[ 460000/1000000]  ep= 460  reward(last50)= 898.79  n_per_axis=[30, 32, 30, 33, 34, 33]  total_splits=160
[ 470000/1000000]  ep= 470  reward(last50)= 901.63  n_per_axis=[30, 32, 30, 33, 34, 33]  total_splits=160
[ 480000/1000000]  eval(5)= 918.46 +/- 24.77   n_per_axis=[30, 32, 30, 33, 33, 33]
[ 480000/1000000]  ep= 480  reward(last50)= 893.79  n_per_axis=[30, 32, 30, 33, 33, 33]  total_splits=160
[ 490000/1000000]  ep= 490  reward(last50)= 907.59  n_per_axis=[30, 32, 30, 33, 33, 33]  total_splits=160
[ 500000/1000000]  eval(5)= 903.20 +/- 67.29   n_per_axis=[30, 32, 30, 33, 33, 33]
[ 500000/1000000]  ep= 500  reward(last50)= 910.82  n_per_axis=[30, 32, 30, 33, 33, 33]  total_splits=160
[ 510000/1000000]  ep= 510  reward(last50)= 915.15  n_per_axis=[30, 32, 30, 33, 33, 33]  total_splits=160
[ 520000/1000000]  eval(5)= 936.13 +/- 34.14   n_per_axis=[30, 32, 30, 33, 33, 33]
[ 520000/1000000]  ep= 520  reward(last50)= 917.51  n_per_axis=[30, 32, 30, 33, 33, 33]  total_splits=160
[ 530000/1000000]  ep= 530  reward(last50)= 928.61  n_per_axis=[30, 32, 30, 33, 33, 33]  total_splits=160
[ 540000/1000000]  eval(5)= 762.48 +/- 38.34   n_per_axis=[29, 32, 30, 33, 35, 33]
[ 540000/1000000]  ep= 540  reward(last50)= 929.27  n_per_axis=[29, 32, 30, 33, 35, 33]  total_splits=161
[ 550000/1000000]  ep= 550  reward(last50)= 922.35  n_per_axis=[29, 31, 30, 33, 35, 33]  total_splits=161
[ 560000/1000000]  eval(5)= 904.95 +/- 55.67   n_per_axis=[29, 31, 30, 33, 35, 33]
[ 560000/1000000]  ep= 560  reward(last50)= 911.24  n_per_axis=[29, 31, 30, 33, 35, 33]  total_splits=161
[ 570000/1000000]  ep= 570  reward(last50)= 906.44  n_per_axis=[29, 31, 30, 33, 37, 32]  total_splits=162
[ 580000/1000000]  eval(5)= 939.31 +/- 17.75   n_per_axis=[29, 31, 30, 33, 37, 32]
[ 580000/1000000]  ep= 580  reward(last50)= 901.70  n_per_axis=[29, 31, 30, 33, 37, 32]  total_splits=162
[ 590000/1000000]  ep= 590  reward(last50)= 899.75  n_per_axis=[29, 31, 30, 33, 37, 31]  total_splits=162
[ 600000/1000000]  eval(5)= 858.38 +/- 51.18   n_per_axis=[29, 31, 30, 33, 37, 31]
[ 600000/1000000]  ep= 600  reward(last50)= 902.57  n_per_axis=[29, 31, 30, 33, 37, 31]  total_splits=162
[ 610000/1000000]  ep= 610  reward(last50)= 909.84  n_per_axis=[29, 31, 30, 33, 37, 31]  total_splits=162
[ 620000/1000000]  eval(5)= 907.77 +/- 31.13   n_per_axis=[29, 31, 30, 33, 37, 31]
[ 620000/1000000]  ep= 620  reward(last50)= 908.03  n_per_axis=[29, 31, 30, 33, 37, 31]  total_splits=162
[ 630000/1000000]  ep= 630  reward(last50)= 912.48  n_per_axis=[29, 31, 30, 33, 37, 31]  total_splits=162
[ 640000/1000000]  eval(5)= 951.24 +/- 12.36   n_per_axis=[29, 31, 30, 33, 37, 31]
[ 640000/1000000]  ep= 640  reward(last50)= 912.64  n_per_axis=[29, 31, 30, 33, 37, 31]  total_splits=162
[ 650000/1000000]  ep= 650  reward(last50)= 920.43  n_per_axis=[29, 31, 30, 33, 37, 31]  total_splits=162
[ 660000/1000000]  eval(5)= 911.92 +/- 19.90   n_per_axis=[29, 31, 32, 32, 37, 31]
[ 660000/1000000]  ep= 660  reward(last50)= 893.23  n_per_axis=[29, 31, 32, 32, 37, 31]  total_splits=163
[ 670000/1000000]  ep= 670  reward(last50)= 873.30  n_per_axis=[29, 31, 32, 32, 36, 31]  total_splits=163
[ 680000/1000000]  eval(5)= 936.13 +/- 14.85   n_per_axis=[29, 31, 32, 32, 36, 31]
[ 680000/1000000]  ep= 680  reward(last50)= 859.88  n_per_axis=[29, 31, 32, 32, 36, 31]  total_splits=163
[ 690000/1000000]  ep= 690  reward(last50)= 858.53  n_per_axis=[29, 31, 32, 32, 36, 31]  total_splits=163
[ 700000/1000000]  eval(5)= 936.03 +/- 25.17   n_per_axis=[29, 31, 32, 32, 36, 31]
[ 700000/1000000]  ep= 700  reward(last50)= 858.88  n_per_axis=[29, 31, 32, 32, 36, 31]  total_splits=163
[ 710000/1000000]  ep= 710  reward(last50)= 888.38  n_per_axis=[29, 31, 32, 32, 36, 31]  total_splits=163
[ 720000/1000000]  eval(5)= 910.20 +/- 29.81   n_per_axis=[29, 31, 32, 32, 36, 31]
[ 720000/1000000]  ep= 720  reward(last50)= 911.86  n_per_axis=[29, 31, 32, 32, 36, 31]  total_splits=163
[ 730000/1000000]  ep= 730  reward(last50)= 923.35  n_per_axis=[28, 33, 32, 32, 36, 31]  total_splits=164
[ 740000/1000000]  eval(5)= 902.54 +/- 28.95   n_per_axis=[28, 33, 32, 32, 36, 31]
[ 740000/1000000]  ep= 740  reward(last50)= 927.67  n_per_axis=[28, 33, 32, 32, 36, 31]  total_splits=164
[ 750000/1000000]  ep= 750  reward(last50)= 913.46  n_per_axis=[28, 32, 32, 32, 36, 31]  total_splits=164
[ 760000/1000000]  eval(5)= 933.62 +/- 6.34    n_per_axis=[28, 32, 32, 32, 36, 31]
[ 760000/1000000]  ep= 760  reward(last50)= 910.58  n_per_axis=[28, 32, 32, 32, 36, 31]  total_splits=164
[ 770000/1000000]  ep= 770  reward(last50)= 911.74  n_per_axis=[28, 32, 32, 32, 36, 31]  total_splits=164
[ 780000/1000000]  eval(5)= 955.68 +/- 20.36   n_per_axis=[28, 32, 32, 32, 36, 31]
[ 780000/1000000]  ep= 780  reward(last50)= 915.48  n_per_axis=[28, 32, 32, 32, 36, 31]  total_splits=164
[ 790000/1000000]  ep= 790  reward(last50)= 910.76  n_per_axis=[28, 32, 32, 32, 35, 33]  total_splits=165
[ 800000/1000000]  eval(5)= 764.21 +/- 33.08   n_per_axis=[28, 32, 32, 32, 35, 33]
[ 800000/1000000]  ep= 800  reward(last50)= 917.67  n_per_axis=[28, 32, 32, 32, 35, 33]  total_splits=165
[ 810000/1000000]  ep= 810  reward(last50)= 920.33  n_per_axis=[28, 32, 32, 32, 35, 33]  total_splits=165
[ 820000/1000000]  eval(5)= 905.34 +/- 23.88   n_per_axis=[28, 32, 32, 32, 35, 33]
[ 820000/1000000]  ep= 820  reward(last50)= 920.15  n_per_axis=[28, 32, 32, 32, 35, 33]  total_splits=165
[ 830000/1000000]  ep= 830  reward(last50)= 919.55  n_per_axis=[28, 32, 32, 32, 35, 33]  total_splits=165
[ 840000/1000000]  eval(5)= 900.86 +/- 29.47   n_per_axis=[28, 32, 32, 32, 35, 33]
[ 840000/1000000]  ep= 840  reward(last50)= 923.07  n_per_axis=[28, 32, 32, 32, 35, 33]  total_splits=165
[ 850000/1000000]  ep= 850  reward(last50)= 928.36  n_per_axis=[28, 32, 32, 32, 35, 33]  total_splits=165
[ 860000/1000000]  eval(5)= 937.07 +/- 13.65   n_per_axis=[28, 32, 32, 32, 35, 33]
[ 860000/1000000]  ep= 860  reward(last50)= 930.75  n_per_axis=[28, 32, 32, 32, 35, 33]  total_splits=165
[ 870000/1000000]  ep= 870  reward(last50)= 923.43  n_per_axis=[28, 32, 32, 32, 34, 33]  total_splits=165
[ 880000/1000000]  eval(5)= 888.87 +/- 38.53   n_per_axis=[28, 32, 32, 32, 34, 33]
[ 880000/1000000]  ep= 880  reward(last50)= 918.69  n_per_axis=[28, 32, 32, 32, 34, 33]  total_splits=165
[ 890000/1000000]  ep= 890  reward(last50)= 918.40  n_per_axis=[28, 32, 32, 32, 34, 33]  total_splits=165
[ 900000/1000000]  eval(5)= 945.89 +/- 38.57   n_per_axis=[28, 32, 32, 32, 34, 33]
[ 900000/1000000]  ep= 900  reward(last50)= 918.18  n_per_axis=[28, 32, 32, 32, 34, 33]  total_splits=165
[ 910000/1000000]  ep= 910  reward(last50)= 912.36  n_per_axis=[28, 32, 34, 31, 34, 33]  total_splits=166
[ 920000/1000000]  eval(5)= 924.23 +/- 24.00   n_per_axis=[28, 32, 34, 31, 34, 33]
[ 920000/1000000]  ep= 920  reward(last50)= 916.75  n_per_axis=[28, 32, 34, 31, 34, 33]  total_splits=166
[ 930000/1000000]  ep= 930  reward(last50)= 916.21  n_per_axis=[28, 31, 34, 31, 34, 33]  total_splits=166
[ 940000/1000000]  eval(5)= 940.28 +/- 35.88   n_per_axis=[28, 31, 34, 31, 34, 33]
[ 940000/1000000]  ep= 940  reward(last50)= 903.91  n_per_axis=[28, 31, 34, 31, 34, 33]  total_splits=166
[ 950000/1000000]  ep= 950  reward(last50)= 899.90  n_per_axis=[30, 31, 34, 31, 33, 33]  total_splits=167
[ 960000/1000000]  eval(5)= 847.74 +/- 37.92   n_per_axis=[30, 31, 34, 31, 33, 33]
[ 960000/1000000]  ep= 960  reward(last50)= 904.54  n_per_axis=[30, 31, 34, 31, 33, 33]  total_splits=167
[ 970000/1000000]  ep= 970  reward(last50)= 907.20  n_per_axis=[30, 31, 34, 31, 33, 33]  total_splits=167
[ 980000/1000000]  eval(5)= 940.77 +/- 34.74   n_per_axis=[30, 31, 34, 31, 33, 33]
[ 980000/1000000]  ep= 980  reward(last50)= 911.34  n_per_axis=[30, 31, 34, 31, 33, 33]  total_splits=167
[ 990000/1000000]  ep= 990  reward(last50)= 921.60  n_per_axis=[29, 31, 34, 31, 33, 33]  total_splits=167
[1000000/1000000]  eval(5)= 889.16 +/- 50.83   n_per_axis=[29, 31, 34, 31, 33, 33]
[1000000/1000000]  ep=1000  reward(last50)= 919.96  n_per_axis=[29, 31, 34, 31, 33, 33]  total_splits=167
Saved BranchingDQN checkpoint to checkpoints/dmcs/walker-walk/sample_efficiency/zooming_n32_seed44.pt

Evaluating (deterministic)...
Eval(10): mean=904.75  std=36.41
Final n_per_axis: [29, 31, 34, 31, 33, 33]  total_cells: 191/192  total_splits: 167
Split history: 90 events, steps 10000 to 942000
