/home/bruinml/anaconda3/envs/highway/lib/python3.11/site-packages/pygame/pkgdata.py:25: UserWarning: pkg_resources is deprecated as an API. See https://setuptools.pypa.io/en/latest/pkg_resources.html. The pkg_resources package is slated for removal as early as 2025-11-30. Refrain from using this package or pin to Setuptools<81.
  from pkg_resources import resource_stream, resource_exists
/home/bruinml/anaconda3/envs/highway/lib/python3.11/site-packages/torch/cuda/__init__.py:180: UserWarning: CUDA initialization: The NVIDIA driver on your system is too old (found version 12080). Please update your GPU driver by downloading and installing a new version from the URL: http://www.nvidia.com/Download/index.aspx Alternatively, go to: https://pytorch.org to install a PyTorch version that has been compiled with your version of the CUDA driver. (Triggered internally at /pytorch/c10/cuda/CUDAFunctions.cpp:119.)
  return torch._C._cuda_getDeviceCount() > 0
SAC on racetrack-v0  seed=43  steps=150000
[   5000/150000]  ep= 436  reward(last50)=   6.29  alpha=0.1000
[  10000/150000]  eval(10)=  72.28 +/- 35.63   alpha=0.0836
[  10000/150000]  ep= 463  reward(last50)=  73.61  alpha=0.0836
[  15000/150000]  ep= 471  reward(last50)= 167.36  alpha=0.0702
[  20000/150000]  eval(10)= 785.05 +/- 613.17  alpha=0.0602
[  20000/150000]  ep= 480  reward(last50)= 252.02  alpha=0.0602
[  25000/150000]  ep= 486  reward(last50)= 319.81  alpha=0.0565
[  30000/150000]  eval(10)= 966.99 +/- 609.31  alpha=0.0582
[  30000/150000]  ep= 490  reward(last50)= 420.86  alpha=0.0582
[  35000/150000]  ep= 494  reward(last50)= 520.94  alpha=0.0623
[  40000/150000]  eval(10)=1170.85 +/- 428.98  alpha=0.0681
[  40000/150000]  ep= 497  reward(last50)= 601.24  alpha=0.0681
[  45000/150000]  ep= 501  reward(last50)= 692.17  alpha=0.0720
[  50000/150000]  eval(10)= 972.91 +/- 603.41  alpha=0.0748
[  50000/150000]  ep= 505  reward(last50)= 775.91  alpha=0.0748
[  55000/150000]  ep= 509  reward(last50)= 828.13  alpha=0.0748
[  60000/150000]  eval(10)=1238.10 +/- 407.08  alpha=0.0763
[  60000/150000]  ep= 513  reward(last50)= 881.95  alpha=0.0763
[  65000/150000]  ep= 516  reward(last50)= 949.69  alpha=0.0782
[  70000/150000]  eval(10)= 971.72 +/- 609.18  alpha=0.0782
[  70000/150000]  ep= 520  reward(last50)= 976.78  alpha=0.0782
[  75000/150000]  ep= 525  reward(last50)=1009.61  alpha=0.0800
[  80000/150000]  eval(10)=1039.35 +/- 531.21  alpha=0.0813
[  80000/150000]  ep= 529  reward(last50)=1060.93  alpha=0.0813
[  85000/150000]  ep= 533  reward(last50)=1101.65  alpha=0.0839
[  90000/150000]  eval(10)= 975.13 +/- 607.84  alpha=0.0854
[  90000/150000]  ep= 538  reward(last50)=1134.85  alpha=0.0854
[  95000/150000]  ep= 541  reward(last50)=1135.62  alpha=0.0854
[ 100000/150000]  eval(10)=1249.48 +/- 401.07  alpha=0.0857
[ 100000/150000]  ep= 544  reward(last50)=1142.02  alpha=0.0857
[ 105000/150000]  ep= 549  reward(last50)=1129.96  alpha=0.0865
[ 110000/150000]  eval(10)=1383.19 +/- 5.38    alpha=0.0884
[ 110000/150000]  ep= 553  reward(last50)=1104.67  alpha=0.0884
[ 115000/150000]  ep= 557  reward(last50)=1095.22  alpha=0.0879
[ 120000/150000]  eval(10)=1385.14 +/- 8.69    alpha=0.0913
[ 120000/150000]  ep= 561  reward(last50)=1119.85  alpha=0.0913
[ 125000/150000]  ep= 566  reward(last50)=1095.55  alpha=0.0904
[ 130000/150000]  eval(10)=1254.27 +/- 396.00  alpha=0.0916
[ 130000/150000]  ep= 570  reward(last50)=1071.06  alpha=0.0916
[ 135000/150000]  ep= 573  reward(last50)=1071.97  alpha=0.0921
[ 140000/150000]  eval(10)=1260.74 +/- 385.53  alpha=0.0931
[ 140000/150000]  ep= 577  reward(last50)=1143.14  alpha=0.0931
[ 145000/150000]  ep= 580  reward(last50)=1144.63  alpha=0.0916
[ 150000/150000]  eval(10)=1266.21 +/- 358.02  alpha=0.0906
[ 150000/150000]  ep= 584  reward(last50)=1146.17  alpha=0.0906
Saved SAC checkpoint to checkpoints/highway/efficiency/sac_seed43.pt

Evaluating (deterministic)...
Eval(20): mean=1052.50  std=573.97
