/home/bruinml/anaconda3/envs/highway/lib/python3.11/site-packages/pygame/pkgdata.py:25: UserWarning: pkg_resources is deprecated as an API. See https://setuptools.pypa.io/en/latest/pkg_resources.html. The pkg_resources package is slated for removal as early as 2025-11-30. Refrain from using this package or pin to Setuptools<81.
  from pkg_resources import resource_stream, resource_exists
/home/bruinml/anaconda3/envs/highway/lib/python3.11/site-packages/torch/cuda/__init__.py:180: UserWarning: CUDA initialization: The NVIDIA driver on your system is too old (found version 12080). Please update your GPU driver by downloading and installing a new version from the URL: http://www.nvidia.com/Download/index.aspx Alternatively, go to: https://pytorch.org to install a PyTorch version that has been compiled with your version of the CUDA driver. (Triggered internally at /pytorch/c10/cuda/CUDAFunctions.cpp:119.)
  return torch._C._cuda_getDeviceCount() > 0
Uniform DQN on racetrack-v0  da=1  n=32 (per axis -> 32 total cells)  seed=43  steps=150000
[   5000/150000]  ep= 164  reward(last50)=  31.19  n_per_axis=[32]  total_splits=0
[  10000/150000]  eval(10)= 559.69 +/- 444.53  n_per_axis=[32]
[  10000/150000]  ep= 173  reward(last50)= 106.95  n_per_axis=[32]  total_splits=0
[  15000/150000]  ep= 181  reward(last50)= 179.24  n_per_axis=[32]  total_splits=0
[  20000/150000]  eval(10)= 758.50 +/- 476.40  n_per_axis=[32]
[  20000/150000]  ep= 197  reward(last50)= 273.46  n_per_axis=[32]  total_splits=0
[  25000/150000]  ep= 205  reward(last50)= 338.30  n_per_axis=[32]  total_splits=0
[  30000/150000]  eval(10)= 315.93 +/- 326.87  n_per_axis=[32]
[  30000/150000]  ep= 213  reward(last50)= 400.59  n_per_axis=[32]  total_splits=0
[  35000/150000]  ep= 220  reward(last50)= 398.41  n_per_axis=[32]  total_splits=0
[  40000/150000]  eval(10)= 610.30 +/- 496.05  n_per_axis=[32]
[  40000/150000]  ep= 230  reward(last50)= 426.66  n_per_axis=[32]  total_splits=0
[  45000/150000]  ep= 247  reward(last50)= 381.41  n_per_axis=[32]  total_splits=0
[  50000/150000]  eval(10)= 374.14 +/- 443.26  n_per_axis=[32]
[  50000/150000]  ep= 254  reward(last50)= 405.95  n_per_axis=[32]  total_splits=0
[  55000/150000]  ep= 258  reward(last50)= 406.81  n_per_axis=[32]  total_splits=0
[  60000/150000]  eval(10)= 470.26 +/- 420.12  n_per_axis=[32]
[  60000/150000]  ep= 263  reward(last50)= 458.44  n_per_axis=[32]  total_splits=0
[  65000/150000]  ep= 277  reward(last50)= 401.56  n_per_axis=[32]  total_splits=0
[  70000/150000]  eval(10)= 497.30 +/- 550.76  n_per_axis=[32]
[  70000/150000]  ep= 287  reward(last50)= 453.07  n_per_axis=[32]  total_splits=0
[  75000/150000]  ep= 292  reward(last50)= 482.72  n_per_axis=[32]  total_splits=0
[  80000/150000]  eval(10)= 496.01 +/- 483.74  n_per_axis=[32]
[  80000/150000]  ep= 298  reward(last50)= 517.15  n_per_axis=[32]  total_splits=0
[  85000/150000]  ep= 302  reward(last50)= 567.94  n_per_axis=[32]  total_splits=0
[  90000/150000]  eval(10)= 610.84 +/- 445.30  n_per_axis=[32]
[  90000/150000]  ep= 308  reward(last50)= 567.21  n_per_axis=[32]  total_splits=0
[  95000/150000]  ep= 315  reward(last50)= 505.24  n_per_axis=[32]  total_splits=0
[ 100000/150000]  eval(10)= 643.92 +/- 512.32  n_per_axis=[32]
[ 100000/150000]  ep= 323  reward(last50)= 570.99  n_per_axis=[32]  total_splits=0
[ 105000/150000]  ep= 334  reward(last50)= 570.14  n_per_axis=[32]  total_splits=0
[ 110000/150000]  eval(10)= 528.00 +/- 501.57  n_per_axis=[32]
[ 110000/150000]  ep= 341  reward(last50)= 581.11  n_per_axis=[32]  total_splits=0
[ 115000/150000]  ep= 346  reward(last50)= 578.98  n_per_axis=[32]  total_splits=0
[ 120000/150000]  eval(10)= 535.05 +/- 457.16  n_per_axis=[32]
[ 120000/150000]  ep= 351  reward(last50)= 576.67  n_per_axis=[32]  total_splits=0
[ 125000/150000]  ep= 363  reward(last50)= 518.12  n_per_axis=[32]  total_splits=0
[ 130000/150000]  eval(10)= 469.21 +/- 488.82  n_per_axis=[32]
[ 130000/150000]  ep= 371  reward(last50)= 515.46  n_per_axis=[32]  total_splits=0
[ 135000/150000]  ep= 379  reward(last50)= 523.26  n_per_axis=[32]  total_splits=0
[ 140000/150000]  eval(10)= 545.79 +/- 426.87  n_per_axis=[32]
[ 140000/150000]  ep= 385  reward(last50)= 548.25  n_per_axis=[32]  total_splits=0
[ 145000/150000]  ep= 390  reward(last50)= 593.70  n_per_axis=[32]  total_splits=0
[ 150000/150000]  eval(10)= 660.38 +/- 557.40  n_per_axis=[32]
[ 150000/150000]  ep= 395  reward(last50)= 619.33  n_per_axis=[32]  total_splits=0
Saved BranchingDQN checkpoint to checkpoints/highway/efficiency/uniform_n32_seed43.pt

Evaluating (deterministic)...
Eval(20): mean=510.37  std=540.27
