/home/bruinml/anaconda3/envs/highway/lib/python3.11/site-packages/pygame/pkgdata.py:25: UserWarning: pkg_resources is deprecated as an API. See https://setuptools.pypa.io/en/latest/pkg_resources.html. The pkg_resources package is slated for removal as early as 2025-11-30. Refrain from using this package or pin to Setuptools<81.
  from pkg_resources import resource_stream, resource_exists
/home/bruinml/anaconda3/envs/highway/lib/python3.11/site-packages/torch/cuda/__init__.py:180: UserWarning: CUDA initialization: The NVIDIA driver on your system is too old (found version 12080). Please update your GPU driver by downloading and installing a new version from the URL: http://www.nvidia.com/Download/index.aspx Alternatively, go to: https://pytorch.org to install a PyTorch version that has been compiled with your version of the CUDA driver. (Triggered internally at /pytorch/c10/cuda/CUDAFunctions.cpp:119.)
  return torch._C._cuda_getDeviceCount() > 0
Uniform DQN on racetrack-v0  da=1  n=32 (per axis -> 32 total cells)  seed=42  steps=150000
[   5000/150000]  ep= 133  reward(last50)=  45.21  n_per_axis=[32]  total_splits=0
[  10000/150000]  eval(10)= 343.64 +/- 291.16  n_per_axis=[32]
[  10000/150000]  ep= 143  reward(last50)= 123.01  n_per_axis=[32]  total_splits=0
[  15000/150000]  ep= 160  reward(last50)= 209.73  n_per_axis=[32]  total_splits=0
[  20000/150000]  eval(10)= 362.33 +/- 449.43  n_per_axis=[32]
[  20000/150000]  ep= 174  reward(last50)= 258.91  n_per_axis=[32]  total_splits=0
[  25000/150000]  ep= 186  reward(last50)= 280.49  n_per_axis=[32]  total_splits=0
[  30000/150000]  eval(10)= 914.96 +/- 381.88  n_per_axis=[32]
[  30000/150000]  ep= 196  reward(last50)= 297.66  n_per_axis=[32]  total_splits=0
[  35000/150000]  ep= 207  reward(last50)= 311.10  n_per_axis=[32]  total_splits=0
[  40000/150000]  eval(10)= 538.73 +/- 453.05  n_per_axis=[32]
[  40000/150000]  ep= 212  reward(last50)= 374.23  n_per_axis=[32]  total_splits=0
[  45000/150000]  ep= 218  reward(last50)= 441.14  n_per_axis=[32]  total_splits=0
[  50000/150000]  eval(10)= 674.06 +/- 455.56  n_per_axis=[32]
[  50000/150000]  ep= 225  reward(last50)= 459.89  n_per_axis=[32]  total_splits=0
[  55000/150000]  ep= 231  reward(last50)= 501.48  n_per_axis=[32]  total_splits=0
[  60000/150000]  eval(10)= 549.71 +/- 487.90  n_per_axis=[32]
[  60000/150000]  ep= 235  reward(last50)= 562.51  n_per_axis=[32]  total_splits=0
[  65000/150000]  ep= 241  reward(last50)= 610.40  n_per_axis=[32]  total_splits=0
[  70000/150000]  eval(10)= 697.74 +/- 511.00  n_per_axis=[32]
[  70000/150000]  ep= 247  reward(last50)= 592.78  n_per_axis=[32]  total_splits=0
[  75000/150000]  ep= 252  reward(last50)= 655.18  n_per_axis=[32]  total_splits=0
[  80000/150000]  eval(10)= 723.72 +/- 507.67  n_per_axis=[32]
[  80000/150000]  ep= 262  reward(last50)= 647.97  n_per_axis=[32]  total_splits=0
[  85000/150000]  ep= 266  reward(last50)= 668.68  n_per_axis=[32]  total_splits=0
[  90000/150000]  eval(10)= 643.29 +/- 528.66  n_per_axis=[32]
[  90000/150000]  ep= 269  reward(last50)= 693.77  n_per_axis=[32]  total_splits=0
[  95000/150000]  ep= 279  reward(last50)= 683.58  n_per_axis=[32]  total_splits=0
[ 100000/150000]  eval(10)= 819.29 +/- 488.58  n_per_axis=[32]
[ 100000/150000]  ep= 287  reward(last50)= 625.09  n_per_axis=[32]  total_splits=0
[ 105000/150000]  ep= 292  reward(last50)= 626.89  n_per_axis=[32]  total_splits=0
[ 110000/150000]  eval(10)= 794.81 +/- 517.42  n_per_axis=[32]
[ 110000/150000]  ep= 298  reward(last50)= 645.72  n_per_axis=[32]  total_splits=0
[ 115000/150000]  ep= 302  reward(last50)= 662.21  n_per_axis=[32]  total_splits=0
[ 120000/150000]  eval(10)= 423.75 +/- 461.57  n_per_axis=[32]
[ 120000/150000]  ep= 310  reward(last50)= 658.06  n_per_axis=[32]  total_splits=0
[ 125000/150000]  ep= 318  reward(last50)= 618.00  n_per_axis=[32]  total_splits=0
[ 130000/150000]  eval(10)= 928.42 +/- 570.31  n_per_axis=[32]
[ 130000/150000]  ep= 325  reward(last50)= 628.21  n_per_axis=[32]  total_splits=0
[ 135000/150000]  ep= 330  reward(last50)= 650.15  n_per_axis=[32]  total_splits=0
[ 140000/150000]  eval(10)= 792.79 +/- 560.28  n_per_axis=[32]
[ 140000/150000]  ep= 335  reward(last50)= 711.65  n_per_axis=[32]  total_splits=0
[ 145000/150000]  ep= 345  reward(last50)= 641.62  n_per_axis=[32]  total_splits=0
[ 150000/150000]  eval(10)= 681.69 +/- 632.98  n_per_axis=[32]
[ 150000/150000]  ep= 351  reward(last50)= 633.46  n_per_axis=[32]  total_splits=0
Saved BranchingDQN checkpoint to checkpoints/highway/efficiency/uniform_n32_seed42.pt

Evaluating (deterministic)...
Eval(20): mean=606.13  std=572.81
