/home/bruinml/anaconda3/envs/highway/lib/python3.11/site-packages/pygame/pkgdata.py:25: UserWarning: pkg_resources is deprecated as an API. See https://setuptools.pypa.io/en/latest/pkg_resources.html. The pkg_resources package is slated for removal as early as 2025-11-30. Refrain from using this package or pin to Setuptools<81.
  from pkg_resources import resource_stream, resource_exists
/home/bruinml/anaconda3/envs/highway/lib/python3.11/site-packages/torch/cuda/__init__.py:180: UserWarning: CUDA initialization: The NVIDIA driver on your system is too old (found version 12080). Please update your GPU driver by downloading and installing a new version from the URL: http://www.nvidia.com/Download/index.aspx Alternatively, go to: https://pytorch.org to install a PyTorch version that has been compiled with your version of the CUDA driver. (Triggered internally at /pytorch/c10/cuda/CUDAFunctions.cpp:119.)
  return torch._C._cuda_getDeviceCount() > 0
Uniform DQN on racetrack-v0  da=1  n=64 (per axis -> 64 total cells)  seed=43  steps=150000
[   5000/150000]  ep= 180  reward(last50)=  47.81  n_per_axis=[64]  total_splits=0
[  10000/150000]  eval(10)= 418.62 +/- 407.19  n_per_axis=[64]
[  10000/150000]  ep= 192  reward(last50)= 109.12  n_per_axis=[64]  total_splits=0
[  15000/150000]  ep= 201  reward(last50)= 190.03  n_per_axis=[64]  total_splits=0
[  20000/150000]  eval(10)= 404.57 +/- 330.87  n_per_axis=[64]
[  20000/150000]  ep= 215  reward(last50)= 236.21  n_per_axis=[64]  total_splits=0
[  25000/150000]  ep= 225  reward(last50)= 313.73  n_per_axis=[64]  total_splits=0
[  30000/150000]  eval(10)= 343.45 +/- 383.01  n_per_axis=[64]
[  30000/150000]  ep= 237  reward(last50)= 316.22  n_per_axis=[64]  total_splits=0
[  35000/150000]  ep= 258  reward(last50)= 260.45  n_per_axis=[64]  total_splits=0
[  40000/150000]  eval(10)= 677.77 +/- 385.94  n_per_axis=[64]
[  40000/150000]  ep= 271  reward(last50)= 262.44  n_per_axis=[64]  total_splits=0
[  45000/150000]  ep= 281  reward(last50)= 235.72  n_per_axis=[64]  total_splits=0
[  50000/150000]  eval(10)= 392.48 +/- 374.95  n_per_axis=[64]
[  50000/150000]  ep= 287  reward(last50)= 289.85  n_per_axis=[64]  total_splits=0
[  55000/150000]  ep= 294  reward(last50)= 337.66  n_per_axis=[64]  total_splits=0
[  60000/150000]  eval(10)= 557.48 +/- 478.46  n_per_axis=[64]
[  60000/150000]  ep= 299  reward(last50)= 389.60  n_per_axis=[64]  total_splits=0
[  65000/150000]  ep= 305  reward(last50)= 433.98  n_per_axis=[64]  total_splits=0
[  70000/150000]  eval(10)= 563.09 +/- 317.82  n_per_axis=[64]
[  70000/150000]  ep= 313  reward(last50)= 469.42  n_per_axis=[64]  total_splits=0
[  75000/150000]  ep= 321  reward(last50)= 512.55  n_per_axis=[64]  total_splits=0
[  80000/150000]  eval(10)= 496.47 +/- 404.94  n_per_axis=[64]
[  80000/150000]  ep= 327  reward(last50)= 543.79  n_per_axis=[64]  total_splits=0
[  85000/150000]  ep= 334  reward(last50)= 548.73  n_per_axis=[64]  total_splits=0
[  90000/150000]  eval(10)= 601.70 +/- 451.76  n_per_axis=[64]
[  90000/150000]  ep= 340  reward(last50)= 559.52  n_per_axis=[64]  total_splits=0
[  95000/150000]  ep= 349  reward(last50)= 531.43  n_per_axis=[64]  total_splits=0
[ 100000/150000]  eval(10)= 595.93 +/- 524.98  n_per_axis=[64]
[ 100000/150000]  ep= 359  reward(last50)= 461.24  n_per_axis=[64]  total_splits=0
[ 105000/150000]  ep= 371  reward(last50)= 453.11  n_per_axis=[64]  total_splits=0
[ 110000/150000]  eval(10)=1120.71 +/- 132.44  n_per_axis=[64]
[ 110000/150000]  ep= 377  reward(last50)= 456.28  n_per_axis=[64]  total_splits=0
[ 115000/150000]  ep= 384  reward(last50)= 454.95  n_per_axis=[64]  total_splits=0
[ 120000/150000]  eval(10)= 601.07 +/- 559.06  n_per_axis=[64]
[ 120000/150000]  ep= 392  reward(last50)= 426.15  n_per_axis=[64]  total_splits=0
[ 125000/150000]  ep= 403  reward(last50)= 411.82  n_per_axis=[64]  total_splits=0
[ 130000/150000]  eval(10)= 814.48 +/- 453.37  n_per_axis=[64]
[ 130000/150000]  ep= 414  reward(last50)= 436.03  n_per_axis=[64]  total_splits=0
[ 135000/150000]  ep= 421  reward(last50)= 470.74  n_per_axis=[64]  total_splits=0
[ 140000/150000]  eval(10)= 598.20 +/- 549.57  n_per_axis=[64]
[ 140000/150000]  ep= 425  reward(last50)= 491.03  n_per_axis=[64]  total_splits=0
[ 145000/150000]  ep= 428  reward(last50)= 533.32  n_per_axis=[64]  total_splits=0
[ 150000/150000]  eval(10)= 238.53 +/- 337.44  n_per_axis=[64]
[ 150000/150000]  ep= 437  reward(last50)= 545.53  n_per_axis=[64]  total_splits=0
Saved BranchingDQN checkpoint to checkpoints/highway/efficiency/uniform_n64_seed43.pt

Evaluating (deterministic)...
Eval(20): mean=460.42  std=459.96
