/home/bruinml/anaconda3/envs/highway/lib/python3.11/site-packages/pygame/pkgdata.py:25: UserWarning: pkg_resources is deprecated as an API. See https://setuptools.pypa.io/en/latest/pkg_resources.html. The pkg_resources package is slated for removal as early as 2025-11-30. Refrain from using this package or pin to Setuptools<81.
  from pkg_resources import resource_stream, resource_exists
/home/bruinml/anaconda3/envs/highway/lib/python3.11/site-packages/torch/cuda/__init__.py:180: UserWarning: CUDA initialization: The NVIDIA driver on your system is too old (found version 12080). Please update your GPU driver by downloading and installing a new version from the URL: http://www.nvidia.com/Download/index.aspx Alternatively, go to: https://pytorch.org to install a PyTorch version that has been compiled with your version of the CUDA driver. (Triggered internally at /pytorch/c10/cuda/CUDAFunctions.cpp:119.)
  return torch._C._cuda_getDeviceCount() > 0
Zooming DQN on racetrack-v0  da=1  init_depth=3 (start=8 cells)  n=16 -> total_budget=16  seed=44  steps=150000
[   5000/150000]  ep= 159  reward(last50)=  26.39  n_per_axis=[8]  total_splits=0
[  10000/150000]  eval(10)= 649.13 +/- 514.03  n_per_axis=[8]
[  10000/150000]  ep= 164  reward(last50)= 127.47  n_per_axis=[8]  total_splits=0
[  15000/150000]  ep= 169  reward(last50)= 205.45  n_per_axis=[8]  total_splits=0
[  20000/150000]  eval(10)= 646.82 +/- 504.86  n_per_axis=[8]
[  20000/150000]  ep= 177  reward(last50)= 284.96  n_per_axis=[8]  total_splits=0
[  25000/150000]  ep= 182  reward(last50)= 370.17  n_per_axis=[8]  total_splits=0
[  30000/150000]  eval(10)= 925.79 +/- 522.76  n_per_axis=[16]
[  30000/150000]  ep= 185  reward(last50)= 445.16  n_per_axis=[16]  total_splits=4
[  35000/150000]  ep= 189  reward(last50)= 523.01  n_per_axis=[15]  total_splits=4
[  40000/150000]  eval(10)= 667.54 +/- 608.87  n_per_axis=[15]
[  40000/150000]  ep= 195  reward(last50)= 604.26  n_per_axis=[15]  total_splits=4
[  45000/150000]  ep= 200  reward(last50)= 679.30  n_per_axis=[15]  total_splits=4
[  50000/150000]  eval(10)= 544.67 +/- 488.26  n_per_axis=[16]
[  50000/150000]  ep= 209  reward(last50)= 765.53  n_per_axis=[16]  total_splits=5
[  55000/150000]  ep= 215  reward(last50)= 718.04  n_per_axis=[15]  total_splits=5
[  60000/150000]  eval(10)= 734.41 +/- 546.92  n_per_axis=[16]
[  60000/150000]  ep= 222  reward(last50)= 711.27  n_per_axis=[16]  total_splits=6
[  65000/150000]  ep= 226  reward(last50)= 743.13  n_per_axis=[16]  total_splits=6
[  70000/150000]  eval(10)= 958.93 +/- 483.87  n_per_axis=[16]
[  70000/150000]  ep= 231  reward(last50)= 742.59  n_per_axis=[16]  total_splits=6
[  75000/150000]  ep= 237  reward(last50)= 698.58  n_per_axis=[16]  total_splits=6
[  80000/150000]  eval(10)= 928.11 +/- 518.44  n_per_axis=[16]
[  80000/150000]  ep= 241  reward(last50)= 725.00  n_per_axis=[16]  total_splits=6
[  85000/150000]  ep= 251  reward(last50)= 652.22  n_per_axis=[15]  total_splits=6
[  90000/150000]  eval(10)= 871.42 +/- 562.72  n_per_axis=[15]
[  90000/150000]  ep= 256  reward(last50)= 659.20  n_per_axis=[15]  total_splits=6
[  95000/150000]  ep= 262  reward(last50)= 702.55  n_per_axis=[15]  total_splits=6
[ 100000/150000]  eval(10)= 682.47 +/- 623.18  n_per_axis=[15]
[ 100000/150000]  ep= 266  reward(last50)= 719.85  n_per_axis=[15]  total_splits=6
[ 105000/150000]  ep= 272  reward(last50)= 748.88  n_per_axis=[15]  total_splits=6
[ 110000/150000]  eval(10)= 924.07 +/- 570.56  n_per_axis=[16]
[ 110000/150000]  ep= 278  reward(last50)= 744.51  n_per_axis=[16]  total_splits=7
[ 115000/150000]  ep= 287  reward(last50)= 679.50  n_per_axis=[16]  total_splits=7
[ 120000/150000]  eval(10)=1078.20 +/- 423.49  n_per_axis=[16]
[ 120000/150000]  ep= 293  reward(last50)= 636.55  n_per_axis=[16]  total_splits=7
[ 125000/150000]  ep= 309  reward(last50)= 582.48  n_per_axis=[16]  total_splits=7
[ 130000/150000]  eval(10)= 971.03 +/- 590.90  n_per_axis=[16]
[ 130000/150000]  ep= 313  reward(last50)= 583.21  n_per_axis=[16]  total_splits=7
[ 135000/150000]  ep= 319  reward(last50)= 579.34  n_per_axis=[15]  total_splits=7
[ 140000/150000]  eval(10)= 863.67 +/- 559.41  n_per_axis=[15]
[ 140000/150000]  ep= 328  reward(last50)= 532.97  n_per_axis=[15]  total_splits=7
[ 145000/150000]  ep= 335  reward(last50)= 546.35  n_per_axis=[15]  total_splits=7
[ 150000/150000]  eval(10)= 764.09 +/- 600.13  n_per_axis=[15]
[ 150000/150000]  ep= 342  reward(last50)= 526.80  n_per_axis=[15]  total_splits=7
Saved BranchingDQN checkpoint to checkpoints/highway/efficiency/zooming_n16_seed44.pt

Evaluating (deterministic)...
Eval(20): mean=866.88  std=500.51
Final n_per_axis: [15]  total_cells: 15/16  total_splits: 7
