/home/bruinml/anaconda3/envs/highway/lib/python3.11/site-packages/pygame/pkgdata.py:25: UserWarning: pkg_resources is deprecated as an API. See https://setuptools.pypa.io/en/latest/pkg_resources.html. The pkg_resources package is slated for removal as early as 2025-11-30. Refrain from using this package or pin to Setuptools<81.
  from pkg_resources import resource_stream, resource_exists
/home/bruinml/anaconda3/envs/highway/lib/python3.11/site-packages/torch/cuda/__init__.py:180: UserWarning: CUDA initialization: The NVIDIA driver on your system is too old (found version 12080). Please update your GPU driver by downloading and installing a new version from the URL: http://www.nvidia.com/Download/index.aspx Alternatively, go to: https://pytorch.org to install a PyTorch version that has been compiled with your version of the CUDA driver. (Triggered internally at /pytorch/c10/cuda/CUDAFunctions.cpp:119.)
  return torch._C._cuda_getDeviceCount() > 0
Zooming DQN on racetrack-v0  da=1  init_depth=3 (start=8 cells)  n=64 -> total_budget=64  seed=42  steps=150000
[   5000/150000]  ep= 286  reward(last50)=  43.08  n_per_axis=[8]  total_splits=0
[  10000/150000]  eval(10)= 561.01 +/- 538.86  n_per_axis=[8]
[  10000/150000]  ep= 296  reward(last50)= 128.96  n_per_axis=[8]  total_splits=0
[  15000/150000]  ep= 303  reward(last50)= 202.91  n_per_axis=[8]  total_splits=0
[  20000/150000]  eval(10)= 634.97 +/- 500.46  n_per_axis=[8]
[  20000/150000]  ep= 307  reward(last50)= 276.10  n_per_axis=[8]  total_splits=0
[  25000/150000]  ep= 312  reward(last50)= 360.13  n_per_axis=[8]  total_splits=0
[  30000/150000]  eval(10)= 810.57 +/- 586.18  n_per_axis=[22]
[  30000/150000]  ep= 319  reward(last50)= 468.65  n_per_axis=[22]  total_splits=7
[  35000/150000]  ep= 328  reward(last50)= 547.43  n_per_axis=[22]  total_splits=7
[  40000/150000]  eval(10)= 557.73 +/- 586.19  n_per_axis=[24]
[  40000/150000]  ep= 334  reward(last50)= 624.97  n_per_axis=[24]  total_splits=9
[  45000/150000]  ep= 340  reward(last50)= 624.55  n_per_axis=[29]  total_splits=12
[  50000/150000]  eval(10)=  12.30 +/- 7.88    n_per_axis=[31]
[  50000/150000]  ep= 349  reward(last50)= 624.26  n_per_axis=[31]  total_splits=13
[  55000/150000]  ep= 363  reward(last50)= 491.20  n_per_axis=[31]  total_splits=13
[  60000/150000]  eval(10)= 505.27 +/- 368.18  n_per_axis=[34]
[  60000/150000]  ep= 372  reward(last50)= 452.03  n_per_axis=[34]  total_splits=15
[  65000/150000]  ep= 379  reward(last50)= 446.73  n_per_axis=[34]  total_splits=15
[  70000/150000]  eval(10)= 675.22 +/- 579.19  n_per_axis=[34]
[  70000/150000]  ep= 389  reward(last50)= 395.15  n_per_axis=[34]  total_splits=15
[  75000/150000]  ep= 392  reward(last50)= 434.62  n_per_axis=[34]  total_splits=15
[  80000/150000]  eval(10)= 649.63 +/- 484.52  n_per_axis=[33]
[  80000/150000]  ep= 398  reward(last50)= 478.44  n_per_axis=[33]  total_splits=15
[  85000/150000]  ep= 408  reward(last50)= 553.65  n_per_axis=[37]  total_splits=17
[  90000/150000]  eval(10)= 524.71 +/- 561.21  n_per_axis=[37]
[  90000/150000]  ep= 415  reward(last50)= 558.45  n_per_axis=[37]  total_splits=17
[  95000/150000]  ep= 420  reward(last50)= 593.48  n_per_axis=[36]  total_splits=17
[ 100000/150000]  eval(10)= 641.08 +/- 548.21  n_per_axis=[40]
[ 100000/150000]  ep= 426  reward(last50)= 621.59  n_per_axis=[40]  total_splits=19
[ 105000/150000]  ep= 433  reward(last50)= 604.47  n_per_axis=[40]  total_splits=19
[ 110000/150000]  eval(10)= 393.17 +/- 442.73  n_per_axis=[42]
[ 110000/150000]  ep= 460  reward(last50)= 369.12  n_per_axis=[42]  total_splits=21
[ 115000/150000]  ep= 474  reward(last50)= 265.81  n_per_axis=[44]  total_splits=22
[ 120000/150000]  eval(10)= 315.40 +/- 412.64  n_per_axis=[44]
[ 120000/150000]  ep= 479  reward(last50)= 280.96  n_per_axis=[44]  total_splits=23
[ 125000/150000]  ep= 496  reward(last50)= 249.03  n_per_axis=[47]  total_splits=25
[ 130000/150000]  eval(10)= 289.48 +/- 425.09  n_per_axis=[50]
[ 130000/150000]  ep= 505  reward(last50)= 320.96  n_per_axis=[50]  total_splits=27
[ 135000/150000]  ep= 513  reward(last50)= 392.97  n_per_axis=[56]  total_splits=30
[ 140000/150000]  eval(10)= 206.99 +/- 379.20  n_per_axis=[58]
[ 140000/150000]  ep= 522  reward(last50)= 449.58  n_per_axis=[58]  total_splits=31
[ 145000/150000]  ep= 541  reward(last50)= 386.06  n_per_axis=[58]  total_splits=31
[ 150000/150000]  eval(10)= 426.90 +/- 483.67  n_per_axis=[58]
[ 150000/150000]  ep= 556  reward(last50)= 334.39  n_per_axis=[58]  total_splits=31
Saved BranchingDQN checkpoint to checkpoints/highway/efficiency/zooming_n64_seed42.pt

Evaluating (deterministic)...
Eval(20): mean=242.08  std=363.59
Final n_per_axis: [58]  total_cells: 58/64  total_splits: 31
