/home/bruinml/anaconda3/envs/highway/lib/python3.11/site-packages/pygame/pkgdata.py:25: UserWarning: pkg_resources is deprecated as an API. See https://setuptools.pypa.io/en/latest/pkg_resources.html. The pkg_resources package is slated for removal as early as 2025-11-30. Refrain from using this package or pin to Setuptools<81.
  from pkg_resources import resource_stream, resource_exists
/home/bruinml/anaconda3/envs/highway/lib/python3.11/site-packages/torch/cuda/__init__.py:180: UserWarning: CUDA initialization: The NVIDIA driver on your system is too old (found version 12080). Please update your GPU driver by downloading and installing a new version from the URL: http://www.nvidia.com/Download/index.aspx Alternatively, go to: https://pytorch.org to install a PyTorch version that has been compiled with your version of the CUDA driver. (Triggered internally at /pytorch/c10/cuda/CUDAFunctions.cpp:119.)
  return torch._C._cuda_getDeviceCount() > 0
Zooming DQN on racetrack-v0  da=1  init_depth=3 (start=8 cells)  n=32 -> total_budget=32  seed=44  steps=150000
[   5000/150000]  ep= 173  reward(last50)=  33.62  n_per_axis=[8]  total_splits=0
[  10000/150000]  eval(10)= 556.39 +/- 501.76  n_per_axis=[8]
[  10000/150000]  ep= 184  reward(last50)= 107.72  n_per_axis=[8]  total_splits=0
[  15000/150000]  ep= 193  reward(last50)= 208.19  n_per_axis=[8]  total_splits=0
[  20000/150000]  eval(10)= 738.96 +/- 509.84  n_per_axis=[8]
[  20000/150000]  ep= 196  reward(last50)= 273.03  n_per_axis=[8]  total_splits=0
[  25000/150000]  ep= 201  reward(last50)= 370.89  n_per_axis=[8]  total_splits=0
[  30000/150000]  eval(10)= 791.77 +/- 419.88  n_per_axis=[24]
[  30000/150000]  ep= 204  reward(last50)= 444.22  n_per_axis=[24]  total_splits=8
[  35000/150000]  ep= 209  reward(last50)= 535.01  n_per_axis=[24]  total_splits=8
[  40000/150000]  eval(10)= 710.04 +/- 472.34  n_per_axis=[26]
[  40000/150000]  ep= 216  reward(last50)= 614.38  n_per_axis=[26]  total_splits=10
[  45000/150000]  ep= 221  reward(last50)= 689.44  n_per_axis=[30]  total_splits=12
[  50000/150000]  eval(10)= 191.45 +/- 332.19  n_per_axis=[29]
[  50000/150000]  ep= 226  reward(last50)= 723.17  n_per_axis=[29]  total_splits=12
[  55000/150000]  ep= 230  reward(last50)= 756.77  n_per_axis=[32]  total_splits=14
[  60000/150000]  eval(10)= 612.67 +/- 553.94  n_per_axis=[31]
[  60000/150000]  ep= 236  reward(last50)= 787.52  n_per_axis=[31]  total_splits=14
[  65000/150000]  ep= 240  reward(last50)= 853.25  n_per_axis=[31]  total_splits=14
[  70000/150000]  eval(10)= 800.03 +/- 607.66  n_per_axis=[31]
[  70000/150000]  ep= 244  reward(last50)= 865.85  n_per_axis=[31]  total_splits=14
[  75000/150000]  ep= 248  reward(last50)= 855.23  n_per_axis=[31]  total_splits=14
[  80000/150000]  eval(10)=  59.21 +/- 8.66    n_per_axis=[31]
[  80000/150000]  ep= 253  reward(last50)= 861.22  n_per_axis=[31]  total_splits=15
[  85000/150000]  ep= 281  reward(last50)= 468.72  n_per_axis=[31]  total_splits=15
[  90000/150000]  eval(10)= 661.95 +/- 550.07  n_per_axis=[31]
[  90000/150000]  ep= 293  reward(last50)= 345.10  n_per_axis=[31]  total_splits=15
[  95000/150000]  ep= 298  reward(last50)= 339.96  n_per_axis=[31]  total_splits=15
[ 100000/150000]  eval(10)=   3.72 +/- 2.84    n_per_axis=[32]
[ 100000/150000]  ep= 304  reward(last50)= 307.70  n_per_axis=[32]  total_splits=16
[ 105000/150000]  ep= 311  reward(last50)= 393.75  n_per_axis=[32]  total_splits=16
[ 110000/150000]  eval(10)= 676.77 +/- 614.73  n_per_axis=[31]
[ 110000/150000]  ep= 323  reward(last50)= 467.86  n_per_axis=[31]  total_splits=16
[ 115000/150000]  ep= 336  reward(last50)= 467.88  n_per_axis=[32]  total_splits=17
[ 120000/150000]  eval(10)= 583.56 +/- 545.24  n_per_axis=[31]
[ 120000/150000]  ep= 349  reward(last50)= 403.65  n_per_axis=[31]  total_splits=17
[ 125000/150000]  ep= 358  reward(last50)= 357.33  n_per_axis=[31]  total_splits=17
[ 130000/150000]  eval(10)= 805.42 +/- 625.62  n_per_axis=[31]
[ 130000/150000]  ep= 363  reward(last50)= 404.95  n_per_axis=[31]  total_splits=17
[ 135000/150000]  ep= 366  reward(last50)= 432.10  n_per_axis=[31]  total_splits=17
[ 140000/150000]  eval(10)= 497.88 +/- 556.24  n_per_axis=[31]
[ 140000/150000]  ep= 375  reward(last50)= 476.72  n_per_axis=[31]  total_splits=17
[ 145000/150000]  ep= 380  reward(last50)= 528.33  n_per_axis=[31]  total_splits=17
[ 150000/150000]  eval(10)= 829.08 +/- 618.33  n_per_axis=[31]
[ 150000/150000]  ep= 385  reward(last50)= 597.51  n_per_axis=[31]  total_splits=17
Saved BranchingDQN checkpoint to checkpoints/highway/efficiency/zooming_n32_seed44.pt

Evaluating (deterministic)...
Eval(20): mean=767.20  std=601.48
Final n_per_axis: [31]  total_cells: 31/32  total_splits: 17
