/home/bruinml/anaconda3/envs/highway/lib/python3.11/site-packages/pygame/pkgdata.py:25: UserWarning: pkg_resources is deprecated as an API. See https://setuptools.pypa.io/en/latest/pkg_resources.html. The pkg_resources package is slated for removal as early as 2025-11-30. Refrain from using this package or pin to Setuptools<81.
  from pkg_resources import resource_stream, resource_exists
/home/bruinml/anaconda3/envs/highway/lib/python3.11/site-packages/torch/cuda/__init__.py:180: UserWarning: CUDA initialization: The NVIDIA driver on your system is too old (found version 12080). Please update your GPU driver by downloading and installing a new version from the URL: http://www.nvidia.com/Download/index.aspx Alternatively, go to: https://pytorch.org to install a PyTorch version that has been compiled with your version of the CUDA driver. (Triggered internally at /pytorch/c10/cuda/CUDAFunctions.cpp:119.)
  return torch._C._cuda_getDeviceCount() > 0
Zooming DQN on racetrack-v0  da=1  init_depth=3 (start=8 cells)  n=8 -> total_budget=8  seed=42  steps=150000
[   5000/150000]  ep= 288  reward(last50)=  40.86  n_per_axis=[8]  total_splits=0
[  10000/150000]  eval(10)= 632.09 +/- 583.53  n_per_axis=[8]
[  10000/150000]  ep= 296  reward(last50)= 116.38  n_per_axis=[8]  total_splits=0
[  15000/150000]  ep= 301  reward(last50)= 191.35  n_per_axis=[8]  total_splits=0
[  20000/150000]  eval(10)= 681.33 +/- 556.39  n_per_axis=[8]
[  20000/150000]  ep= 306  reward(last50)= 279.77  n_per_axis=[8]  total_splits=0
[  25000/150000]  ep= 311  reward(last50)= 366.99  n_per_axis=[8]  total_splits=0
[  30000/150000]  eval(10)=1107.82 +/- 341.03  n_per_axis=[8]
[  30000/150000]  ep= 315  reward(last50)= 441.56  n_per_axis=[8]  total_splits=0
[  35000/150000]  ep= 318  reward(last50)= 515.21  n_per_axis=[8]  total_splits=0
[  40000/150000]  eval(10)= 840.88 +/- 444.35  n_per_axis=[8]
[  40000/150000]  ep= 323  reward(last50)= 615.29  n_per_axis=[8]  total_splits=0
[  45000/150000]  ep= 326  reward(last50)= 690.49  n_per_axis=[8]  total_splits=0
[  50000/150000]  eval(10)=1173.00 +/- 216.33  n_per_axis=[8]
[  50000/150000]  ep= 329  reward(last50)= 766.15  n_per_axis=[8]  total_splits=0
[  55000/150000]  ep= 333  reward(last50)= 862.00  n_per_axis=[8]  total_splits=0
[  60000/150000]  eval(10)=1161.64 +/- 283.89  n_per_axis=[8]
[  60000/150000]  ep= 336  reward(last50)= 931.82  n_per_axis=[8]  total_splits=0
[  65000/150000]  ep= 339  reward(last50)= 972.37  n_per_axis=[8]  total_splits=0
[  70000/150000]  eval(10)=1017.00 +/- 437.43  n_per_axis=[8]
[  70000/150000]  ep= 344  reward(last50)=1035.41  n_per_axis=[8]  total_splits=0
[  75000/150000]  ep= 347  reward(last50)=1062.46  n_per_axis=[8]  total_splits=0
[  80000/150000]  eval(10)= 928.56 +/- 545.45  n_per_axis=[8]
[  80000/150000]  ep= 351  reward(last50)=1093.37  n_per_axis=[8]  total_splits=0
[  85000/150000]  ep= 354  reward(last50)=1120.64  n_per_axis=[8]  total_splits=0
[  90000/150000]  eval(10)= 894.51 +/- 479.74  n_per_axis=[8]
[  90000/150000]  ep= 358  reward(last50)=1160.18  n_per_axis=[8]  total_splits=0
[  95000/150000]  ep= 362  reward(last50)=1152.31  n_per_axis=[8]  total_splits=0
[ 100000/150000]  eval(10)=1179.17 +/- 371.04  n_per_axis=[8]
[ 100000/150000]  ep= 365  reward(last50)=1179.98  n_per_axis=[8]  total_splits=0
[ 105000/150000]  ep= 371  reward(last50)=1162.53  n_per_axis=[8]  total_splits=0
[ 110000/150000]  eval(10)= 926.99 +/- 580.90  n_per_axis=[8]
[ 110000/150000]  ep= 376  reward(last50)=1109.99  n_per_axis=[8]  total_splits=0
[ 115000/150000]  ep= 380  reward(last50)=1088.80  n_per_axis=[8]  total_splits=0
[ 120000/150000]  eval(10)=1321.66 +/- 7.55    n_per_axis=[8]
[ 120000/150000]  ep= 384  reward(last50)=1091.95  n_per_axis=[8]  total_splits=0
[ 125000/150000]  ep= 387  reward(last50)=1095.31  n_per_axis=[8]  total_splits=0
[ 130000/150000]  eval(10)= 969.65 +/- 488.29  n_per_axis=[8]
[ 130000/150000]  ep= 390  reward(last50)=1097.79  n_per_axis=[8]  total_splits=0
[ 135000/150000]  ep= 394  reward(last50)=1125.88  n_per_axis=[8]  total_splits=0
[ 140000/150000]  eval(10)=1194.75 +/- 378.89  n_per_axis=[8]
[ 140000/150000]  ep= 397  reward(last50)=1128.55  n_per_axis=[8]  total_splits=0
[ 145000/150000]  ep= 401  reward(last50)=1137.44  n_per_axis=[8]  total_splits=0
[ 150000/150000]  eval(10)=1215.89 +/- 401.43  n_per_axis=[8]
[ 150000/150000]  ep= 404  reward(last50)=1140.49  n_per_axis=[8]  total_splits=0
Saved BranchingDQN checkpoint to checkpoints/highway/efficiency/zooming_n8_seed42.pt

Evaluating (deterministic)...
Eval(20): mean=1036.85  std=517.89
Final n_per_axis: [8]  total_cells: 8/8  total_splits: 0
