/home/bruinml/anaconda3/envs/highway/lib/python3.11/site-packages/pygame/pkgdata.py:25: UserWarning: pkg_resources is deprecated as an API. See https://setuptools.pypa.io/en/latest/pkg_resources.html. The pkg_resources package is slated for removal as early as 2025-11-30. Refrain from using this package or pin to Setuptools<81.
  from pkg_resources import resource_stream, resource_exists
/home/bruinml/anaconda3/envs/highway/lib/python3.11/site-packages/torch/cuda/__init__.py:180: UserWarning: CUDA initialization: The NVIDIA driver on your system is too old (found version 12080). Please update your GPU driver by downloading and installing a new version from the URL: http://www.nvidia.com/Download/index.aspx Alternatively, go to: https://pytorch.org to install a PyTorch version that has been compiled with your version of the CUDA driver. (Triggered internally at /pytorch/c10/cuda/CUDAFunctions.cpp:119.)
  return torch._C._cuda_getDeviceCount() > 0
Zooming DQN on racetrack-v0  da=1  init_depth=3 (start=8 cells)  n=64 -> total_budget=64  seed=43  steps=150000
[   5000/150000]  ep= 151  reward(last50)=  48.57  n_per_axis=[8]  total_splits=0
[  10000/150000]  eval(10)= 477.00 +/- 555.25  n_per_axis=[8]
[  10000/150000]  ep= 165  reward(last50)= 138.24  n_per_axis=[8]  total_splits=0
[  15000/150000]  ep= 170  reward(last50)= 217.12  n_per_axis=[8]  total_splits=0
[  20000/150000]  eval(10)=1157.59 +/- 363.24  n_per_axis=[8]
[  20000/150000]  ep= 176  reward(last50)= 284.64  n_per_axis=[8]  total_splits=0
[  25000/150000]  ep= 181  reward(last50)= 370.83  n_per_axis=[8]  total_splits=0
[  30000/150000]  eval(10)=1147.45 +/- 372.13  n_per_axis=[24]
[  30000/150000]  ep= 185  reward(last50)= 456.67  n_per_axis=[24]  total_splits=8
[  35000/150000]  ep= 190  reward(last50)= 550.11  n_per_axis=[24]  total_splits=8
[  40000/150000]  eval(10)= 389.66 +/- 401.63  n_per_axis=[25]
[  40000/150000]  ep= 195  reward(last50)= 620.79  n_per_axis=[25]  total_splits=10
[  45000/150000]  ep= 199  reward(last50)= 691.52  n_per_axis=[33]  total_splits=14
[  50000/150000]  eval(10)= 620.38 +/- 524.37  n_per_axis=[33]
[  50000/150000]  ep= 204  reward(last50)= 749.57  n_per_axis=[33]  total_splits=14
[  55000/150000]  ep= 210  reward(last50)= 769.81  n_per_axis=[32]  total_splits=14
[  60000/150000]  eval(10)= 803.20 +/- 613.37  n_per_axis=[36]
[  60000/150000]  ep= 215  reward(last50)= 845.36  n_per_axis=[36]  total_splits=16
[  65000/150000]  ep= 219  reward(last50)= 870.44  n_per_axis=[36]  total_splits=16
[  70000/150000]  eval(10)= 162.15 +/- 310.11  n_per_axis=[37]
[  70000/150000]  ep= 228  reward(last50)= 821.26  n_per_axis=[37]  total_splits=17
[  75000/150000]  ep= 231  reward(last50)= 846.86  n_per_axis=[39]  total_splits=18
[  80000/150000]  eval(10)= 938.99 +/- 576.46  n_per_axis=[39]
[  80000/150000]  ep= 237  reward(last50)= 833.60  n_per_axis=[39]  total_splits=18
[  85000/150000]  ep= 243  reward(last50)= 797.22  n_per_axis=[39]  total_splits=18
[  90000/150000]  eval(10)= 882.18 +/- 562.43  n_per_axis=[39]
[  90000/150000]  ep= 247  reward(last50)= 816.36  n_per_axis=[39]  total_splits=18
[  95000/150000]  ep= 251  reward(last50)= 822.12  n_per_axis=[39]  total_splits=18
[ 100000/150000]  eval(10)= 966.60 +/- 508.86  n_per_axis=[40]
[ 100000/150000]  ep= 255  reward(last50)= 829.48  n_per_axis=[40]  total_splits=19
[ 105000/150000]  ep= 266  reward(last50)= 753.81  n_per_axis=[41]  total_splits=20
[ 110000/150000]  eval(10)= 818.41 +/- 617.72  n_per_axis=[44]
[ 110000/150000]  ep= 270  reward(last50)= 749.81  n_per_axis=[44]  total_splits=22
[ 115000/150000]  ep= 278  reward(last50)= 761.52  n_per_axis=[46]  total_splits=23
[ 120000/150000]  eval(10)=  61.32 +/- 55.69   n_per_axis=[49]
[ 120000/150000]  ep= 282  reward(last50)= 764.08  n_per_axis=[49]  total_splits=26
[ 125000/150000]  ep= 293  reward(last50)= 671.76  n_per_axis=[51]  total_splits=27
[ 130000/150000]  eval(10)= 727.88 +/- 640.30  n_per_axis=[57]
[ 130000/150000]  ep= 297  reward(last50)= 684.62  n_per_axis=[57]  total_splits=30
[ 135000/150000]  ep= 306  reward(last50)= 572.13  n_per_axis=[57]  total_splits=30
[ 140000/150000]  eval(10)= 827.10 +/- 621.49  n_per_axis=[57]
[ 140000/150000]  ep= 310  reward(last50)= 617.35  n_per_axis=[57]  total_splits=30
[ 145000/150000]  ep= 316  reward(last50)= 665.62  n_per_axis=[57]  total_splits=30
[ 150000/150000]  eval(10)= 579.54 +/- 601.15  n_per_axis=[57]
[ 150000/150000]  ep= 324  reward(last50)= 634.79  n_per_axis=[57]  total_splits=31
Saved BranchingDQN checkpoint to checkpoints/highway/efficiency/zooming_n64_seed43.pt

Evaluating (deterministic)...
Eval(20): mean=885.32  std=586.07
Final n_per_axis: [57]  total_cells: 57/64  total_splits: 31
