/home/bruinml/anaconda3/envs/highway/lib/python3.11/site-packages/pygame/pkgdata.py:25: UserWarning: pkg_resources is deprecated as an API. See https://setuptools.pypa.io/en/latest/pkg_resources.html. The pkg_resources package is slated for removal as early as 2025-11-30. Refrain from using this package or pin to Setuptools<81.
  from pkg_resources import resource_stream, resource_exists
/home/bruinml/anaconda3/envs/highway/lib/python3.11/site-packages/torch/cuda/__init__.py:180: UserWarning: CUDA initialization: The NVIDIA driver on your system is too old (found version 12080). Please update your GPU driver by downloading and installing a new version from the URL: http://www.nvidia.com/Download/index.aspx Alternatively, go to: https://pytorch.org to install a PyTorch version that has been compiled with your version of the CUDA driver. (Triggered internally at /pytorch/c10/cuda/CUDAFunctions.cpp:119.)
  return torch._C._cuda_getDeviceCount() > 0
Zooming DQN on racetrack-v0  da=1  init_depth=3 (start=8 cells)  n=32 -> total_budget=32  seed=43  steps=150000
[   5000/150000]  ep= 168  reward(last50)=  41.73  n_per_axis=[8]  total_splits=0
[  10000/150000]  eval(10)= 495.06 +/- 451.47  n_per_axis=[8]
[  10000/150000]  ep= 176  reward(last50)= 129.85  n_per_axis=[8]  total_splits=0
[  15000/150000]  ep= 187  reward(last50)= 217.42  n_per_axis=[8]  total_splits=0
[  20000/150000]  eval(10)= 655.76 +/- 535.37  n_per_axis=[8]
[  20000/150000]  ep= 191  reward(last50)= 287.95  n_per_axis=[8]  total_splits=0
[  25000/150000]  ep= 195  reward(last50)= 365.35  n_per_axis=[8]  total_splits=0
[  30000/150000]  eval(10)= 979.00 +/- 484.02  n_per_axis=[24]
[  30000/150000]  ep= 201  reward(last50)= 463.15  n_per_axis=[24]  total_splits=8
[  35000/150000]  ep= 206  reward(last50)= 538.39  n_per_axis=[24]  total_splits=8
[  40000/150000]  eval(10)= 202.46 +/- 314.88  n_per_axis=[26]
[  40000/150000]  ep= 211  reward(last50)= 607.62  n_per_axis=[26]  total_splits=10
[  45000/150000]  ep= 215  reward(last50)= 701.05  n_per_axis=[30]  total_splits=12
[  50000/150000]  eval(10)= 483.04 +/- 517.42  n_per_axis=[31]
[  50000/150000]  ep= 221  reward(last50)= 717.85  n_per_axis=[31]  total_splits=13
[  55000/150000]  ep= 227  reward(last50)= 716.32  n_per_axis=[32]  total_splits=14
[  60000/150000]  eval(10)=  38.22 +/- 21.81   n_per_axis=[31]
[  60000/150000]  ep= 235  reward(last50)= 781.47  n_per_axis=[31]  total_splits=14
[  65000/150000]  ep= 244  reward(last50)= 701.44  n_per_axis=[31]  total_splits=14
[  70000/150000]  eval(10)= 665.42 +/- 580.90  n_per_axis=[31]
[  70000/150000]  ep= 249  reward(last50)= 690.24  n_per_axis=[31]  total_splits=14
[  75000/150000]  ep= 253  reward(last50)= 720.19  n_per_axis=[31]  total_splits=14
[  80000/150000]  eval(10)= 796.28 +/- 486.55  n_per_axis=[31]
[  80000/150000]  ep= 262  reward(last50)= 656.00  n_per_axis=[31]  total_splits=14
[  85000/150000]  ep= 267  reward(last50)= 637.36  n_per_axis=[31]  total_splits=14
[  90000/150000]  eval(10)= 794.12 +/- 307.99  n_per_axis=[31]
[  90000/150000]  ep= 282  reward(last50)= 523.66  n_per_axis=[31]  total_splits=15
[  95000/150000]  ep= 292  reward(last50)= 516.98  n_per_axis=[31]  total_splits=15
[ 100000/150000]  eval(10)= 921.00 +/- 564.60  n_per_axis=[32]
[ 100000/150000]  ep= 300  reward(last50)= 469.28  n_per_axis=[32]  total_splits=16
[ 105000/150000]  ep= 307  reward(last50)= 444.34  n_per_axis=[32]  total_splits=16
[ 110000/150000]  eval(10)= 884.23 +/- 486.57  n_per_axis=[32]
[ 110000/150000]  ep= 313  reward(last50)= 480.27  n_per_axis=[32]  total_splits=16
[ 115000/150000]  ep= 342  reward(last50)= 354.72  n_per_axis=[32]  total_splits=17
[ 120000/150000]  eval(10)= 594.23 +/- 571.22  n_per_axis=[32]
[ 120000/150000]  ep= 346  reward(last50)= 338.04  n_per_axis=[32]  total_splits=17
[ 125000/150000]  ep= 350  reward(last50)= 416.52  n_per_axis=[32]  total_splits=17
[ 130000/150000]  eval(10)= 342.16 +/- 425.86  n_per_axis=[32]
[ 130000/150000]  ep= 356  reward(last50)= 413.79  n_per_axis=[32]  total_splits=17
[ 135000/150000]  ep= 361  reward(last50)= 465.77  n_per_axis=[32]  total_splits=17
[ 140000/150000]  eval(10)= 719.29 +/- 640.19  n_per_axis=[31]
[ 140000/150000]  ep= 371  reward(last50)= 420.30  n_per_axis=[31]  total_splits=17
[ 145000/150000]  ep= 376  reward(last50)= 513.84  n_per_axis=[31]  total_splits=17
[ 150000/150000]  eval(10)= 739.77 +/- 619.67  n_per_axis=[31]
[ 150000/150000]  ep= 383  reward(last50)= 594.33  n_per_axis=[31]  total_splits=17
Saved BranchingDQN checkpoint to checkpoints/highway/efficiency/zooming_n32_seed43.pt

Evaluating (deterministic)...
Eval(20): mean=583.05  std=604.30
Final n_per_axis: [31]  total_cells: 31/32  total_splits: 17
